SKULD is using device: cuda

════════════════════════════════════════════════════════════════════════
  TANHIREN OMEGA_0 SWEEP  —  5 omegas × 3 seeds = 15 runs, device=cuda:0
  omega_0 grid: [10.0, 20.0, 30.0, 40.0, 50.0]
  seeds: [42, 43, 44]
  fixed: hidden=[128, 128, 128], lr=0.0005, epochs=8000, N=1024
════════════════════════════════════════════════════════════════════════

Computing scipy reference integrals (shared across all configs)...
Done.

  Results CSV (online): /zfs/store1.hydra.local/user/g/gshipunv/integral/project-skuld/research/experiments/grid/9-tanhiren-omega-sweep/../../results/grid/9-tanhiren-omega-sweep/sweep_results_2026-10-02_11-47.csv

[1/15] omega_0=10.0 seed=42 ...
/zfs/store1.hydra.local/user/g/gshipunv/.local/lib/python3.12/site-packages/torch/autograd/graph.py:841: UserWarning: Attempting to run cuBLAS, but there was no current CUDA context! Attempting to set the primary context... (Triggered internally at /pytorch/aten/src/ATen/cuda/CublasHandlePool.cpp:270.)
  return Variable._execution_engine.run_backward(  # Calls into the C++ engine to run the backward pass
  Epoch     1/8000  loss=3.6340e-01  lr=5.00e-04  (0.2s)
    -> min_loss=2.348e-05  mean_rel_err=1.276e-03  min_digits=3  mean_digits=4.0  (80.4s)
[2/15] omega_0=10.0 seed=43 ...
  Epoch     1/8000  loss=3.7860e-01  lr=5.00e-04  (0.0s)
    -> min_loss=1.807e-05  mean_rel_err=1.439e-03  min_digits=3  mean_digits=3.9  (79.5s)
[3/15] omega_0=10.0 seed=44 ...
  Epoch     1/8000  loss=3.6880e-01  lr=5.00e-04  (0.0s)
    -> min_loss=2.219e-05  mean_rel_err=9.464e-04  min_digits=3  mean_digits=4.1  (77.2s)
[4/15] omega_0=20.0 seed=42 ...
  Epoch     1/8000  loss=3.8488e-01  lr=5.00e-04  (0.0s)
    -> min_loss=3.210e-05  mean_rel_err=2.885e-03  min_digits=3  mean_digits=3.6  (75.2s)
[5/15] omega_0=20.0 seed=43 ...
  Epoch     1/8000  loss=3.9150e-01  lr=5.00e-04  (0.0s)
    -> min_loss=2.375e-05  mean_rel_err=9.906e-04  min_digits=3  mean_digits=4.1  (76.8s)
[6/15] omega_0=20.0 seed=44 ...
  Epoch     1/8000  loss=3.7026e-01  lr=5.00e-04  (0.0s)
    -> min_loss=5.182e-05  mean_rel_err=2.697e-03  min_digits=3  mean_digits=3.8  (77.4s)
[7/15] omega_0=30.0 seed=42 ...
  Epoch     1/8000  loss=4.1521e-01  lr=5.00e-04  (0.0s)
    -> min_loss=2.385e-04  mean_rel_err=3.615e-03  min_digits=3  mean_digits=3.5  (70.4s)
[8/15] omega_0=30.0 seed=43 ...
  Epoch     1/8000  loss=4.3327e-01  lr=5.00e-04  (0.0s)
    -> min_loss=1.805e-04  mean_rel_err=3.644e-03  min_digits=3  mean_digits=3.5  (70.6s)
[9/15] omega_0=30.0 seed=44 ...
  Epoch     1/8000  loss=4.0288e-01  lr=5.00e-04  (0.0s)
    -> min_loss=5.041e-04  mean_rel_err=6.719e-03  min_digits=3  mean_digits=3.1  (70.4s)
[10/15] omega_0=40.0 seed=42 ...
  Epoch     1/8000  loss=4.6692e-01  lr=5.00e-04  (0.0s)
    -> min_loss=1.196e-03  mean_rel_err=1.458e-02  min_digits=2  mean_digits=3.0  (70.7s)
[11/15] omega_0=40.0 seed=43 ...
  Epoch     1/8000  loss=5.1736e-01  lr=5.00e-04  (0.0s)
    -> min_loss=1.101e-03  mean_rel_err=2.844e-03  min_digits=3  mean_digits=3.8  (71.0s)
[12/15] omega_0=40.0 seed=44 ...
  Epoch     1/8000  loss=4.6709e-01  lr=5.00e-04  (0.0s)
    -> min_loss=1.106e-02  mean_rel_err=3.245e-02  min_digits=2  mean_digits=2.4  (71.3s)
[13/15] omega_0=50.0 seed=42 ...
  Epoch     1/8000  loss=5.5115e-01  lr=5.00e-04  (0.0s)
    -> min_loss=4.208e-03  mean_rel_err=9.767e-03  min_digits=2  mean_digits=3.0  (72.0s)
[14/15] omega_0=50.0 seed=43 ...
  Epoch     1/8000  loss=6.4779e-01  lr=5.00e-04  (0.0s)
    -> min_loss=2.306e-03  mean_rel_err=6.124e-03  min_digits=3  mean_digits=3.2  (71.3s)
[15/15] omega_0=50.0 seed=44 ...
  Epoch     1/8000  loss=5.7188e-01  lr=5.00e-04  (0.0s)
    -> min_loss=4.855e-03  mean_rel_err=3.847e-02  min_digits=2  mean_digits=2.5  (71.6s)

════════════════════════════════════════════════════════════════════════════════════════════════════
  RANKED RESULTS (best first)
════════════════════════════════════════════════════════════════════════════════════════════════════
    #  omega_0  seed    min_loss  mean_relerr  min_dig  mean_dig  time(s)
----------------------------------------------------------------------------------------------------
    1     10.0    44   2.219e-05    9.464e-04        3       4.1     77.2
    2     20.0    43   2.375e-05    9.906e-04        3       4.1     76.8
    3     10.0    42   2.348e-05    1.276e-03        3       4.0     80.4
    4     10.0    43   1.807e-05    1.439e-03        3       3.9     79.5
    5     20.0    44   5.182e-05    2.697e-03        3       3.8     77.4
    6     40.0    43   1.101e-03    2.844e-03        3       3.8     71.0
    7     20.0    42   3.210e-05    2.885e-03        3       3.6     75.2
    8     30.0    42   2.385e-04    3.615e-03        3       3.5     70.4
    9     30.0    43   1.805e-04    3.644e-03        3       3.5     70.6
   10     50.0    43   2.306e-03    6.124e-03        3       3.2     71.3
   11     30.0    44   5.041e-04    6.719e-03        3       3.1     70.4
   12     50.0    42   4.208e-03    9.767e-03        2       3.0     72.0
   13     40.0    42   1.196e-03    1.458e-02        2       3.0     70.7
   14     40.0    44   1.106e-02    3.245e-02        2       2.4     71.3
   15     50.0    44   4.855e-03    3.847e-02        2       2.5     71.6
════════════════════════════════════════════════════════════════════════════════════════════════════

  BEST CONFIG:
    omega_0 = 10.0
    seed    = 44
    -> min 3 correct digits, mean 4.1 digits, mean rel. err 9.464e-04

════════════════════════════════════════════════════════════════════════════════════════════════════
  PER-OMEGA_0 SUMMARY (across seeds)
════════════════════════════════════════════════════════════════════════════════════════════════════
  omega_0= 10.0  min_dig=[3, 3, 3]  mean_dig=4.0  mean_rel_err=1.221e-03  n=3
  omega_0= 20.0  min_dig=[3, 3, 3]  mean_dig=3.8  mean_rel_err=2.191e-03  n=3
  omega_0= 30.0  min_dig=[3, 3, 3]  mean_dig=3.4  mean_rel_err=4.659e-03  n=3
  omega_0= 40.0  min_dig=[3, 2, 2]  mean_dig=3.0  mean_rel_err=1.662e-02  n=3
  omega_0= 50.0  min_dig=[3, 2, 2]  mean_dig=2.9  mean_rel_err=1.812e-02  n=3
════════════════════════════════════════════════════════════════════════════════════════════════════
  Full results saved -> /zfs/store1.hydra.local/user/g/gshipunv/integral/project-skuld/research/experiments/grid/9-tanhiren-omega-sweep/../../results/grid/9-tanhiren-omega-sweep/sweep_results_2026-10-02_11-47.csv

