==================================================================
Job ID:     2668963
Script:     /lustre/projects/g/gshipunv/project-skuld/research/experiments/grid/18-sechiren-sweep-m3/mock_test.py
Arguments:  
Log file:   /lustre/projects/g/gshipunv/project-skuld/research/results/grid/18-sechiren-sweep-m3/slurm-2668963.log
Python:     /zfs/store1.hydra.local/user/g/gshipunv/.conda/envs/jasher-lustre/bin/python
PYTHONPATH: /lustre/projects/g/gshipunv/project-skuld/research:/lustre/projects/g/gshipunv/project-skuld:/lustre/projects/g/gshipunv/project-skuld/research/experiments/grid/18-sechiren-sweep-m3:
==================================================================
SKULD is using device: cuda

========================================================================
  MOCK TEST — 2 configs × 1 seeds = 2 runs
  Device: cuda
========================================================================

Computing scipy reference integrals...
Done.

[1/2] hidden=[32, 32, 32] omega0=15.0 lr=0.0001 epochs=50 npp=256 seed=42 ...
  Epoch     1/50  loss=3.1137e-01  lr=9.99e-05  (0.2s)
  Epoch    10/50  loss=4.1547e-01  lr=9.14e-05  (0.3s)
  Epoch    20/50  loss=4.2957e-01  lr=6.89e-05  (0.4s)
  Epoch    30/50  loss=3.8924e-01  lr=4.11e-05  (0.5s)
  Epoch    40/50  loss=3.3692e-01  lr=1.86e-05  (0.7s)
  Epoch    50/50  loss=3.5464e-01  lr=1.00e-05  (0.8s)
    -> min=0 mean=1.0 max=2 (2.5s, 74.0 ep/s, step=15.9ms, gpu=0%)
    -> history saved to /lustre/projects/g/gshipunv/project-skuld/research/results/grid/18-sechiren-sweep-m3/mock/history/history_32,32,32_o15.0_lr0.0001_e50_npp256_s42.csv
[2/2] hidden=[64, 64, 64] omega0=15.0 lr=0.0001 epochs=50 npp=256 seed=42 ...
  Epoch     1/50  loss=3.9028e-01  lr=9.99e-05  (0.1s)
  Epoch    10/50  loss=3.8952e-01  lr=9.14e-05  (0.2s)
  Epoch    20/50  loss=4.0278e-01  lr=6.89e-05  (0.4s)
  Epoch    30/50  loss=3.9392e-01  lr=4.11e-05  (0.5s)
  Epoch    40/50  loss=3.2974e-01  lr=1.86e-05  (0.6s)
  Epoch    50/50  loss=4.5865e-01  lr=1.00e-05  (0.7s)
    -> min=0 mean=1.0 max=2 (0.7s, 80.5 ep/s, step=14.7ms, gpu=0%)
    -> history saved to /lustre/projects/g/gshipunv/project-skuld/research/results/grid/18-sechiren-sweep-m3/mock/history/history_64,64,64_o15.0_lr0.0001_e50_npp256_s42.csv

========================================================================
  MOCK TEST SUMMARY
========================================================================
  [32, 32, 32] o=15.0 lr=0.0001 e=50 npp=256
    min=0 mean=1.0 max=2 wall=2.5s ep/s=74.0 step=15.9ms gpu=0%
  [64, 64, 64] o=15.0 lr=0.0001 e=50 npp=256
    min=0 mean=1.0 max=2 wall=0.7s ep/s=80.5 step=14.7ms gpu=0%

  Results dir: /lustre/projects/g/gshipunv/project-skuld/research/results/grid/18-sechiren-sweep-m3/mock
  Summary CSV: /lustre/projects/g/gshipunv/project-skuld/research/results/grid/18-sechiren-sweep-m3/mock/results_mock.csv
  History CSVs: /lustre/projects/g/gshipunv/project-skuld/research/results/grid/18-sechiren-sweep-m3/mock/history
========================================================================

Verifying history CSVs...
  history_32,32,32_o15.0_lr0.0001_e50_npp256_s42.csv: 50 rows (expected 50)
  history_64,64,64_o15.0_lr0.0001_e50_npp256_s42.csv: 50 rows (expected 50)

Mock test complete!
