==================================================================
Job ID:     2668959
Script:     /lustre/projects/g/gshipunv/project-skuld/research/experiments/grid/18-sechiren-sweep-m3/mock_test.py
Arguments:  
Log file:   /lustre/projects/g/gshipunv/project-skuld/research/results/grid/18-sechiren-sweep-m3/slurm-2668959.log
Python:     /zfs/store1.hydra.local/user/g/gshipunv/.conda/envs/jasher-lustre/bin/python
PYTHONPATH: /lustre/projects/g/gshipunv/project-skuld/research:/lustre/projects/g/gshipunv/project-skuld:/lustre/projects/g/gshipunv/project-skuld/research/experiments/grid/18-sechiren-sweep-m3:
==================================================================
SKULD is using device: cuda

========================================================================
  MOCK TEST — 2 configs × 1 seeds = 2 runs
  Device: cuda
========================================================================

Computing scipy reference integrals...
Done.

[1/2] hidden=[32, 32, 32] omega0=15.0 lr=0.0001 epochs=50 npp=256 seed=42 ...
  Epoch     1/50  loss=3.1137e-01  lr=9.99e-05  (0.2s)
  Epoch    10/50  loss=4.1547e-01  lr=9.14e-05  (0.3s)
  Epoch    20/50  loss=4.2957e-01  lr=6.89e-05  (0.4s)
  Epoch    30/50  loss=3.8924e-01  lr=4.11e-05  (0.5s)
  Epoch    40/50  loss=3.3692e-01  lr=1.86e-05  (0.7s)
  Epoch    50/50  loss=3.5464e-01  lr=1.00e-05  (0.8s)
Traceback (most recent call last):
  File "/lustre/projects/g/gshipunv/project-skuld/research/experiments/grid/18-sechiren-sweep-m3/mock_test.py", line 305, in <module>
    main()
  File "/lustre/projects/g/gshipunv/project-skuld/research/experiments/grid/18-sechiren-sweep-m3/mock_test.py", line 244, in main
    res, epoch_data = run_one(cfg, seed, device, refs)
                      ^^^^^^^^^^^^^^^^^^^^^^^^^^^^^^^^
  File "/lustre/projects/g/gshipunv/project-skuld/research/experiments/grid/18-sechiren-sweep-m3/mock_test.py", line 129, in run_one
    history, norm_cache, epoch_data = integrator.train(
    ^^^^^^^^^^^^^^^^^^^^^^^^^^^^^^^
ValueError: not enough values to unpack (expected 3, got 2)
