==================================================================
Job ID:     2474340
Script:     /lustre/projects/g/gshipunv/project-skuld/research/experiments/grid/16-conv-integrator-sweep-m1.2/conv_sweep_m12.py
Arguments:  --num-gpus 4
Log file:   /lustre/projects/g/gshipunv/project-skuld/research/results/grid/16-conv-integrator-sweep-m1.2/slurm-2474340.log
Python:     /zfs/store1.hydra.local/user/g/gshipunv/.conda/envs/jasher-lustre/bin/python
PYTHONPATH: /lustre/projects/g/gshipunv/project-skuld/research:/lustre/projects/g/gshipunv/project-skuld:/lustre/projects/g/gshipunv/project-skuld/research/experiments/grid/16-conv-integrator-sweep-m1.2:
==================================================================
SKULD is using device: cuda

========================================================================
  CONV INTEGRATOR SWEEP m1.2  —  108 configs × 5 seeds = 540 total runs
  GPU 1/4  —  processing runs [135:270] = 135 runs, device=cuda
========================================================================

Computing scipy reference integrals (shared across all configs)...
Done.

[1/135] hidden=[32, 64, 128, 256] lr=0.0001 epochs=8000 npp=256 seed=42 ...
  Epoch     1/8000  loss=3.4532e-01  lr=1.00e-04  (0.4s)
    -> I1=3 I2=4 I3=3 I4=4 I5=3 I6=3 I7=3 I8=4 min=3 mean=3.4 max=4 (232.2s)
[2/135] hidden=[32, 64, 128, 256] lr=0.0001 epochs=8000 npp=256 seed=137 ...
  Epoch     1/8000  loss=4.4491e-01  lr=1.00e-04  (0.0s)
    -> I1=2 I2=4 I3=3 I4=4 I5=3 I6=6 I7=3 I8=3 min=2 mean=3.5 max=6 (230.4s)
[3/135] hidden=[32, 64, 128, 256] lr=0.0001 epochs=8000 npp=256 seed=2024 ...
  Epoch     1/8000  loss=3.2172e-01  lr=1.00e-04  (0.0s)
    -> I1=3 I2=4 I3=3 I4=3 I5=3 I6=4 I7=4 I8=3 min=3 mean=3.4 max=4 (230.5s)
[4/135] hidden=[32, 64, 128, 256] lr=0.0001 epochs=8000 npp=256 seed=7 ...
  Epoch     1/8000  loss=3.5039e-01  lr=1.00e-04  (0.0s)
    -> I1=3 I2=3 I3=3 I4=4 I5=2 I6=3 I7=3 I8=3 min=2 mean=3.0 max=4 (230.7s)
[5/135] hidden=[32, 64, 128, 256] lr=0.0001 epochs=8000 npp=256 seed=999 ...
  Epoch     1/8000  loss=3.7966e-01  lr=1.00e-04  (0.0s)
    -> I1=3 I2=3 I3=3 I4=4 I5=2 I6=3 I7=5 I8=3 min=2 mean=3.2 max=5 (230.6s)
[6/135] hidden=[32, 64, 128, 256] lr=0.0001 epochs=8000 npp=512 seed=42 ...
  Epoch     1/8000  loss=3.6440e-01  lr=1.00e-04  (0.1s)
    -> I1=3 I2=3 I3=3 I4=3 I5=3 I6=4 I7=3 I8=3 min=3 mean=3.1 max=4 (380.7s)
[7/135] hidden=[32, 64, 128, 256] lr=0.0001 epochs=8000 npp=512 seed=137 ...
  Epoch     1/8000  loss=3.6008e-01  lr=1.00e-04  (0.1s)
    -> I1=3 I2=3 I3=3 I4=4 I5=4 I6=3 I7=3 I8=4 min=3 mean=3.4 max=4 (380.2s)
[8/135] hidden=[32, 64, 128, 256] lr=0.0001 epochs=8000 npp=512 seed=2024 ...
  Epoch     1/8000  loss=3.3523e-01  lr=1.00e-04  (0.1s)
    -> I1=3 I2=4 I3=3 I4=3 I5=3 I6=5 I7=3 I8=3 min=3 mean=3.4 max=5 (380.2s)
[9/135] hidden=[32, 64, 128, 256] lr=0.0001 epochs=8000 npp=512 seed=7 ...
  Epoch     1/8000  loss=3.7161e-01  lr=1.00e-04  (0.1s)
    -> I1=4 I2=3 I3=3 I4=3 I5=2 I6=3 I7=3 I8=3 min=2 mean=3.0 max=4 (380.0s)
[10/135] hidden=[32, 64, 128, 256] lr=0.0001 epochs=8000 npp=512 seed=999 ...
  Epoch     1/8000  loss=4.0386e-01  lr=1.00e-04  (0.1s)
    -> I1=3 I2=4 I3=3 I4=4 I5=2 I6=3 I7=3 I8=3 min=2 mean=3.1 max=4 (379.7s)
[11/135] hidden=[32, 64, 128, 256] lr=0.0001 epochs=8000 npp=1024 seed=42 ...
  Epoch     1/8000  loss=3.5507e-01  lr=1.00e-04  (0.1s)
    -> I1=4 I2=4 I3=3 I4=4 I5=3 I6=4 I7=3 I8=3 min=3 mean=3.5 max=4 (764.4s)
[12/135] hidden=[32, 64, 128, 256] lr=0.0001 epochs=8000 npp=1024 seed=137 ...
  Epoch     1/8000  loss=3.7201e-01  lr=1.00e-04  (0.1s)
    -> I1=3 I2=3 I3=3 I4=4 I5=3 I6=4 I7=3 I8=4 min=3 mean=3.4 max=4 (764.5s)
[13/135] hidden=[32, 64, 128, 256] lr=0.0001 epochs=8000 npp=1024 seed=2024 ...
  Epoch     1/8000  loss=3.3892e-01  lr=1.00e-04  (0.1s)
    -> I1=2 I2=5 I3=3 I4=5 I5=3 I6=3 I7=5 I8=4 min=2 mean=3.8 max=5 (763.8s)
[14/135] hidden=[32, 64, 128, 256] lr=0.0001 epochs=8000 npp=1024 seed=7 ...
  Epoch     1/8000  loss=3.4888e-01  lr=1.00e-04  (0.1s)
    -> I1=2 I2=3 I3=4 I4=4 I5=3 I6=3 I7=3 I8=4 min=2 mean=3.2 max=4 (764.1s)
[15/135] hidden=[32, 64, 128, 256] lr=0.0001 epochs=8000 npp=1024 seed=999 ...
  Epoch     1/8000  loss=3.9770e-01  lr=1.00e-04  (0.1s)
    -> I1=3 I2=4 I3=3 I4=4 I5=3 I6=4 I7=3 I8=3 min=3 mean=3.4 max=4 (764.8s)
[16/135] hidden=[32, 64, 128, 256] lr=0.0002 epochs=8000 npp=256 seed=42 ...
  Epoch     1/8000  loss=3.4532e-01  lr=2.00e-04  (0.0s)
    -> I1=3 I2=3 I3=4 I4=4 I5=3 I6=3 I7=3 I8=4 min=3 mean=3.4 max=4 (230.4s)
[17/135] hidden=[32, 64, 128, 256] lr=0.0002 epochs=8000 npp=256 seed=137 ...
  Epoch     1/8000  loss=4.4491e-01  lr=2.00e-04  (0.0s)
    -> I1=3 I2=4 I3=5 I4=5 I5=4 I6=4 I7=3 I8=4 min=3 mean=4.0 max=5 (230.3s)
[18/135] hidden=[32, 64, 128, 256] lr=0.0002 epochs=8000 npp=256 seed=2024 ...
  Epoch     1/8000  loss=3.2172e-01  lr=2.00e-04  (0.0s)
    -> I1=3 I2=4 I3=4 I4=4 I5=3 I6=4 I7=3 I8=5 min=3 mean=3.8 max=5 (230.4s)
[19/135] hidden=[32, 64, 128, 256] lr=0.0002 epochs=8000 npp=256 seed=7 ...
  Epoch     1/8000  loss=3.5039e-01  lr=2.00e-04  (0.0s)
    -> I1=3 I2=3 I3=3 I4=4 I5=3 I6=4 I7=3 I8=5 min=3 mean=3.5 max=5 (230.3s)
[20/135] hidden=[32, 64, 128, 256] lr=0.0002 epochs=8000 npp=256 seed=999 ...
  Epoch     1/8000  loss=3.7966e-01  lr=2.00e-04  (0.0s)
    -> I1=3 I2=3 I3=4 I4=4 I5=3 I6=3 I7=3 I8=4 min=3 mean=3.4 max=4 (230.3s)
[21/135] hidden=[32, 64, 128, 256] lr=0.0002 epochs=8000 npp=512 seed=42 ...
  Epoch     1/8000  loss=3.6440e-01  lr=2.00e-04  (0.1s)
    -> I1=3 I2=3 I3=3 I4=4 I5=3 I6=4 I7=3 I8=4 min=3 mean=3.4 max=4 (380.5s)
[22/135] hidden=[32, 64, 128, 256] lr=0.0002 epochs=8000 npp=512 seed=137 ...
  Epoch     1/8000  loss=3.6008e-01  lr=2.00e-04  (0.1s)
    -> I1=3 I2=3 I3=3 I4=4 I5=3 I6=3 I7=3 I8=4 min=3 mean=3.2 max=4 (380.4s)
[23/135] hidden=[32, 64, 128, 256] lr=0.0002 epochs=8000 npp=512 seed=2024 ...
  Epoch     1/8000  loss=3.3523e-01  lr=2.00e-04  (0.1s)
    -> I1=4 I2=4 I3=3 I4=4 I5=3 I6=4 I7=3 I8=4 min=3 mean=3.6 max=4 (380.2s)
[24/135] hidden=[32, 64, 128, 256] lr=0.0002 epochs=8000 npp=512 seed=7 ...
  Epoch     1/8000  loss=3.7161e-01  lr=2.00e-04  (0.1s)
    -> I1=3 I2=4 I3=4 I4=4 I5=3 I6=4 I7=4 I8=4 min=3 mean=3.8 max=4 (380.0s)
[25/135] hidden=[32, 64, 128, 256] lr=0.0002 epochs=8000 npp=512 seed=999 ...
  Epoch     1/8000  loss=4.0386e-01  lr=2.00e-04  (0.1s)
    -> I1=3 I2=3 I3=3 I4=4 I5=3 I6=3 I7=3 I8=4 min=3 mean=3.2 max=4 (380.2s)
[26/135] hidden=[32, 64, 128, 256] lr=0.0002 epochs=8000 npp=1024 seed=42 ...
  Epoch     1/8000  loss=3.5507e-01  lr=2.00e-04  (0.1s)
    -> I1=3 I2=4 I3=4 I4=4 I5=3 I6=4 I7=3 I8=5 min=3 mean=3.8 max=5 (764.2s)
[27/135] hidden=[32, 64, 128, 256] lr=0.0002 epochs=8000 npp=1024 seed=137 ...
  Epoch     1/8000  loss=3.7201e-01  lr=2.00e-04  (0.1s)
    -> I1=3 I2=4 I3=3 I4=4 I5=3 I6=4 I7=3 I8=4 min=3 mean=3.5 max=4 (764.6s)
[28/135] hidden=[32, 64, 128, 256] lr=0.0002 epochs=8000 npp=1024 seed=2024 ...
  Epoch     1/8000  loss=3.3892e-01  lr=2.00e-04  (0.1s)
    -> I1=3 I2=3 I3=3 I4=4 I5=3 I6=3 I7=3 I8=4 min=3 mean=3.2 max=4 (765.0s)
[29/135] hidden=[32, 64, 128, 256] lr=0.0002 epochs=8000 npp=1024 seed=7 ...
  Epoch     1/8000  loss=3.4888e-01  lr=2.00e-04  (0.1s)
    -> I1=4 I2=4 I3=6 I4=4 I5=3 I6=5 I7=3 I8=4 min=3 mean=4.1 max=6 (764.7s)
[30/135] hidden=[32, 64, 128, 256] lr=0.0002 epochs=8000 npp=1024 seed=999 ...
  Epoch     1/8000  loss=3.9770e-01  lr=2.00e-04  (0.1s)
    -> I1=4 I2=4 I3=3 I4=4 I5=4 I6=4 I7=3 I8=4 min=3 mean=3.8 max=4 (764.0s)
[31/135] hidden=[32, 64, 128, 256] lr=0.0005 epochs=8000 npp=256 seed=42 ...
  Epoch     1/8000  loss=3.4532e-01  lr=5.00e-04  (0.0s)
    -> I1=2 I2=3 I3=3 I4=4 I5=3 I6=3 I7=3 I8=4 min=2 mean=3.1 max=4 (230.2s)
[32/135] hidden=[32, 64, 128, 256] lr=0.0005 epochs=8000 npp=256 seed=137 ...
  Epoch     1/8000  loss=4.4491e-01  lr=5.00e-04  (0.0s)
    -> I1=3 I2=3 I3=4 I4=4 I5=3 I6=3 I7=3 I8=4 min=3 mean=3.4 max=4 (230.1s)
[33/135] hidden=[32, 64, 128, 256] lr=0.0005 epochs=8000 npp=256 seed=2024 ...
  Epoch     1/8000  loss=3.2172e-01  lr=5.00e-04  (0.0s)
    -> I1=4 I2=4 I3=4 I4=5 I5=3 I6=4 I7=3 I8=4 min=3 mean=3.9 max=5 (230.1s)
[34/135] hidden=[32, 64, 128, 256] lr=0.0005 epochs=8000 npp=256 seed=7 ...
  Epoch     1/8000  loss=3.5039e-01  lr=5.00e-04  (0.0s)
    -> I1=3 I2=3 I3=3 I4=4 I5=3 I6=3 I7=3 I8=4 min=3 mean=3.2 max=4 (229.9s)
[35/135] hidden=[32, 64, 128, 256] lr=0.0005 epochs=8000 npp=256 seed=999 ...
  Epoch     1/8000  loss=3.7966e-01  lr=5.00e-04  (0.0s)
    -> I1=3 I2=3 I3=3 I4=4 I5=3 I6=3 I7=3 I8=4 min=3 mean=3.2 max=4 (230.0s)
[36/135] hidden=[32, 64, 128, 256] lr=0.0005 epochs=8000 npp=512 seed=42 ...
  Epoch     1/8000  loss=3.6440e-01  lr=5.00e-04  (0.1s)
    -> I1=3 I2=3 I3=3 I4=4 I5=3 I6=3 I7=3 I8=4 min=3 mean=3.2 max=4 (379.8s)
[37/135] hidden=[32, 64, 128, 256] lr=0.0005 epochs=8000 npp=512 seed=137 ...
  Epoch     1/8000  loss=3.6008e-01  lr=5.00e-04  (0.1s)
    -> I1=4 I2=4 I3=5 I4=6 I5=3 I6=4 I7=3 I8=4 min=3 mean=4.1 max=6 (379.8s)
[38/135] hidden=[32, 64, 128, 256] lr=0.0005 epochs=8000 npp=512 seed=2024 ...
  Epoch     1/8000  loss=3.3523e-01  lr=5.00e-04  (0.1s)
    -> I1=3 I2=4 I3=3 I4=4 I5=3 I6=4 I7=3 I8=4 min=3 mean=3.5 max=4 (380.0s)
[39/135] hidden=[32, 64, 128, 256] lr=0.0005 epochs=8000 npp=512 seed=7 ...
  Epoch     1/8000  loss=3.7161e-01  lr=5.00e-04  (0.1s)
    -> I1=3 I2=4 I3=3 I4=4 I5=3 I6=5 I7=3 I8=4 min=3 mean=3.6 max=5 (380.0s)
[40/135] hidden=[32, 64, 128, 256] lr=0.0005 epochs=8000 npp=512 seed=999 ...
  Epoch     1/8000  loss=4.0386e-01  lr=5.00e-04  (0.1s)
    -> I1=3 I2=3 I3=3 I4=4 I5=3 I6=3 I7=3 I8=4 min=3 mean=3.2 max=4 (380.2s)
[41/135] hidden=[32, 64, 128, 256] lr=0.0005 epochs=8000 npp=1024 seed=42 ...
  Epoch     1/8000  loss=3.5507e-01  lr=5.00e-04  (0.1s)
    -> I1=3 I2=4 I3=4 I4=5 I5=3 I6=3 I7=3 I8=4 min=3 mean=3.6 max=5 (764.8s)
[42/135] hidden=[32, 64, 128, 256] lr=0.0005 epochs=8000 npp=1024 seed=137 ...
  Epoch     1/8000  loss=3.7201e-01  lr=5.00e-04  (0.1s)
    -> I1=3 I2=4 I3=4 I4=5 I5=5 I6=4 I7=4 I8=4 min=3 mean=4.1 max=5 (764.7s)
[43/135] hidden=[32, 64, 128, 256] lr=0.0005 epochs=8000 npp=1024 seed=2024 ...
  Epoch     1/8000  loss=3.3892e-01  lr=5.00e-04  (0.1s)
    -> I1=4 I2=4 I3=3 I4=5 I5=4 I6=4 I7=3 I8=5 min=3 mean=4.0 max=5 (764.9s)
[44/135] hidden=[32, 64, 128, 256] lr=0.0005 epochs=8000 npp=1024 seed=7 ...
  Epoch     1/8000  loss=3.4888e-01  lr=5.00e-04  (0.1s)
    -> I1=3 I2=4 I3=4 I4=5 I5=3 I6=4 I7=3 I8=5 min=3 mean=3.9 max=5 (764.7s)
[45/135] hidden=[32, 64, 128, 256] lr=0.0005 epochs=8000 npp=1024 seed=999 ...
  Epoch     1/8000  loss=3.9770e-01  lr=5.00e-04  (0.1s)
    -> I1=3 I2=3 I3=3 I4=4 I5=3 I6=4 I7=3 I8=4 min=3 mean=3.4 max=4 (764.6s)
[46/135] hidden=[32, 64, 128, 256] lr=0.0001 epochs=12000 npp=256 seed=42 ...
  Epoch     1/12000  loss=3.4532e-01  lr=1.00e-04  (0.0s)
    -> I1=3 I2=3 I3=4 I4=4 I5=3 I6=3 I7=5 I8=4 min=3 mean=3.6 max=5 (345.7s)
[47/135] hidden=[32, 64, 128, 256] lr=0.0001 epochs=12000 npp=256 seed=137 ...
  Epoch     1/12000  loss=4.4491e-01  lr=1.00e-04  (0.0s)
    -> I1=3 I2=4 I3=3 I4=4 I5=3 I6=4 I7=3 I8=4 min=3 mean=3.5 max=4 (346.0s)
[48/135] hidden=[32, 64, 128, 256] lr=0.0001 epochs=12000 npp=256 seed=2024 ...
  Epoch     1/12000  loss=3.2172e-01  lr=1.00e-04  (0.0s)
    -> I1=3 I2=3 I3=3 I4=4 I5=3 I6=4 I7=4 I8=4 min=3 mean=3.5 max=4 (345.6s)
[49/135] hidden=[32, 64, 128, 256] lr=0.0001 epochs=12000 npp=256 seed=7 ...
  Epoch     1/12000  loss=3.5039e-01  lr=1.00e-04  (0.0s)
    -> I1=3 I2=3 I3=4 I4=4 I5=3 I6=4 I7=3 I8=4 min=3 mean=3.5 max=4 (345.4s)
[50/135] hidden=[32, 64, 128, 256] lr=0.0001 epochs=12000 npp=256 seed=999 ...
  Epoch     1/12000  loss=3.7966e-01  lr=1.00e-04  (0.0s)
    -> I1=4 I2=3 I3=3 I4=4 I5=3 I6=3 I7=3 I8=5 min=3 mean=3.5 max=5 (345.2s)
[51/135] hidden=[32, 64, 128, 256] lr=0.0001 epochs=12000 npp=512 seed=42 ...
  Epoch     1/12000  loss=3.6440e-01  lr=1.00e-04  (0.1s)
    -> I1=4 I2=3 I3=3 I4=4 I5=2 I6=3 I7=3 I8=4 min=2 mean=3.2 max=4 (569.6s)
[52/135] hidden=[32, 64, 128, 256] lr=0.0001 epochs=12000 npp=512 seed=137 ...
  Epoch     1/12000  loss=3.6008e-01  lr=1.00e-04  (0.1s)
    -> I1=3 I2=3 I3=3 I4=4 I5=3 I6=3 I7=3 I8=3 min=3 mean=3.1 max=4 (569.8s)
[53/135] hidden=[32, 64, 128, 256] lr=0.0001 epochs=12000 npp=512 seed=2024 ...
  Epoch     1/12000  loss=3.3523e-01  lr=1.00e-04  (0.1s)
    -> I1=3 I2=4 I3=3 I4=3 I5=3 I6=4 I7=3 I8=3 min=3 mean=3.2 max=4 (569.7s)
[54/135] hidden=[32, 64, 128, 256] lr=0.0001 epochs=12000 npp=512 seed=7 ...
  Epoch     1/12000  loss=3.7161e-01  lr=1.00e-04  (0.1s)
    -> I1=3 I2=3 I3=3 I4=4 I5=3 I6=3 I7=4 I8=4 min=3 mean=3.4 max=4 (569.8s)
[55/135] hidden=[32, 64, 128, 256] lr=0.0001 epochs=12000 npp=512 seed=999 ...
  Epoch     1/12000  loss=4.0386e-01  lr=1.00e-04  (0.1s)
    -> I1=3 I2=3 I3=3 I4=5 I5=2 I6=3 I7=3 I8=4 min=2 mean=3.2 max=5 (570.1s)
[56/135] hidden=[32, 64, 128, 256] lr=0.0001 epochs=12000 npp=1024 seed=42 ...
  Epoch     1/12000  loss=3.5507e-01  lr=1.00e-04  (0.1s)
    -> I1=4 I2=5 I3=3 I4=4 I5=3 I6=4 I7=4 I8=4 min=3 mean=3.9 max=5 (1145.9s)
[57/135] hidden=[32, 64, 128, 256] lr=0.0001 epochs=12000 npp=1024 seed=137 ...
  Epoch     1/12000  loss=3.7201e-01  lr=1.00e-04  (0.1s)
    -> I1=3 I2=3 I3=3 I4=4 I5=3 I6=4 I7=3 I8=4 min=3 mean=3.4 max=4 (1146.0s)
[58/135] hidden=[32, 64, 128, 256] lr=0.0001 epochs=12000 npp=1024 seed=2024 ...
  Epoch     1/12000  loss=3.3892e-01  lr=1.00e-04  (0.1s)
    -> I1=3 I2=3 I3=3 I4=4 I5=3 I6=3 I7=3 I8=4 min=3 mean=3.2 max=4 (1145.6s)
[59/135] hidden=[32, 64, 128, 256] lr=0.0001 epochs=12000 npp=1024 seed=7 ...
  Epoch     1/12000  loss=3.4888e-01  lr=1.00e-04  (0.1s)
    -> I1=4 I2=4 I3=3 I4=4 I5=4 I6=4 I7=3 I8=4 min=3 mean=3.8 max=4 (1145.4s)
[60/135] hidden=[32, 64, 128, 256] lr=0.0001 epochs=12000 npp=1024 seed=999 ...
  Epoch     1/12000  loss=3.9770e-01  lr=1.00e-04  (0.1s)
    -> I1=3 I2=3 I3=4 I4=4 I5=3 I6=3 I7=3 I8=4 min=3 mean=3.4 max=4 (1145.7s)
[61/135] hidden=[32, 64, 128, 256] lr=0.0002 epochs=12000 npp=256 seed=42 ...
  Epoch     1/12000  loss=3.4532e-01  lr=2.00e-04  (0.0s)
    -> I1=3 I2=4 I3=3 I4=4 I5=3 I6=4 I7=3 I8=4 min=3 mean=3.5 max=4 (345.1s)
[62/135] hidden=[32, 64, 128, 256] lr=0.0002 epochs=12000 npp=256 seed=137 ...
  Epoch     1/12000  loss=4.4491e-01  lr=2.00e-04  (0.0s)
    -> I1=3 I2=4 I3=3 I4=4 I5=4 I6=4 I7=4 I8=4 min=3 mean=3.8 max=4 (345.4s)
[63/135] hidden=[32, 64, 128, 256] lr=0.0002 epochs=12000 npp=256 seed=2024 ...
  Epoch     1/12000  loss=3.2172e-01  lr=2.00e-04  (0.0s)
    -> I1=3 I2=3 I3=3 I4=4 I5=3 I6=3 I7=3 I8=4 min=3 mean=3.2 max=4 (345.5s)
[64/135] hidden=[32, 64, 128, 256] lr=0.0002 epochs=12000 npp=256 seed=7 ...
  Epoch     1/12000  loss=3.5039e-01  lr=2.00e-04  (0.0s)
    -> I1=3 I2=3 I3=5 I4=4 I5=3 I6=3 I7=3 I8=4 min=3 mean=3.5 max=5 (345.5s)
[65/135] hidden=[32, 64, 128, 256] lr=0.0002 epochs=12000 npp=256 seed=999 ...
  Epoch     1/12000  loss=3.7966e-01  lr=2.00e-04  (0.0s)
    -> I1=3 I2=4 I3=3 I4=5 I5=3 I6=4 I7=3 I8=4 min=3 mean=3.6 max=5 (345.4s)
[66/135] hidden=[32, 64, 128, 256] lr=0.0002 epochs=12000 npp=512 seed=42 ...
  Epoch     1/12000  loss=3.6440e-01  lr=2.00e-04  (0.1s)
    -> I1=3 I2=4 I3=3 I4=4 I5=4 I6=4 I7=4 I8=4 min=3 mean=3.8 max=4 (570.2s)
[67/135] hidden=[32, 64, 128, 256] lr=0.0002 epochs=12000 npp=512 seed=137 ...
  Epoch     1/12000  loss=3.6008e-01  lr=2.00e-04  (0.1s)
    -> I1=3 I2=3 I3=3 I4=4 I5=3 I6=3 I7=3 I8=4 min=3 mean=3.2 max=4 (569.7s)
[68/135] hidden=[32, 64, 128, 256] lr=0.0002 epochs=12000 npp=512 seed=2024 ...
  Epoch     1/12000  loss=3.3523e-01  lr=2.00e-04  (0.1s)
    -> I1=3 I2=3 I3=3 I4=4 I5=3 I6=4 I7=3 I8=4 min=3 mean=3.4 max=4 (569.9s)
[69/135] hidden=[32, 64, 128, 256] lr=0.0002 epochs=12000 npp=512 seed=7 ...
  Epoch     1/12000  loss=3.7161e-01  lr=2.00e-04  (0.1s)
    -> I1=3 I2=3 I3=3 I4=4 I5=3 I6=4 I7=3 I8=4 min=3 mean=3.4 max=4 (570.0s)
[70/135] hidden=[32, 64, 128, 256] lr=0.0002 epochs=12000 npp=512 seed=999 ...
  Epoch     1/12000  loss=4.0386e-01  lr=2.00e-04  (0.1s)
    -> I1=3 I2=3 I3=3 I4=4 I5=3 I6=3 I7=3 I8=3 min=3 mean=3.1 max=4 (569.6s)
[71/135] hidden=[32, 64, 128, 256] lr=0.0002 epochs=12000 npp=1024 seed=42 ...
  Epoch     1/12000  loss=3.5507e-01  lr=2.00e-04  (0.1s)
    -> I1=3 I2=4 I3=3 I4=4 I5=3 I6=4 I7=3 I8=4 min=3 mean=3.5 max=4 (1144.9s)
[72/135] hidden=[32, 64, 128, 256] lr=0.0002 epochs=12000 npp=1024 seed=137 ...
  Epoch     1/12000  loss=3.7201e-01  lr=2.00e-04  (0.1s)
    -> I1=3 I2=4 I3=4 I4=5 I5=3 I6=4 I7=4 I8=4 min=3 mean=3.9 max=5 (1145.2s)
[73/135] hidden=[32, 64, 128, 256] lr=0.0002 epochs=12000 npp=1024 seed=2024 ...
  Epoch     1/12000  loss=3.3892e-01  lr=2.00e-04  (0.1s)
    -> I1=3 I2=4 I3=3 I4=4 I5=3 I6=4 I7=4 I8=4 min=3 mean=3.6 max=4 (1145.7s)
[74/135] hidden=[32, 64, 128, 256] lr=0.0002 epochs=12000 npp=1024 seed=7 ...
  Epoch     1/12000  loss=3.4888e-01  lr=2.00e-04  (0.1s)
    -> I1=3 I2=3 I3=3 I4=4 I5=3 I6=3 I7=3 I8=4 min=3 mean=3.2 max=4 (1146.2s)
[75/135] hidden=[32, 64, 128, 256] lr=0.0002 epochs=12000 npp=1024 seed=999 ...
  Epoch     1/12000  loss=3.9770e-01  lr=2.00e-04  (0.1s)
    -> I1=3 I2=4 I3=3 I4=4 I5=3 I6=3 I7=3 I8=4 min=3 mean=3.4 max=4 (1146.0s)
[76/135] hidden=[32, 64, 128, 256] lr=0.0005 epochs=12000 npp=256 seed=42 ...
  Epoch     1/12000  loss=3.4532e-01  lr=5.00e-04  (0.0s)
    -> I1=3 I2=4 I3=4 I4=6 I5=4 I6=4 I7=5 I8=5 min=3 mean=4.4 max=6 (345.0s)
[77/135] hidden=[32, 64, 128, 256] lr=0.0005 epochs=12000 npp=256 seed=137 ...
  Epoch     1/12000  loss=4.4491e-01  lr=5.00e-04  (0.0s)
    -> I1=3 I2=4 I3=4 I4=4 I5=3 I6=4 I7=4 I8=4 min=3 mean=3.8 max=4 (345.0s)
[78/135] hidden=[32, 64, 128, 256] lr=0.0005 epochs=12000 npp=256 seed=2024 ...
  Epoch     1/12000  loss=3.2172e-01  lr=5.00e-04  (0.0s)
    -> I1=4 I2=4 I3=5 I4=4 I5=4 I6=4 I7=4 I8=5 min=4 mean=4.2 max=5 (344.7s)
[79/135] hidden=[32, 64, 128, 256] lr=0.0005 epochs=12000 npp=256 seed=7 ...
  Epoch     1/12000  loss=3.5039e-01  lr=5.00e-04  (0.0s)
    -> I1=4 I2=4 I3=3 I4=4 I5=4 I6=4 I7=4 I8=4 min=3 mean=3.9 max=4 (344.8s)
[80/135] hidden=[32, 64, 128, 256] lr=0.0005 epochs=12000 npp=256 seed=999 ...
  Epoch     1/12000  loss=3.7966e-01  lr=5.00e-04  (0.0s)
    -> I1=3 I2=4 I3=3 I4=4 I5=3 I6=4 I7=3 I8=4 min=3 mean=3.5 max=4 (344.7s)
[81/135] hidden=[32, 64, 128, 256] lr=0.0005 epochs=12000 npp=512 seed=42 ...
  Epoch     1/12000  loss=3.6440e-01  lr=5.00e-04  (0.1s)
    -> I1=3 I2=4 I3=3 I4=4 I5=3 I6=3 I7=3 I8=4 min=3 mean=3.4 max=4 (569.3s)
[82/135] hidden=[32, 64, 128, 256] lr=0.0005 epochs=12000 npp=512 seed=137 ...
  Epoch     1/12000  loss=3.6008e-01  lr=5.00e-04  (0.1s)
    -> I1=3 I2=4 I3=3 I4=4 I5=3 I6=4 I7=3 I8=4 min=3 mean=3.5 max=4 (569.3s)
[83/135] hidden=[32, 64, 128, 256] lr=0.0005 epochs=12000 npp=512 seed=2024 ...
  Epoch     1/12000  loss=3.3523e-01  lr=5.00e-04  (0.1s)
    -> I1=4 I2=5 I3=4 I4=4 I5=4 I6=4 I7=4 I8=5 min=4 mean=4.2 max=5 (569.3s)
[84/135] hidden=[32, 64, 128, 256] lr=0.0005 epochs=12000 npp=512 seed=7 ...
  Epoch     1/12000  loss=3.7161e-01  lr=5.00e-04  (0.1s)
    -> I1=4 I2=3 I3=4 I4=4 I5=3 I6=3 I7=3 I8=5 min=3 mean=3.6 max=5 (569.3s)
[85/135] hidden=[32, 64, 128, 256] lr=0.0005 epochs=12000 npp=512 seed=999 ...
  Epoch     1/12000  loss=4.0386e-01  lr=5.00e-04  (0.1s)
    -> I1=3 I2=4 I3=3 I4=4 I5=3 I6=4 I7=3 I8=4 min=3 mean=3.5 max=4 (569.3s)
[86/135] hidden=[32, 64, 128, 256] lr=0.0005 epochs=12000 npp=1024 seed=42 ...
  Epoch     1/12000  loss=3.5507e-01  lr=5.00e-04  (0.1s)
    -> I1=3 I2=3 I3=3 I4=4 I5=3 I6=3 I7=3 I8=4 min=3 mean=3.2 max=4 (1145.2s)
[87/135] hidden=[32, 64, 128, 256] lr=0.0005 epochs=12000 npp=1024 seed=137 ...
  Epoch     1/12000  loss=3.7201e-01  lr=5.00e-04  (0.1s)
    -> I1=3 I2=4 I3=3 I4=4 I5=3 I6=4 I7=3 I8=5 min=3 mean=3.6 max=5 (1145.8s)
[88/135] hidden=[32, 64, 128, 256] lr=0.0005 epochs=12000 npp=1024 seed=2024 ...
  Epoch     1/12000  loss=3.3892e-01  lr=5.00e-04  (0.1s)
    -> I1=3 I2=3 I3=3 I4=4 I5=3 I6=3 I7=3 I8=4 min=3 mean=3.2 max=4 (1145.8s)
[89/135] hidden=[32, 64, 128, 256] lr=0.0005 epochs=12000 npp=1024 seed=7 ...
  Epoch     1/12000  loss=3.4888e-01  lr=5.00e-04  (0.1s)
    -> I1=3 I2=4 I3=4 I4=4 I5=3 I6=4 I7=3 I8=4 min=3 mean=3.6 max=4 (1146.1s)
[90/135] hidden=[32, 64, 128, 256] lr=0.0005 epochs=12000 npp=1024 seed=999 ...
  Epoch     1/12000  loss=3.9770e-01  lr=5.00e-04  (0.1s)
    -> I1=3 I2=4 I3=3 I4=4 I5=3 I6=4 I7=3 I8=4 min=3 mean=3.5 max=4 (1145.7s)
[91/135] hidden=[32, 64, 128, 256] lr=0.0001 epochs=16000 npp=256 seed=42 ...
  Epoch     1/16000  loss=3.4532e-01  lr=1.00e-04  (0.0s)
    -> I1=3 I2=4 I3=3 I4=3 I5=3 I6=4 I7=3 I8=3 min=3 mean=3.2 max=4 (459.8s)
[92/135] hidden=[32, 64, 128, 256] lr=0.0001 epochs=16000 npp=256 seed=137 ...
  Epoch     1/16000  loss=4.4491e-01  lr=1.00e-04  (0.0s)
    -> I1=4 I2=5 I3=4 I4=5 I5=3 I6=4 I7=4 I8=5 min=3 mean=4.2 max=5 (459.9s)
[93/135] hidden=[32, 64, 128, 256] lr=0.0001 epochs=16000 npp=256 seed=2024 ...
  Epoch     1/16000  loss=3.2172e-01  lr=1.00e-04  (0.0s)
    -> I1=4 I2=4 I3=4 I4=4 I5=4 I6=4 I7=4 I8=4 min=4 mean=4.0 max=4 (459.9s)
[94/135] hidden=[32, 64, 128, 256] lr=0.0001 epochs=16000 npp=256 seed=7 ...
  Epoch     1/16000  loss=3.5039e-01  lr=1.00e-04  (0.0s)
    -> I1=4 I2=3 I3=4 I4=4 I5=4 I6=4 I7=3 I8=6 min=3 mean=4.0 max=6 (459.8s)
[95/135] hidden=[32, 64, 128, 256] lr=0.0001 epochs=16000 npp=256 seed=999 ...
  Epoch     1/16000  loss=3.7966e-01  lr=1.00e-04  (0.0s)
    -> I1=3 I2=3 I3=3 I4=4 I5=3 I6=4 I7=4 I8=5 min=3 mean=3.6 max=5 (459.7s)
[96/135] hidden=[32, 64, 128, 256] lr=0.0001 epochs=16000 npp=512 seed=42 ...
  Epoch     1/16000  loss=3.6440e-01  lr=1.00e-04  (0.1s)
    -> I1=3 I2=4 I3=4 I4=4 I5=3 I6=4 I7=4 I8=4 min=3 mean=3.8 max=4 (759.1s)
[97/135] hidden=[32, 64, 128, 256] lr=0.0001 epochs=16000 npp=512 seed=137 ...
  Epoch     1/16000  loss=3.6008e-01  lr=1.00e-04  (0.1s)
    -> I1=4 I2=4 I3=4 I4=4 I5=3 I6=4 I7=4 I8=4 min=3 mean=3.9 max=4 (759.2s)
[98/135] hidden=[32, 64, 128, 256] lr=0.0001 epochs=16000 npp=512 seed=2024 ...
  Epoch     1/16000  loss=3.3523e-01  lr=1.00e-04  (0.1s)
    -> I1=3 I2=3 I3=3 I4=4 I5=3 I6=3 I7=3 I8=4 min=3 mean=3.2 max=4 (759.6s)
[99/135] hidden=[32, 64, 128, 256] lr=0.0001 epochs=16000 npp=512 seed=7 ...
  Epoch     1/16000  loss=3.7161e-01  lr=1.00e-04  (0.1s)
    -> I1=3 I2=4 I3=4 I4=4 I5=4 I6=4 I7=4 I8=4 min=3 mean=3.9 max=4 (759.6s)
[100/135] hidden=[32, 64, 128, 256] lr=0.0001 epochs=16000 npp=512 seed=999 ...
  Epoch     1/16000  loss=4.0386e-01  lr=1.00e-04  (0.1s)
    -> I1=4 I2=4 I3=3 I4=4 I5=3 I6=4 I7=3 I8=4 min=3 mean=3.6 max=4 (759.4s)
[101/135] hidden=[32, 64, 128, 256] lr=0.0001 epochs=16000 npp=1024 seed=42 ...
  Epoch     1/16000  loss=3.5507e-01  lr=1.00e-04  (0.1s)
    -> I1=3 I2=3 I3=4 I4=4 I5=3 I6=3 I7=3 I8=4 min=3 mean=3.4 max=4 (1526.8s)
[102/135] hidden=[32, 64, 128, 256] lr=0.0001 epochs=16000 npp=1024 seed=137 ...
  Epoch     1/16000  loss=3.7201e-01  lr=1.00e-04  (0.1s)
    -> I1=3 I2=3 I3=3 I4=4 I5=3 I6=3 I7=3 I8=4 min=3 mean=3.2 max=4 (1526.7s)
[103/135] hidden=[32, 64, 128, 256] lr=0.0001 epochs=16000 npp=1024 seed=2024 ...
  Epoch     1/16000  loss=3.3892e-01  lr=1.00e-04  (0.1s)
    -> I1=4 I2=4 I3=5 I4=4 I5=4 I6=5 I7=4 I8=4 min=4 mean=4.2 max=5 (1526.2s)
[104/135] hidden=[32, 64, 128, 256] lr=0.0001 epochs=16000 npp=1024 seed=7 ...
  Epoch     1/16000  loss=3.4888e-01  lr=1.00e-04  (0.1s)
    -> I1=3 I2=4 I3=5 I4=5 I5=3 I6=4 I7=4 I8=5 min=3 mean=4.1 max=5 (1526.3s)
[105/135] hidden=[32, 64, 128, 256] lr=0.0001 epochs=16000 npp=1024 seed=999 ...
  Epoch     1/16000  loss=3.9770e-01  lr=1.00e-04  (0.1s)
    -> I1=3 I2=4 I3=3 I4=3 I5=3 I6=3 I7=3 I8=4 min=3 mean=3.2 max=4 (1526.2s)
[106/135] hidden=[32, 64, 128, 256] lr=0.0002 epochs=16000 npp=256 seed=42 ...
  Epoch     1/16000  loss=3.4532e-01  lr=2.00e-04  (0.0s)
    -> I1=3 I2=4 I3=3 I4=4 I5=3 I6=4 I7=3 I8=4 min=3 mean=3.5 max=4 (459.7s)
[107/135] hidden=[32, 64, 128, 256] lr=0.0002 epochs=16000 npp=256 seed=137 ...
  Epoch     1/16000  loss=4.4491e-01  lr=2.00e-04  (0.0s)
    -> I1=3 I2=3 I3=3 I4=3 I5=3 I6=3 I7=3 I8=3 min=3 mean=3.0 max=3 (459.6s)
[108/135] hidden=[32, 64, 128, 256] lr=0.0002 epochs=16000 npp=256 seed=2024 ...
  Epoch     1/16000  loss=3.2172e-01  lr=2.00e-04  (0.0s)
    -> I1=3 I2=4 I3=3 I4=4 I5=3 I6=4 I7=3 I8=4 min=3 mean=3.5 max=4 (459.6s)
[109/135] hidden=[32, 64, 128, 256] lr=0.0002 epochs=16000 npp=256 seed=7 ...
  Epoch     1/16000  loss=3.5039e-01  lr=2.00e-04  (0.0s)
    -> I1=3 I2=4 I3=3 I4=4 I5=3 I6=4 I7=3 I8=4 min=3 mean=3.5 max=4 (459.5s)
[110/135] hidden=[32, 64, 128, 256] lr=0.0002 epochs=16000 npp=256 seed=999 ...
  Epoch     1/16000  loss=3.7966e-01  lr=2.00e-04  (0.0s)
    -> I1=3 I2=3 I3=3 I4=4 I5=3 I6=3 I7=3 I8=4 min=3 mean=3.2 max=4 (459.4s)
[111/135] hidden=[32, 64, 128, 256] lr=0.0002 epochs=16000 npp=512 seed=42 ...
  Epoch     1/16000  loss=3.6440e-01  lr=2.00e-04  (0.1s)
    -> I1=3 I2=4 I3=3 I4=4 I5=3 I6=4 I7=3 I8=4 min=3 mean=3.5 max=4 (759.0s)
[112/135] hidden=[32, 64, 128, 256] lr=0.0002 epochs=16000 npp=512 seed=137 ...
  Epoch     1/16000  loss=3.6008e-01  lr=2.00e-04  (0.1s)
    -> I1=3 I2=4 I3=5 I4=4 I5=4 I6=4 I7=4 I8=4 min=3 mean=4.0 max=5 (758.8s)
[113/135] hidden=[32, 64, 128, 256] lr=0.0002 epochs=16000 npp=512 seed=2024 ...
  Epoch     1/16000  loss=3.3523e-01  lr=2.00e-04  (0.1s)
    -> I1=5 I2=4 I3=4 I4=4 I5=4 I6=4 I7=4 I8=4 min=4 mean=4.1 max=5 (759.1s)
[114/135] hidden=[32, 64, 128, 256] lr=0.0002 epochs=16000 npp=512 seed=7 ...
  Epoch     1/16000  loss=3.7161e-01  lr=2.00e-04  (0.1s)
    -> I1=3 I2=4 I3=3 I4=4 I5=3 I6=4 I7=4 I8=4 min=3 mean=3.6 max=4 (759.0s)
[115/135] hidden=[32, 64, 128, 256] lr=0.0002 epochs=16000 npp=512 seed=999 ...
  Epoch     1/16000  loss=4.0386e-01  lr=2.00e-04  (0.1s)
    -> I1=3 I2=4 I3=3 I4=4 I5=3 I6=3 I7=3 I8=5 min=3 mean=3.5 max=5 (759.0s)
[116/135] hidden=[32, 64, 128, 256] lr=0.0002 epochs=16000 npp=1024 seed=42 ...
  Epoch     1/16000  loss=3.5507e-01  lr=2.00e-04  (0.1s)
    -> I1=5 I2=4 I3=4 I4=4 I5=4 I6=4 I7=4 I8=4 min=4 mean=4.1 max=5 (1526.0s)
[117/135] hidden=[32, 64, 128, 256] lr=0.0002 epochs=16000 npp=1024 seed=137 ...
  Epoch     1/16000  loss=3.7201e-01  lr=2.00e-04  (0.1s)
    -> I1=3 I2=3 I3=3 I4=4 I5=3 I6=4 I7=3 I8=4 min=3 mean=3.4 max=4 (1525.9s)
[118/135] hidden=[32, 64, 128, 256] lr=0.0002 epochs=16000 npp=1024 seed=2024 ...
  Epoch     1/16000  loss=3.3892e-01  lr=2.00e-04  (0.1s)
    -> I1=4 I2=4 I3=4 I4=5 I5=4 I6=4 I7=3 I8=4 min=3 mean=4.0 max=5 (1526.0s)
[119/135] hidden=[32, 64, 128, 256] lr=0.0002 epochs=16000 npp=1024 seed=7 ...
  Epoch     1/16000  loss=3.4888e-01  lr=2.00e-04  (0.1s)
    -> I1=4 I2=4 I3=4 I4=4 I5=4 I6=4 I7=4 I8=4 min=4 mean=4.0 max=4 (1526.1s)
[120/135] hidden=[32, 64, 128, 256] lr=0.0002 epochs=16000 npp=1024 seed=999 ...
  Epoch     1/16000  loss=3.9770e-01  lr=2.00e-04  (0.1s)
    -> I1=3 I2=4 I3=4 I4=5 I5=3 I6=4 I7=4 I8=4 min=3 mean=3.9 max=5 (1525.9s)
[121/135] hidden=[32, 64, 128, 256] lr=0.0005 epochs=16000 npp=256 seed=42 ...
  Epoch     1/16000  loss=3.4532e-01  lr=5.00e-04  (0.0s)
    -> I1=3 I2=4 I3=4 I4=4 I5=3 I6=5 I7=3 I8=4 min=3 mean=3.8 max=5 (459.4s)
[122/135] hidden=[32, 64, 128, 256] lr=0.0005 epochs=16000 npp=256 seed=137 ...
  Epoch     1/16000  loss=4.4491e-01  lr=5.00e-04  (0.0s)
    -> I1=4 I2=5 I3=4 I4=5 I5=3 I6=4 I7=4 I8=5 min=3 mean=4.2 max=5 (459.5s)
[123/135] hidden=[32, 64, 128, 256] lr=0.0005 epochs=16000 npp=256 seed=2024 ...
  Epoch     1/16000  loss=3.2172e-01  lr=5.00e-04  (0.0s)
    -> I1=3 I2=4 I3=3 I4=5 I5=3 I6=5 I7=3 I8=5 min=3 mean=3.9 max=5 (459.3s)
[124/135] hidden=[32, 64, 128, 256] lr=0.0005 epochs=16000 npp=256 seed=7 ...
  Epoch     1/16000  loss=3.5039e-01  lr=5.00e-04  (0.0s)
    -> I1=3 I2=4 I3=3 I4=4 I5=3 I6=4 I7=4 I8=4 min=3 mean=3.6 max=4 (459.4s)
[125/135] hidden=[32, 64, 128, 256] lr=0.0005 epochs=16000 npp=256 seed=999 ...
  Epoch     1/16000  loss=3.7966e-01  lr=5.00e-04  (0.0s)
    -> I1=3 I2=3 I3=3 I4=4 I5=3 I6=4 I7=3 I8=4 min=3 mean=3.4 max=4 (459.2s)
[126/135] hidden=[32, 64, 128, 256] lr=0.0005 epochs=16000 npp=512 seed=42 ...
  Epoch     1/16000  loss=3.6440e-01  lr=5.00e-04  (0.1s)
    -> I1=3 I2=4 I3=3 I4=4 I5=3 I6=3 I7=3 I8=4 min=3 mean=3.4 max=4 (758.8s)
[127/135] hidden=[32, 64, 128, 256] lr=0.0005 epochs=16000 npp=512 seed=137 ...
  Epoch     1/16000  loss=3.6008e-01  lr=5.00e-04  (0.1s)
    -> I1=4 I2=4 I3=4 I4=5 I5=4 I6=4 I7=4 I8=4 min=4 mean=4.1 max=5 (758.7s)
[128/135] hidden=[32, 64, 128, 256] lr=0.0005 epochs=16000 npp=512 seed=2024 ...
  Epoch     1/16000  loss=3.3523e-01  lr=5.00e-04  (0.1s)
    -> I1=3 I2=5 I3=3 I4=4 I5=3 I6=4 I7=3 I8=4 min=3 mean=3.6 max=5 (758.8s)
[129/135] hidden=[32, 64, 128, 256] lr=0.0005 epochs=16000 npp=512 seed=7 ...
  Epoch     1/16000  loss=3.7161e-01  lr=5.00e-04  (0.1s)
    -> I1=3 I2=3 I3=3 I4=4 I5=3 I6=3 I7=3 I8=4 min=3 mean=3.2 max=4 (758.8s)
[130/135] hidden=[32, 64, 128, 256] lr=0.0005 epochs=16000 npp=512 seed=999 ...
  Epoch     1/16000  loss=4.0386e-01  lr=5.00e-04  (0.1s)
    -> I1=4 I2=4 I3=4 I4=4 I5=3 I6=4 I7=4 I8=4 min=3 mean=3.9 max=4 (758.6s)
[131/135] hidden=[32, 64, 128, 256] lr=0.0005 epochs=16000 npp=1024 seed=42 ...
  Epoch     1/16000  loss=3.5507e-01  lr=5.00e-04  (0.1s)
    -> I1=3 I2=4 I3=3 I4=4 I5=3 I6=4 I7=3 I8=4 min=3 mean=3.5 max=4 (1525.9s)
[132/135] hidden=[32, 64, 128, 256] lr=0.0005 epochs=16000 npp=1024 seed=137 ...
  Epoch     1/16000  loss=3.7201e-01  lr=5.00e-04  (0.1s)
    -> I1=4 I2=5 I3=5 I4=5 I5=4 I6=5 I7=5 I8=5 min=4 mean=4.8 max=5 (1525.9s)
[133/135] hidden=[32, 64, 128, 256] lr=0.0005 epochs=16000 npp=1024 seed=2024 ...
  Epoch     1/16000  loss=3.3892e-01  lr=5.00e-04  (0.1s)
    -> I1=3 I2=4 I3=4 I4=4 I5=3 I6=4 I7=4 I8=4 min=3 mean=3.8 max=4 (1525.8s)
[134/135] hidden=[32, 64, 128, 256] lr=0.0005 epochs=16000 npp=1024 seed=7 ...
  Epoch     1/16000  loss=3.4888e-01  lr=5.00e-04  (0.1s)
    -> I1=3 I2=4 I3=3 I4=4 I5=3 I6=4 I7=3 I8=4 min=3 mean=3.5 max=4 (1525.9s)
[135/135] hidden=[32, 64, 128, 256] lr=0.0005 epochs=16000 npp=1024 seed=999 ...
  Epoch     1/16000  loss=3.9770e-01  lr=5.00e-04  (0.1s)
    -> I1=4 I2=6 I3=4 I4=4 I5=4 I6=4 I7=4 I8=4 min=4 mean=4.2 max=6 (1526.1s)

============================================================================================================================================
  RANKED RESULTS (best first) — GPU 1
============================================================================================================================================
    # hidden                     lr epochs   npp  seed   min_loss mean_relerr  I1  I2  I3  I4  I5  I6  I7  I8  min  mean  max   time
--------------------------------------------------------------------------------------------------------------------------------------------
    1 [32, 64, 128, 256]    5.0e-04  16000  1024   137  3.830e-05   2.365e-04   4   5   5   5   4   5   5   5    4   4.8    5 1525.9
    2 [32, 64, 128, 256]    5.0e-04  16000   512   137  4.479e-05   5.716e-04   4   4   4   5   4   4   4   4    4   4.1    5  758.7
    3 [32, 64, 128, 256]    2.0e-04  16000   512  2024  1.373e-04   8.216e-04   5   4   4   4   4   4   4   4    4   4.1    5  759.1
    4 [32, 64, 128, 256]    5.0e-04  16000  1024   999  3.404e-05   8.518e-04   4   6   4   4   4   4   4   4    4   4.2    6 1526.1
    5 [32, 64, 128, 256]    2.0e-04  16000  1024    42  1.153e-04   8.766e-04   5   4   4   4   4   4   4   4    4   4.1    5 1526.0
    6 [32, 64, 128, 256]    1.0e-04  16000  1024  2024  2.060e-04   1.034e-03   4   4   5   4   4   5   4   4    4   4.2    5 1526.2
    7 [32, 64, 128, 256]    5.0e-04  12000   512  2024  6.709e-05   1.045e-03   4   5   4   4   4   4   4   5    4   4.2    5  569.3
    8 [32, 64, 128, 256]    2.0e-04  16000  1024     7  1.266e-04   1.087e-03   4   4   4   4   4   4   4   4    4   4.0    4 1526.1
    9 [32, 64, 128, 256]    5.0e-04  12000   256  2024  6.680e-05   1.129e-03   4   4   5   4   4   4   4   5    4   4.2    5  344.7
   10 [32, 64, 128, 256]    1.0e-04  16000   256  2024  3.409e-04   1.578e-03   4   4   4   4   4   4   4   4    4   4.0    4  459.9
   11 [32, 64, 128, 256]    5.0e-04  16000   256   137  3.875e-05   8.611e-04   4   5   4   5   3   4   4   5    3   4.2    5  459.5
   12 [32, 64, 128, 256]    5.0e-04  12000   256    42  8.646e-05   9.636e-04   3   4   4   6   4   4   5   5    3   4.4    6  345.0
   13 [32, 64, 128, 256]    2.0e-04  16000   512   137  1.302e-04   1.093e-03   3   4   5   4   4   4   4   4    3   4.0    5  758.8
   14 [32, 64, 128, 256]    5.0e-04  16000   512   999  4.526e-05   1.139e-03   4   4   4   4   3   4   4   4    3   3.9    4  758.6
   15 [32, 64, 128, 256]    5.0e-04   8000  1024   137  1.302e-04   1.176e-03   3   4   4   5   5   4   4   4    3   4.1    5  764.7
   16 [32, 64, 128, 256]    1.0e-04  16000   512   137  2.833e-04   1.240e-03   4   4   4   4   3   4   4   4    3   3.9    4  759.2
   17 [32, 64, 128, 256]    1.0e-04  16000   256   137  3.433e-04   1.278e-03   4   5   4   5   3   4   4   5    3   4.2    5  459.9
   18 [32, 64, 128, 256]    2.0e-04  16000  1024  2024  1.277e-04   1.286e-03   4   4   4   5   4   4   3   4    3   4.0    5 1526.0
   19 [32, 64, 128, 256]    5.0e-04  16000  1024  2024  4.681e-05   1.330e-03   3   4   4   4   3   4   4   4    3   3.8    4 1525.8
   20 [32, 64, 128, 256]    1.0e-04  16000  1024     7  2.236e-04   1.386e-03   3   4   5   5   3   4   4   5    3   4.1    5 1526.3
   21 [32, 64, 128, 256]    5.0e-04   8000  1024  2024  1.154e-04   1.393e-03   4   4   3   5   4   4   3   5    3   4.0    5  764.9
   22 [32, 64, 128, 256]    2.0e-04  12000  1024   137  1.749e-04   1.507e-03   3   4   4   5   3   4   4   4    3   3.9    5 1145.2
   23 [32, 64, 128, 256]    5.0e-04   8000   512   137  1.565e-04   1.593e-03   4   4   5   6   3   4   3   4    3   4.1    6  379.8
   24 [32, 64, 128, 256]    2.0e-04  12000   512    42  2.142e-04   1.695e-03   3   4   3   4   4   4   4   4    3   3.8    4  570.2
   25 [32, 64, 128, 256]    2.0e-04   8000   256   137  4.281e-04   1.727e-03   3   4   5   5   4   4   3   4    3   4.0    5  230.3
   26 [32, 64, 128, 256]    5.0e-04   8000  1024     7  1.214e-04   1.777e-03   3   4   4   5   3   4   3   5    3   3.9    5  764.7
   27 [32, 64, 128, 256]    2.0e-04   8000   512     7  3.975e-04   1.815e-03   3   4   4   4   3   4   4   4    3   3.8    4  380.0
   28 [32, 64, 128, 256]    2.0e-04  12000   256   137  2.159e-04   1.840e-03   3   4   3   4   4   4   4   4    3   3.8    4  345.4
   29 [32, 64, 128, 256]    5.0e-04   8000   256  2024  1.362e-04   1.915e-03   4   4   4   5   3   4   3   4    3   3.9    5  230.1
   30 [32, 64, 128, 256]    5.0e-04  12000   256   137  7.348e-05   1.937e-03   3   4   4   4   3   4   4   4    3   3.8    4  345.0
   31 [32, 64, 128, 256]    2.0e-04  16000  1024   999  1.200e-04   2.034e-03   3   4   4   5   3   4   4   4    3   3.9    5 1525.9
   32 [32, 64, 128, 256]    1.0e-04  16000   256     7  3.820e-04   2.057e-03   4   3   4   4   4   4   3   6    3   4.0    6  459.8
   33 [32, 64, 128, 256]    5.0e-04  16000   256    42  5.489e-05   2.101e-03   3   4   4   4   3   5   3   4    3   3.8    5  459.4
   34 [32, 64, 128, 256]    5.0e-04  12000   256     7  8.378e-05   2.179e-03   4   4   3   4   4   4   4   4    3   3.9    4  344.8
   35 [32, 64, 128, 256]    1.0e-04  16000   512     7  3.493e-04   2.255e-03   3   4   4   4   4   4   4   4    3   3.9    4  759.6
   36 [32, 64, 128, 256]    5.0e-04  12000   512     7  8.813e-05   2.293e-03   4   3   4   4   3   3   3   5    3   3.6    5  569.3
   37 [32, 64, 128, 256]    2.0e-04   8000  1024     7  3.481e-04   2.343e-03   4   4   6   4   3   5   3   4    3   4.1    6  764.7
   38 [32, 64, 128, 256]    1.0e-04  16000   512    42  3.078e-04   2.356e-03   3   4   4   4   3   4   4   4    3   3.8    4  759.1
   39 [32, 64, 128, 256]    5.0e-04  16000  1024     7  4.125e-05   2.384e-03   3   4   3   4   3   4   3   4    3   3.5    4 1525.9
   40 [32, 64, 128, 256]    5.0e-04  12000   256   999  9.079e-05   2.384e-03   3   4   3   4   3   4   3   4    3   3.5    4  344.7
   41 [32, 64, 128, 256]    2.0e-04   8000  1024    42  3.514e-04   2.388e-03   3   4   4   4   3   4   3   5    3   3.8    5  764.2
   42 [32, 64, 128, 256]    5.0e-04  12000  1024   137  6.474e-05   2.411e-03   3   4   3   4   3   4   3   5    3   3.6    5 1145.8
   43 [32, 64, 128, 256]    5.0e-04  12000  1024     7  6.875e-05   2.442e-03   3   4   4   4   3   4   3   4    3   3.6    4 1146.1
   44 [32, 64, 128, 256]    5.0e-04  16000   256     7  5.289e-05   2.461e-03   3   4   3   4   3   4   4   4    3   3.6    4  459.4
   45 [32, 64, 128, 256]    2.0e-04  12000   256     7  2.592e-04   2.590e-03   3   3   5   4   3   3   3   4    3   3.5    5  345.5
   46 [32, 64, 128, 256]    1.0e-04  12000  1024    42  4.814e-04   2.598e-03   4   5   3   4   3   4   4   4    3   3.9    5 1145.9
   47 [32, 64, 128, 256]    5.0e-04  12000   512   999  7.579e-05   2.607e-03   3   4   3   4   3   4   3   4    3   3.5    4  569.3
   48 [32, 64, 128, 256]    5.0e-04  16000   256  2024  4.325e-05   2.629e-03   3   4   3   5   3   5   3   5    3   3.9    5  459.3
   49 [32, 64, 128, 256]    5.0e-04  12000  1024   999  5.628e-05   2.707e-03   3   4   3   4   3   4   3   4    3   3.5    4 1145.7
   50 [32, 64, 128, 256]    2.0e-04  12000   256   999  2.473e-04   2.777e-03   3   4   3   5   3   4   3   4    3   3.6    5  345.4
   51 [32, 64, 128, 256]    2.0e-04  12000  1024  2024  2.006e-04   2.783e-03   3   4   3   4   3   4   4   4    3   3.6    4 1145.7
   52 [32, 64, 128, 256]    2.0e-04  16000   512   999  1.270e-04   2.813e-03   3   4   3   4   3   3   3   5    3   3.5    5  759.0
   53 [32, 64, 128, 256]    5.0e-04   8000   512     7  1.635e-04   2.899e-03   3   4   3   4   3   5   3   4    3   3.6    5  380.0
   54 [32, 64, 128, 256]    2.0e-04   8000   512  2024  4.456e-04   2.926e-03   4   4   3   4   3   4   3   4    3   3.6    4  380.2
   55 [32, 64, 128, 256]    2.0e-04   8000  1024   999  3.620e-04   2.927e-03   4   4   3   4   4   4   3   4    3   3.8    4  764.0
   56 [32, 64, 128, 256]    1.0e-04  16000   256   999  4.336e-04   3.001e-03   3   3   3   4   3   4   4   5    3   3.6    5  459.7
   57 [32, 64, 128, 256]    1.0e-04  12000  1024     7  3.695e-04   3.120e-03   4   4   3   4   4   4   3   4    3   3.8    4 1145.4
   58 [32, 64, 128, 256]    2.0e-04  16000   512     7  1.445e-04   3.217e-03   3   4   3   4   3   4   4   4    3   3.6    4  759.0
   59 [32, 64, 128, 256]    5.0e-04  16000   512  2024  4.391e-05   3.220e-03   3   5   3   4   3   4   3   4    3   3.6    5  758.8
   60 [32, 64, 128, 256]    2.0e-04  16000   512    42  1.438e-04   3.313e-03   3   4   3   4   3   4   3   4    3   3.5    4  759.0
   61 [32, 64, 128, 256]    1.0e-04  12000   256  2024  7.130e-04   3.323e-03   3   3   3   4   3   4   4   4    3   3.5    4  345.6
   62 [32, 64, 128, 256]    2.0e-04   8000  1024   137  3.263e-04   3.355e-03   3   4   3   4   3   4   3   4    3   3.5    4  764.6
   63 [32, 64, 128, 256]    2.0e-04   8000   256  2024  5.749e-04   3.415e-03   3   4   4   4   3   4   3   5    3   3.8    5  230.4
   64 [32, 64, 128, 256]    1.0e-04  16000   512   999  3.439e-04   3.434e-03   4   4   3   4   3   4   3   4    3   3.6    4  759.4
   65 [32, 64, 128, 256]    5.0e-04   8000  1024    42  1.434e-04   3.664e-03   3   4   4   5   3   3   3   4    3   3.6    5  764.8
   66 [32, 64, 128, 256]    1.0e-04  12000  1024   999  4.807e-04   3.668e-03   3   3   4   4   3   3   3   4    3   3.4    4 1145.7
   67 [32, 64, 128, 256]    1.0e-04  12000   256     7  6.292e-04   3.679e-03   3   3   4   4   3   4   3   4    3   3.5    4  345.4
   68 [32, 64, 128, 256]    5.0e-04   8000   256   137  1.367e-04   3.694e-03   3   3   4   4   3   3   3   4    3   3.4    4  230.1
   69 [32, 64, 128, 256]    1.0e-04  12000   256   999  6.343e-04   3.698e-03   4   3   3   4   3   3   3   5    3   3.5    5  345.2
   70 [32, 64, 128, 256]    2.0e-04   8000   256     7  4.694e-04   3.841e-03   3   3   3   4   3   4   3   5    3   3.5    5  230.3
   71 [32, 64, 128, 256]    2.0e-04  12000   512  2024  2.335e-04   3.845e-03   3   3   3   4   3   4   3   4    3   3.4    4  569.9
   72 [32, 64, 128, 256]    5.0e-04   8000   512  2024  1.391e-04   3.949e-03   3   4   3   4   3   4   3   4    3   3.5    4  380.0
   73 [32, 64, 128, 256]    1.0e-04  16000  1024   137  2.177e-04   4.005e-03   3   3   3   4   3   3   3   4    3   3.2    4 1526.7
   74 [32, 64, 128, 256]    1.0e-04  16000  1024    42  2.900e-04   4.011e-03   3   3   4   4   3   3   3   4    3   3.4    4 1526.8
   75 [32, 64, 128, 256]    5.0e-04  12000  1024    42  7.043e-05   4.070e-03   3   3   3   4   3   3   3   4    3   3.2    4 1145.2
   76 [32, 64, 128, 256]    2.0e-04   8000   256    42  5.155e-04   4.211e-03   3   3   4   4   3   3   3   4    3   3.4    4  230.4
   77 [32, 64, 128, 256]    2.0e-04  12000  1024     7  1.778e-04   4.213e-03   3   3   3   4   3   3   3   4    3   3.2    4 1146.2
   78 [32, 64, 128, 256]    2.0e-04  12000  1024   999  1.849e-04   4.215e-03   3   4   3   4   3   3   3   4    3   3.4    4 1146.0
   79 [32, 64, 128, 256]    1.0e-04  12000   256   137  5.517e-04   4.224e-03   3   4   3   4   3   4   3   4    3   3.5    4  346.0
   80 [32, 64, 128, 256]    2.0e-04  12000   256    42  2.644e-04   4.278e-03   3   4   3   4   3   4   3   4    3   3.5    4  345.1
   81 [32, 64, 128, 256]    5.0e-04  16000  1024    42  4.410e-05   4.282e-03   3   4   3   4   3   4   3   4    3   3.5    4 1525.9
   82 [32, 64, 128, 256]    2.0e-04  16000   256    42  1.689e-04   4.410e-03   3   4   3   4   3   4   3   4    3   3.5    4  459.7
   83 [32, 64, 128, 256]    2.0e-04   8000  1024  2024  3.956e-04   4.496e-03   3   3   3   4   3   3   3   4    3   3.2    4  765.0
   84 [32, 64, 128, 256]    1.0e-04  12000   512     7  5.545e-04   4.522e-03   3   3   3   4   3   3   4   4    3   3.4    4  569.8
   85 [32, 64, 128, 256]    5.0e-04   8000   256     7  1.889e-04   4.574e-03   3   3   3   4   3   3   3   4    3   3.2    4  229.9
   86 [32, 64, 128, 256]    5.0e-04  16000   256   999  5.378e-05   4.606e-03   3   3   3   4   3   4   3   4    3   3.4    4  459.2
   87 [32, 64, 128, 256]    2.0e-04   8000   256   999  5.378e-04   4.611e-03   3   3   4   4   3   3   3   4    3   3.4    4  230.3
   88 [32, 64, 128, 256]    5.0e-04   8000  1024   999  1.244e-04   4.630e-03   3   3   3   4   3   4   3   4    3   3.4    4  764.6
   89 [32, 64, 128, 256]    2.0e-04  16000   256     7  1.739e-04   4.823e-03   3   4   3   4   3   4   3   4    3   3.5    4  459.5
   90 [32, 64, 128, 256]    1.0e-04  12000  1024   137  3.503e-04   4.849e-03   3   3   3   4   3   4   3   4    3   3.4    4 1146.0
   91 [32, 64, 128, 256]    2.0e-04  12000  1024    42  1.803e-04   4.854e-03   3   4   3   4   3   4   3   4    3   3.5    4 1144.9
   92 [32, 64, 128, 256]    5.0e-04   8000   512    42  1.220e-04   4.985e-03   3   3   3   4   3   3   3   4    3   3.2    4  379.8
   93 [32, 64, 128, 256]    5.0e-04  12000   512   137  6.916e-05   5.009e-03   3   4   3   4   3   4   3   4    3   3.5    4  569.3
   94 [32, 64, 128, 256]    5.0e-04  12000   512    42  7.220e-05   5.020e-03   3   4   3   4   3   3   3   4    3   3.4    4  569.3
   95 [32, 64, 128, 256]    1.0e-04   8000  1024   137  7.117e-04   5.046e-03   3   3   3   4   3   4   3   4    3   3.4    4  764.5
   96 [32, 64, 128, 256]    2.0e-04  12000   512     7  2.148e-04   5.121e-03   3   3   3   4   3   4   3   4    3   3.4    4  570.0
   97 [32, 64, 128, 256]    2.0e-04  16000   256   999  1.339e-04   5.271e-03   3   3   3   4   3   3   3   4    3   3.2    4  459.4
   98 [32, 64, 128, 256]    2.0e-04   8000   512   137  3.585e-04   5.328e-03   3   3   3   4   3   3   3   4    3   3.2    4  380.4
   99 [32, 64, 128, 256]    2.0e-04   8000   512    42  4.142e-04   5.452e-03   3   3   3   4   3   4   3   4    3   3.4    4  380.5
  100 [32, 64, 128, 256]    1.0e-04  12000  1024  2024  3.321e-04   5.506e-03   3   3   3   4   3   3   3   4    3   3.2    4 1145.6
  101 [32, 64, 128, 256]    1.0e-04  12000   256    42  8.178e-04   5.511e-03   3   3   4   4   3   3   5   4    3   3.6    5  345.7
  102 [32, 64, 128, 256]    5.0e-04  16000   512    42  5.107e-05   5.762e-03   3   4   3   4   3   3   3   4    3   3.4    4  758.8
  103 [32, 64, 128, 256]    1.0e-04   8000  1024    42  9.600e-04   5.808e-03   4   4   3   4   3   4   3   3    3   3.5    4  764.4
  104 [32, 64, 128, 256]    2.0e-04  16000   256  2024  1.707e-04   5.926e-03   3   4   3   4   3   4   3   4    3   3.5    4  459.6
  105 [32, 64, 128, 256]    2.0e-04   8000   512   999  4.194e-04   5.978e-03   3   3   3   4   3   3   3   4    3   3.2    4  380.2
  106 [32, 64, 128, 256]    1.0e-04   8000   512   137  9.707e-04   5.978e-03   3   3   3   4   4   3   3   4    3   3.4    4  380.2
  107 [32, 64, 128, 256]    5.0e-04  16000   512     7  5.339e-05   6.036e-03   3   3   3   4   3   3   3   4    3   3.2    4  758.8
  108 [32, 64, 128, 256]    1.0e-04  16000  1024   999  2.858e-04   6.173e-03   3   4   3   3   3   3   3   4    3   3.2    4 1526.2
  109 [32, 64, 128, 256]    1.0e-04  12000   512  2024  4.851e-04   6.213e-03   3   4   3   3   3   4   3   3    3   3.2    4  569.7
  110 [32, 64, 128, 256]    2.0e-04  16000  1024   137  1.174e-04   6.235e-03   3   3   3   4   3   4   3   4    3   3.4    4 1525.9
  111 [32, 64, 128, 256]    1.0e-04   8000   256    42  4.478e-03   6.296e-03   3   4   3   4   3   3   3   4    3   3.4    4  232.2
  112 [32, 64, 128, 256]    1.0e-04  16000   256    42  4.408e-04   6.312e-03   3   4   3   3   3   4   3   3    3   3.2    4  459.8
  113 [32, 64, 128, 256]    5.0e-04  12000  1024  2024  6.472e-05   6.474e-03   3   3   3   4   3   3   3   4    3   3.2    4 1145.8
  114 [32, 64, 128, 256]    1.0e-04  16000   512  2024  2.849e-04   7.118e-03   3   3   3   4   3   3   3   4    3   3.2    4  759.6
  115 [32, 64, 128, 256]    5.0e-04   8000   256   999  1.786e-04   7.299e-03   3   3   3   4   3   3   3   4    3   3.2    4  230.0
  116 [32, 64, 128, 256]    1.0e-04   8000  1024   999  9.292e-04   7.339e-03   3   4   3   4   3   4   3   3    3   3.4    4  764.8
  117 [32, 64, 128, 256]    2.0e-04  12000   256  2024  2.594e-04   7.544e-03   3   3   3   4   3   3   3   4    3   3.2    4  345.5
  118 [32, 64, 128, 256]    2.0e-04  12000   512   137  1.975e-04   7.816e-03   3   3   3   4   3   3   3   4    3   3.2    4  569.7
  119 [32, 64, 128, 256]    1.0e-04   8000   256  2024  2.742e-03   8.014e-03   3   4   3   3   3   4   4   3    3   3.4    4  230.5
  120 [32, 64, 128, 256]    1.0e-04  12000   512   137  4.280e-04   8.171e-03   3   3   3   4   3   3   3   3    3   3.1    4  569.8
  121 [32, 64, 128, 256]    5.0e-04   8000   512   999  1.433e-04   8.389e-03   3   3   3   4   3   3   3   4    3   3.2    4  380.2
  122 [32, 64, 128, 256]    2.0e-04  12000   512   999  1.935e-04   8.828e-03   3   3   3   4   3   3   3   3    3   3.1    4  569.6
  123 [32, 64, 128, 256]    1.0e-04   8000   512  2024  1.167e-03   8.913e-03   3   4   3   3   3   5   3   3    3   3.4    5  380.2
  124 [32, 64, 128, 256]    1.0e-04   8000   512    42  1.166e-03   1.033e-02   3   3   3   3   3   4   3   3    3   3.1    4  380.7
  125 [32, 64, 128, 256]    2.0e-04  16000   256   137  1.463e-04   1.083e-02   3   3   3   3   3   3   3   3    3   3.0    3  459.6
  126 [32, 64, 128, 256]    1.0e-04   8000  1024  2024  7.318e-04   4.807e-03   2   5   3   5   3   3   5   4    2   3.8    5  763.8
  127 [32, 64, 128, 256]    1.0e-04  12000   512    42  5.388e-04   4.973e-03   4   3   3   4   2   3   3   4    2   3.2    4  569.6
  128 [32, 64, 128, 256]    1.0e-04  12000   512   999  5.765e-04   5.759e-03   3   3   3   5   2   3   3   4    2   3.2    5  570.1
  129 [32, 64, 128, 256]    1.0e-04   8000   256   137  1.870e-03   6.120e-03   2   4   3   4   3   6   3   3    2   3.5    6  230.4
  130 [32, 64, 128, 256]    1.0e-04   8000   256   999  1.188e-03   6.970e-03   3   3   3   4   2   3   5   3    2   3.2    5  230.6
  131 [32, 64, 128, 256]    1.0e-04   8000  1024     7  8.027e-04   7.123e-03   2   3   4   4   3   3   3   4    2   3.2    4  764.1
  132 [32, 64, 128, 256]    1.0e-04   8000   512     7  1.145e-03   8.367e-03   4   3   3   3   2   3   3   3    2   3.0    4  380.0
  133 [32, 64, 128, 256]    5.0e-04   8000   256    42  1.615e-04   9.248e-03   2   3   3   4   3   3   3   4    2   3.1    4  230.2
  134 [32, 64, 128, 256]    1.0e-04   8000   512   999  1.176e-03   1.054e-02   3   4   3   4   2   3   3   3    2   3.1    4  379.7
  135 [32, 64, 128, 256]    1.0e-04   8000   256     7  1.474e-03   1.234e-02   3   3   3   4   2   3   3   3    2   3.0    4  230.7
============================================================================================================================================

  BEST CONFIG (GPU 1):
    hidden_sizes = [32, 64, 128, 256]
    lr           = 0.0005
    n_epochs     = 16000
    n_per_param  = 1024
    seed         = 137
    -> min 4 digits, mean 4.8 digits, max 5 digits, mean rel. err 2.365e-04

============================================================================================================================================
  PER-CONFIG SUMMARY (seed-averaged) — GPU 1
============================================================================================================================================
  hidden=[32, 64, 128, 256] lr=0.0005 epochs=12000 npp=256
      min_dig=3  mean_dig=4.0  max_dig=6  mean_relerr=1.719e-03  n_seeds=5
  hidden=[32, 64, 128, 256] lr=0.0005 epochs=16000 npp=1024
      min_dig=3  mean_dig=4.0  max_dig=6  mean_relerr=1.817e-03  n_seeds=5
  hidden=[32, 64, 128, 256] lr=0.0002 epochs=16000 npp=512
      min_dig=3  mean_dig=3.8  max_dig=5  mean_relerr=2.252e-03  n_seeds=5
  hidden=[32, 64, 128, 256] lr=0.0002 epochs=16000 npp=1024
      min_dig=3  mean_dig=3.9  max_dig=5  mean_relerr=2.304e-03  n_seeds=5
  hidden=[32, 64, 128, 256] lr=0.0005 epochs=8000 npp=1024
      min_dig=3  mean_dig=3.8  max_dig=5  mean_relerr=2.528e-03  n_seeds=5
  hidden=[32, 64, 128, 256] lr=0.0005 epochs=16000 npp=256
      min_dig=3  mean_dig=3.8  max_dig=5  mean_relerr=2.532e-03  n_seeds=5
  hidden=[32, 64, 128, 256] lr=0.0001 epochs=16000 npp=256
      min_dig=3  mean_dig=3.8  max_dig=6  mean_relerr=2.845e-03  n_seeds=5
  hidden=[32, 64, 128, 256] lr=0.0002 epochs=8000 npp=1024
      min_dig=3  mean_dig=3.7  max_dig=6  mean_relerr=3.102e-03  n_seeds=5
  hidden=[32, 64, 128, 256] lr=0.0005 epochs=12000 npp=512
      min_dig=3  mean_dig=3.6  max_dig=5  mean_relerr=3.195e-03  n_seeds=5
  hidden=[32, 64, 128, 256] lr=0.0001 epochs=16000 npp=512
      min_dig=3  mean_dig=3.7  max_dig=4  mean_relerr=3.281e-03  n_seeds=5
  hidden=[32, 64, 128, 256] lr=0.0001 epochs=16000 npp=1024
      min_dig=3  mean_dig=3.6  max_dig=5  mean_relerr=3.322e-03  n_seeds=5
  hidden=[32, 64, 128, 256] lr=0.0005 epochs=16000 npp=512
      min_dig=3  mean_dig=3.6  max_dig=5  mean_relerr=3.346e-03  n_seeds=5
  hidden=[32, 64, 128, 256] lr=0.0002 epochs=12000 npp=1024
      min_dig=3  mean_dig=3.5  max_dig=5  mean_relerr=3.514e-03  n_seeds=5
  hidden=[32, 64, 128, 256] lr=0.0002 epochs=8000 npp=256
      min_dig=3  mean_dig=3.6  max_dig=5  mean_relerr=3.561e-03  n_seeds=5
  hidden=[32, 64, 128, 256] lr=0.0005 epochs=12000 npp=1024
      min_dig=3  mean_dig=3.5  max_dig=5  mean_relerr=3.621e-03  n_seeds=5
  hidden=[32, 64, 128, 256] lr=0.0002 epochs=12000 npp=256
      min_dig=3  mean_dig=3.5  max_dig=5  mean_relerr=3.806e-03  n_seeds=5
  hidden=[32, 64, 128, 256] lr=0.0001 epochs=12000 npp=1024
      min_dig=3  mean_dig=3.5  max_dig=5  mean_relerr=3.948e-03  n_seeds=5
  hidden=[32, 64, 128, 256] lr=0.0001 epochs=12000 npp=256
      min_dig=3  mean_dig=3.5  max_dig=5  mean_relerr=4.087e-03  n_seeds=5
  hidden=[32, 64, 128, 256] lr=0.0002 epochs=8000 npp=512
      min_dig=3  mean_dig=3.5  max_dig=4  mean_relerr=4.300e-03  n_seeds=5
  hidden=[32, 64, 128, 256] lr=0.0005 epochs=8000 npp=512
      min_dig=3  mean_dig=3.5  max_dig=6  mean_relerr=4.363e-03  n_seeds=5
  hidden=[32, 64, 128, 256] lr=0.0002 epochs=12000 npp=512
      min_dig=3  mean_dig=3.4  max_dig=4  mean_relerr=5.461e-03  n_seeds=5
  hidden=[32, 64, 128, 256] lr=0.0002 epochs=16000 npp=256
      min_dig=3  mean_dig=3.4  max_dig=4  mean_relerr=6.252e-03  n_seeds=5
  hidden=[32, 64, 128, 256] lr=0.0005 epochs=8000 npp=256
      min_dig=2  mean_dig=3.4  max_dig=5  mean_relerr=5.346e-03  n_seeds=5
  hidden=[32, 64, 128, 256] lr=0.0001 epochs=12000 npp=512
      min_dig=2  mean_dig=3.2  max_dig=5  mean_relerr=5.928e-03  n_seeds=5
  hidden=[32, 64, 128, 256] lr=0.0001 epochs=8000 npp=1024
      min_dig=2  mean_dig=3.5  max_dig=5  mean_relerr=6.025e-03  n_seeds=5
  hidden=[32, 64, 128, 256] lr=0.0001 epochs=8000 npp=256
      min_dig=2  mean_dig=3.3  max_dig=6  mean_relerr=7.949e-03  n_seeds=5
  hidden=[32, 64, 128, 256] lr=0.0001 epochs=8000 npp=512
      min_dig=2  mean_dig=3.2  max_dig=5  mean_relerr=8.827e-03  n_seeds=5
============================================================================================================================================
  Results saved -> /lustre/projects/g/gshipunv/project-skuld/research/results/grid/16-conv-integrator-sweep-m1.2/results_gpu1.csv

