==================================================================
Job ID:     2474339
Script:     /lustre/projects/g/gshipunv/project-skuld/research/experiments/grid/16-conv-integrator-sweep-m1.2/conv_sweep_m12.py
Arguments:  --num-gpus 4
Log file:   /lustre/projects/g/gshipunv/project-skuld/research/results/grid/16-conv-integrator-sweep-m1.2/slurm-2474339.log
Python:     /zfs/store1.hydra.local/user/g/gshipunv/.conda/envs/jasher-lustre/bin/python
PYTHONPATH: /lustre/projects/g/gshipunv/project-skuld/research:/lustre/projects/g/gshipunv/project-skuld:/lustre/projects/g/gshipunv/project-skuld/research/experiments/grid/16-conv-integrator-sweep-m1.2:
==================================================================
SKULD is using device: cuda

========================================================================
  CONV INTEGRATOR SWEEP m1.2  —  108 configs × 5 seeds = 540 total runs
  GPU 0/4  —  processing runs [0:135] = 135 runs, device=cuda
========================================================================

Computing scipy reference integrals (shared across all configs)...
Done.

[1/135] hidden=[16, 32, 64, 128] lr=0.0001 epochs=8000 npp=256 seed=42 ...
  Epoch     1/8000  loss=3.5247e-01  lr=1.00e-04  (1.0s)
    -> I1=2 I2=2 I3=3 I4=2 I5=3 I6=2 I7=3 I8=3 min=2 mean=2.5 max=3 (181.3s)
[2/135] hidden=[16, 32, 64, 128] lr=0.0001 epochs=8000 npp=256 seed=137 ...
  Epoch     1/8000  loss=4.3561e-01  lr=1.00e-04  (0.0s)
    -> I1=2 I2=2 I3=4 I4=2 I5=2 I6=2 I7=3 I8=2 min=2 mean=2.4 max=4 (178.6s)
[3/135] hidden=[16, 32, 64, 128] lr=0.0001 epochs=8000 npp=256 seed=2024 ...
  Epoch     1/8000  loss=3.4409e-01  lr=1.00e-04  (0.0s)
    -> I1=2 I2=2 I3=2 I4=2 I5=2 I6=2 I7=3 I8=2 min=2 mean=2.1 max=3 (178.2s)
[4/135] hidden=[16, 32, 64, 128] lr=0.0001 epochs=8000 npp=256 seed=7 ...
  Epoch     1/8000  loss=4.5301e-01  lr=1.00e-04  (0.0s)
    -> I1=2 I2=2 I3=3 I4=2 I5=2 I6=2 I7=3 I8=3 min=2 mean=2.4 max=3 (178.1s)
[5/135] hidden=[16, 32, 64, 128] lr=0.0001 epochs=8000 npp=256 seed=999 ...
  Epoch     1/8000  loss=4.2664e-01  lr=1.00e-04  (0.0s)
    -> I1=2 I2=2 I3=2 I4=3 I5=3 I6=3 I7=3 I8=3 min=2 mean=2.6 max=3 (178.0s)
[6/135] hidden=[16, 32, 64, 128] lr=0.0001 epochs=8000 npp=512 seed=42 ...
  Epoch     1/8000  loss=3.5786e-01  lr=1.00e-04  (0.1s)
    -> I1=2 I2=3 I3=3 I4=3 I5=2 I6=3 I7=2 I8=3 min=2 mean=2.6 max=3 (240.9s)
[7/135] hidden=[16, 32, 64, 128] lr=0.0001 epochs=8000 npp=512 seed=137 ...
  Epoch     1/8000  loss=4.1335e-01  lr=1.00e-04  (0.0s)
    -> I1=2 I2=2 I3=3 I4=3 I5=2 I6=3 I7=2 I8=3 min=2 mean=2.5 max=3 (240.7s)
[8/135] hidden=[16, 32, 64, 128] lr=0.0001 epochs=8000 npp=512 seed=2024 ...
  Epoch     1/8000  loss=3.7053e-01  lr=1.00e-04  (0.0s)
    -> I1=2 I2=3 I3=2 I4=3 I5=2 I6=3 I7=3 I8=3 min=2 mean=2.6 max=3 (240.7s)
[9/135] hidden=[16, 32, 64, 128] lr=0.0001 epochs=8000 npp=512 seed=7 ...
  Epoch     1/8000  loss=3.8924e-01  lr=1.00e-04  (0.0s)
    -> I1=3 I2=3 I3=4 I4=3 I5=3 I6=3 I7=3 I8=3 min=3 mean=3.1 max=4 (240.7s)
[10/135] hidden=[16, 32, 64, 128] lr=0.0001 epochs=8000 npp=512 seed=999 ...
  Epoch     1/8000  loss=3.8855e-01  lr=1.00e-04  (0.0s)
    -> I1=2 I2=3 I3=3 I4=3 I5=3 I6=3 I7=3 I8=3 min=2 mean=2.9 max=3 (240.8s)
[11/135] hidden=[16, 32, 64, 128] lr=0.0001 epochs=8000 npp=1024 seed=42 ...
  Epoch     1/8000  loss=3.5912e-01  lr=1.00e-04  (0.1s)
    -> I1=2 I2=3 I3=3 I4=3 I5=3 I6=3 I7=4 I8=4 min=2 mean=3.1 max=4 (469.0s)
[12/135] hidden=[16, 32, 64, 128] lr=0.0001 epochs=8000 npp=1024 seed=137 ...
  Epoch     1/8000  loss=3.9340e-01  lr=1.00e-04  (0.1s)
    -> I1=2 I2=3 I3=2 I4=3 I5=2 I6=4 I7=2 I8=4 min=2 mean=2.8 max=4 (468.5s)
[13/135] hidden=[16, 32, 64, 128] lr=0.0001 epochs=8000 npp=1024 seed=2024 ...
  Epoch     1/8000  loss=3.9707e-01  lr=1.00e-04  (0.1s)
    -> I1=3 I2=3 I3=3 I4=3 I5=2 I6=3 I7=3 I8=3 min=2 mean=2.9 max=3 (468.9s)
[14/135] hidden=[16, 32, 64, 128] lr=0.0001 epochs=8000 npp=1024 seed=7 ...
  Epoch     1/8000  loss=3.9646e-01  lr=1.00e-04  (0.1s)
    -> I1=2 I2=3 I3=3 I4=3 I5=2 I6=4 I7=3 I8=4 min=2 mean=3.0 max=4 (469.3s)
[15/135] hidden=[16, 32, 64, 128] lr=0.0001 epochs=8000 npp=1024 seed=999 ...
  Epoch     1/8000  loss=3.7173e-01  lr=1.00e-04  (0.1s)
    -> I1=2 I2=3 I3=2 I4=3 I5=2 I6=4 I7=2 I8=4 min=2 mean=2.8 max=4 (469.2s)
[16/135] hidden=[16, 32, 64, 128] lr=0.0002 epochs=8000 npp=256 seed=42 ...
  Epoch     1/8000  loss=3.5247e-01  lr=2.00e-04  (0.0s)
    -> I1=2 I2=3 I3=3 I4=4 I5=2 I6=3 I7=3 I8=4 min=2 mean=3.0 max=4 (175.3s)
[17/135] hidden=[16, 32, 64, 128] lr=0.0002 epochs=8000 npp=256 seed=137 ...
  Epoch     1/8000  loss=4.3561e-01  lr=2.00e-04  (0.0s)
    -> I1=3 I2=3 I3=3 I4=4 I5=3 I6=4 I7=3 I8=3 min=3 mean=3.2 max=4 (177.4s)
[18/135] hidden=[16, 32, 64, 128] lr=0.0002 epochs=8000 npp=256 seed=2024 ...
  Epoch     1/8000  loss=3.4409e-01  lr=2.00e-04  (0.0s)
    -> I1=3 I2=3 I3=3 I4=4 I5=2 I6=4 I7=3 I8=3 min=2 mean=3.1 max=4 (176.6s)
[19/135] hidden=[16, 32, 64, 128] lr=0.0002 epochs=8000 npp=256 seed=7 ...
  Epoch     1/8000  loss=4.5301e-01  lr=2.00e-04  (0.0s)
    -> I1=3 I2=3 I3=3 I4=4 I5=2 I6=3 I7=4 I8=7 min=2 mean=3.6 max=7 (176.8s)
[20/135] hidden=[16, 32, 64, 128] lr=0.0002 epochs=8000 npp=256 seed=999 ...
  Epoch     1/8000  loss=4.2664e-01  lr=2.00e-04  (0.0s)
    -> I1=2 I2=3 I3=3 I4=4 I5=3 I6=3 I7=3 I8=4 min=2 mean=3.1 max=4 (175.9s)
[21/135] hidden=[16, 32, 64, 128] lr=0.0002 epochs=8000 npp=512 seed=42 ...
  Epoch     1/8000  loss=3.5786e-01  lr=2.00e-04  (0.0s)
    -> I1=3 I2=3 I3=3 I4=4 I5=2 I6=4 I7=3 I8=4 min=2 mean=3.2 max=4 (240.5s)
[22/135] hidden=[16, 32, 64, 128] lr=0.0002 epochs=8000 npp=512 seed=137 ...
  Epoch     1/8000  loss=4.1335e-01  lr=2.00e-04  (0.0s)
    -> I1=3 I2=4 I3=4 I4=4 I5=3 I6=3 I7=3 I8=4 min=3 mean=3.5 max=4 (240.5s)
[23/135] hidden=[16, 32, 64, 128] lr=0.0002 epochs=8000 npp=512 seed=2024 ...
  Epoch     1/8000  loss=3.7053e-01  lr=2.00e-04  (0.0s)
    -> I1=3 I2=3 I3=3 I4=4 I5=4 I6=3 I7=3 I8=3 min=3 mean=3.2 max=4 (240.6s)
[24/135] hidden=[16, 32, 64, 128] lr=0.0002 epochs=8000 npp=512 seed=7 ...
  Epoch     1/8000  loss=3.8924e-01  lr=2.00e-04  (0.0s)
    -> I1=3 I2=3 I3=3 I4=3 I5=3 I6=4 I7=3 I8=3 min=3 mean=3.1 max=4 (240.5s)
[25/135] hidden=[16, 32, 64, 128] lr=0.0002 epochs=8000 npp=512 seed=999 ...
  Epoch     1/8000  loss=3.8855e-01  lr=2.00e-04  (0.0s)
    -> I1=2 I2=3 I3=3 I4=3 I5=3 I6=3 I7=5 I8=3 min=2 mean=3.1 max=5 (240.5s)
[26/135] hidden=[16, 32, 64, 128] lr=0.0002 epochs=8000 npp=1024 seed=42 ...
  Epoch     1/8000  loss=3.5912e-01  lr=2.00e-04  (0.1s)
    -> I1=4 I2=3 I3=3 I4=4 I5=3 I6=4 I7=3 I8=4 min=3 mean=3.5 max=4 (469.5s)
[27/135] hidden=[16, 32, 64, 128] lr=0.0002 epochs=8000 npp=1024 seed=137 ...
  Epoch     1/8000  loss=3.9340e-01  lr=2.00e-04  (0.1s)
    -> I1=3 I2=4 I3=4 I4=4 I5=3 I6=4 I7=3 I8=4 min=3 mean=3.6 max=4 (469.2s)
[28/135] hidden=[16, 32, 64, 128] lr=0.0002 epochs=8000 npp=1024 seed=2024 ...
  Epoch     1/8000  loss=3.9707e-01  lr=2.00e-04  (0.1s)
    -> I1=3 I2=4 I3=3 I4=4 I5=3 I6=3 I7=4 I8=3 min=3 mean=3.4 max=4 (469.1s)
[29/135] hidden=[16, 32, 64, 128] lr=0.0002 epochs=8000 npp=1024 seed=7 ...
  Epoch     1/8000  loss=3.9646e-01  lr=2.00e-04  (0.1s)
    -> I1=4 I2=3 I3=3 I4=3 I5=3 I6=3 I7=3 I8=3 min=3 mean=3.1 max=4 (469.4s)
[30/135] hidden=[16, 32, 64, 128] lr=0.0002 epochs=8000 npp=1024 seed=999 ...
  Epoch     1/8000  loss=3.7173e-01  lr=2.00e-04  (0.1s)
    -> I1=3 I2=4 I3=3 I4=3 I5=3 I6=3 I7=4 I8=3 min=3 mean=3.2 max=4 (469.3s)
[31/135] hidden=[16, 32, 64, 128] lr=0.0005 epochs=8000 npp=256 seed=42 ...
  Epoch     1/8000  loss=3.5247e-01  lr=5.00e-04  (0.0s)
    -> I1=3 I2=4 I3=3 I4=4 I5=4 I6=4 I7=3 I8=4 min=3 mean=3.6 max=4 (175.1s)
[32/135] hidden=[16, 32, 64, 128] lr=0.0005 epochs=8000 npp=256 seed=137 ...
  Epoch     1/8000  loss=4.3561e-01  lr=5.00e-04  (0.0s)
    -> I1=3 I2=4 I3=4 I4=5 I5=3 I6=4 I7=4 I8=4 min=3 mean=3.9 max=5 (175.0s)
[33/135] hidden=[16, 32, 64, 128] lr=0.0005 epochs=8000 npp=256 seed=2024 ...
  Epoch     1/8000  loss=3.4409e-01  lr=5.00e-04  (0.0s)
    -> I1=3 I2=3 I3=3 I4=6 I5=3 I6=4 I7=3 I8=4 min=3 mean=3.6 max=6 (176.0s)
[34/135] hidden=[16, 32, 64, 128] lr=0.0005 epochs=8000 npp=256 seed=7 ...
  Epoch     1/8000  loss=4.5301e-01  lr=5.00e-04  (0.0s)
    -> I1=3 I2=3 I3=4 I4=4 I5=3 I6=3 I7=3 I8=3 min=3 mean=3.2 max=4 (175.4s)
[35/135] hidden=[16, 32, 64, 128] lr=0.0005 epochs=8000 npp=256 seed=999 ...
  Epoch     1/8000  loss=4.2664e-01  lr=5.00e-04  (0.0s)
    -> I1=4 I2=5 I3=3 I4=4 I5=3 I6=4 I7=3 I8=3 min=3 mean=3.6 max=5 (176.4s)
[36/135] hidden=[16, 32, 64, 128] lr=0.0005 epochs=8000 npp=512 seed=42 ...
  Epoch     1/8000  loss=3.5786e-01  lr=5.00e-04  (0.0s)
    -> I1=3 I2=3 I3=3 I4=4 I5=2 I6=3 I7=3 I8=4 min=2 mean=3.1 max=4 (240.4s)
[37/135] hidden=[16, 32, 64, 128] lr=0.0005 epochs=8000 npp=512 seed=137 ...
  Epoch     1/8000  loss=4.1335e-01  lr=5.00e-04  (0.0s)
    -> I1=4 I2=3 I3=3 I4=3 I5=3 I6=4 I7=4 I8=4 min=3 mean=3.5 max=4 (240.3s)
[38/135] hidden=[16, 32, 64, 128] lr=0.0005 epochs=8000 npp=512 seed=2024 ...
  Epoch     1/8000  loss=3.7053e-01  lr=5.00e-04  (0.0s)
    -> I1=2 I2=3 I3=4 I4=4 I5=2 I6=3 I7=4 I8=4 min=2 mean=3.2 max=4 (240.3s)
[39/135] hidden=[16, 32, 64, 128] lr=0.0005 epochs=8000 npp=512 seed=7 ...
  Epoch     1/8000  loss=3.8924e-01  lr=5.00e-04  (0.0s)
    -> I1=3 I2=5 I3=3 I4=4 I5=3 I6=4 I7=3 I8=4 min=3 mean=3.6 max=5 (240.3s)
[40/135] hidden=[16, 32, 64, 128] lr=0.0005 epochs=8000 npp=512 seed=999 ...
  Epoch     1/8000  loss=3.8855e-01  lr=5.00e-04  (0.0s)
    -> I1=3 I2=3 I3=5 I4=4 I5=3 I6=3 I7=4 I8=4 min=3 mean=3.6 max=5 (240.4s)
[41/135] hidden=[16, 32, 64, 128] lr=0.0005 epochs=8000 npp=1024 seed=42 ...
  Epoch     1/8000  loss=3.5912e-01  lr=5.00e-04  (0.1s)
    -> I1=3 I2=4 I3=3 I4=4 I5=4 I6=3 I7=3 I8=4 min=3 mean=3.5 max=4 (469.4s)
[42/135] hidden=[16, 32, 64, 128] lr=0.0005 epochs=8000 npp=1024 seed=137 ...
  Epoch     1/8000  loss=3.9340e-01  lr=5.00e-04  (0.1s)
    -> I1=5 I2=4 I3=3 I4=4 I5=4 I6=4 I7=4 I8=4 min=3 mean=4.0 max=5 (469.5s)
[43/135] hidden=[16, 32, 64, 128] lr=0.0005 epochs=8000 npp=1024 seed=2024 ...
  Epoch     1/8000  loss=3.9707e-01  lr=5.00e-04  (0.1s)
    -> I1=3 I2=3 I3=3 I4=4 I5=3 I6=3 I7=3 I8=4 min=3 mean=3.2 max=4 (469.5s)
[44/135] hidden=[16, 32, 64, 128] lr=0.0005 epochs=8000 npp=1024 seed=7 ...
  Epoch     1/8000  loss=3.9646e-01  lr=5.00e-04  (0.1s)
    -> I1=3 I2=3 I3=3 I4=4 I5=3 I6=3 I7=3 I8=4 min=3 mean=3.2 max=4 (469.5s)
[45/135] hidden=[16, 32, 64, 128] lr=0.0005 epochs=8000 npp=1024 seed=999 ...
  Epoch     1/8000  loss=3.7173e-01  lr=5.00e-04  (0.1s)
    -> I1=3 I2=3 I3=5 I4=4 I5=4 I6=3 I7=3 I8=4 min=3 mean=3.6 max=5 (469.1s)
[46/135] hidden=[16, 32, 64, 128] lr=0.0001 epochs=12000 npp=256 seed=42 ...
  Epoch     1/12000  loss=3.5247e-01  lr=1.00e-04  (0.0s)
    -> I1=3 I2=3 I3=3 I4=3 I5=2 I6=3 I7=3 I8=4 min=2 mean=3.0 max=4 (263.7s)
[47/135] hidden=[16, 32, 64, 128] lr=0.0001 epochs=12000 npp=256 seed=137 ...
  Epoch     1/12000  loss=4.3561e-01  lr=1.00e-04  (0.0s)
    -> I1=2 I2=3 I3=3 I4=4 I5=2 I6=3 I7=3 I8=4 min=2 mean=3.0 max=4 (263.3s)
[48/135] hidden=[16, 32, 64, 128] lr=0.0001 epochs=12000 npp=256 seed=2024 ...
  Epoch     1/12000  loss=3.4409e-01  lr=1.00e-04  (0.0s)
    -> I1=4 I2=3 I3=3 I4=3 I5=2 I6=3 I7=3 I8=3 min=2 mean=3.0 max=4 (263.5s)
[49/135] hidden=[16, 32, 64, 128] lr=0.0001 epochs=12000 npp=256 seed=7 ...
  Epoch     1/12000  loss=4.5301e-01  lr=1.00e-04  (0.0s)
    -> I1=2 I2=3 I3=2 I4=3 I5=2 I6=3 I7=3 I8=4 min=2 mean=2.8 max=4 (263.4s)
[50/135] hidden=[16, 32, 64, 128] lr=0.0001 epochs=12000 npp=256 seed=999 ...
  Epoch     1/12000  loss=4.2664e-01  lr=1.00e-04  (0.0s)
    -> I1=3 I2=3 I3=3 I4=3 I5=3 I6=4 I7=2 I8=4 min=2 mean=3.1 max=4 (263.4s)
[51/135] hidden=[16, 32, 64, 128] lr=0.0001 epochs=12000 npp=512 seed=42 ...
  Epoch     1/12000  loss=3.5786e-01  lr=1.00e-04  (0.0s)
    -> I1=2 I2=3 I3=3 I4=4 I5=2 I6=3 I7=4 I8=4 min=2 mean=3.1 max=4 (360.2s)
[52/135] hidden=[16, 32, 64, 128] lr=0.0001 epochs=12000 npp=512 seed=137 ...
  Epoch     1/12000  loss=4.1335e-01  lr=1.00e-04  (0.0s)
    -> I1=4 I2=3 I3=3 I4=3 I5=3 I6=4 I7=3 I8=3 min=3 mean=3.2 max=4 (360.2s)
[53/135] hidden=[16, 32, 64, 128] lr=0.0001 epochs=12000 npp=512 seed=2024 ...
  Epoch     1/12000  loss=3.7053e-01  lr=1.00e-04  (0.0s)
    -> I1=2 I2=4 I3=3 I4=3 I5=2 I6=3 I7=3 I8=4 min=2 mean=3.0 max=4 (360.3s)
[54/135] hidden=[16, 32, 64, 128] lr=0.0001 epochs=12000 npp=512 seed=7 ...
  Epoch     1/12000  loss=3.8924e-01  lr=1.00e-04  (0.0s)
    -> I1=3 I2=4 I3=3 I4=3 I5=3 I6=4 I7=3 I8=3 min=3 mean=3.2 max=4 (360.4s)
[55/135] hidden=[16, 32, 64, 128] lr=0.0001 epochs=12000 npp=512 seed=999 ...
  Epoch     1/12000  loss=3.8855e-01  lr=1.00e-04  (0.0s)
    -> I1=3 I2=4 I3=3 I4=3 I5=2 I6=3 I7=2 I8=3 min=2 mean=2.9 max=4 (360.4s)
[56/135] hidden=[16, 32, 64, 128] lr=0.0001 epochs=12000 npp=1024 seed=42 ...
  Epoch     1/12000  loss=3.5912e-01  lr=1.00e-04  (0.1s)
    -> I1=2 I2=4 I3=3 I4=4 I5=2 I6=3 I7=3 I8=3 min=2 mean=3.0 max=4 (704.1s)
[57/135] hidden=[16, 32, 64, 128] lr=0.0001 epochs=12000 npp=1024 seed=137 ...
  Epoch     1/12000  loss=3.9340e-01  lr=1.00e-04  (0.1s)
    -> I1=3 I2=4 I3=3 I4=6 I5=2 I6=3 I7=3 I8=3 min=2 mean=3.4 max=6 (704.4s)
[58/135] hidden=[16, 32, 64, 128] lr=0.0001 epochs=12000 npp=1024 seed=2024 ...
  Epoch     1/12000  loss=3.9707e-01  lr=1.00e-04  (0.1s)
    -> I1=3 I2=3 I3=3 I4=4 I5=3 I6=4 I7=4 I8=3 min=3 mean=3.4 max=4 (704.1s)
[59/135] hidden=[16, 32, 64, 128] lr=0.0001 epochs=12000 npp=1024 seed=7 ...
  Epoch     1/12000  loss=3.9646e-01  lr=1.00e-04  (0.1s)
    -> I1=4 I2=3 I3=3 I4=4 I5=2 I6=3 I7=3 I8=3 min=2 mean=3.1 max=4 (704.3s)
[60/135] hidden=[16, 32, 64, 128] lr=0.0001 epochs=12000 npp=1024 seed=999 ...
  Epoch     1/12000  loss=3.7173e-01  lr=1.00e-04  (0.1s)
    -> I1=2 I2=3 I3=3 I4=4 I5=2 I6=4 I7=2 I8=4 min=2 mean=3.0 max=4 (704.2s)
[61/135] hidden=[16, 32, 64, 128] lr=0.0002 epochs=12000 npp=256 seed=42 ...
  Epoch     1/12000  loss=3.5247e-01  lr=2.00e-04  (0.0s)
    -> I1=3 I2=4 I3=3 I4=3 I5=3 I6=4 I7=3 I8=3 min=3 mean=3.2 max=4 (264.3s)
[62/135] hidden=[16, 32, 64, 128] lr=0.0002 epochs=12000 npp=256 seed=137 ...
  Epoch     1/12000  loss=4.3561e-01  lr=2.00e-04  (0.0s)
    -> I1=3 I2=5 I3=3 I4=4 I5=3 I6=3 I7=4 I8=4 min=3 mean=3.6 max=5 (264.5s)
[63/135] hidden=[16, 32, 64, 128] lr=0.0002 epochs=12000 npp=256 seed=2024 ...
  Epoch     1/12000  loss=3.4409e-01  lr=2.00e-04  (0.0s)
    -> I1=3 I2=3 I3=3 I4=5 I5=2 I6=3 I7=3 I8=4 min=2 mean=3.2 max=5 (263.6s)
[64/135] hidden=[16, 32, 64, 128] lr=0.0002 epochs=12000 npp=256 seed=7 ...
  Epoch     1/12000  loss=4.5301e-01  lr=2.00e-04  (0.0s)
    -> I1=3 I2=4 I3=3 I4=3 I5=3 I6=4 I7=3 I8=3 min=3 mean=3.2 max=4 (263.8s)
[65/135] hidden=[16, 32, 64, 128] lr=0.0002 epochs=12000 npp=256 seed=999 ...
  Epoch     1/12000  loss=4.2664e-01  lr=2.00e-04  (0.0s)
    -> I1=3 I2=3 I3=3 I4=3 I5=2 I6=3 I7=3 I8=3 min=2 mean=2.9 max=3 (263.7s)
[66/135] hidden=[16, 32, 64, 128] lr=0.0002 epochs=12000 npp=512 seed=42 ...
  Epoch     1/12000  loss=3.5786e-01  lr=2.00e-04  (0.0s)
    -> I1=3 I2=3 I3=4 I4=4 I5=3 I6=4 I7=3 I8=4 min=3 mean=3.5 max=4 (361.0s)
[67/135] hidden=[16, 32, 64, 128] lr=0.0002 epochs=12000 npp=512 seed=137 ...
  Epoch     1/12000  loss=4.1335e-01  lr=2.00e-04  (0.0s)
    -> I1=2 I2=3 I3=3 I4=4 I5=3 I6=3 I7=3 I8=4 min=2 mean=3.1 max=4 (360.6s)
[68/135] hidden=[16, 32, 64, 128] lr=0.0002 epochs=12000 npp=512 seed=2024 ...
  Epoch     1/12000  loss=3.7053e-01  lr=2.00e-04  (0.0s)
    -> I1=3 I2=4 I3=3 I4=5 I5=4 I6=3 I7=4 I8=3 min=3 mean=3.6 max=5 (360.6s)
[69/135] hidden=[16, 32, 64, 128] lr=0.0002 epochs=12000 npp=512 seed=7 ...
  Epoch     1/12000  loss=3.8924e-01  lr=2.00e-04  (0.0s)
    -> I1=3 I2=4 I3=4 I4=4 I5=3 I6=3 I7=4 I8=4 min=3 mean=3.6 max=4 (360.4s)
[70/135] hidden=[16, 32, 64, 128] lr=0.0002 epochs=12000 npp=512 seed=999 ...
  Epoch     1/12000  loss=3.8855e-01  lr=2.00e-04  (0.0s)
    -> I1=3 I2=4 I3=3 I4=5 I5=3 I6=4 I7=4 I8=5 min=3 mean=3.9 max=5 (360.4s)
[71/135] hidden=[16, 32, 64, 128] lr=0.0002 epochs=12000 npp=1024 seed=42 ...
  Epoch     1/12000  loss=3.5912e-01  lr=2.00e-04  (0.1s)
    -> I1=3 I2=3 I3=3 I4=4 I5=3 I6=3 I7=3 I8=5 min=3 mean=3.4 max=5 (702.8s)
[72/135] hidden=[16, 32, 64, 128] lr=0.0002 epochs=12000 npp=1024 seed=137 ...
  Epoch     1/12000  loss=3.9340e-01  lr=2.00e-04  (0.1s)
    -> I1=3 I2=4 I3=4 I4=4 I5=3 I6=4 I7=3 I8=4 min=3 mean=3.6 max=4 (702.7s)
[73/135] hidden=[16, 32, 64, 128] lr=0.0002 epochs=12000 npp=1024 seed=2024 ...
  Epoch     1/12000  loss=3.9707e-01  lr=2.00e-04  (0.1s)
    -> I1=3 I2=4 I3=4 I4=4 I5=3 I6=4 I7=3 I8=3 min=3 mean=3.5 max=4 (703.2s)
[74/135] hidden=[16, 32, 64, 128] lr=0.0002 epochs=12000 npp=1024 seed=7 ...
  Epoch     1/12000  loss=3.9646e-01  lr=2.00e-04  (0.1s)
    -> I1=3 I2=4 I3=3 I4=3 I5=3 I6=4 I7=3 I8=3 min=3 mean=3.2 max=4 (703.3s)
[75/135] hidden=[16, 32, 64, 128] lr=0.0002 epochs=12000 npp=1024 seed=999 ...
  Epoch     1/12000  loss=3.7173e-01  lr=2.00e-04  (0.1s)
    -> I1=3 I2=4 I3=4 I4=4 I5=4 I6=4 I7=4 I8=4 min=3 mean=3.9 max=4 (703.1s)
[76/135] hidden=[16, 32, 64, 128] lr=0.0005 epochs=12000 npp=256 seed=42 ...
  Epoch     1/12000  loss=3.5247e-01  lr=5.00e-04  (0.0s)
    -> I1=3 I2=4 I3=3 I4=4 I5=3 I6=3 I7=3 I8=4 min=3 mean=3.4 max=4 (266.9s)
[77/135] hidden=[16, 32, 64, 128] lr=0.0005 epochs=12000 npp=256 seed=137 ...
  Epoch     1/12000  loss=4.3561e-01  lr=5.00e-04  (0.0s)
    -> I1=3 I2=3 I3=3 I4=4 I5=3 I6=3 I7=3 I8=4 min=3 mean=3.2 max=4 (267.2s)
[78/135] hidden=[16, 32, 64, 128] lr=0.0005 epochs=12000 npp=256 seed=2024 ...
  Epoch     1/12000  loss=3.4409e-01  lr=5.00e-04  (0.0s)
    -> I1=3 I2=3 I3=3 I4=3 I5=3 I6=3 I7=3 I8=3 min=3 mean=3.0 max=3 (266.1s)
[79/135] hidden=[16, 32, 64, 128] lr=0.0005 epochs=12000 npp=256 seed=7 ...
  Epoch     1/12000  loss=4.5301e-01  lr=5.00e-04  (0.0s)
    -> I1=4 I2=5 I3=3 I4=4 I5=3 I6=4 I7=3 I8=4 min=3 mean=3.8 max=5 (265.9s)
[80/135] hidden=[16, 32, 64, 128] lr=0.0005 epochs=12000 npp=256 seed=999 ...
  Epoch     1/12000  loss=4.2664e-01  lr=5.00e-04  (0.0s)
    -> I1=3 I2=4 I3=4 I4=4 I5=3 I6=4 I7=3 I8=4 min=3 mean=3.6 max=4 (267.0s)
[81/135] hidden=[16, 32, 64, 128] lr=0.0005 epochs=12000 npp=512 seed=42 ...
  Epoch     1/12000  loss=3.5786e-01  lr=5.00e-04  (0.0s)
    -> I1=3 I2=7 I3=3 I4=4 I5=3 I6=4 I7=3 I8=4 min=3 mean=3.9 max=7 (360.7s)
[82/135] hidden=[16, 32, 64, 128] lr=0.0005 epochs=12000 npp=512 seed=137 ...
  Epoch     1/12000  loss=4.1335e-01  lr=5.00e-04  (0.0s)
    -> I1=3 I2=4 I3=4 I4=4 I5=3 I6=4 I7=4 I8=5 min=3 mean=3.9 max=5 (360.4s)
[83/135] hidden=[16, 32, 64, 128] lr=0.0005 epochs=12000 npp=512 seed=2024 ...
  Epoch     1/12000  loss=3.7053e-01  lr=5.00e-04  (0.0s)
    -> I1=4 I2=4 I3=3 I4=4 I5=3 I6=4 I7=3 I8=4 min=3 mean=3.6 max=4 (360.5s)
[84/135] hidden=[16, 32, 64, 128] lr=0.0005 epochs=12000 npp=512 seed=7 ...
  Epoch     1/12000  loss=3.8924e-01  lr=5.00e-04  (0.0s)
    -> I1=3 I2=4 I3=3 I4=5 I5=3 I6=4 I7=3 I8=4 min=3 mean=3.6 max=5 (360.4s)
[85/135] hidden=[16, 32, 64, 128] lr=0.0005 epochs=12000 npp=512 seed=999 ...
  Epoch     1/12000  loss=3.8855e-01  lr=5.00e-04  (0.0s)
    -> I1=3 I2=4 I3=4 I4=4 I5=3 I6=4 I7=4 I8=4 min=3 mean=3.8 max=4 (360.3s)
[86/135] hidden=[16, 32, 64, 128] lr=0.0005 epochs=12000 npp=1024 seed=42 ...
  Epoch     1/12000  loss=3.5912e-01  lr=5.00e-04  (0.1s)
    -> I1=3 I2=4 I3=3 I4=4 I5=3 I6=3 I7=3 I8=4 min=3 mean=3.4 max=4 (702.9s)
[87/135] hidden=[16, 32, 64, 128] lr=0.0005 epochs=12000 npp=1024 seed=137 ...
  Epoch     1/12000  loss=3.9340e-01  lr=5.00e-04  (0.1s)
    -> I1=3 I2=4 I3=4 I4=5 I5=3 I6=4 I7=5 I8=4 min=3 mean=4.0 max=5 (702.7s)
[88/135] hidden=[16, 32, 64, 128] lr=0.0005 epochs=12000 npp=1024 seed=2024 ...
  Epoch     1/12000  loss=3.9707e-01  lr=5.00e-04  (0.1s)
    -> I1=3 I2=3 I3=4 I4=4 I5=3 I6=3 I7=3 I8=4 min=3 mean=3.4 max=4 (703.2s)
[89/135] hidden=[16, 32, 64, 128] lr=0.0005 epochs=12000 npp=1024 seed=7 ...
  Epoch     1/12000  loss=3.9646e-01  lr=5.00e-04  (0.1s)
    -> I1=3 I2=3 I3=3 I4=4 I5=3 I6=3 I7=3 I8=4 min=3 mean=3.2 max=4 (703.3s)
[90/135] hidden=[16, 32, 64, 128] lr=0.0005 epochs=12000 npp=1024 seed=999 ...
  Epoch     1/12000  loss=3.7173e-01  lr=5.00e-04  (0.1s)
    -> I1=3 I2=4 I3=3 I4=4 I5=3 I6=4 I7=3 I8=4 min=3 mean=3.5 max=4 (703.1s)
[91/135] hidden=[16, 32, 64, 128] lr=0.0001 epochs=16000 npp=256 seed=42 ...
  Epoch     1/16000  loss=3.5247e-01  lr=1.00e-04  (0.0s)
    -> I1=3 I2=3 I3=3 I4=3 I5=3 I6=3 I7=3 I8=3 min=3 mean=3.0 max=3 (351.2s)
[92/135] hidden=[16, 32, 64, 128] lr=0.0001 epochs=16000 npp=256 seed=137 ...
  Epoch     1/16000  loss=4.3561e-01  lr=1.00e-04  (0.0s)
    -> I1=2 I2=4 I3=3 I4=4 I5=3 I6=3 I7=3 I8=3 min=2 mean=3.1 max=4 (350.5s)
[93/135] hidden=[16, 32, 64, 128] lr=0.0001 epochs=16000 npp=256 seed=2024 ...
  Epoch     1/16000  loss=3.4409e-01  lr=1.00e-04  (0.0s)
    -> I1=2 I2=4 I3=3 I4=5 I5=3 I6=3 I7=3 I8=4 min=2 mean=3.4 max=5 (350.6s)
[94/135] hidden=[16, 32, 64, 128] lr=0.0001 epochs=16000 npp=256 seed=7 ...
  Epoch     1/16000  loss=4.5301e-01  lr=1.00e-04  (0.0s)
    -> I1=4 I2=5 I3=3 I4=4 I5=3 I6=3 I7=3 I8=3 min=3 mean=3.5 max=5 (351.8s)
[95/135] hidden=[16, 32, 64, 128] lr=0.0001 epochs=16000 npp=256 seed=999 ...
  Epoch     1/16000  loss=4.2664e-01  lr=1.00e-04  (0.0s)
    -> I1=3 I2=5 I3=4 I4=6 I5=3 I6=3 I7=3 I8=3 min=3 mean=3.8 max=6 (350.9s)
[96/135] hidden=[16, 32, 64, 128] lr=0.0001 epochs=16000 npp=512 seed=42 ...
  Epoch     1/16000  loss=3.5786e-01  lr=1.00e-04  (0.0s)
    -> I1=4 I2=3 I3=4 I4=4 I5=3 I6=4 I7=3 I8=4 min=3 mean=3.6 max=4 (480.4s)
[97/135] hidden=[16, 32, 64, 128] lr=0.0001 epochs=16000 npp=512 seed=137 ...
  Epoch     1/16000  loss=4.1335e-01  lr=1.00e-04  (0.0s)
    -> I1=4 I2=5 I3=4 I4=3 I5=3 I6=3 I7=3 I8=3 min=3 mean=3.5 max=5 (480.2s)
[98/135] hidden=[16, 32, 64, 128] lr=0.0001 epochs=16000 npp=512 seed=2024 ...
  Epoch     1/16000  loss=3.7053e-01  lr=1.00e-04  (0.0s)
    -> I1=3 I2=3 I3=3 I4=5 I5=3 I6=3 I7=3 I8=3 min=3 mean=3.2 max=5 (480.4s)
[99/135] hidden=[16, 32, 64, 128] lr=0.0001 epochs=16000 npp=512 seed=7 ...
  Epoch     1/16000  loss=3.8924e-01  lr=1.00e-04  (0.0s)
    -> I1=2 I2=3 I3=4 I4=3 I5=4 I6=4 I7=3 I8=3 min=2 mean=3.2 max=4 (480.2s)
[100/135] hidden=[16, 32, 64, 128] lr=0.0001 epochs=16000 npp=512 seed=999 ...
  Epoch     1/16000  loss=3.8855e-01  lr=1.00e-04  (0.0s)
    -> I1=3 I2=3 I3=3 I4=4 I5=3 I6=3 I7=3 I8=3 min=3 mean=3.1 max=4 (480.2s)
[101/135] hidden=[16, 32, 64, 128] lr=0.0001 epochs=16000 npp=1024 seed=42 ...
  Epoch     1/16000  loss=3.5912e-01  lr=1.00e-04  (0.1s)
    -> I1=2 I2=3 I3=5 I4=4 I5=3 I6=3 I7=4 I8=3 min=2 mean=3.4 max=5 (937.2s)
[102/135] hidden=[16, 32, 64, 128] lr=0.0001 epochs=16000 npp=1024 seed=137 ...
  Epoch     1/16000  loss=3.9340e-01  lr=1.00e-04  (0.1s)
    -> I1=3 I2=4 I3=4 I4=4 I5=2 I6=3 I7=4 I8=4 min=2 mean=3.5 max=4 (937.2s)
[103/135] hidden=[16, 32, 64, 128] lr=0.0001 epochs=16000 npp=1024 seed=2024 ...
  Epoch     1/16000  loss=3.9707e-01  lr=1.00e-04  (0.1s)
    -> I1=3 I2=3 I3=4 I4=5 I5=3 I6=3 I7=3 I8=3 min=3 mean=3.4 max=5 (937.3s)
[104/135] hidden=[16, 32, 64, 128] lr=0.0001 epochs=16000 npp=1024 seed=7 ...
  Epoch     1/16000  loss=3.9646e-01  lr=1.00e-04  (0.1s)
    -> I1=3 I2=3 I3=3 I4=3 I5=2 I6=4 I7=3 I8=4 min=2 mean=3.1 max=4 (937.2s)
[105/135] hidden=[16, 32, 64, 128] lr=0.0001 epochs=16000 npp=1024 seed=999 ...
  Epoch     1/16000  loss=3.7173e-01  lr=1.00e-04  (0.1s)
    -> I1=3 I2=3 I3=3 I4=4 I5=2 I6=4 I7=3 I8=4 min=2 mean=3.2 max=4 (936.7s)
[106/135] hidden=[16, 32, 64, 128] lr=0.0002 epochs=16000 npp=256 seed=42 ...
  Epoch     1/16000  loss=3.5247e-01  lr=2.00e-04  (0.0s)
    -> I1=3 I2=4 I3=4 I4=3 I5=3 I6=3 I7=3 I8=3 min=3 mean=3.2 max=4 (351.2s)
[107/135] hidden=[16, 32, 64, 128] lr=0.0002 epochs=16000 npp=256 seed=137 ...
  Epoch     1/16000  loss=4.3561e-01  lr=2.00e-04  (0.0s)
    -> I1=3 I2=4 I3=3 I4=4 I5=3 I6=4 I7=3 I8=5 min=3 mean=3.6 max=5 (352.1s)
[108/135] hidden=[16, 32, 64, 128] lr=0.0002 epochs=16000 npp=256 seed=2024 ...
  Epoch     1/16000  loss=3.4409e-01  lr=2.00e-04  (0.0s)
    -> I1=3 I2=4 I3=4 I4=4 I5=3 I6=4 I7=3 I8=4 min=3 mean=3.6 max=4 (350.1s)
[109/135] hidden=[16, 32, 64, 128] lr=0.0002 epochs=16000 npp=256 seed=7 ...
  Epoch     1/16000  loss=4.5301e-01  lr=2.00e-04  (0.0s)
    -> I1=3 I2=4 I3=3 I4=4 I5=4 I6=4 I7=3 I8=4 min=3 mean=3.6 max=4 (351.8s)
[110/135] hidden=[16, 32, 64, 128] lr=0.0002 epochs=16000 npp=256 seed=999 ...
  Epoch     1/16000  loss=4.2664e-01  lr=2.00e-04  (0.0s)
    -> I1=3 I2=4 I3=3 I4=4 I5=3 I6=3 I7=3 I8=4 min=3 mean=3.4 max=4 (350.7s)
[111/135] hidden=[16, 32, 64, 128] lr=0.0002 epochs=16000 npp=512 seed=42 ...
  Epoch     1/16000  loss=3.5786e-01  lr=2.00e-04  (0.0s)
    -> I1=3 I2=5 I3=3 I4=3 I5=3 I6=3 I7=3 I8=4 min=3 mean=3.4 max=5 (480.2s)
[112/135] hidden=[16, 32, 64, 128] lr=0.0002 epochs=16000 npp=512 seed=137 ...
  Epoch     1/16000  loss=4.1335e-01  lr=2.00e-04  (0.0s)
    -> I1=3 I2=3 I3=3 I4=4 I5=3 I6=4 I7=3 I8=4 min=3 mean=3.4 max=4 (480.2s)
[113/135] hidden=[16, 32, 64, 128] lr=0.0002 epochs=16000 npp=512 seed=2024 ...
  Epoch     1/16000  loss=3.7053e-01  lr=2.00e-04  (0.0s)
    -> I1=3 I2=5 I3=4 I4=4 I5=4 I6=4 I7=4 I8=3 min=3 mean=3.9 max=5 (480.1s)
[114/135] hidden=[16, 32, 64, 128] lr=0.0002 epochs=16000 npp=512 seed=7 ...
  Epoch     1/16000  loss=3.8924e-01  lr=2.00e-04  (0.0s)
    -> I1=3 I2=3 I3=3 I4=4 I5=3 I6=4 I7=5 I8=4 min=3 mean=3.6 max=5 (480.0s)
[115/135] hidden=[16, 32, 64, 128] lr=0.0002 epochs=16000 npp=512 seed=999 ...
  Epoch     1/16000  loss=3.8855e-01  lr=2.00e-04  (0.0s)
    -> I1=4 I2=4 I3=4 I4=6 I5=4 I6=5 I7=5 I8=4 min=4 mean=4.5 max=6 (480.0s)
[116/135] hidden=[16, 32, 64, 128] lr=0.0002 epochs=16000 npp=1024 seed=42 ...
  Epoch     1/16000  loss=3.5912e-01  lr=2.00e-04  (0.1s)
    -> I1=3 I2=4 I3=3 I4=4 I5=3 I6=4 I7=3 I8=4 min=3 mean=3.5 max=4 (937.1s)
[117/135] hidden=[16, 32, 64, 128] lr=0.0002 epochs=16000 npp=1024 seed=137 ...
  Epoch     1/16000  loss=3.9340e-01  lr=2.00e-04  (0.1s)
    -> I1=3 I2=4 I3=3 I4=4 I5=3 I6=4 I7=3 I8=4 min=3 mean=3.5 max=4 (937.2s)
[118/135] hidden=[16, 32, 64, 128] lr=0.0002 epochs=16000 npp=1024 seed=2024 ...
  Epoch     1/16000  loss=3.9707e-01  lr=2.00e-04  (0.1s)
    -> I1=3 I2=3 I3=3 I4=4 I5=3 I6=3 I7=3 I8=5 min=3 mean=3.4 max=5 (937.2s)
[119/135] hidden=[16, 32, 64, 128] lr=0.0002 epochs=16000 npp=1024 seed=7 ...
  Epoch     1/16000  loss=3.9646e-01  lr=2.00e-04  (0.1s)
    -> I1=3 I2=4 I3=3 I4=4 I5=3 I6=4 I7=3 I8=4 min=3 mean=3.5 max=4 (937.3s)
[120/135] hidden=[16, 32, 64, 128] lr=0.0002 epochs=16000 npp=1024 seed=999 ...
  Epoch     1/16000  loss=3.7173e-01  lr=2.00e-04  (0.1s)
    -> I1=3 I2=3 I3=3 I4=4 I5=3 I6=4 I7=3 I8=4 min=3 mean=3.4 max=4 (937.5s)
[121/135] hidden=[16, 32, 64, 128] lr=0.0005 epochs=16000 npp=256 seed=42 ...
  Epoch     1/16000  loss=3.5247e-01  lr=5.00e-04  (0.0s)
    -> I1=3 I2=4 I3=3 I4=4 I5=3 I6=3 I7=4 I8=4 min=3 mean=3.5 max=4 (351.3s)
[122/135] hidden=[16, 32, 64, 128] lr=0.0005 epochs=16000 npp=256 seed=137 ...
  Epoch     1/16000  loss=4.3561e-01  lr=5.00e-04  (0.0s)
    -> I1=7 I2=4 I3=4 I4=5 I5=3 I6=4 I7=5 I8=5 min=3 mean=4.6 max=7 (349.8s)
[123/135] hidden=[16, 32, 64, 128] lr=0.0005 epochs=16000 npp=256 seed=2024 ...
  Epoch     1/16000  loss=3.4409e-01  lr=5.00e-04  (0.0s)
    -> I1=3 I2=4 I3=3 I4=4 I5=3 I6=4 I7=3 I8=4 min=3 mean=3.5 max=4 (350.9s)
[124/135] hidden=[16, 32, 64, 128] lr=0.0005 epochs=16000 npp=256 seed=7 ...
  Epoch     1/16000  loss=4.5301e-01  lr=5.00e-04  (0.0s)
    -> I1=3 I2=3 I3=3 I4=3 I5=3 I6=3 I7=3 I8=3 min=3 mean=3.0 max=3 (349.9s)
[125/135] hidden=[16, 32, 64, 128] lr=0.0005 epochs=16000 npp=256 seed=999 ...
  Epoch     1/16000  loss=4.2664e-01  lr=5.00e-04  (0.0s)
    -> I1=2 I2=3 I3=3 I4=4 I5=2 I6=3 I7=3 I8=3 min=2 mean=2.9 max=4 (350.8s)
[126/135] hidden=[16, 32, 64, 128] lr=0.0005 epochs=16000 npp=512 seed=42 ...
  Epoch     1/16000  loss=3.5786e-01  lr=5.00e-04  (0.0s)
    -> I1=3 I2=4 I3=3 I4=4 I5=3 I6=4 I7=6 I8=4 min=3 mean=3.9 max=6 (480.3s)
[127/135] hidden=[16, 32, 64, 128] lr=0.0005 epochs=16000 npp=512 seed=137 ...
  Epoch     1/16000  loss=4.1335e-01  lr=5.00e-04  (0.0s)
    -> I1=4 I2=4 I3=4 I4=4 I5=4 I6=5 I7=4 I8=5 min=4 mean=4.2 max=5 (480.2s)
[128/135] hidden=[16, 32, 64, 128] lr=0.0005 epochs=16000 npp=512 seed=2024 ...
  Epoch     1/16000  loss=3.7053e-01  lr=5.00e-04  (0.0s)
    -> I1=3 I2=3 I3=3 I4=4 I5=3 I6=4 I7=3 I8=4 min=3 mean=3.4 max=4 (480.2s)
[129/135] hidden=[16, 32, 64, 128] lr=0.0005 epochs=16000 npp=512 seed=7 ...
  Epoch     1/16000  loss=3.8924e-01  lr=5.00e-04  (0.0s)
    -> I1=3 I2=3 I3=3 I4=4 I5=3 I6=4 I7=3 I8=4 min=3 mean=3.4 max=4 (480.1s)
[130/135] hidden=[16, 32, 64, 128] lr=0.0005 epochs=16000 npp=512 seed=999 ...
  Epoch     1/16000  loss=3.8855e-01  lr=5.00e-04  (0.0s)
    -> I1=3 I2=3 I3=3 I4=3 I5=3 I6=3 I7=3 I8=3 min=3 mean=3.0 max=3 (480.1s)
[131/135] hidden=[16, 32, 64, 128] lr=0.0005 epochs=16000 npp=1024 seed=42 ...
  Epoch     1/16000  loss=3.5912e-01  lr=5.00e-04  (0.1s)
    -> I1=3 I2=4 I3=4 I4=4 I5=3 I6=4 I7=4 I8=5 min=3 mean=3.9 max=5 (936.8s)
[132/135] hidden=[16, 32, 64, 128] lr=0.0005 epochs=16000 npp=1024 seed=137 ...
  Epoch     1/16000  loss=3.9340e-01  lr=5.00e-04  (0.1s)
    -> I1=3 I2=3 I3=3 I4=4 I5=3 I6=4 I7=3 I8=4 min=3 mean=3.4 max=4 (936.7s)
[133/135] hidden=[16, 32, 64, 128] lr=0.0005 epochs=16000 npp=1024 seed=2024 ...
  Epoch     1/16000  loss=3.9707e-01  lr=5.00e-04  (0.1s)
    -> I1=3 I2=4 I3=3 I4=4 I5=3 I6=4 I7=3 I8=4 min=3 mean=3.5 max=4 (936.8s)
[134/135] hidden=[16, 32, 64, 128] lr=0.0005 epochs=16000 npp=1024 seed=7 ...
  Epoch     1/16000  loss=3.9646e-01  lr=5.00e-04  (0.1s)
    -> I1=3 I2=4 I3=3 I4=4 I5=3 I6=4 I7=3 I8=4 min=3 mean=3.5 max=4 (936.8s)
[135/135] hidden=[16, 32, 64, 128] lr=0.0005 epochs=16000 npp=1024 seed=999 ...
  Epoch     1/16000  loss=3.7173e-01  lr=5.00e-04  (0.1s)
    -> I1=4 I2=4 I3=4 I4=4 I5=3 I6=4 I7=4 I8=5 min=3 mean=4.0 max=5 (937.2s)

============================================================================================================================================
  RANKED RESULTS (best first) — GPU 0
============================================================================================================================================
    # hidden                     lr epochs   npp  seed   min_loss mean_relerr  I1  I2  I3  I4  I5  I6  I7  I8  min  mean  max   time
--------------------------------------------------------------------------------------------------------------------------------------------
    1 [16, 32, 64, 128]     5.0e-04  16000   512   137  1.262e-04   8.467e-04   4   4   4   4   4   5   4   5    4   4.2    5  480.2
    2 [16, 32, 64, 128]     2.0e-04  16000   512   999  4.439e-04   9.266e-04   4   4   4   6   4   5   5   4    4   4.5    6  480.0
    3 [16, 32, 64, 128]     5.0e-04  16000   256   137  1.221e-04   9.991e-04   7   4   4   5   3   4   5   5    3   4.6    7  349.8
    4 [16, 32, 64, 128]     5.0e-04  12000  1024   137  2.021e-04   1.358e-03   3   4   4   5   3   4   5   4    3   4.0    5  702.7
    5 [16, 32, 64, 128]     2.0e-04  12000   512   999  7.443e-04   1.597e-03   3   4   3   5   3   4   4   5    3   3.9    5  360.4
    6 [16, 32, 64, 128]     5.0e-04  12000   512   137  2.100e-04   1.636e-03   3   4   4   4   3   4   4   5    3   3.9    5  360.4
    7 [16, 32, 64, 128]     5.0e-04  12000   512   999  2.565e-04   1.675e-03   3   4   4   4   3   4   4   4    3   3.8    4  360.3
    8 [16, 32, 64, 128]     5.0e-04  16000  1024   999  1.557e-04   1.706e-03   4   4   4   4   3   4   4   5    3   4.0    5  937.2
    9 [16, 32, 64, 128]     5.0e-04   8000  1024   137  3.762e-04   2.052e-03   5   4   3   4   4   4   4   4    3   4.0    5  469.5
   10 [16, 32, 64, 128]     5.0e-04  16000  1024    42  1.736e-04   2.074e-03   3   4   4   4   3   4   4   5    3   3.9    5  936.8
   11 [16, 32, 64, 128]     2.0e-04  12000  1024   999  6.313e-04   2.193e-03   3   4   4   4   4   4   4   4    3   3.9    4  703.1
   12 [16, 32, 64, 128]     5.0e-04  12000   512     7  2.123e-04   2.537e-03   3   4   3   5   3   4   3   4    3   3.6    5  360.4
   13 [16, 32, 64, 128]     5.0e-04   8000   256   137  5.020e-04   2.671e-03   3   4   4   5   3   4   4   4    3   3.9    5  175.0
   14 [16, 32, 64, 128]     2.0e-04  16000   256     7  5.864e-04   2.890e-03   3   4   3   4   4   4   3   4    3   3.6    4  351.8
   15 [16, 32, 64, 128]     5.0e-04  16000   256  2024  2.003e-04   2.896e-03   3   4   3   4   3   4   3   4    3   3.5    4  350.9
   16 [16, 32, 64, 128]     1.0e-04  16000   512    42  1.521e-03   2.931e-03   4   3   4   4   3   4   3   4    3   3.6    4  480.4
   17 [16, 32, 64, 128]     5.0e-04  16000   512    42  2.111e-04   2.970e-03   3   4   3   4   3   4   6   4    3   3.9    6  480.3
   18 [16, 32, 64, 128]     5.0e-04  16000  1024     7  1.350e-04   2.977e-03   3   4   3   4   3   4   3   4    3   3.5    4  936.8
   19 [16, 32, 64, 128]     2.0e-04  12000  1024   137  4.969e-04   2.981e-03   3   4   4   4   3   4   3   4    3   3.6    4  702.7
   20 [16, 32, 64, 128]     5.0e-04  16000  1024  2024  1.981e-04   2.995e-03   3   4   3   4   3   4   3   4    3   3.5    4  936.8
   21 [16, 32, 64, 128]     5.0e-04  12000   256   999  3.009e-04   3.048e-03   3   4   4   4   3   4   3   4    3   3.6    4  267.0
   22 [16, 32, 64, 128]     5.0e-04  12000   256     7  2.535e-04   3.106e-03   4   5   3   4   3   4   3   4    3   3.8    5  265.9
   23 [16, 32, 64, 128]     5.0e-04  12000  1024   999  2.618e-04   3.191e-03   3   4   3   4   3   4   3   4    3   3.5    4  703.1
   24 [16, 32, 64, 128]     5.0e-04  16000   256    42  2.282e-04   3.196e-03   3   4   3   4   3   3   4   4    3   3.5    4  351.3
   25 [16, 32, 64, 128]     5.0e-04   8000   512   999  4.940e-04   3.361e-03   3   3   5   4   3   3   4   4    3   3.6    5  240.4
   26 [16, 32, 64, 128]     5.0e-04   8000  1024   999  5.073e-04   3.565e-03   3   3   5   4   4   3   3   4    3   3.6    5  469.1
   27 [16, 32, 64, 128]     2.0e-04  16000   512  2024  5.422e-04   3.599e-03   3   5   4   4   4   4   4   3    3   3.9    5  480.1
   28 [16, 32, 64, 128]     2.0e-04  12000   512    42  9.589e-04   3.647e-03   3   3   4   4   3   4   3   4    3   3.5    4  361.0
   29 [16, 32, 64, 128]     5.0e-04   8000   512     7  4.134e-04   3.811e-03   3   5   3   4   3   4   3   4    3   3.6    5  240.3
   30 [16, 32, 64, 128]     2.0e-04  12000   512     7  7.509e-04   3.841e-03   3   4   4   4   3   3   4   4    3   3.6    4  360.4
   31 [16, 32, 64, 128]     5.0e-04   8000   256  2024  6.264e-04   3.864e-03   3   3   3   6   3   4   3   4    3   3.6    6  176.0
   32 [16, 32, 64, 128]     2.0e-04   8000  1024   137  1.130e-03   3.953e-03   3   4   4   4   3   4   3   4    3   3.6    4  469.2
   33 [16, 32, 64, 128]     5.0e-04   8000  1024    42  5.146e-04   3.982e-03   3   4   3   4   4   3   3   4    3   3.5    4  469.4
   34 [16, 32, 64, 128]     2.0e-04  12000   256   137  1.422e-03   4.009e-03   3   5   3   4   3   3   4   4    3   3.6    5  264.5
   35 [16, 32, 64, 128]     2.0e-04  16000   256   137  7.927e-04   4.010e-03   3   4   3   4   3   4   3   5    3   3.6    5  352.1
   36 [16, 32, 64, 128]     2.0e-04   8000  1024  2024  1.291e-03   4.128e-03   3   4   3   4   3   3   4   3    3   3.4    4  469.1
   37 [16, 32, 64, 128]     2.0e-04  16000  1024   137  2.891e-04   4.213e-03   3   4   3   4   3   4   3   4    3   3.5    4  937.2
   38 [16, 32, 64, 128]     5.0e-04   8000   256    42  5.895e-04   4.222e-03   3   4   3   4   4   4   3   4    3   3.6    4  175.1
   39 [16, 32, 64, 128]     2.0e-04  16000   512     7  4.498e-04   4.234e-03   3   3   3   4   3   4   5   4    3   3.6    5  480.0
   40 [16, 32, 64, 128]     5.0e-04   8000   256   999  5.528e-04   4.260e-03   4   5   3   4   3   4   3   3    3   3.6    5  176.4
   41 [16, 32, 64, 128]     5.0e-04  16000   512     7  1.332e-04   4.299e-03   3   3   3   4   3   4   3   4    3   3.4    4  480.1
   42 [16, 32, 64, 128]     2.0e-04  16000   256  2024  5.433e-04   4.302e-03   3   4   4   4   3   4   3   4    3   3.6    4  350.1
   43 [16, 32, 64, 128]     5.0e-04  12000   512  2024  3.393e-04   4.333e-03   4   4   3   4   3   4   3   4    3   3.6    4  360.5
   44 [16, 32, 64, 128]     2.0e-04  16000  1024     7  4.460e-04   4.373e-03   3   4   3   4   3   4   3   4    3   3.5    4  937.3
   45 [16, 32, 64, 128]     5.0e-04  12000  1024  2024  3.037e-04   4.438e-03   3   3   4   4   3   3   3   4    3   3.4    4  703.2
   46 [16, 32, 64, 128]     5.0e-04   8000   512   137  4.077e-04   4.462e-03   4   3   3   3   3   4   4   4    3   3.5    4  240.3
   47 [16, 32, 64, 128]     5.0e-04  12000   512    42  2.720e-04   4.466e-03   3   7   3   4   3   4   3   4    3   3.9    7  360.7
   48 [16, 32, 64, 128]     5.0e-04  12000   256    42  3.406e-04   4.498e-03   3   4   3   4   3   3   3   4    3   3.4    4  266.9
   49 [16, 32, 64, 128]     2.0e-04   8000  1024    42  1.585e-03   4.520e-03   4   3   3   4   3   4   3   4    3   3.5    4  469.5
   50 [16, 32, 64, 128]     5.0e-04  12000  1024     7  1.939e-04   4.679e-03   3   3   3   4   3   3   3   4    3   3.2    4  703.3
   51 [16, 32, 64, 128]     2.0e-04  16000  1024   999  3.979e-04   4.732e-03   3   3   3   4   3   4   3   4    3   3.4    4  937.5
   52 [16, 32, 64, 128]     2.0e-04  16000  1024    42  5.190e-04   4.973e-03   3   4   3   4   3   4   3   4    3   3.5    4  937.1
   53 [16, 32, 64, 128]     5.0e-04  12000  1024    42  3.031e-04   5.012e-03   3   4   3   4   3   3   3   4    3   3.4    4  702.9
   54 [16, 32, 64, 128]     2.0e-04  16000   256    42  6.409e-04   5.133e-03   3   4   4   3   3   3   3   3    3   3.2    4  351.2
   55 [16, 32, 64, 128]     2.0e-04  16000   512   137  3.482e-04   5.312e-03   3   3   3   4   3   4   3   4    3   3.4    4  480.2
   56 [16, 32, 64, 128]     2.0e-04  12000  1024  2024  7.202e-04   5.343e-03   3   4   4   4   3   4   3   3    3   3.5    4  703.2
   57 [16, 32, 64, 128]     2.0e-04  12000   512  2024  8.862e-04   5.347e-03   3   4   3   5   4   3   4   3    3   3.6    5  360.6
   58 [16, 32, 64, 128]     2.0e-04   8000   512   137  1.165e-03   5.505e-03   3   4   4   4   3   3   3   4    3   3.5    4  240.5
   59 [16, 32, 64, 128]     2.0e-04  16000   256   999  8.273e-04   5.719e-03   3   4   3   4   3   3   3   4    3   3.4    4  350.7
   60 [16, 32, 64, 128]     5.0e-04  16000  1024   137  1.228e-04   5.720e-03   3   3   3   4   3   4   3   4    3   3.4    4  936.7
   61 [16, 32, 64, 128]     5.0e-04   8000   256     7  4.569e-04   5.745e-03   3   3   4   4   3   3   3   3    3   3.2    4  175.4
   62 [16, 32, 64, 128]     5.0e-04  16000   512  2024  2.146e-04   5.794e-03   3   3   3   4   3   4   3   4    3   3.4    4  480.2
   63 [16, 32, 64, 128]     1.0e-04  12000  1024  2024  3.421e-03   6.009e-03   3   3   3   4   3   4   4   3    3   3.4    4  704.1
   64 [16, 32, 64, 128]     1.0e-04  16000   256   999  2.976e-03   6.324e-03   3   5   4   6   3   3   3   3    3   3.8    6  350.9
   65 [16, 32, 64, 128]     2.0e-04  12000   256     7  9.468e-04   6.358e-03   3   4   3   3   3   4   3   3    3   3.2    4  263.8
   66 [16, 32, 64, 128]     2.0e-04  16000  1024  2024  4.628e-04   6.616e-03   3   3   3   4   3   3   3   5    3   3.4    5  937.2
   67 [16, 32, 64, 128]     2.0e-04  12000  1024     7  7.620e-04   6.749e-03   3   4   3   3   3   4   3   3    3   3.2    4  703.3
   68 [16, 32, 64, 128]     2.0e-04   8000  1024   999  1.429e-03   6.815e-03   3   4   3   3   3   3   4   3    3   3.2    4  469.3
   69 [16, 32, 64, 128]     2.0e-04   8000  1024     7  1.424e-03   6.866e-03   4   3   3   3   3   3   3   3    3   3.1    4  469.4
   70 [16, 32, 64, 128]     1.0e-04  16000  1024  2024  1.853e-03   6.924e-03   3   3   4   5   3   3   3   3    3   3.4    5  937.3
   71 [16, 32, 64, 128]     1.0e-04  16000   512  2024  2.035e-03   7.004e-03   3   3   3   5   3   3   3   3    3   3.2    5  480.4
   72 [16, 32, 64, 128]     5.0e-04   8000  1024     7  3.634e-04   7.266e-03   3   3   3   4   3   3   3   4    3   3.2    4  469.5
   73 [16, 32, 64, 128]     1.0e-04  16000   512   137  9.081e-04   7.586e-03   4   5   4   3   3   3   3   3    3   3.5    5  480.2
   74 [16, 32, 64, 128]     2.0e-04  12000   256    42  1.351e-03   7.897e-03   3   4   3   3   3   4   3   3    3   3.2    4  264.3
   75 [16, 32, 64, 128]     2.0e-04  16000   512    42  5.908e-04   8.037e-03   3   5   3   3   3   3   3   4    3   3.4    5  480.2
   76 [16, 32, 64, 128]     2.0e-04  12000  1024    42  8.098e-04   8.053e-03   3   3   3   4   3   3   3   5    3   3.4    5  702.8
   77 [16, 32, 64, 128]     5.0e-04   8000  1024  2024  5.974e-04   8.193e-03   3   3   3   4   3   3   3   4    3   3.2    4  469.5
   78 [16, 32, 64, 128]     2.0e-04   8000   256   137  3.556e-03   8.233e-03   3   3   3   4   3   4   3   3    3   3.2    4  177.4
   79 [16, 32, 64, 128]     5.0e-04  12000   256   137  1.913e-04   8.324e-03   3   3   3   4   3   3   3   4    3   3.2    4  267.2
   80 [16, 32, 64, 128]     1.0e-04  16000   256     7  3.607e-03   8.838e-03   4   5   3   4   3   3   3   3    3   3.5    5  351.8
   81 [16, 32, 64, 128]     1.0e-04  16000   512   999  1.775e-03   8.861e-03   3   3   3   4   3   3   3   3    3   3.1    4  480.2
   82 [16, 32, 64, 128]     1.0e-04  12000   512     7  4.080e-03   8.985e-03   3   4   3   3   3   4   3   3    3   3.2    4  360.4
   83 [16, 32, 64, 128]     1.0e-04  16000   256    42  3.651e-03   9.152e-03   3   3   3   3   3   3   3   3    3   3.0    3  351.2
   84 [16, 32, 64, 128]     5.0e-04  16000   256     7  1.455e-04   9.224e-03   3   3   3   3   3   3   3   3    3   3.0    3  349.9
   85 [16, 32, 64, 128]     5.0e-04  12000   256  2024  3.082e-04   9.711e-03   3   3   3   3   3   3   3   3    3   3.0    3  266.1
   86 [16, 32, 64, 128]     2.0e-04   8000   512  2024  2.056e-03   9.920e-03   3   3   3   4   4   3   3   3    3   3.2    4  240.6
   87 [16, 32, 64, 128]     5.0e-04  16000   512   999  1.678e-04   1.008e-02   3   3   3   3   3   3   3   3    3   3.0    3  480.1
   88 [16, 32, 64, 128]     1.0e-04   8000   512     7  6.738e-03   1.097e-02   3   3   4   3   3   3   3   3    3   3.1    4  240.7
   89 [16, 32, 64, 128]     1.0e-04  12000   512   137  1.521e-03   1.157e-02   4   3   3   3   3   4   3   3    3   3.2    4  360.2
   90 [16, 32, 64, 128]     2.0e-04   8000   512     7  1.736e-03   1.265e-02   3   3   3   3   3   4   3   3    3   3.1    4  240.5
   91 [16, 32, 64, 128]     5.0e-04   8000   512  2024  6.660e-04   5.079e-03   2   3   4   4   2   3   4   4    2   3.2    4  240.3
   92 [16, 32, 64, 128]     2.0e-04   8000   256     7  3.806e-03   5.218e-03   3   3   3   4   2   3   4   7    2   3.6    7  176.8
   93 [16, 32, 64, 128]     1.0e-04  16000  1024   137  7.798e-04   5.292e-03   3   4   4   4   2   3   4   4    2   3.5    4  937.2
   94 [16, 32, 64, 128]     1.0e-04  16000  1024   999  1.347e-03   5.785e-03   3   3   3   4   2   4   3   4    2   3.2    4  936.7
   95 [16, 32, 64, 128]     2.0e-04  12000   512   137  5.785e-04   6.011e-03   2   3   3   4   3   3   3   4    2   3.1    4  360.6
   96 [16, 32, 64, 128]     2.0e-04   8000   512    42  3.350e-03   6.359e-03   3   3   3   4   2   4   3   4    2   3.2    4  240.5
   97 [16, 32, 64, 128]     1.0e-04  12000   512    42  4.916e-03   8.155e-03   2   3   3   4   2   3   4   4    2   3.1    4  360.2
   98 [16, 32, 64, 128]     1.0e-04  16000  1024    42  1.963e-03   8.161e-03   2   3   5   4   3   3   4   3    2   3.4    5  937.2
   99 [16, 32, 64, 128]     1.0e-04   8000  1024    42  5.882e-03   8.203e-03   2   3   3   3   3   3   4   4    2   3.1    4  469.0
  100 [16, 32, 64, 128]     1.0e-04  16000   512     7  2.193e-03   8.256e-03   2   3   4   3   4   4   3   3    2   3.2    4  480.2
  101 [16, 32, 64, 128]     2.0e-04   8000   512   999  2.018e-03   8.311e-03   2   3   3   3   3   3   5   3    2   3.1    5  240.5
  102 [16, 32, 64, 128]     1.0e-04  16000  1024     7  1.568e-03   8.761e-03   3   3   3   3   2   4   3   4    2   3.1    4  937.2
  103 [16, 32, 64, 128]     1.0e-04  16000   256   137  1.281e-03   8.797e-03   2   4   3   4   3   3   3   3    2   3.1    4  350.5
  104 [16, 32, 64, 128]     2.0e-04   8000   256   999  3.073e-03   8.993e-03   2   3   3   4   3   3   3   4    2   3.1    4  175.9
  105 [16, 32, 64, 128]     5.0e-04   8000   512    42  6.104e-04   9.214e-03   3   3   3   4   2   3   3   4    2   3.1    4  240.4
  106 [16, 32, 64, 128]     1.0e-04  12000   512  2024  3.822e-03   9.282e-03   2   4   3   3   2   3   3   4    2   3.0    4  360.3
  107 [16, 32, 64, 128]     2.0e-04  12000   256  2024  8.451e-04   9.417e-03   3   3   3   5   2   3   3   4    2   3.2    5  263.6
  108 [16, 32, 64, 128]     1.0e-04  16000   256  2024  2.175e-03   1.027e-02   2   4   3   5   3   3   3   4    2   3.4    5  350.6
  109 [16, 32, 64, 128]     5.0e-04  16000   256   999  1.769e-04   1.061e-02   2   3   3   4   2   3   3   3    2   2.9    4  350.8
  110 [16, 32, 64, 128]     2.0e-04  12000   256   999  1.296e-03   1.101e-02   3   3   3   3   2   3   3   3    2   2.9    3  263.7
  111 [16, 32, 64, 128]     1.0e-04  12000  1024     7  2.841e-03   1.106e-02   4   3   3   4   2   3   3   3    2   3.1    4  704.3
  112 [16, 32, 64, 128]     1.0e-04  12000  1024   137  1.283e-03   1.119e-02   3   4   3   6   2   3   3   3    2   3.4    6  704.4
  113 [16, 32, 64, 128]     1.0e-04  12000   256   999  5.974e-03   1.124e-02   3   3   3   3   3   4   2   4    2   3.1    4  263.4
  114 [16, 32, 64, 128]     2.0e-04   8000   256  2024  1.870e-03   1.233e-02   3   3   3   4   2   4   3   3    2   3.1    4  176.6
  115 [16, 32, 64, 128]     1.0e-04  12000   256   137  2.209e-03   1.261e-02   2   3   3   4   2   3   3   4    2   3.0    4  263.3
  116 [16, 32, 64, 128]     1.0e-04  12000  1024    42  3.831e-03   1.500e-02   2   4   3   4   2   3   3   3    2   3.0    4  704.1
  117 [16, 32, 64, 128]     1.0e-04   8000  1024  2024  5.843e-03   1.604e-02   3   3   3   3   2   3   3   3    2   2.9    3  468.9
  118 [16, 32, 64, 128]     1.0e-04   8000  1024     7  6.854e-03   1.616e-02   2   3   3   3   2   4   3   4    2   3.0    4  469.3
  119 [16, 32, 64, 128]     1.0e-04  12000   256    42  6.313e-03   1.662e-02   3   3   3   3   2   3   3   4    2   3.0    4  263.7
  120 [16, 32, 64, 128]     1.0e-04  12000  1024   999  2.620e-03   1.741e-02   2   3   3   4   2   4   2   4    2   3.0    4  704.2
  121 [16, 32, 64, 128]     2.0e-04   8000   256    42  4.355e-03   1.776e-02   2   3   3   4   2   3   3   4    2   3.0    4  175.3
  122 [16, 32, 64, 128]     1.0e-04  12000   256     7  4.724e-03   2.047e-02   2   3   2   3   2   3   3   4    2   2.8    4  263.4
  123 [16, 32, 64, 128]     1.0e-04   8000   512   999  9.421e-03   2.133e-02   2   3   3   3   3   3   3   3    2   2.9    3  240.8
  124 [16, 32, 64, 128]     1.0e-04  12000   256  2024  4.075e-03   2.205e-02   4   3   3   3   2   3   3   3    2   3.0    4  263.5
  125 [16, 32, 64, 128]     1.0e-04  12000   512   999  4.098e-03   2.217e-02   3   4   3   3   2   3   2   3    2   2.9    4  360.4
  126 [16, 32, 64, 128]     1.0e-04   8000   512  2024  6.183e-03   2.354e-02   2   3   2   3   2   3   3   3    2   2.6    3  240.7
  127 [16, 32, 64, 128]     1.0e-04   8000  1024   999  6.769e-03   2.471e-02   2   3   2   3   2   4   2   4    2   2.8    4  469.2
  128 [16, 32, 64, 128]     1.0e-04   8000  1024   137  3.106e-03   2.724e-02   2   3   2   3   2   4   2   4    2   2.8    4  468.5
  129 [16, 32, 64, 128]     1.0e-04   8000   512    42  8.986e-03   2.777e-02   2   3   3   3   2   3   2   3    2   2.6    3  240.9
  130 [16, 32, 64, 128]     1.0e-04   8000   512   137  5.522e-03   3.190e-02   2   2   3   3   2   3   2   3    2   2.5    3  240.7
  131 [16, 32, 64, 128]     1.0e-04   8000   256   999  8.799e-03   3.557e-02   2   2   2   3   3   3   3   3    2   2.6    3  178.0
  132 [16, 32, 64, 128]     1.0e-04   8000   256    42  1.059e-02   4.125e-02   2   2   3   2   3   2   3   3    2   2.5    3  181.3
  133 [16, 32, 64, 128]     1.0e-04   8000   256     7  8.061e-03   5.106e-02   2   2   3   2   2   2   3   3    2   2.4    3  178.1
  134 [16, 32, 64, 128]     1.0e-04   8000   256   137  7.474e-03   5.427e-02   2   2   4   2   2   2   3   2    2   2.4    4  178.6
  135 [16, 32, 64, 128]     1.0e-04   8000   256  2024  8.452e-03   5.684e-02   2   2   2   2   2   2   3   2    2   2.1    3  178.2
============================================================================================================================================

  BEST CONFIG (GPU 0):
    hidden_sizes = [16, 32, 64, 128]
    lr           = 0.0005
    n_epochs     = 16000
    n_per_param  = 512
    seed         = 137
    -> min 4 digits, mean 4.2 digits, max 5 digits, mean rel. err 8.467e-04

============================================================================================================================================
  PER-CONFIG SUMMARY (seed-averaged) — GPU 0
============================================================================================================================================
  hidden=[16, 32, 64, 128] lr=0.0005 epochs=12000 npp=512
      min_dig=3  mean_dig=3.8  max_dig=7  mean_relerr=2.930e-03  n_seeds=5
  hidden=[16, 32, 64, 128] lr=0.0005 epochs=16000 npp=1024
      min_dig=3  mean_dig=3.6  max_dig=5  mean_relerr=3.095e-03  n_seeds=5
  hidden=[16, 32, 64, 128] lr=0.0005 epochs=12000 npp=1024
      min_dig=3  mean_dig=3.5  max_dig=5  mean_relerr=3.736e-03  n_seeds=5
  hidden=[16, 32, 64, 128] lr=0.0005 epochs=8000 npp=256
      min_dig=3  mean_dig=3.6  max_dig=6  mean_relerr=4.152e-03  n_seeds=5
  hidden=[16, 32, 64, 128] lr=0.0002 epochs=16000 npp=256
      min_dig=3  mean_dig=3.5  max_dig=5  mean_relerr=4.411e-03  n_seeds=5
  hidden=[16, 32, 64, 128] lr=0.0002 epochs=16000 npp=512
      min_dig=3  mean_dig=3.8  max_dig=6  mean_relerr=4.422e-03  n_seeds=5
  hidden=[16, 32, 64, 128] lr=0.0005 epochs=16000 npp=512
      min_dig=3  mean_dig=3.6  max_dig=6  mean_relerr=4.798e-03  n_seeds=5
  hidden=[16, 32, 64, 128] lr=0.0002 epochs=16000 npp=1024
      min_dig=3  mean_dig=3.5  max_dig=5  mean_relerr=4.982e-03  n_seeds=5
  hidden=[16, 32, 64, 128] lr=0.0005 epochs=8000 npp=1024
      min_dig=3  mean_dig=3.5  max_dig=5  mean_relerr=5.012e-03  n_seeds=5
  hidden=[16, 32, 64, 128] lr=0.0002 epochs=12000 npp=1024
      min_dig=3  mean_dig=3.5  max_dig=5  mean_relerr=5.064e-03  n_seeds=5
  hidden=[16, 32, 64, 128] lr=0.0002 epochs=8000 npp=1024
      min_dig=3  mean_dig=3.4  max_dig=4  mean_relerr=5.256e-03  n_seeds=5
  hidden=[16, 32, 64, 128] lr=0.0005 epochs=12000 npp=256
      min_dig=3  mean_dig=3.4  max_dig=5  mean_relerr=5.737e-03  n_seeds=5
  hidden=[16, 32, 64, 128] lr=0.0002 epochs=12000 npp=512
      min_dig=2  mean_dig=3.5  max_dig=5  mean_relerr=4.089e-03  n_seeds=5
  hidden=[16, 32, 64, 128] lr=0.0005 epochs=8000 npp=512
      min_dig=2  mean_dig=3.4  max_dig=5  mean_relerr=5.185e-03  n_seeds=5
  hidden=[16, 32, 64, 128] lr=0.0005 epochs=16000 npp=256
      min_dig=2  mean_dig=3.5  max_dig=7  mean_relerr=5.385e-03  n_seeds=5
  hidden=[16, 32, 64, 128] lr=0.0001 epochs=16000 npp=512
      min_dig=2  mean_dig=3.4  max_dig=5  mean_relerr=6.928e-03  n_seeds=5
  hidden=[16, 32, 64, 128] lr=0.0001 epochs=16000 npp=1024
      min_dig=2  mean_dig=3.3  max_dig=5  mean_relerr=6.985e-03  n_seeds=5
  hidden=[16, 32, 64, 128] lr=0.0002 epochs=12000 npp=256
      min_dig=2  mean_dig=3.2  max_dig=5  mean_relerr=7.739e-03  n_seeds=5
  hidden=[16, 32, 64, 128] lr=0.0002 epochs=8000 npp=512
      min_dig=2  mean_dig=3.2  max_dig=5  mean_relerr=8.548e-03  n_seeds=5
  hidden=[16, 32, 64, 128] lr=0.0001 epochs=16000 npp=256
      min_dig=2  mean_dig=3.4  max_dig=6  mean_relerr=8.676e-03  n_seeds=5
  hidden=[16, 32, 64, 128] lr=0.0002 epochs=8000 npp=256
      min_dig=2  mean_dig=3.2  max_dig=7  mean_relerr=1.051e-02  n_seeds=5
  hidden=[16, 32, 64, 128] lr=0.0001 epochs=12000 npp=512
      min_dig=2  mean_dig=3.1  max_dig=4  mean_relerr=1.203e-02  n_seeds=5
  hidden=[16, 32, 64, 128] lr=0.0001 epochs=12000 npp=1024
      min_dig=2  mean_dig=3.2  max_dig=6  mean_relerr=1.213e-02  n_seeds=5
  hidden=[16, 32, 64, 128] lr=0.0001 epochs=12000 npp=256
      min_dig=2  mean_dig=3.0  max_dig=4  mean_relerr=1.660e-02  n_seeds=5
  hidden=[16, 32, 64, 128] lr=0.0001 epochs=8000 npp=1024
      min_dig=2  mean_dig=2.9  max_dig=4  mean_relerr=1.847e-02  n_seeds=5
  hidden=[16, 32, 64, 128] lr=0.0001 epochs=8000 npp=512
      min_dig=2  mean_dig=2.8  max_dig=4  mean_relerr=2.310e-02  n_seeds=5
  hidden=[16, 32, 64, 128] lr=0.0001 epochs=8000 npp=256
      min_dig=2  mean_dig=2.4  max_dig=4  mean_relerr=4.780e-02  n_seeds=5
============================================================================================================================================
  Results saved -> /lustre/projects/g/gshipunv/project-skuld/research/results/grid/16-conv-integrator-sweep-m1.2/results_gpu0.csv

