==================================================================
Job ID:     2474338
Script:     /lustre/projects/g/gshipunv/project-skuld/research/experiments/grid/16-conv-integrator-sweep-m1.2/conv_sweep_m12.py
Arguments:  --num-gpus 4
Log file:   /lustre/projects/g/gshipunv/project-skuld/research/results/grid/16-conv-integrator-sweep-m1.2/slurm-2474338.log
Python:     /zfs/store1.hydra.local/user/g/gshipunv/.conda/envs/jasher-lustre/bin/python
PYTHONPATH: /lustre/projects/g/gshipunv/project-skuld/research:/lustre/projects/g/gshipunv/project-skuld:/lustre/projects/g/gshipunv/project-skuld/research/experiments/grid/16-conv-integrator-sweep-m1.2:
==================================================================
SKULD is using device: cuda

========================================================================
  CONV INTEGRATOR SWEEP m1.2  —  108 configs × 5 seeds = 540 total runs
  GPU 3/4  —  processing runs [405:540] = 135 runs, device=cuda
========================================================================

Computing scipy reference integrals (shared across all configs)...
Done.

[1/135] hidden=[64, 128, 256, 512] lr=0.0001 epochs=8000 npp=256 seed=42 ...
  Epoch     1/8000  loss=4.0583e-01  lr=1.00e-04  (1.1s)
    -> I1=2 I2=3 I3=3 I4=4 I5=2 I6=3 I7=3 I8=4 min=2 mean=3.0 max=4 (381.5s)
[2/135] hidden=[64, 128, 256, 512] lr=0.0001 epochs=8000 npp=256 seed=137 ...
  Epoch     1/8000  loss=3.8421e-01  lr=1.00e-04  (0.1s)
    -> I1=3 I2=3 I3=3 I4=4 I5=3 I6=3 I7=4 I8=4 min=3 mean=3.4 max=4 (378.7s)
[3/135] hidden=[64, 128, 256, 512] lr=0.0001 epochs=8000 npp=256 seed=2024 ...
  Epoch     1/8000  loss=3.3967e-01  lr=1.00e-04  (0.1s)
    -> I1=3 I2=3 I3=3 I4=4 I5=3 I6=3 I7=3 I8=4 min=3 mean=3.2 max=4 (378.8s)
[4/135] hidden=[64, 128, 256, 512] lr=0.0001 epochs=8000 npp=256 seed=7 ...
  Epoch     1/8000  loss=3.1307e-01  lr=1.00e-04  (0.1s)
    -> I1=3 I2=4 I3=3 I4=4 I5=3 I6=4 I7=3 I8=4 min=3 mean=3.5 max=4 (378.7s)
[5/135] hidden=[64, 128, 256, 512] lr=0.0001 epochs=8000 npp=256 seed=999 ...
  Epoch     1/8000  loss=4.6121e-01  lr=1.00e-04  (0.1s)
    -> I1=3 I2=3 I3=4 I4=3 I5=3 I6=3 I7=3 I8=3 min=3 mean=3.1 max=4 (378.7s)
[6/135] hidden=[64, 128, 256, 512] lr=0.0001 epochs=8000 npp=512 seed=42 ...
  Epoch     1/8000  loss=3.8867e-01  lr=1.00e-04  (0.1s)
    -> I1=4 I2=4 I3=5 I4=4 I5=3 I6=4 I7=4 I8=4 min=3 mean=4.0 max=5 (713.2s)
[7/135] hidden=[64, 128, 256, 512] lr=0.0001 epochs=8000 npp=512 seed=137 ...
  Epoch     1/8000  loss=3.3995e-01  lr=1.00e-04  (0.1s)
    -> I1=3 I2=3 I3=3 I4=3 I5=3 I6=3 I7=3 I8=3 min=3 mean=3.0 max=3 (713.0s)
[8/135] hidden=[64, 128, 256, 512] lr=0.0001 epochs=8000 npp=512 seed=2024 ...
  Epoch     1/8000  loss=3.4429e-01  lr=1.00e-04  (0.1s)
    -> I1=3 I2=4 I3=3 I4=4 I5=3 I6=4 I7=3 I8=4 min=3 mean=3.5 max=4 (713.9s)
[9/135] hidden=[64, 128, 256, 512] lr=0.0001 epochs=8000 npp=512 seed=7 ...
  Epoch     1/8000  loss=3.9975e-01  lr=1.00e-04  (0.1s)
    -> I1=3 I2=4 I3=3 I4=4 I5=3 I6=3 I7=3 I8=3 min=3 mean=3.2 max=4 (714.1s)
[10/135] hidden=[64, 128, 256, 512] lr=0.0001 epochs=8000 npp=512 seed=999 ...
  Epoch     1/8000  loss=4.2821e-01  lr=1.00e-04  (0.1s)
    -> I1=3 I2=4 I3=3 I4=4 I5=3 I6=4 I7=3 I8=4 min=3 mean=3.5 max=4 (713.8s)
[11/135] hidden=[64, 128, 256, 512] lr=0.0001 epochs=8000 npp=1024 seed=42 ...
  Epoch     1/8000  loss=4.1944e-01  lr=1.00e-04  (0.2s)
    -> I1=3 I2=3 I3=3 I4=4 I5=3 I6=3 I7=3 I8=4 min=3 mean=3.2 max=4 (1478.0s)
[12/135] hidden=[64, 128, 256, 512] lr=0.0001 epochs=8000 npp=1024 seed=137 ...
  Epoch     1/8000  loss=3.8354e-01  lr=1.00e-04  (0.2s)
    -> I1=3 I2=3 I3=3 I4=4 I5=3 I6=3 I7=3 I8=4 min=3 mean=3.2 max=4 (1478.1s)
[13/135] hidden=[64, 128, 256, 512] lr=0.0001 epochs=8000 npp=1024 seed=2024 ...
  Epoch     1/8000  loss=3.3973e-01  lr=1.00e-04  (0.2s)
    -> I1=3 I2=4 I3=3 I4=4 I5=3 I6=4 I7=4 I8=4 min=3 mean=3.6 max=4 (1477.5s)
[14/135] hidden=[64, 128, 256, 512] lr=0.0001 epochs=8000 npp=1024 seed=7 ...
  Epoch     1/8000  loss=3.7093e-01  lr=1.00e-04  (0.2s)
    -> I1=3 I2=4 I3=3 I4=4 I5=3 I6=4 I7=4 I8=5 min=3 mean=3.8 max=5 (1477.7s)
[15/135] hidden=[64, 128, 256, 512] lr=0.0001 epochs=8000 npp=1024 seed=999 ...
  Epoch     1/8000  loss=3.9307e-01  lr=1.00e-04  (0.2s)
    -> I1=4 I2=4 I3=4 I4=4 I5=3 I6=5 I7=4 I8=6 min=3 mean=4.2 max=6 (1478.3s)
[16/135] hidden=[64, 128, 256, 512] lr=0.0002 epochs=8000 npp=256 seed=42 ...
  Epoch     1/8000  loss=4.0583e-01  lr=2.00e-04  (0.1s)
    -> I1=3 I2=5 I3=4 I4=5 I5=4 I6=4 I7=5 I8=4 min=3 mean=4.2 max=5 (379.0s)
[17/135] hidden=[64, 128, 256, 512] lr=0.0002 epochs=8000 npp=256 seed=137 ...
  Epoch     1/8000  loss=3.8421e-01  lr=2.00e-04  (0.1s)
    -> I1=5 I2=4 I3=4 I4=4 I5=3 I6=4 I7=4 I8=4 min=3 mean=4.0 max=5 (378.8s)
[18/135] hidden=[64, 128, 256, 512] lr=0.0002 epochs=8000 npp=256 seed=2024 ...
  Epoch     1/8000  loss=3.3967e-01  lr=2.00e-04  (0.1s)
    -> I1=4 I2=4 I3=4 I4=5 I5=3 I6=4 I7=4 I8=4 min=3 mean=4.0 max=5 (378.7s)
[19/135] hidden=[64, 128, 256, 512] lr=0.0002 epochs=8000 npp=256 seed=7 ...
  Epoch     1/8000  loss=3.1307e-01  lr=2.00e-04  (0.1s)
    -> I1=4 I2=4 I3=4 I4=4 I5=3 I6=4 I7=4 I8=4 min=3 mean=3.9 max=4 (378.6s)
[20/135] hidden=[64, 128, 256, 512] lr=0.0002 epochs=8000 npp=256 seed=999 ...
  Epoch     1/8000  loss=4.6121e-01  lr=2.00e-04  (0.1s)
    -> I1=4 I2=4 I3=4 I4=4 I5=3 I6=4 I7=4 I8=5 min=3 mean=4.0 max=5 (378.5s)
[21/135] hidden=[64, 128, 256, 512] lr=0.0002 epochs=8000 npp=512 seed=42 ...
  Epoch     1/8000  loss=3.8867e-01  lr=2.00e-04  (0.1s)
    -> I1=3 I2=3 I3=3 I4=4 I5=3 I6=3 I7=3 I8=4 min=3 mean=3.2 max=4 (713.2s)
[22/135] hidden=[64, 128, 256, 512] lr=0.0002 epochs=8000 npp=512 seed=137 ...
  Epoch     1/8000  loss=3.3995e-01  lr=2.00e-04  (0.1s)
    -> I1=3 I2=4 I3=3 I4=4 I5=3 I6=4 I7=3 I8=4 min=3 mean=3.5 max=4 (713.1s)
[23/135] hidden=[64, 128, 256, 512] lr=0.0002 epochs=8000 npp=512 seed=2024 ...
  Epoch     1/8000  loss=3.4429e-01  lr=2.00e-04  (0.1s)
    -> I1=3 I2=4 I3=4 I4=4 I5=3 I6=4 I7=3 I8=4 min=3 mean=3.6 max=4 (713.5s)
[24/135] hidden=[64, 128, 256, 512] lr=0.0002 epochs=8000 npp=512 seed=7 ...
  Epoch     1/8000  loss=3.9975e-01  lr=2.00e-04  (0.1s)
    -> I1=2 I2=3 I3=3 I4=3 I5=2 I6=3 I7=3 I8=3 min=2 mean=2.8 max=3 (713.9s)
[25/135] hidden=[64, 128, 256, 512] lr=0.0002 epochs=8000 npp=512 seed=999 ...
  Epoch     1/8000  loss=4.2821e-01  lr=2.00e-04  (0.1s)
    -> I1=3 I2=3 I3=3 I4=4 I5=3 I6=3 I7=3 I8=4 min=3 mean=3.2 max=4 (713.9s)
[26/135] hidden=[64, 128, 256, 512] lr=0.0002 epochs=8000 npp=1024 seed=42 ...
  Epoch     1/8000  loss=4.1944e-01  lr=2.00e-04  (0.2s)
    -> I1=4 I2=4 I3=4 I4=5 I5=4 I6=4 I7=4 I8=5 min=4 mean=4.2 max=5 (1478.5s)
[27/135] hidden=[64, 128, 256, 512] lr=0.0002 epochs=8000 npp=1024 seed=137 ...
  Epoch     1/8000  loss=3.8354e-01  lr=2.00e-04  (0.2s)
    -> I1=3 I2=5 I3=4 I4=4 I5=3 I6=4 I7=4 I8=5 min=3 mean=4.0 max=5 (1477.7s)
[28/135] hidden=[64, 128, 256, 512] lr=0.0002 epochs=8000 npp=1024 seed=2024 ...
  Epoch     1/8000  loss=3.3973e-01  lr=2.00e-04  (0.2s)
    -> I1=3 I2=4 I3=4 I4=4 I5=4 I6=4 I7=5 I8=5 min=3 mean=4.1 max=5 (1476.4s)
[29/135] hidden=[64, 128, 256, 512] lr=0.0002 epochs=8000 npp=1024 seed=7 ...
  Epoch     1/8000  loss=3.7093e-01  lr=2.00e-04  (0.2s)
    -> I1=3 I2=3 I3=3 I4=4 I5=3 I6=3 I7=3 I8=4 min=3 mean=3.2 max=4 (1475.8s)
[30/135] hidden=[64, 128, 256, 512] lr=0.0002 epochs=8000 npp=1024 seed=999 ...
  Epoch     1/8000  loss=3.9307e-01  lr=2.00e-04  (0.2s)
    -> I1=3 I2=4 I3=3 I4=4 I5=3 I6=5 I7=3 I8=4 min=3 mean=3.6 max=5 (1476.4s)
[31/135] hidden=[64, 128, 256, 512] lr=0.0005 epochs=8000 npp=256 seed=42 ...
  Epoch     1/8000  loss=4.0583e-01  lr=5.00e-04  (0.1s)
    -> I1=4 I2=4 I3=4 I4=5 I5=4 I6=5 I7=4 I8=4 min=4 mean=4.2 max=5 (378.7s)
[32/135] hidden=[64, 128, 256, 512] lr=0.0005 epochs=8000 npp=256 seed=137 ...
  Epoch     1/8000  loss=3.8421e-01  lr=5.00e-04  (0.1s)
    -> I1=3 I2=4 I3=3 I4=4 I5=3 I6=4 I7=3 I8=4 min=3 mean=3.5 max=4 (378.8s)
[33/135] hidden=[64, 128, 256, 512] lr=0.0005 epochs=8000 npp=256 seed=2024 ...
  Epoch     1/8000  loss=3.3967e-01  lr=5.00e-04  (0.1s)
    -> I1=3 I2=4 I3=3 I4=4 I5=3 I6=4 I7=4 I8=4 min=3 mean=3.6 max=4 (378.9s)
[34/135] hidden=[64, 128, 256, 512] lr=0.0005 epochs=8000 npp=256 seed=7 ...
  Epoch     1/8000  loss=3.1307e-01  lr=5.00e-04  (0.1s)
    -> I1=3 I2=6 I3=4 I4=4 I5=3 I6=4 I7=4 I8=4 min=3 mean=4.0 max=6 (378.8s)
[35/135] hidden=[64, 128, 256, 512] lr=0.0005 epochs=8000 npp=256 seed=999 ...
  Epoch     1/8000  loss=4.6121e-01  lr=5.00e-04  (0.1s)
    -> I1=4 I2=4 I3=4 I4=5 I5=4 I6=4 I7=4 I8=5 min=4 mean=4.2 max=5 (378.8s)
[36/135] hidden=[64, 128, 256, 512] lr=0.0005 epochs=8000 npp=512 seed=42 ...
  Epoch     1/8000  loss=3.8867e-01  lr=5.00e-04  (0.1s)
    -> I1=3 I2=4 I3=4 I4=4 I5=3 I6=4 I7=3 I8=4 min=3 mean=3.6 max=4 (713.3s)
[37/135] hidden=[64, 128, 256, 512] lr=0.0005 epochs=8000 npp=512 seed=137 ...
  Epoch     1/8000  loss=3.3995e-01  lr=5.00e-04  (0.1s)
    -> I1=3 I2=4 I3=3 I4=4 I5=3 I6=3 I7=4 I8=5 min=3 mean=3.6 max=5 (712.9s)
[38/135] hidden=[64, 128, 256, 512] lr=0.0005 epochs=8000 npp=512 seed=2024 ...
  Epoch     1/8000  loss=3.4429e-01  lr=5.00e-04  (0.1s)
    -> I1=3 I2=4 I3=4 I4=4 I5=3 I6=4 I7=4 I8=4 min=3 mean=3.8 max=4 (712.8s)
[39/135] hidden=[64, 128, 256, 512] lr=0.0005 epochs=8000 npp=512 seed=7 ...
  Epoch     1/8000  loss=3.9975e-01  lr=5.00e-04  (0.1s)
    -> I1=4 I2=4 I3=4 I4=4 I5=4 I6=4 I7=4 I8=4 min=4 mean=4.0 max=4 (713.0s)
[40/135] hidden=[64, 128, 256, 512] lr=0.0005 epochs=8000 npp=512 seed=999 ...
  Epoch     1/8000  loss=4.2821e-01  lr=5.00e-04  (0.1s)
    -> I1=3 I2=5 I3=3 I4=4 I5=3 I6=5 I7=3 I8=4 min=3 mean=3.8 max=5 (713.0s)
[41/135] hidden=[64, 128, 256, 512] lr=0.0005 epochs=8000 npp=1024 seed=42 ...
  Epoch     1/8000  loss=4.1944e-01  lr=5.00e-04  (0.2s)
    -> I1=3 I2=4 I3=3 I4=4 I5=4 I6=4 I7=3 I8=4 min=3 mean=3.6 max=4 (1476.7s)
[42/135] hidden=[64, 128, 256, 512] lr=0.0005 epochs=8000 npp=1024 seed=137 ...
  Epoch     1/8000  loss=3.8354e-01  lr=5.00e-04  (0.2s)
    -> I1=4 I2=4 I3=4 I4=4 I5=3 I6=4 I7=4 I8=5 min=3 mean=4.0 max=5 (1476.2s)
[43/135] hidden=[64, 128, 256, 512] lr=0.0005 epochs=8000 npp=1024 seed=2024 ...
  Epoch     1/8000  loss=3.3973e-01  lr=5.00e-04  (0.2s)
    -> I1=3 I2=4 I3=3 I4=4 I5=3 I6=4 I7=3 I8=4 min=3 mean=3.5 max=4 (1475.9s)
[44/135] hidden=[64, 128, 256, 512] lr=0.0005 epochs=8000 npp=1024 seed=7 ...
  Epoch     1/8000  loss=3.7093e-01  lr=5.00e-04  (0.2s)
    -> I1=3 I2=4 I3=3 I4=4 I5=3 I6=4 I7=3 I8=4 min=3 mean=3.5 max=4 (1475.6s)
[45/135] hidden=[64, 128, 256, 512] lr=0.0005 epochs=8000 npp=1024 seed=999 ...
  Epoch     1/8000  loss=3.9307e-01  lr=5.00e-04  (0.2s)
    -> I1=3 I2=3 I3=3 I4=4 I5=3 I6=4 I7=4 I8=5 min=3 mean=3.6 max=5 (1476.3s)
[46/135] hidden=[64, 128, 256, 512] lr=0.0001 epochs=12000 npp=256 seed=42 ...
  Epoch     1/12000  loss=4.0583e-01  lr=1.00e-04  (0.1s)
    -> I1=4 I2=4 I3=4 I4=4 I5=4 I6=5 I7=3 I8=4 min=3 mean=4.0 max=5 (567.9s)
[47/135] hidden=[64, 128, 256, 512] lr=0.0001 epochs=12000 npp=256 seed=137 ...
  Epoch     1/12000  loss=3.8421e-01  lr=1.00e-04  (0.1s)
    -> I1=3 I2=4 I3=3 I4=4 I5=4 I6=4 I7=4 I8=4 min=3 mean=3.8 max=4 (568.4s)
[48/135] hidden=[64, 128, 256, 512] lr=0.0001 epochs=12000 npp=256 seed=2024 ...
  Epoch     1/12000  loss=3.3967e-01  lr=1.00e-04  (0.1s)
    -> I1=3 I2=4 I3=3 I4=4 I5=3 I6=3 I7=4 I8=4 min=3 mean=3.5 max=4 (568.5s)
[49/135] hidden=[64, 128, 256, 512] lr=0.0001 epochs=12000 npp=256 seed=7 ...
  Epoch     1/12000  loss=3.1307e-01  lr=1.00e-04  (0.1s)
    -> I1=5 I2=3 I3=5 I4=4 I5=3 I6=3 I7=3 I8=4 min=3 mean=3.8 max=5 (568.5s)
[50/135] hidden=[64, 128, 256, 512] lr=0.0001 epochs=12000 npp=256 seed=999 ...
  Epoch     1/12000  loss=4.6121e-01  lr=1.00e-04  (0.1s)
    -> I1=3 I2=3 I3=3 I4=4 I5=3 I6=3 I7=3 I8=4 min=3 mean=3.2 max=4 (568.1s)
[51/135] hidden=[64, 128, 256, 512] lr=0.0001 epochs=12000 npp=512 seed=42 ...
  Epoch     1/12000  loss=3.8867e-01  lr=1.00e-04  (0.1s)
    -> I1=3 I2=5 I3=3 I4=5 I5=3 I6=4 I7=3 I8=4 min=3 mean=3.8 max=5 (1069.9s)
[52/135] hidden=[64, 128, 256, 512] lr=0.0001 epochs=12000 npp=512 seed=137 ...
  Epoch     1/12000  loss=3.3995e-01  lr=1.00e-04  (0.1s)
    -> I1=3 I2=4 I3=3 I4=4 I5=4 I6=5 I7=4 I8=4 min=3 mean=3.9 max=5 (1069.4s)
[53/135] hidden=[64, 128, 256, 512] lr=0.0001 epochs=12000 npp=512 seed=2024 ...
  Epoch     1/12000  loss=3.4429e-01  lr=1.00e-04  (0.1s)
    -> I1=3 I2=4 I3=3 I4=4 I5=4 I6=4 I7=4 I8=4 min=3 mean=3.8 max=4 (1069.5s)
[54/135] hidden=[64, 128, 256, 512] lr=0.0001 epochs=12000 npp=512 seed=7 ...
  Epoch     1/12000  loss=3.9975e-01  lr=1.00e-04  (0.1s)
    -> I1=3 I2=4 I3=3 I4=4 I5=3 I6=4 I7=3 I8=4 min=3 mean=3.5 max=4 (1069.4s)
[55/135] hidden=[64, 128, 256, 512] lr=0.0001 epochs=12000 npp=512 seed=999 ...
  Epoch     1/12000  loss=4.2821e-01  lr=1.00e-04  (0.1s)
    -> I1=3 I2=4 I3=4 I4=4 I5=4 I6=3 I7=4 I8=4 min=3 mean=3.8 max=4 (1069.9s)
[56/135] hidden=[64, 128, 256, 512] lr=0.0001 epochs=12000 npp=1024 seed=42 ...
  Epoch     1/12000  loss=4.1944e-01  lr=1.00e-04  (0.2s)
    -> I1=3 I2=5 I3=4 I4=4 I5=3 I6=4 I7=4 I8=4 min=3 mean=3.9 max=5 (2215.1s)
[57/135] hidden=[64, 128, 256, 512] lr=0.0001 epochs=12000 npp=1024 seed=137 ...
  Epoch     1/12000  loss=3.8354e-01  lr=1.00e-04  (0.2s)
    -> I1=3 I2=3 I3=3 I4=4 I5=3 I6=4 I7=3 I8=4 min=3 mean=3.4 max=4 (2214.7s)
[58/135] hidden=[64, 128, 256, 512] lr=0.0001 epochs=12000 npp=1024 seed=2024 ...
  Epoch     1/12000  loss=3.3973e-01  lr=1.00e-04  (0.2s)
    -> I1=3 I2=5 I3=4 I4=5 I5=3 I6=4 I7=4 I8=5 min=3 mean=4.1 max=5 (2213.5s)
[59/135] hidden=[64, 128, 256, 512] lr=0.0001 epochs=12000 npp=1024 seed=7 ...
  Epoch     1/12000  loss=3.7093e-01  lr=1.00e-04  (0.2s)
    -> I1=4 I2=4 I3=4 I4=5 I5=3 I6=4 I7=4 I8=4 min=3 mean=4.0 max=5 (2213.1s)
[60/135] hidden=[64, 128, 256, 512] lr=0.0001 epochs=12000 npp=1024 seed=999 ...
  Epoch     1/12000  loss=3.9307e-01  lr=1.00e-04  (0.2s)
    -> I1=4 I2=5 I3=4 I4=4 I5=3 I6=4 I7=4 I8=4 min=3 mean=4.0 max=5 (2213.9s)
[61/135] hidden=[64, 128, 256, 512] lr=0.0002 epochs=12000 npp=256 seed=42 ...
  Epoch     1/12000  loss=4.0583e-01  lr=2.00e-04  (0.1s)
    -> I1=4 I2=4 I3=4 I4=4 I5=4 I6=4 I7=4 I8=4 min=4 mean=4.0 max=4 (567.6s)
[62/135] hidden=[64, 128, 256, 512] lr=0.0002 epochs=12000 npp=256 seed=137 ...
  Epoch     1/12000  loss=3.8421e-01  lr=2.00e-04  (0.1s)
    -> I1=3 I2=3 I3=3 I4=4 I5=3 I6=3 I7=3 I8=4 min=3 mean=3.2 max=4 (568.0s)
[63/135] hidden=[64, 128, 256, 512] lr=0.0002 epochs=12000 npp=256 seed=2024 ...
  Epoch     1/12000  loss=3.3967e-01  lr=2.00e-04  (0.1s)
    -> I1=4 I2=4 I3=4 I4=5 I5=3 I6=4 I7=4 I8=4 min=3 mean=4.0 max=5 (568.4s)
[64/135] hidden=[64, 128, 256, 512] lr=0.0002 epochs=12000 npp=256 seed=7 ...
  Epoch     1/12000  loss=3.1307e-01  lr=2.00e-04  (0.1s)
    -> I1=3 I2=4 I3=4 I4=4 I5=4 I6=4 I7=4 I8=4 min=3 mean=3.9 max=4 (568.1s)
[65/135] hidden=[64, 128, 256, 512] lr=0.0002 epochs=12000 npp=256 seed=999 ...
  Epoch     1/12000  loss=4.6121e-01  lr=2.00e-04  (0.0s)
    -> I1=4 I2=4 I3=4 I4=5 I5=4 I6=4 I7=4 I8=5 min=4 mean=4.2 max=5 (567.8s)
[66/135] hidden=[64, 128, 256, 512] lr=0.0002 epochs=12000 npp=512 seed=42 ...
  Epoch     1/12000  loss=3.8867e-01  lr=2.00e-04  (0.1s)
    -> I1=4 I2=4 I3=5 I4=4 I5=4 I6=4 I7=4 I8=4 min=4 mean=4.1 max=5 (1069.7s)
[67/135] hidden=[64, 128, 256, 512] lr=0.0002 epochs=12000 npp=512 seed=137 ...
  Epoch     1/12000  loss=3.3995e-01  lr=2.00e-04  (0.1s)
    -> I1=3 I2=4 I3=4 I4=4 I5=3 I6=4 I7=4 I8=4 min=3 mean=3.8 max=4 (1069.7s)
[68/135] hidden=[64, 128, 256, 512] lr=0.0002 epochs=12000 npp=512 seed=2024 ...
  Epoch     1/12000  loss=3.4429e-01  lr=2.00e-04  (0.1s)
    -> I1=3 I2=4 I3=3 I4=4 I5=3 I6=3 I7=3 I8=4 min=3 mean=3.4 max=4 (1069.8s)
[69/135] hidden=[64, 128, 256, 512] lr=0.0002 epochs=12000 npp=512 seed=7 ...
  Epoch     1/12000  loss=3.9975e-01  lr=2.00e-04  (0.1s)
    -> I1=4 I2=4 I3=4 I4=5 I5=4 I6=4 I7=4 I8=4 min=4 mean=4.1 max=5 (1069.7s)
[70/135] hidden=[64, 128, 256, 512] lr=0.0002 epochs=12000 npp=512 seed=999 ...
  Epoch     1/12000  loss=4.2821e-01  lr=2.00e-04  (0.1s)
    -> I1=3 I2=3 I3=3 I4=3 I5=3 I6=3 I7=3 I8=4 min=3 mean=3.1 max=4 (1069.6s)
[71/135] hidden=[64, 128, 256, 512] lr=0.0002 epochs=12000 npp=1024 seed=42 ...
  Epoch     1/12000  loss=4.1944e-01  lr=2.00e-04  (0.2s)
    -> I1=3 I2=4 I3=4 I4=4 I5=3 I6=3 I7=4 I8=4 min=3 mean=3.6 max=4 (2213.7s)
[72/135] hidden=[64, 128, 256, 512] lr=0.0002 epochs=12000 npp=1024 seed=137 ...
  Epoch     1/12000  loss=3.8354e-01  lr=2.00e-04  (0.2s)
    -> I1=3 I2=4 I3=4 I4=5 I5=4 I6=4 I7=3 I8=5 min=3 mean=4.0 max=5 (2213.7s)
[73/135] hidden=[64, 128, 256, 512] lr=0.0002 epochs=12000 npp=1024 seed=2024 ...
  Epoch     1/12000  loss=3.3973e-01  lr=2.00e-04  (0.2s)
    -> I1=4 I2=4 I3=4 I4=4 I5=3 I6=4 I7=4 I8=4 min=3 mean=3.9 max=4 (2213.9s)
[74/135] hidden=[64, 128, 256, 512] lr=0.0002 epochs=12000 npp=1024 seed=7 ...
  Epoch     1/12000  loss=3.7093e-01  lr=2.00e-04  (0.2s)
    -> I1=3 I2=4 I3=3 I4=4 I5=3 I6=4 I7=3 I8=4 min=3 mean=3.5 max=4 (2214.4s)
[75/135] hidden=[64, 128, 256, 512] lr=0.0002 epochs=12000 npp=1024 seed=999 ...
  Epoch     1/12000  loss=3.9307e-01  lr=2.00e-04  (0.2s)
