==================================================================
Job ID:     2474341
Script:     /lustre/projects/g/gshipunv/project-skuld/research/experiments/grid/16-conv-integrator-sweep-m1.2/conv_sweep_m12.py
Arguments:  --num-gpus 4
Log file:   /lustre/projects/g/gshipunv/project-skuld/research/results/grid/16-conv-integrator-sweep-m1.2/slurm-2474341.log
Python:     /zfs/store1.hydra.local/user/g/gshipunv/.conda/envs/jasher-lustre/bin/python
PYTHONPATH: /lustre/projects/g/gshipunv/project-skuld/research:/lustre/projects/g/gshipunv/project-skuld:/lustre/projects/g/gshipunv/project-skuld/research/experiments/grid/16-conv-integrator-sweep-m1.2:
==================================================================
SKULD is using device: cuda

========================================================================
  CONV INTEGRATOR SWEEP m1.2  —  108 configs × 5 seeds = 540 total runs
  GPU 2/4  —  processing runs [270:405] = 135 runs, device=cuda
========================================================================

Computing scipy reference integrals (shared across all configs)...
Done.

[1/135] hidden=[48, 96, 192, 384] lr=0.0001 epochs=8000 npp=256 seed=42 ...
  Epoch     1/8000  loss=3.6540e-01  lr=1.00e-04  (0.4s)
    -> I1=3 I2=4 I3=3 I4=3 I5=3 I6=4 I7=3 I8=3 min=3 mean=3.2 max=4 (316.8s)
[2/135] hidden=[48, 96, 192, 384] lr=0.0001 epochs=8000 npp=256 seed=137 ...
  Epoch     1/8000  loss=3.6511e-01  lr=1.00e-04  (0.0s)
    -> I1=2 I2=3 I3=3 I4=3 I5=3 I6=3 I7=3 I8=3 min=2 mean=2.9 max=3 (315.0s)
[3/135] hidden=[48, 96, 192, 384] lr=0.0001 epochs=8000 npp=256 seed=2024 ...
  Epoch     1/8000  loss=3.3958e-01  lr=1.00e-04  (0.0s)
    -> I1=3 I2=3 I3=3 I4=3 I5=3 I6=3 I7=3 I8=3 min=3 mean=3.0 max=3 (315.1s)
[4/135] hidden=[48, 96, 192, 384] lr=0.0001 epochs=8000 npp=256 seed=7 ...
  Epoch     1/8000  loss=4.7291e-01  lr=1.00e-04  (0.0s)
    -> I1=3 I2=4 I3=3 I4=3 I5=3 I6=4 I7=3 I8=3 min=3 mean=3.2 max=4 (315.1s)
[5/135] hidden=[48, 96, 192, 384] lr=0.0001 epochs=8000 npp=256 seed=999 ...
  Epoch     1/8000  loss=5.1902e-01  lr=1.00e-04  (0.0s)
    -> I1=3 I2=4 I3=3 I4=4 I5=3 I6=5 I7=3 I8=4 min=3 mean=3.6 max=5 (315.0s)
[6/135] hidden=[48, 96, 192, 384] lr=0.0001 epochs=8000 npp=512 seed=42 ...
  Epoch     1/8000  loss=4.1925e-01  lr=1.00e-04  (0.1s)
    -> I1=3 I2=4 I3=3 I4=3 I5=4 I6=4 I7=3 I8=3 min=3 mean=3.4 max=4 (607.8s)
[7/135] hidden=[48, 96, 192, 384] lr=0.0001 epochs=8000 npp=512 seed=137 ...
  Epoch     1/8000  loss=3.4977e-01  lr=1.00e-04  (0.1s)
    -> I1=3 I2=4 I3=3 I4=4 I5=4 I6=5 I7=3 I8=4 min=3 mean=3.8 max=5 (607.5s)
[8/135] hidden=[48, 96, 192, 384] lr=0.0001 epochs=8000 npp=512 seed=2024 ...
  Epoch     1/8000  loss=3.5111e-01  lr=1.00e-04  (0.1s)
    -> I1=4 I2=4 I3=3 I4=3 I5=3 I6=4 I7=3 I8=3 min=3 mean=3.4 max=4 (607.6s)
[9/135] hidden=[48, 96, 192, 384] lr=0.0001 epochs=8000 npp=512 seed=7 ...
  Epoch     1/8000  loss=4.3520e-01  lr=1.00e-04  (0.1s)
    -> I1=2 I2=3 I3=3 I4=3 I5=2 I6=3 I7=4 I8=4 min=2 mean=3.0 max=4 (608.2s)
[10/135] hidden=[48, 96, 192, 384] lr=0.0001 epochs=8000 npp=512 seed=999 ...
  Epoch     1/8000  loss=4.4667e-01  lr=1.00e-04  (0.1s)
    -> I1=3 I2=4 I3=3 I4=3 I5=3 I6=4 I7=3 I8=3 min=3 mean=3.2 max=4 (608.0s)
[11/135] hidden=[48, 96, 192, 384] lr=0.0001 epochs=8000 npp=1024 seed=42 ...
  Epoch     1/8000  loss=3.7993e-01  lr=1.00e-04  (0.2s)
    -> I1=3 I2=4 I3=3 I4=4 I5=4 I6=4 I7=3 I8=4 min=3 mean=3.6 max=4 (1246.6s)
[12/135] hidden=[48, 96, 192, 384] lr=0.0001 epochs=8000 npp=1024 seed=137 ...
  Epoch     1/8000  loss=3.5661e-01  lr=1.00e-04  (0.2s)
    -> I1=3 I2=3 I3=3 I4=4 I5=3 I6=4 I7=3 I8=4 min=3 mean=3.4 max=4 (1247.5s)
[13/135] hidden=[48, 96, 192, 384] lr=0.0001 epochs=8000 npp=1024 seed=2024 ...
  Epoch     1/8000  loss=3.6789e-01  lr=1.00e-04  (0.2s)
    -> I1=3 I2=5 I3=3 I4=3 I5=4 I6=4 I7=3 I8=4 min=3 mean=3.6 max=5 (1247.4s)
[14/135] hidden=[48, 96, 192, 384] lr=0.0001 epochs=8000 npp=1024 seed=7 ...
  Epoch     1/8000  loss=4.0033e-01  lr=1.00e-04  (0.2s)
    -> I1=4 I2=4 I3=3 I4=4 I5=3 I6=4 I7=3 I8=4 min=3 mean=3.6 max=4 (1246.9s)
[15/135] hidden=[48, 96, 192, 384] lr=0.0001 epochs=8000 npp=1024 seed=999 ...
  Epoch     1/8000  loss=4.3132e-01  lr=1.00e-04  (0.2s)
    -> I1=3 I2=3 I3=3 I4=4 I5=2 I6=3 I7=3 I8=4 min=2 mean=3.1 max=4 (1246.8s)
[16/135] hidden=[48, 96, 192, 384] lr=0.0002 epochs=8000 npp=256 seed=42 ...
  Epoch     1/8000  loss=3.6540e-01  lr=2.00e-04  (0.0s)
    -> I1=4 I2=4 I3=5 I4=4 I5=3 I6=5 I7=4 I8=4 min=3 mean=4.1 max=5 (315.3s)
[17/135] hidden=[48, 96, 192, 384] lr=0.0002 epochs=8000 npp=256 seed=137 ...
  Epoch     1/8000  loss=3.6511e-01  lr=2.00e-04  (0.0s)
    -> I1=3 I2=3 I3=3 I4=4 I5=3 I6=3 I7=3 I8=4 min=3 mean=3.2 max=4 (315.4s)
[18/135] hidden=[48, 96, 192, 384] lr=0.0002 epochs=8000 npp=256 seed=2024 ...
  Epoch     1/8000  loss=3.3958e-01  lr=2.00e-04  (0.0s)
    -> I1=3 I2=4 I3=5 I4=6 I5=4 I6=4 I7=5 I8=4 min=3 mean=4.4 max=6 (315.5s)
[19/135] hidden=[48, 96, 192, 384] lr=0.0002 epochs=8000 npp=256 seed=7 ...
  Epoch     1/8000  loss=4.7291e-01  lr=2.00e-04  (0.0s)
    -> I1=2 I2=4 I3=3 I4=4 I5=2 I6=4 I7=3 I8=3 min=2 mean=3.1 max=4 (315.4s)
[20/135] hidden=[48, 96, 192, 384] lr=0.0002 epochs=8000 npp=256 seed=999 ...
  Epoch     1/8000  loss=5.1902e-01  lr=2.00e-04  (0.0s)
    -> I1=2 I2=3 I3=3 I4=4 I5=3 I6=5 I7=3 I8=4 min=2 mean=3.4 max=5 (315.4s)
[21/135] hidden=[48, 96, 192, 384] lr=0.0002 epochs=8000 npp=512 seed=42 ...
  Epoch     1/8000  loss=4.1925e-01  lr=2.00e-04  (0.1s)
    -> I1=5 I2=5 I3=4 I4=4 I5=4 I6=4 I7=3 I8=4 min=3 mean=4.1 max=5 (608.1s)
[22/135] hidden=[48, 96, 192, 384] lr=0.0002 epochs=8000 npp=512 seed=137 ...
  Epoch     1/8000  loss=3.4977e-01  lr=2.00e-04  (0.1s)
    -> I1=3 I2=4 I3=4 I4=5 I5=4 I6=5 I7=4 I8=4 min=3 mean=4.1 max=5 (607.7s)
[23/135] hidden=[48, 96, 192, 384] lr=0.0002 epochs=8000 npp=512 seed=2024 ...
  Epoch     1/8000  loss=3.5111e-01  lr=2.00e-04  (0.1s)
    -> I1=3 I2=3 I3=3 I4=4 I5=3 I6=3 I7=3 I8=4 min=3 mean=3.2 max=4 (607.4s)
[24/135] hidden=[48, 96, 192, 384] lr=0.0002 epochs=8000 npp=512 seed=7 ...
  Epoch     1/8000  loss=4.3520e-01  lr=2.00e-04  (0.1s)
    -> I1=3 I2=4 I3=3 I4=3 I5=3 I6=4 I7=3 I8=4 min=3 mean=3.4 max=4 (607.2s)
[25/135] hidden=[48, 96, 192, 384] lr=0.0002 epochs=8000 npp=512 seed=999 ...
  Epoch     1/8000  loss=4.4667e-01  lr=2.00e-04  (0.1s)
    -> I1=3 I2=4 I3=3 I4=4 I5=3 I6=3 I7=3 I8=4 min=3 mean=3.4 max=4 (607.2s)
[26/135] hidden=[48, 96, 192, 384] lr=0.0002 epochs=8000 npp=1024 seed=42 ...
  Epoch     1/8000  loss=3.7993e-01  lr=2.00e-04  (0.2s)
    -> I1=3 I2=3 I3=3 I4=4 I5=3 I6=4 I7=4 I8=4 min=3 mean=3.5 max=4 (1246.3s)
[27/135] hidden=[48, 96, 192, 384] lr=0.0002 epochs=8000 npp=1024 seed=137 ...
  Epoch     1/8000  loss=3.5661e-01  lr=2.00e-04  (0.2s)
    -> I1=3 I2=4 I3=3 I4=4 I5=3 I6=4 I7=3 I8=4 min=3 mean=3.5 max=4 (1247.3s)
[28/135] hidden=[48, 96, 192, 384] lr=0.0002 epochs=8000 npp=1024 seed=2024 ...
  Epoch     1/8000  loss=3.6789e-01  lr=2.00e-04  (0.2s)
    -> I1=4 I2=4 I3=4 I4=4 I5=4 I6=3 I7=5 I8=4 min=3 mean=4.0 max=5 (1247.6s)
[29/135] hidden=[48, 96, 192, 384] lr=0.0002 epochs=8000 npp=1024 seed=7 ...
  Epoch     1/8000  loss=4.0033e-01  lr=2.00e-04  (0.2s)
    -> I1=3 I2=3 I3=3 I4=4 I5=3 I6=4 I7=4 I8=4 min=3 mean=3.5 max=4 (1247.6s)
[30/135] hidden=[48, 96, 192, 384] lr=0.0002 epochs=8000 npp=1024 seed=999 ...
  Epoch     1/8000  loss=4.3132e-01  lr=2.00e-04  (0.2s)
    -> I1=3 I2=4 I3=3 I4=4 I5=3 I6=4 I7=4 I8=4 min=3 mean=3.6 max=4 (1247.6s)
[31/135] hidden=[48, 96, 192, 384] lr=0.0005 epochs=8000 npp=256 seed=42 ...
  Epoch     1/8000  loss=3.6540e-01  lr=5.00e-04  (0.0s)
    -> I1=3 I2=4 I3=3 I4=5 I5=3 I6=5 I7=3 I8=4 min=3 mean=3.8 max=5 (315.0s)
[32/135] hidden=[48, 96, 192, 384] lr=0.0005 epochs=8000 npp=256 seed=137 ...
  Epoch     1/8000  loss=3.6511e-01  lr=5.00e-04  (0.0s)
    -> I1=3 I2=3 I3=3 I4=4 I5=3 I6=3 I7=3 I8=4 min=3 mean=3.2 max=4 (315.1s)
[33/135] hidden=[48, 96, 192, 384] lr=0.0005 epochs=8000 npp=256 seed=2024 ...
  Epoch     1/8000  loss=3.3958e-01  lr=5.00e-04  (0.0s)
    -> I1=3 I2=4 I3=3 I4=4 I5=3 I6=5 I7=3 I8=4 min=3 mean=3.6 max=5 (314.8s)
[34/135] hidden=[48, 96, 192, 384] lr=0.0005 epochs=8000 npp=256 seed=7 ...
  Epoch     1/8000  loss=4.7291e-01  lr=5.00e-04  (0.0s)
    -> I1=3 I2=3 I3=3 I4=4 I5=3 I6=3 I7=4 I8=4 min=3 mean=3.4 max=4 (314.8s)
[35/135] hidden=[48, 96, 192, 384] lr=0.0005 epochs=8000 npp=256 seed=999 ...
  Epoch     1/8000  loss=5.1902e-01  lr=5.00e-04  (0.0s)
    -> I1=3 I2=3 I3=3 I4=4 I5=3 I6=3 I7=4 I8=4 min=3 mean=3.4 max=4 (314.8s)
[36/135] hidden=[48, 96, 192, 384] lr=0.0005 epochs=8000 npp=512 seed=42 ...
  Epoch     1/8000  loss=4.1925e-01  lr=5.00e-04  (0.1s)
    -> I1=3 I2=4 I3=3 I4=4 I5=3 I6=3 I7=3 I8=4 min=3 mean=3.4 max=4 (607.4s)
[37/135] hidden=[48, 96, 192, 384] lr=0.0005 epochs=8000 npp=512 seed=137 ...
  Epoch     1/8000  loss=3.4977e-01  lr=5.00e-04  (0.1s)
    -> I1=3 I2=4 I3=3 I4=4 I5=3 I6=3 I7=3 I8=4 min=3 mean=3.4 max=4 (607.4s)
[38/135] hidden=[48, 96, 192, 384] lr=0.0005 epochs=8000 npp=512 seed=2024 ...
  Epoch     1/8000  loss=3.5111e-01  lr=5.00e-04  (0.1s)
    -> I1=3 I2=3 I3=3 I4=4 I5=3 I6=3 I7=4 I8=4 min=3 mean=3.4 max=4 (607.7s)
[39/135] hidden=[48, 96, 192, 384] lr=0.0005 epochs=8000 npp=512 seed=7 ...
  Epoch     1/8000  loss=4.3520e-01  lr=5.00e-04  (0.1s)
    -> I1=3 I2=4 I3=3 I4=4 I5=4 I6=4 I7=4 I8=4 min=3 mean=3.8 max=4 (607.7s)
[40/135] hidden=[48, 96, 192, 384] lr=0.0005 epochs=8000 npp=512 seed=999 ...
  Epoch     1/8000  loss=4.4667e-01  lr=5.00e-04  (0.1s)
    -> I1=4 I2=4 I3=4 I4=4 I5=3 I6=4 I7=4 I8=4 min=3 mean=3.9 max=4 (607.6s)
[41/135] hidden=[48, 96, 192, 384] lr=0.0005 epochs=8000 npp=1024 seed=42 ...
  Epoch     1/8000  loss=3.7993e-01  lr=5.00e-04  (0.2s)
    -> I1=3 I2=4 I3=3 I4=4 I5=3 I6=4 I7=3 I8=4 min=3 mean=3.5 max=4 (1246.7s)
[42/135] hidden=[48, 96, 192, 384] lr=0.0005 epochs=8000 npp=1024 seed=137 ...
  Epoch     1/8000  loss=3.5661e-01  lr=5.00e-04  (0.2s)
    -> I1=3 I2=5 I3=3 I4=4 I5=3 I6=5 I7=4 I8=4 min=3 mean=3.9 max=5 (1246.2s)
[43/135] hidden=[48, 96, 192, 384] lr=0.0005 epochs=8000 npp=1024 seed=2024 ...
  Epoch     1/8000  loss=3.6789e-01  lr=5.00e-04  (0.2s)
    -> I1=3 I2=4 I3=3 I4=4 I5=3 I6=3 I7=3 I8=4 min=3 mean=3.4 max=4 (1246.0s)
[44/135] hidden=[48, 96, 192, 384] lr=0.0005 epochs=8000 npp=1024 seed=7 ...
  Epoch     1/8000  loss=4.0033e-01  lr=5.00e-04  (0.2s)
    -> I1=3 I2=4 I3=3 I4=4 I5=3 I6=4 I7=4 I8=4 min=3 mean=3.6 max=4 (1246.1s)
[45/135] hidden=[48, 96, 192, 384] lr=0.0005 epochs=8000 npp=1024 seed=999 ...
  Epoch     1/8000  loss=4.3132e-01  lr=5.00e-04  (0.2s)
    -> I1=3 I2=4 I3=3 I4=4 I5=4 I6=4 I7=4 I8=4 min=3 mean=3.8 max=4 (1246.9s)
[46/135] hidden=[48, 96, 192, 384] lr=0.0001 epochs=12000 npp=256 seed=42 ...
  Epoch     1/12000  loss=3.6540e-01  lr=1.00e-04  (0.0s)
    -> I1=3 I2=4 I3=4 I4=4 I5=4 I6=4 I7=3 I8=4 min=3 mean=3.8 max=4 (472.5s)
[47/135] hidden=[48, 96, 192, 384] lr=0.0001 epochs=12000 npp=256 seed=137 ...
  Epoch     1/12000  loss=3.6511e-01  lr=1.00e-04  (0.0s)
    -> I1=3 I2=4 I3=4 I4=4 I5=3 I6=4 I7=3 I8=4 min=3 mean=3.6 max=4 (472.3s)
[48/135] hidden=[48, 96, 192, 384] lr=0.0001 epochs=12000 npp=256 seed=2024 ...
  Epoch     1/12000  loss=3.3958e-01  lr=1.00e-04  (0.0s)
    -> I1=4 I2=3 I3=4 I4=5 I5=3 I6=4 I7=4 I8=4 min=3 mean=3.9 max=5 (472.4s)
[49/135] hidden=[48, 96, 192, 384] lr=0.0001 epochs=12000 npp=256 seed=7 ...
  Epoch     1/12000  loss=4.7291e-01  lr=1.00e-04  (0.0s)
    -> I1=3 I2=4 I3=4 I4=5 I5=3 I6=4 I7=5 I8=4 min=3 mean=4.0 max=5 (472.4s)
[50/135] hidden=[48, 96, 192, 384] lr=0.0001 epochs=12000 npp=256 seed=999 ...
  Epoch     1/12000  loss=5.1902e-01  lr=1.00e-04  (0.0s)
    -> I1=3 I2=5 I3=3 I4=5 I5=3 I6=4 I7=3 I8=5 min=3 mean=3.9 max=5 (472.3s)
[51/135] hidden=[48, 96, 192, 384] lr=0.0001 epochs=12000 npp=512 seed=42 ...
  Epoch     1/12000  loss=4.1925e-01  lr=1.00e-04  (0.1s)
    -> I1=3 I2=3 I3=3 I4=4 I5=3 I6=3 I7=3 I8=4 min=3 mean=3.2 max=4 (910.8s)
[52/135] hidden=[48, 96, 192, 384] lr=0.0001 epochs=12000 npp=512 seed=137 ...
  Epoch     1/12000  loss=3.4977e-01  lr=1.00e-04  (0.1s)
    -> I1=3 I2=3 I3=4 I4=4 I5=3 I6=4 I7=4 I8=4 min=3 mean=3.6 max=4 (910.7s)
[53/135] hidden=[48, 96, 192, 384] lr=0.0001 epochs=12000 npp=512 seed=2024 ...
  Epoch     1/12000  loss=3.5111e-01  lr=1.00e-04  (0.1s)
    -> I1=3 I2=6 I3=3 I4=4 I5=3 I6=4 I7=3 I8=4 min=3 mean=3.8 max=6 (911.0s)
[54/135] hidden=[48, 96, 192, 384] lr=0.0001 epochs=12000 npp=512 seed=7 ...
  Epoch     1/12000  loss=4.3520e-01  lr=1.00e-04  (0.1s)
    -> I1=3 I2=4 I3=4 I4=6 I5=4 I6=4 I7=4 I8=4 min=3 mean=4.1 max=6 (911.3s)
[55/135] hidden=[48, 96, 192, 384] lr=0.0001 epochs=12000 npp=512 seed=999 ...
  Epoch     1/12000  loss=4.4667e-01  lr=1.00e-04  (0.1s)
    -> I1=4 I2=4 I3=4 I4=4 I5=3 I6=4 I7=4 I8=4 min=3 mean=3.9 max=4 (911.2s)
[56/135] hidden=[48, 96, 192, 384] lr=0.0001 epochs=12000 npp=1024 seed=42 ...
  Epoch     1/12000  loss=3.7993e-01  lr=1.00e-04  (0.2s)
    -> I1=3 I2=3 I3=3 I4=5 I5=3 I6=4 I7=3 I8=5 min=3 mean=3.6 max=5 (1869.6s)
[57/135] hidden=[48, 96, 192, 384] lr=0.0001 epochs=12000 npp=1024 seed=137 ...
  Epoch     1/12000  loss=3.5661e-01  lr=1.00e-04  (0.2s)
    -> I1=3 I2=3 I3=3 I4=4 I5=3 I6=3 I7=3 I8=4 min=3 mean=3.2 max=4 (1868.4s)
[58/135] hidden=[48, 96, 192, 384] lr=0.0001 epochs=12000 npp=1024 seed=2024 ...
  Epoch     1/12000  loss=3.6789e-01  lr=1.00e-04  (0.2s)
    -> I1=3 I2=3 I3=3 I4=4 I5=3 I6=4 I7=3 I8=4 min=3 mean=3.4 max=4 (1868.0s)
[59/135] hidden=[48, 96, 192, 384] lr=0.0001 epochs=12000 npp=1024 seed=7 ...
  Epoch     1/12000  loss=4.0033e-01  lr=1.00e-04  (0.2s)
    -> I1=3 I2=3 I3=3 I4=4 I5=3 I6=4 I7=4 I8=4 min=3 mean=3.5 max=4 (1868.6s)
[60/135] hidden=[48, 96, 192, 384] lr=0.0001 epochs=12000 npp=1024 seed=999 ...
  Epoch     1/12000  loss=4.3132e-01  lr=1.00e-04  (0.2s)
    -> I1=3 I2=3 I3=3 I4=4 I5=3 I6=3 I7=3 I8=4 min=3 mean=3.2 max=4 (1870.0s)
[61/135] hidden=[48, 96, 192, 384] lr=0.0002 epochs=12000 npp=256 seed=42 ...
  Epoch     1/12000  loss=3.6540e-01  lr=2.00e-04  (0.0s)
    -> I1=3 I2=3 I3=3 I4=4 I5=3 I6=3 I7=3 I8=4 min=3 mean=3.2 max=4 (472.6s)
[62/135] hidden=[48, 96, 192, 384] lr=0.0002 epochs=12000 npp=256 seed=137 ...
  Epoch     1/12000  loss=3.6511e-01  lr=2.00e-04  (0.0s)
    -> I1=3 I2=4 I3=4 I4=4 I5=3 I6=4 I7=3 I8=4 min=3 mean=3.6 max=4 (472.5s)
[63/135] hidden=[48, 96, 192, 384] lr=0.0002 epochs=12000 npp=256 seed=2024 ...
  Epoch     1/12000  loss=3.3958e-01  lr=2.00e-04  (0.0s)
    -> I1=3 I2=3 I3=4 I4=4 I5=4 I6=4 I7=4 I8=4 min=3 mean=3.8 max=4 (472.6s)
[64/135] hidden=[48, 96, 192, 384] lr=0.0002 epochs=12000 npp=256 seed=7 ...
  Epoch     1/12000  loss=4.7291e-01  lr=2.00e-04  (0.0s)
    -> I1=3 I2=3 I3=3 I4=4 I5=3 I6=4 I7=3 I8=4 min=3 mean=3.4 max=4 (472.6s)
[65/135] hidden=[48, 96, 192, 384] lr=0.0002 epochs=12000 npp=256 seed=999 ...
  Epoch     1/12000  loss=5.1902e-01  lr=2.00e-04  (0.0s)
    -> I1=3 I2=3 I3=3 I4=4 I5=3 I6=3 I7=3 I8=4 min=3 mean=3.2 max=4 (472.3s)
[66/135] hidden=[48, 96, 192, 384] lr=0.0002 epochs=12000 npp=512 seed=42 ...
  Epoch     1/12000  loss=4.1925e-01  lr=2.00e-04  (0.1s)
    -> I1=3 I2=3 I3=3 I4=4 I5=3 I6=3 I7=3 I8=4 min=3 mean=3.2 max=4 (910.7s)
[67/135] hidden=[48, 96, 192, 384] lr=0.0002 epochs=12000 npp=512 seed=137 ...
  Epoch     1/12000  loss=3.4977e-01  lr=2.00e-04  (0.1s)
    -> I1=3 I2=3 I3=3 I4=4 I5=3 I6=4 I7=3 I8=4 min=3 mean=3.4 max=4 (910.6s)
[68/135] hidden=[48, 96, 192, 384] lr=0.0002 epochs=12000 npp=512 seed=2024 ...
  Epoch     1/12000  loss=3.5111e-01  lr=2.00e-04  (0.1s)
    -> I1=3 I2=4 I3=3 I4=4 I5=3 I6=4 I7=3 I8=4 min=3 mean=3.5 max=4 (910.6s)
[69/135] hidden=[48, 96, 192, 384] lr=0.0002 epochs=12000 npp=512 seed=7 ...
  Epoch     1/12000  loss=4.3520e-01  lr=2.00e-04  (0.1s)
    -> I1=3 I2=4 I3=4 I4=4 I5=4 I6=4 I7=4 I8=4 min=3 mean=3.9 max=4 (910.4s)
[70/135] hidden=[48, 96, 192, 384] lr=0.0002 epochs=12000 npp=512 seed=999 ...
  Epoch     1/12000  loss=4.4667e-01  lr=2.00e-04  (0.1s)
    -> I1=4 I2=4 I3=4 I4=4 I5=4 I6=3 I7=4 I8=4 min=3 mean=3.9 max=4 (910.7s)
[71/135] hidden=[48, 96, 192, 384] lr=0.0002 epochs=12000 npp=1024 seed=42 ...
  Epoch     1/12000  loss=3.7993e-01  lr=2.00e-04  (0.2s)
    -> I1=4 I2=6 I3=4 I4=4 I5=3 I6=5 I7=4 I8=4 min=3 mean=4.2 max=6 (1869.0s)
[72/135] hidden=[48, 96, 192, 384] lr=0.0002 epochs=12000 npp=1024 seed=137 ...
  Epoch     1/12000  loss=3.5661e-01  lr=2.00e-04  (0.2s)
    -> I1=3 I2=4 I3=3 I4=4 I5=3 I6=4 I7=4 I8=4 min=3 mean=3.6 max=4 (1868.9s)
[73/135] hidden=[48, 96, 192, 384] lr=0.0002 epochs=12000 npp=1024 seed=2024 ...
  Epoch     1/12000  loss=3.6789e-01  lr=2.00e-04  (0.2s)
    -> I1=4 I2=5 I3=4 I4=5 I5=3 I6=4 I7=4 I8=5 min=3 mean=4.2 max=5 (1868.4s)
[74/135] hidden=[48, 96, 192, 384] lr=0.0002 epochs=12000 npp=1024 seed=7 ...
  Epoch     1/12000  loss=4.0033e-01  lr=2.00e-04  (0.2s)
    -> I1=4 I2=4 I3=4 I4=4 I5=3 I6=4 I7=5 I8=4 min=3 mean=4.0 max=5 (1868.1s)
[75/135] hidden=[48, 96, 192, 384] lr=0.0002 epochs=12000 npp=1024 seed=999 ...
  Epoch     1/12000  loss=4.3132e-01  lr=2.00e-04  (0.2s)
    -> I1=3 I2=3 I3=4 I4=4 I5=3 I6=4 I7=4 I8=4 min=3 mean=3.6 max=4 (1868.0s)
[76/135] hidden=[48, 96, 192, 384] lr=0.0005 epochs=12000 npp=256 seed=42 ...
  Epoch     1/12000  loss=3.6540e-01  lr=5.00e-04  (0.0s)
    -> I1=4 I2=5 I3=4 I4=5 I5=4 I6=4 I7=4 I8=5 min=4 mean=4.4 max=5 (471.8s)
[77/135] hidden=[48, 96, 192, 384] lr=0.0005 epochs=12000 npp=256 seed=137 ...
  Epoch     1/12000  loss=3.6511e-01  lr=5.00e-04  (0.0s)
    -> I1=3 I2=4 I3=3 I4=4 I5=3 I6=3 I7=3 I8=4 min=3 mean=3.4 max=4 (471.8s)
[78/135] hidden=[48, 96, 192, 384] lr=0.0005 epochs=12000 npp=256 seed=2024 ...
  Epoch     1/12000  loss=3.3958e-01  lr=5.00e-04  (0.0s)
    -> I1=4 I2=4 I3=4 I4=4 I5=4 I6=3 I7=5 I8=4 min=3 mean=4.0 max=5 (471.9s)
[79/135] hidden=[48, 96, 192, 384] lr=0.0005 epochs=12000 npp=256 seed=7 ...
  Epoch     1/12000  loss=4.7291e-01  lr=5.00e-04  (0.0s)
    -> I1=3 I2=3 I3=3 I4=4 I5=2 I6=3 I7=3 I8=4 min=2 mean=3.1 max=4 (471.7s)
[80/135] hidden=[48, 96, 192, 384] lr=0.0005 epochs=12000 npp=256 seed=999 ...
  Epoch     1/12000  loss=5.1902e-01  lr=5.00e-04  (0.0s)
    -> I1=3 I2=4 I3=4 I4=5 I5=3 I6=4 I7=4 I8=4 min=3 mean=3.9 max=5 (471.7s)
[81/135] hidden=[48, 96, 192, 384] lr=0.0005 epochs=12000 npp=512 seed=42 ...
  Epoch     1/12000  loss=4.1925e-01  lr=5.00e-04  (0.1s)
    -> I1=3 I2=3 I3=3 I4=4 I5=3 I6=3 I7=3 I8=4 min=3 mean=3.2 max=4 (910.3s)
[82/135] hidden=[48, 96, 192, 384] lr=0.0005 epochs=12000 npp=512 seed=137 ...
  Epoch     1/12000  loss=3.4977e-01  lr=5.00e-04  (0.1s)
    -> I1=4 I2=4 I3=4 I4=6 I5=6 I6=4 I7=4 I8=5 min=4 mean=4.6 max=6 (910.2s)
[83/135] hidden=[48, 96, 192, 384] lr=0.0005 epochs=12000 npp=512 seed=2024 ...
  Epoch     1/12000  loss=3.5111e-01  lr=5.00e-04  (0.1s)
    -> I1=4 I2=4 I3=5 I4=4 I5=4 I6=4 I7=4 I8=4 min=4 mean=4.1 max=5 (910.2s)
[84/135] hidden=[48, 96, 192, 384] lr=0.0005 epochs=12000 npp=512 seed=7 ...
  Epoch     1/12000  loss=4.3520e-01  lr=5.00e-04  (0.1s)
    -> I1=3 I2=3 I3=3 I4=4 I5=3 I6=3 I7=3 I8=4 min=3 mean=3.2 max=4 (910.1s)
[85/135] hidden=[48, 96, 192, 384] lr=0.0005 epochs=12000 npp=512 seed=999 ...
  Epoch     1/12000  loss=4.4667e-01  lr=5.00e-04  (0.1s)
    -> I1=4 I2=4 I3=4 I4=4 I5=4 I6=4 I7=4 I8=4 min=4 mean=4.0 max=4 (910.2s)
[86/135] hidden=[48, 96, 192, 384] lr=0.0005 epochs=12000 npp=1024 seed=42 ...
  Epoch     1/12000  loss=3.7993e-01  lr=5.00e-04  (0.2s)
    -> I1=3 I2=3 I3=3 I4=3 I5=3 I6=3 I7=3 I8=3 min=3 mean=3.0 max=3 (1868.3s)
[87/135] hidden=[48, 96, 192, 384] lr=0.0005 epochs=12000 npp=1024 seed=137 ...
  Epoch     1/12000  loss=3.5661e-01  lr=5.00e-04  (0.2s)
