SKULD is using device: cuda

  Run started : 2026-10-02 11:15
  Device      : cuda

  Architecture : SINHREN v2  [128, 128, 128]  (omega_0=1.0)
  Parameters   : 34,178
  Output scale : 1.000e+00 (learnable)
  Epoch     1/8000  loss=3.6398e-01  lr=5.00e-04  (0.2s)
  Epoch  1000/8000  loss=1.6532e-01  lr=4.83e-04  (9.9s)
  Epoch  2000/8000  loss=1.4354e-01  lr=4.34e-04  (18.8s)
  Epoch  3000/8000  loss=1.4535e-01  lr=3.61e-04  (27.6s)
  Epoch  4000/8000  loss=1.2395e-01  lr=2.75e-04  (36.4s)
  Epoch  5000/8000  loss=1.2424e-01  lr=1.89e-04  (45.3s)
  Epoch  6000/8000  loss=1.2024e-01  lr=1.16e-04  (54.2s)
  Epoch  7000/8000  loss=1.0487e-01  lr=6.71e-05  (63.1s)
  Epoch  8000/8000  loss=9.8566e-02  lr=5.00e-05  (72.0s)

Computing reference values (scipy) ...

  (0,0,1,2):  1.024334e+00  +/-  1.1e-13
  (0,1,1,2):  3.758095e-01  +/-  1.3e-13
  (1,0,1,2):  3.758095e-01  +/-  1.6e-13
  (1,1,1,2):  1.142569e-01  +/-  8.7e-14
  (0,0,2,3):  8.247579e-01  +/-  1.1e-13
  (0,1,2,3):  3.074143e-01  +/-  1.5e-13
  (1,0,2,3):  3.074143e-01  +/-  1.6e-13
  (1,1,2,3):  9.614571e-02  +/-  9.1e-14

====================================================================================
   (a,b,m,n)         NNI            scipy         |delta|    |delta|/ref  Digits
====================================================================================
   (0,0,1,2)       1.188923e+00    1.024334e+00    1.646e-01  1.607e-01    1   
   (0,1,1,2)       4.486232e-01    3.758095e-01    7.281e-02  1.938e-01    2   
   (1,0,1,2)       4.731336e-01    3.758095e-01    9.732e-02  2.590e-01    2   
   (1,1,1,2)       1.461235e-01    1.142569e-01    3.187e-02  2.789e-01    2   
   (0,0,2,3)       1.024899e+00    8.247579e-01    2.001e-01  2.427e-01    1   
   (0,1,2,3)       3.675598e-01    3.074143e-01    6.015e-02  1.956e-01    2   
   (1,0,2,3)       4.004940e-01    3.074143e-01    9.308e-02  3.028e-01    2   
   (1,1,2,3)       1.255721e-01    9.614571e-02    2.943e-02  3.061e-01    2   
====================================================================================

  Final loss   : 9.8566e-02
  Minimum loss : 8.5267e-02
  Loss @ epoch 1: 3.6398e-01

  Run finished : 2026-10-02 11:17

  Log saved -> /zfs/store1.hydra.local/user/g/gshipunv/integral/project-skuld/research/experiments/flat/15-sinhren-integrator/../../../results/flat/15-sinhren-integrator/results_sinhren_v2_2026-10-02_11-15.out
