==================================================================
Job ID:     2474324
Script:     /lustre/projects/g/gshipunv/project-skuld/research/experiments/grid/15-conv-integrator-sweep/conv_sweep.py
Arguments:  --num-gpus 4
Log file:   /lustre/projects/g/gshipunv/project-skuld/research/results/grid/15-conv-integrator-sweep/slurm-2474324.log
Python:     /zfs/store1.hydra.local/user/g/gshipunv/.conda/envs/jasher-lustre/bin/python
PYTHONPATH: /lustre/projects/g/gshipunv/project-skuld/research:/lustre/projects/g/gshipunv/project-skuld:/lustre/projects/g/gshipunv/project-skuld/research/experiments/grid/15-conv-integrator-sweep:
==================================================================
SKULD is using device: cuda

========================================================================
  CONV INTEGRATOR SWEEP  —  108 configs × 5 seeds = 540 total runs
  GPU 1/4  —  processing runs [135:270] = 135 runs, device=cuda
========================================================================

Computing scipy reference integrals (shared across all configs)...
Done.

[1/135] hidden=[32, 64, 128, 256] lr=0.0005 epochs=2000 npp=256 seed=42 ...
  Epoch     1/2000  loss=3.4532e-01  lr=5.00e-04  (0.4s)
    -> I1=3 I2=3 I3=4 I4=5 I5=3 I6=4 I7=3 I8=4 min=3 mean=3.6 max=5 (59.5s)
[2/135] hidden=[32, 64, 128, 256] lr=0.0005 epochs=2000 npp=256 seed=137 ...
  Epoch     1/2000  loss=4.4491e-01  lr=5.00e-04  (0.0s)
    -> I1=3 I2=4 I3=4 I4=5 I5=4 I6=4 I7=3 I8=4 min=3 mean=3.9 max=5 (57.2s)
[3/135] hidden=[32, 64, 128, 256] lr=0.0005 epochs=2000 npp=256 seed=2024 ...
  Epoch     1/2000  loss=3.2172e-01  lr=5.00e-04  (0.0s)
    -> I1=3 I2=3 I3=3 I4=3 I5=3 I6=3 I7=3 I8=3 min=3 mean=3.0 max=3 (57.2s)
[4/135] hidden=[32, 64, 128, 256] lr=0.0005 epochs=2000 npp=256 seed=7 ...
  Epoch     1/2000  loss=3.5039e-01  lr=5.00e-04  (0.0s)
    -> I1=2 I2=3 I3=3 I4=4 I5=2 I6=3 I7=3 I8=4 min=2 mean=3.0 max=4 (57.2s)
[5/135] hidden=[32, 64, 128, 256] lr=0.0005 epochs=2000 npp=256 seed=999 ...
  Epoch     1/2000  loss=3.7966e-01  lr=5.00e-04  (0.0s)
    -> I1=2 I2=3 I3=2 I4=3 I5=2 I6=3 I7=3 I8=3 min=2 mean=2.6 max=3 (57.2s)
[6/135] hidden=[32, 64, 128, 256] lr=0.0005 epochs=2000 npp=512 seed=42 ...
  Epoch     1/2000  loss=3.6440e-01  lr=5.00e-04  (0.1s)
    -> I1=2 I2=3 I3=3 I4=4 I5=2 I6=3 I7=4 I8=3 min=2 mean=3.0 max=4 (94.8s)
[7/135] hidden=[32, 64, 128, 256] lr=0.0005 epochs=2000 npp=512 seed=137 ...
  Epoch     1/2000  loss=3.6008e-01  lr=5.00e-04  (0.1s)
    -> I1=3 I2=3 I3=2 I4=3 I5=2 I6=3 I7=3 I8=3 min=2 mean=2.8 max=3 (94.6s)
[8/135] hidden=[32, 64, 128, 256] lr=0.0005 epochs=2000 npp=512 seed=2024 ...
  Epoch     1/2000  loss=3.3523e-01  lr=5.00e-04  (0.1s)
    -> I1=3 I2=3 I3=3 I4=3 I5=3 I6=4 I7=3 I8=3 min=3 mean=3.1 max=4 (94.7s)
[9/135] hidden=[32, 64, 128, 256] lr=0.0005 epochs=2000 npp=512 seed=7 ...
  Epoch     1/2000  loss=3.7161e-01  lr=5.00e-04  (0.1s)
    -> I1=4 I2=3 I3=3 I4=5 I5=3 I6=4 I7=3 I8=4 min=3 mean=3.6 max=5 (94.7s)
[10/135] hidden=[32, 64, 128, 256] lr=0.0005 epochs=2000 npp=512 seed=999 ...
  Epoch     1/2000  loss=4.0386e-01  lr=5.00e-04  (0.1s)
    -> I1=3 I2=3 I3=3 I4=4 I5=2 I6=3 I7=3 I8=4 min=2 mean=3.1 max=4 (94.7s)
[11/135] hidden=[32, 64, 128, 256] lr=0.0005 epochs=2000 npp=1024 seed=42 ...
  Epoch     1/2000  loss=3.5507e-01  lr=5.00e-04  (0.2s)
    -> I1=3 I2=3 I3=3 I4=3 I5=3 I6=3 I7=3 I8=3 min=3 mean=3.0 max=3 (190.6s)
[12/135] hidden=[32, 64, 128, 256] lr=0.0005 epochs=2000 npp=1024 seed=137 ...
  Epoch     1/2000  loss=3.7201e-01  lr=5.00e-04  (0.1s)
    -> I1=2 I2=3 I3=3 I4=5 I5=2 I6=3 I7=3 I8=4 min=2 mean=3.1 max=5 (190.5s)
[13/135] hidden=[32, 64, 128, 256] lr=0.0005 epochs=2000 npp=1024 seed=2024 ...
  Epoch     1/2000  loss=3.3892e-01  lr=5.00e-04  (0.1s)
    -> I1=2 I2=3 I3=3 I4=4 I5=2 I6=3 I7=4 I8=4 min=2 mean=3.1 max=4 (190.6s)
[14/135] hidden=[32, 64, 128, 256] lr=0.0005 epochs=2000 npp=1024 seed=7 ...
  Epoch     1/2000  loss=3.4888e-01  lr=5.00e-04  (0.1s)
    -> I1=3 I2=3 I3=3 I4=4 I5=2 I6=3 I7=4 I8=4 min=2 mean=3.2 max=4 (190.7s)
[15/135] hidden=[32, 64, 128, 256] lr=0.0005 epochs=2000 npp=1024 seed=999 ...
  Epoch     1/2000  loss=3.9770e-01  lr=5.00e-04  (0.1s)
    -> I1=4 I2=3 I3=3 I4=3 I5=3 I6=4 I7=3 I8=3 min=3 mean=3.2 max=4 (190.7s)
[16/135] hidden=[32, 64, 128, 256] lr=0.001 epochs=2000 npp=256 seed=42 ...
  Epoch     1/2000  loss=3.4532e-01  lr=1.00e-03  (0.0s)
    -> I1=4 I2=3 I3=4 I4=4 I5=4 I6=4 I7=3 I8=4 min=3 mean=3.8 max=4 (57.4s)
[17/135] hidden=[32, 64, 128, 256] lr=0.001 epochs=2000 npp=256 seed=137 ...
  Epoch     1/2000  loss=4.4491e-01  lr=1.00e-03  (0.0s)
    -> I1=4 I2=4 I3=4 I4=3 I5=3 I6=4 I7=3 I8=4 min=3 mean=3.6 max=4 (57.3s)
[18/135] hidden=[32, 64, 128, 256] lr=0.001 epochs=2000 npp=256 seed=2024 ...
  Epoch     1/2000  loss=3.2172e-01  lr=1.00e-03  (0.0s)
    -> I1=4 I2=4 I3=3 I4=4 I5=4 I6=5 I7=4 I8=4 min=3 mean=4.0 max=5 (57.4s)
[19/135] hidden=[32, 64, 128, 256] lr=0.001 epochs=2000 npp=256 seed=7 ...
  Epoch     1/2000  loss=3.5039e-01  lr=1.00e-03  (0.0s)
    -> I1=2 I2=3 I3=3 I4=4 I5=2 I6=3 I7=3 I8=4 min=2 mean=3.0 max=4 (57.3s)
[20/135] hidden=[32, 64, 128, 256] lr=0.001 epochs=2000 npp=256 seed=999 ...
  Epoch     1/2000  loss=3.7966e-01  lr=1.00e-03  (0.0s)
    -> I1=3 I2=3 I3=3 I4=3 I5=2 I6=3 I7=3 I8=3 min=2 mean=2.9 max=3 (57.3s)
[21/135] hidden=[32, 64, 128, 256] lr=0.001 epochs=2000 npp=512 seed=42 ...
  Epoch     1/2000  loss=3.6440e-01  lr=1.00e-03  (0.1s)
    -> I1=3 I2=3 I3=3 I4=4 I5=4 I6=4 I7=3 I8=4 min=3 mean=3.5 max=4 (94.8s)
[22/135] hidden=[32, 64, 128, 256] lr=0.001 epochs=2000 npp=512 seed=137 ...
  Epoch     1/2000  loss=3.6008e-01  lr=1.00e-03  (0.1s)
    -> I1=3 I2=3 I3=3 I4=4 I5=3 I6=4 I7=3 I8=3 min=3 mean=3.2 max=4 (94.8s)
[23/135] hidden=[32, 64, 128, 256] lr=0.001 epochs=2000 npp=512 seed=2024 ...
  Epoch     1/2000  loss=3.3523e-01  lr=1.00e-03  (0.1s)
    -> I1=3 I2=4 I3=4 I4=4 I5=5 I6=4 I7=4 I8=5 min=3 mean=4.1 max=5 (94.8s)
[24/135] hidden=[32, 64, 128, 256] lr=0.001 epochs=2000 npp=512 seed=7 ...
  Epoch     1/2000  loss=3.7161e-01  lr=1.00e-03  (0.1s)
    -> I1=3 I2=3 I3=3 I4=3 I5=3 I6=3 I7=3 I8=3 min=3 mean=3.0 max=3 (94.8s)
[25/135] hidden=[32, 64, 128, 256] lr=0.001 epochs=2000 npp=512 seed=999 ...
  Epoch     1/2000  loss=4.0386e-01  lr=1.00e-03  (0.1s)
    -> I1=2 I2=3 I3=3 I4=4 I5=2 I6=3 I7=3 I8=4 min=2 mean=3.0 max=4 (94.8s)
[26/135] hidden=[32, 64, 128, 256] lr=0.001 epochs=2000 npp=1024 seed=42 ...
  Epoch     1/2000  loss=3.5507e-01  lr=1.00e-03  (0.1s)
    -> I1=2 I2=3 I3=3 I4=3 I5=2 I6=3 I7=3 I8=3 min=2 mean=2.8 max=3 (190.6s)
[27/135] hidden=[32, 64, 128, 256] lr=0.001 epochs=2000 npp=1024 seed=137 ...
  Epoch     1/2000  loss=3.7201e-01  lr=1.00e-03  (0.1s)
    -> I1=3 I2=3 I3=4 I4=4 I5=3 I6=3 I7=3 I8=4 min=3 mean=3.4 max=4 (190.6s)
[28/135] hidden=[32, 64, 128, 256] lr=0.001 epochs=2000 npp=1024 seed=2024 ...
  Epoch     1/2000  loss=3.3892e-01  lr=1.00e-03  (0.1s)
    -> I1=3 I2=4 I3=4 I4=4 I5=3 I6=4 I7=4 I8=4 min=3 mean=3.8 max=4 (190.6s)
[29/135] hidden=[32, 64, 128, 256] lr=0.001 epochs=2000 npp=1024 seed=7 ...
  Epoch     1/2000  loss=3.4888e-01  lr=1.00e-03  (0.1s)
    -> I1=3 I2=3 I3=3 I4=4 I5=3 I6=3 I7=3 I8=4 min=3 mean=3.2 max=4 (190.6s)
[30/135] hidden=[32, 64, 128, 256] lr=0.001 epochs=2000 npp=1024 seed=999 ...
  Epoch     1/2000  loss=3.9770e-01  lr=1.00e-03  (0.1s)
    -> I1=3 I2=5 I3=3 I4=4 I5=3 I6=4 I7=3 I8=4 min=3 mean=3.6 max=5 (190.5s)
[31/135] hidden=[32, 64, 128, 256] lr=0.002 epochs=2000 npp=256 seed=42 ...
  Epoch     1/2000  loss=3.4532e-01  lr=2.00e-03  (0.0s)
    -> I1=2 I2=3 I3=3 I4=4 I5=2 I6=3 I7=3 I8=3 min=2 mean=2.9 max=4 (57.2s)
[32/135] hidden=[32, 64, 128, 256] lr=0.002 epochs=2000 npp=256 seed=137 ...
  Epoch     1/2000  loss=4.4491e-01  lr=2.00e-03  (0.0s)
    -> I1=3 I2=5 I3=3 I4=4 I5=3 I6=4 I7=3 I8=4 min=3 mean=3.6 max=5 (57.2s)
[33/135] hidden=[32, 64, 128, 256] lr=0.002 epochs=2000 npp=256 seed=2024 ...
  Epoch     1/2000  loss=3.2172e-01  lr=2.00e-03  (0.0s)
    -> I1=3 I2=3 I3=3 I4=3 I5=3 I6=4 I7=3 I8=3 min=3 mean=3.1 max=4 (57.2s)
[34/135] hidden=[32, 64, 128, 256] lr=0.002 epochs=2000 npp=256 seed=7 ...
  Epoch     1/2000  loss=3.5039e-01  lr=2.00e-03  (0.0s)
    -> I1=2 I2=3 I3=3 I4=3 I5=2 I6=3 I7=3 I8=3 min=2 mean=2.8 max=3 (57.2s)
[35/135] hidden=[32, 64, 128, 256] lr=0.002 epochs=2000 npp=256 seed=999 ...
  Epoch     1/2000  loss=3.7966e-01  lr=2.00e-03  (0.0s)
    -> I1=3 I2=4 I3=3 I4=4 I5=3 I6=4 I7=3 I8=4 min=3 mean=3.5 max=4 (57.2s)
[36/135] hidden=[32, 64, 128, 256] lr=0.002 epochs=2000 npp=512 seed=42 ...
  Epoch     1/2000  loss=3.6440e-01  lr=2.00e-03  (0.1s)
    -> I1=3 I2=4 I3=4 I4=4 I5=3 I6=4 I7=3 I8=4 min=3 mean=3.6 max=4 (94.7s)
[37/135] hidden=[32, 64, 128, 256] lr=0.002 epochs=2000 npp=512 seed=137 ...
  Epoch     1/2000  loss=3.6008e-01  lr=2.00e-03  (0.1s)
    -> I1=3 I2=4 I3=3 I4=4 I5=3 I6=4 I7=3 I8=4 min=3 mean=3.5 max=4 (94.7s)
[38/135] hidden=[32, 64, 128, 256] lr=0.002 epochs=2000 npp=512 seed=2024 ...
  Epoch     1/2000  loss=3.3523e-01  lr=2.00e-03  (0.1s)
    -> I1=3 I2=4 I3=3 I4=5 I5=3 I6=4 I7=4 I8=5 min=3 mean=3.9 max=5 (94.8s)
[39/135] hidden=[32, 64, 128, 256] lr=0.002 epochs=2000 npp=512 seed=7 ...
  Epoch     1/2000  loss=3.7161e-01  lr=2.00e-03  (0.1s)
    -> I1=3 I2=3 I3=3 I4=3 I5=3 I6=3 I7=3 I8=3 min=3 mean=3.0 max=3 (94.8s)
[40/135] hidden=[32, 64, 128, 256] lr=0.002 epochs=2000 npp=512 seed=999 ...
  Epoch     1/2000  loss=4.0386e-01  lr=2.00e-03  (0.1s)
    -> I1=2 I2=3 I3=3 I4=3 I5=2 I6=3 I7=3 I8=4 min=2 mean=2.9 max=4 (94.8s)
[41/135] hidden=[32, 64, 128, 256] lr=0.002 epochs=2000 npp=1024 seed=42 ...
  Epoch     1/2000  loss=3.5507e-01  lr=2.00e-03  (0.1s)
    -> I1=3 I2=3 I3=3 I4=3 I5=3 I6=3 I7=3 I8=3 min=3 mean=3.0 max=3 (190.7s)
[42/135] hidden=[32, 64, 128, 256] lr=0.002 epochs=2000 npp=1024 seed=137 ...
  Epoch     1/2000  loss=3.7201e-01  lr=2.00e-03  (0.1s)
    -> I1=3 I2=3 I3=4 I4=4 I5=3 I6=3 I7=4 I8=4 min=3 mean=3.5 max=4 (190.7s)
[43/135] hidden=[32, 64, 128, 256] lr=0.002 epochs=2000 npp=1024 seed=2024 ...
  Epoch     1/2000  loss=3.3892e-01  lr=2.00e-03  (0.1s)
    -> I1=4 I2=5 I3=4 I4=4 I5=4 I6=4 I7=4 I8=4 min=4 mean=4.1 max=5 (190.8s)
[44/135] hidden=[32, 64, 128, 256] lr=0.002 epochs=2000 npp=1024 seed=7 ...
  Epoch     1/2000  loss=3.4888e-01  lr=2.00e-03  (0.1s)
    -> I1=3 I2=4 I3=4 I4=4 I5=3 I6=4 I7=4 I8=5 min=3 mean=3.9 max=5 (190.8s)
[45/135] hidden=[32, 64, 128, 256] lr=0.002 epochs=2000 npp=1024 seed=999 ...
  Epoch     1/2000  loss=3.9770e-01  lr=2.00e-03  (0.1s)
    -> I1=3 I2=4 I3=4 I4=4 I5=4 I6=6 I7=4 I8=4 min=3 mean=4.1 max=6 (190.8s)
[46/135] hidden=[32, 64, 128, 256] lr=0.0005 epochs=4000 npp=256 seed=42 ...
  Epoch     1/4000  loss=3.4532e-01  lr=5.00e-04  (0.0s)
    -> I1=3 I2=4 I3=3 I4=5 I5=3 I6=4 I7=4 I8=4 min=3 mean=3.8 max=5 (114.6s)
[47/135] hidden=[32, 64, 128, 256] lr=0.0005 epochs=4000 npp=256 seed=137 ...
  Epoch     1/4000  loss=4.4491e-01  lr=5.00e-04  (0.0s)
    -> I1=3 I2=4 I3=3 I4=4 I5=3 I6=4 I7=4 I8=4 min=3 mean=3.6 max=4 (114.6s)
[48/135] hidden=[32, 64, 128, 256] lr=0.0005 epochs=4000 npp=256 seed=2024 ...
  Epoch     1/4000  loss=3.2172e-01  lr=5.00e-04  (0.0s)
    -> I1=4 I2=3 I3=4 I4=5 I5=4 I6=3 I7=4 I8=4 min=3 mean=3.9 max=5 (114.5s)
[49/135] hidden=[32, 64, 128, 256] lr=0.0005 epochs=4000 npp=256 seed=7 ...
  Epoch     1/4000  loss=3.5039e-01  lr=5.00e-04  (0.0s)
    -> I1=3 I2=3 I3=3 I4=4 I5=4 I6=4 I7=3 I8=4 min=3 mean=3.5 max=4 (114.5s)
[50/135] hidden=[32, 64, 128, 256] lr=0.0005 epochs=4000 npp=256 seed=999 ...
  Epoch     1/4000  loss=3.7966e-01  lr=5.00e-04  (0.0s)
    -> I1=3 I2=3 I3=4 I4=4 I5=3 I6=3 I7=4 I8=4 min=3 mean=3.5 max=4 (114.5s)
[51/135] hidden=[32, 64, 128, 256] lr=0.0005 epochs=4000 npp=512 seed=42 ...
  Epoch     1/4000  loss=3.6440e-01  lr=5.00e-04  (0.1s)
    -> I1=3 I2=4 I3=4 I4=4 I5=3 I6=4 I7=3 I8=4 min=3 mean=3.6 max=4 (189.6s)
[52/135] hidden=[32, 64, 128, 256] lr=0.0005 epochs=4000 npp=512 seed=137 ...
  Epoch     1/4000  loss=3.6008e-01  lr=5.00e-04  (0.1s)
    -> I1=4 I2=3 I3=3 I4=4 I5=3 I6=3 I7=4 I8=3 min=3 mean=3.4 max=4 (189.6s)
[53/135] hidden=[32, 64, 128, 256] lr=0.0005 epochs=4000 npp=512 seed=2024 ...
  Epoch     1/4000  loss=3.3523e-01  lr=5.00e-04  (0.1s)
    -> I1=3 I2=3 I3=3 I4=4 I5=3 I6=4 I7=3 I8=4 min=3 mean=3.4 max=4 (189.5s)
[54/135] hidden=[32, 64, 128, 256] lr=0.0005 epochs=4000 npp=512 seed=7 ...
  Epoch     1/4000  loss=3.7161e-01  lr=5.00e-04  (0.1s)
    -> I1=3 I2=4 I3=3 I4=5 I5=3 I6=5 I7=3 I8=4 min=3 mean=3.8 max=5 (189.6s)
[55/135] hidden=[32, 64, 128, 256] lr=0.0005 epochs=4000 npp=512 seed=999 ...
  Epoch     1/4000  loss=4.0386e-01  lr=5.00e-04  (0.1s)
    -> I1=3 I2=3 I3=3 I4=4 I5=3 I6=3 I7=3 I8=4 min=3 mean=3.2 max=4 (189.6s)
[56/135] hidden=[32, 64, 128, 256] lr=0.0005 epochs=4000 npp=1024 seed=42 ...
  Epoch     1/4000  loss=3.5507e-01  lr=5.00e-04  (0.1s)
    -> I1=2 I2=3 I3=3 I4=3 I5=3 I6=3 I7=3 I8=3 min=2 mean=2.9 max=3 (381.4s)
[57/135] hidden=[32, 64, 128, 256] lr=0.0005 epochs=4000 npp=1024 seed=137 ...
  Epoch     1/4000  loss=3.7201e-01  lr=5.00e-04  (0.1s)
    -> I1=4 I2=4 I3=3 I4=4 I5=4 I6=4 I7=4 I8=4 min=3 mean=3.9 max=4 (381.4s)
[58/135] hidden=[32, 64, 128, 256] lr=0.0005 epochs=4000 npp=1024 seed=2024 ...
  Epoch     1/4000  loss=3.3892e-01  lr=5.00e-04  (0.1s)
    -> I1=4 I2=4 I3=4 I4=5 I5=3 I6=4 I7=3 I8=4 min=3 mean=3.9 max=5 (381.6s)
[59/135] hidden=[32, 64, 128, 256] lr=0.0005 epochs=4000 npp=1024 seed=7 ...
  Epoch     1/4000  loss=3.4888e-01  lr=5.00e-04  (0.1s)
    -> I1=3 I2=3 I3=3 I4=4 I5=3 I6=4 I7=3 I8=4 min=3 mean=3.4 max=4 (381.6s)
[60/135] hidden=[32, 64, 128, 256] lr=0.0005 epochs=4000 npp=1024 seed=999 ...
  Epoch     1/4000  loss=3.9770e-01  lr=5.00e-04  (0.1s)
    -> I1=3 I2=4 I3=5 I4=4 I5=3 I6=5 I7=3 I8=4 min=3 mean=3.9 max=5 (381.6s)
[61/135] hidden=[32, 64, 128, 256] lr=0.001 epochs=4000 npp=256 seed=42 ...
  Epoch     1/4000  loss=3.4532e-01  lr=1.00e-03  (0.0s)
    -> I1=3 I2=3 I3=3 I4=4 I5=3 I6=3 I7=3 I8=3 min=3 mean=3.1 max=4 (114.5s)
[62/135] hidden=[32, 64, 128, 256] lr=0.001 epochs=4000 npp=256 seed=137 ...
  Epoch     1/4000  loss=4.4491e-01  lr=1.00e-03  (0.0s)
    -> I1=4 I2=3 I3=3 I4=4 I5=3 I6=3 I7=4 I8=4 min=3 mean=3.5 max=4 (114.5s)
[63/135] hidden=[32, 64, 128, 256] lr=0.001 epochs=4000 npp=256 seed=2024 ...
  Epoch     1/4000  loss=3.2172e-01  lr=1.00e-03  (0.0s)
    -> I1=3 I2=4 I3=3 I4=4 I5=3 I6=5 I7=5 I8=4 min=3 mean=3.9 max=5 (114.6s)
[64/135] hidden=[32, 64, 128, 256] lr=0.001 epochs=4000 npp=256 seed=7 ...
  Epoch     1/4000  loss=3.5039e-01  lr=1.00e-03  (0.0s)
    -> I1=3 I2=4 I3=3 I4=4 I5=3 I6=3 I7=3 I8=4 min=3 mean=3.4 max=4 (114.6s)
[65/135] hidden=[32, 64, 128, 256] lr=0.001 epochs=4000 npp=256 seed=999 ...
  Epoch     1/4000  loss=3.7966e-01  lr=1.00e-03  (0.0s)
    -> I1=4 I2=4 I3=4 I4=4 I5=4 I6=4 I7=3 I8=4 min=3 mean=3.9 max=4 (114.6s)
[66/135] hidden=[32, 64, 128, 256] lr=0.001 epochs=4000 npp=512 seed=42 ...
  Epoch     1/4000  loss=3.6440e-01  lr=1.00e-03  (0.1s)
    -> I1=3 I2=3 I3=4 I4=4 I5=4 I6=4 I7=4 I8=4 min=3 mean=3.8 max=4 (189.7s)
[67/135] hidden=[32, 64, 128, 256] lr=0.001 epochs=4000 npp=512 seed=137 ...
  Epoch     1/4000  loss=3.6008e-01  lr=1.00e-03  (0.1s)
    -> I1=3 I2=4 I3=3 I4=4 I5=3 I6=3 I7=3 I8=4 min=3 mean=3.4 max=4 (189.7s)
[68/135] hidden=[32, 64, 128, 256] lr=0.001 epochs=4000 npp=512 seed=2024 ...
  Epoch     1/4000  loss=3.3523e-01  lr=1.00e-03  (0.1s)
    -> I1=3 I2=4 I3=4 I4=4 I5=3 I6=5 I7=3 I8=4 min=3 mean=3.8 max=5 (189.7s)
[69/135] hidden=[32, 64, 128, 256] lr=0.001 epochs=4000 npp=512 seed=7 ...
  Epoch     1/4000  loss=3.7161e-01  lr=1.00e-03  (0.1s)
    -> I1=3 I2=4 I3=3 I4=4 I5=3 I6=4 I7=3 I8=4 min=3 mean=3.5 max=4 (189.6s)
[70/135] hidden=[32, 64, 128, 256] lr=0.001 epochs=4000 npp=512 seed=999 ...
  Epoch     1/4000  loss=4.0386e-01  lr=1.00e-03  (0.1s)
    -> I1=3 I2=4 I3=4 I4=6 I5=4 I6=4 I7=3 I8=5 min=3 mean=4.1 max=6 (189.6s)
[71/135] hidden=[32, 64, 128, 256] lr=0.001 epochs=4000 npp=1024 seed=42 ...
  Epoch     1/4000  loss=3.5507e-01  lr=1.00e-03  (0.1s)
    -> I1=4 I2=4 I3=4 I4=5 I5=4 I6=4 I7=4 I8=5 min=4 mean=4.2 max=5 (381.3s)
[72/135] hidden=[32, 64, 128, 256] lr=0.001 epochs=4000 npp=1024 seed=137 ...
  Epoch     1/4000  loss=3.7201e-01  lr=1.00e-03  (0.1s)
    -> I1=4 I2=4 I3=4 I4=4 I5=3 I6=4 I7=4 I8=4 min=3 mean=3.9 max=4 (381.3s)
[73/135] hidden=[32, 64, 128, 256] lr=0.001 epochs=4000 npp=1024 seed=2024 ...
  Epoch     1/4000  loss=3.3892e-01  lr=1.00e-03  (0.1s)
    -> I1=3 I2=3 I3=3 I4=4 I5=3 I6=3 I7=3 I8=4 min=3 mean=3.2 max=4 (381.3s)
[74/135] hidden=[32, 64, 128, 256] lr=0.001 epochs=4000 npp=1024 seed=7 ...
  Epoch     1/4000  loss=3.4888e-01  lr=1.00e-03  (0.1s)
    -> I1=3 I2=3 I3=3 I4=3 I5=3 I6=3 I7=3 I8=4 min=3 mean=3.1 max=4 (381.2s)
[75/135] hidden=[32, 64, 128, 256] lr=0.001 epochs=4000 npp=1024 seed=999 ...
  Epoch     1/4000  loss=3.9770e-01  lr=1.00e-03  (0.1s)
    -> I1=3 I2=4 I3=3 I4=4 I5=3 I6=4 I7=4 I8=4 min=3 mean=3.6 max=4 (381.4s)
[76/135] hidden=[32, 64, 128, 256] lr=0.002 epochs=4000 npp=256 seed=42 ...
  Epoch     1/4000  loss=3.4532e-01  lr=2.00e-03  (0.0s)
    -> I1=2 I2=3 I3=3 I4=3 I5=2 I6=3 I7=3 I8=3 min=2 mean=2.8 max=3 (114.6s)
[77/135] hidden=[32, 64, 128, 256] lr=0.002 epochs=4000 npp=256 seed=137 ...
  Epoch     1/4000  loss=4.4491e-01  lr=2.00e-03  (0.0s)
    -> I1=3 I2=3 I3=4 I4=4 I5=3 I6=3 I7=4 I8=6 min=3 mean=3.8 max=6 (114.6s)
[78/135] hidden=[32, 64, 128, 256] lr=0.002 epochs=4000 npp=256 seed=2024 ...
  Epoch     1/4000  loss=3.2172e-01  lr=2.00e-03  (0.0s)
    -> I1=3 I2=3 I3=3 I4=4 I5=3 I6=3 I7=3 I8=4 min=3 mean=3.2 max=4 (114.6s)
[79/135] hidden=[32, 64, 128, 256] lr=0.002 epochs=4000 npp=256 seed=7 ...
  Epoch     1/4000  loss=3.5039e-01  lr=2.00e-03  (0.0s)
    -> I1=3 I2=6 I3=3 I4=4 I5=3 I6=4 I7=3 I8=4 min=3 mean=3.8 max=6 (114.6s)
[80/135] hidden=[32, 64, 128, 256] lr=0.002 epochs=4000 npp=256 seed=999 ...
  Epoch     1/4000  loss=3.7966e-01  lr=2.00e-03  (0.0s)
    -> I1=2 I2=3 I3=3 I4=4 I5=3 I6=3 I7=3 I8=4 min=2 mean=3.1 max=4 (114.6s)
[81/135] hidden=[32, 64, 128, 256] lr=0.002 epochs=4000 npp=512 seed=42 ...
  Epoch     1/4000  loss=3.6440e-01  lr=2.00e-03  (0.1s)
    -> I1=3 I2=4 I3=3 I4=5 I5=3 I6=4 I7=3 I8=5 min=3 mean=3.8 max=5 (189.8s)
[82/135] hidden=[32, 64, 128, 256] lr=0.002 epochs=4000 npp=512 seed=137 ...
  Epoch     1/4000  loss=3.6008e-01  lr=2.00e-03  (0.1s)
    -> I1=3 I2=3 I3=3 I4=3 I5=3 I6=4 I7=3 I8=4 min=3 mean=3.2 max=4 (189.8s)
[83/135] hidden=[32, 64, 128, 256] lr=0.002 epochs=4000 npp=512 seed=2024 ...
  Epoch     1/4000  loss=3.3523e-01  lr=2.00e-03  (0.1s)
    -> I1=3 I2=4 I3=3 I4=4 I5=3 I6=4 I7=4 I8=5 min=3 mean=3.8 max=5 (189.8s)
[84/135] hidden=[32, 64, 128, 256] lr=0.002 epochs=4000 npp=512 seed=7 ...
  Epoch     1/4000  loss=3.7161e-01  lr=2.00e-03  (0.1s)
    -> I1=3 I2=3 I3=3 I4=4 I5=3 I6=4 I7=4 I8=4 min=3 mean=3.5 max=4 (189.8s)
[85/135] hidden=[32, 64, 128, 256] lr=0.002 epochs=4000 npp=512 seed=999 ...
  Epoch     1/4000  loss=4.0386e-01  lr=2.00e-03  (0.1s)
    -> I1=4 I2=4 I3=4 I4=5 I5=3 I6=4 I7=4 I8=4 min=3 mean=4.0 max=5 (189.8s)
[86/135] hidden=[32, 64, 128, 256] lr=0.002 epochs=4000 npp=1024 seed=42 ...
  Epoch     1/4000  loss=3.5507e-01  lr=2.00e-03  (0.1s)
    -> I1=4 I2=4 I3=4 I4=4 I5=5 I6=4 I7=4 I8=5 min=4 mean=4.2 max=5 (381.5s)
[87/135] hidden=[32, 64, 128, 256] lr=0.002 epochs=4000 npp=1024 seed=137 ...
  Epoch     1/4000  loss=3.7201e-01  lr=2.00e-03  (0.1s)
    -> I1=3 I2=4 I3=3 I4=4 I5=3 I6=4 I7=3 I8=4 min=3 mean=3.5 max=4 (381.3s)
[88/135] hidden=[32, 64, 128, 256] lr=0.002 epochs=4000 npp=1024 seed=2024 ...
  Epoch     1/4000  loss=3.3892e-01  lr=2.00e-03  (0.1s)
    -> I1=4 I2=4 I3=4 I4=4 I5=4 I6=4 I7=4 I8=4 min=4 mean=4.0 max=4 (381.3s)
[89/135] hidden=[32, 64, 128, 256] lr=0.002 epochs=4000 npp=1024 seed=7 ...
  Epoch     1/4000  loss=3.4888e-01  lr=2.00e-03  (0.1s)
    -> I1=3 I2=3 I3=4 I4=4 I5=3 I6=3 I7=4 I8=4 min=3 mean=3.5 max=4 (381.2s)
[90/135] hidden=[32, 64, 128, 256] lr=0.002 epochs=4000 npp=1024 seed=999 ...
  Epoch     1/4000  loss=3.9770e-01  lr=2.00e-03  (0.1s)
    -> I1=3 I2=4 I3=3 I4=5 I5=3 I6=4 I7=3 I8=5 min=3 mean=3.8 max=5 (381.2s)
[91/135] hidden=[32, 64, 128, 256] lr=0.0005 epochs=8000 npp=256 seed=42 ...
  Epoch     1/8000  loss=3.4532e-01  lr=5.00e-04  (0.0s)
    -> I1=3 I2=4 I3=3 I4=4 I5=2 I6=3 I7=3 I8=4 min=2 mean=3.2 max=4 (228.8s)
[92/135] hidden=[32, 64, 128, 256] lr=0.0005 epochs=8000 npp=256 seed=137 ...
  Epoch     1/8000  loss=4.4491e-01  lr=5.00e-04  (0.0s)
    -> I1=3 I2=3 I3=4 I4=4 I5=3 I6=4 I7=3 I8=4 min=3 mean=3.5 max=4 (228.8s)
[93/135] hidden=[32, 64, 128, 256] lr=0.0005 epochs=8000 npp=256 seed=2024 ...
  Epoch     1/8000  loss=3.2172e-01  lr=5.00e-04  (0.0s)
    -> I1=4 I2=4 I3=4 I4=4 I5=3 I6=4 I7=4 I8=4 min=3 mean=3.9 max=4 (228.8s)
[94/135] hidden=[32, 64, 128, 256] lr=0.0005 epochs=8000 npp=256 seed=7 ...
  Epoch     1/8000  loss=3.5039e-01  lr=5.00e-04  (0.0s)
    -> I1=3 I2=4 I3=3 I4=4 I5=3 I6=3 I7=4 I8=4 min=3 mean=3.5 max=4 (228.8s)
[95/135] hidden=[32, 64, 128, 256] lr=0.0005 epochs=8000 npp=256 seed=999 ...
  Epoch     1/8000  loss=3.7966e-01  lr=5.00e-04  (0.0s)
    -> I1=3 I2=3 I3=3 I4=4 I5=3 I6=3 I7=3 I8=4 min=3 mean=3.2 max=4 (228.9s)
[96/135] hidden=[32, 64, 128, 256] lr=0.0005 epochs=8000 npp=512 seed=42 ...
  Epoch     1/8000  loss=3.6440e-01  lr=5.00e-04  (0.1s)
    -> I1=3 I2=4 I3=3 I4=4 I5=3 I6=4 I7=4 I8=5 min=3 mean=3.8 max=5 (379.0s)
[97/135] hidden=[32, 64, 128, 256] lr=0.0005 epochs=8000 npp=512 seed=137 ...
  Epoch     1/8000  loss=3.6008e-01  lr=5.00e-04  (0.1s)
    -> I1=4 I2=4 I3=4 I4=5 I5=3 I6=4 I7=3 I8=4 min=3 mean=3.9 max=5 (379.0s)
[98/135] hidden=[32, 64, 128, 256] lr=0.0005 epochs=8000 npp=512 seed=2024 ...
  Epoch     1/8000  loss=3.3523e-01  lr=5.00e-04  (0.1s)
    -> I1=3 I2=3 I3=3 I4=4 I5=3 I6=3 I7=3 I8=4 min=3 mean=3.2 max=4 (379.4s)
[99/135] hidden=[32, 64, 128, 256] lr=0.0005 epochs=8000 npp=512 seed=7 ...
  Epoch     1/8000  loss=3.7161e-01  lr=5.00e-04  (0.1s)
    -> I1=3 I2=4 I3=3 I4=5 I5=3 I6=4 I7=3 I8=4 min=3 mean=3.6 max=5 (379.6s)
[100/135] hidden=[32, 64, 128, 256] lr=0.0005 epochs=8000 npp=512 seed=999 ...
  Epoch     1/8000  loss=4.0386e-01  lr=5.00e-04  (0.1s)
    -> I1=3 I2=4 I3=3 I4=4 I5=3 I6=4 I7=3 I8=4 min=3 mean=3.5 max=4 (379.5s)
[101/135] hidden=[32, 64, 128, 256] lr=0.0005 epochs=8000 npp=1024 seed=42 ...
  Epoch     1/8000  loss=3.5507e-01  lr=5.00e-04  (0.1s)
    -> I1=3 I2=4 I3=3 I4=4 I5=3 I6=4 I7=3 I8=4 min=3 mean=3.5 max=4 (763.2s)
[102/135] hidden=[32, 64, 128, 256] lr=0.0005 epochs=8000 npp=1024 seed=137 ...
  Epoch     1/8000  loss=3.7201e-01  lr=5.00e-04  (0.1s)
    -> I1=4 I2=4 I3=4 I4=4 I5=4 I6=4 I7=4 I8=4 min=4 mean=4.0 max=4 (763.5s)
[103/135] hidden=[32, 64, 128, 256] lr=0.0005 epochs=8000 npp=1024 seed=2024 ...
  Epoch     1/8000  loss=3.3892e-01  lr=5.00e-04  (0.1s)
    -> I1=3 I2=4 I3=4 I4=4 I5=3 I6=4 I7=5 I8=4 min=3 mean=3.9 max=5 (763.3s)
[104/135] hidden=[32, 64, 128, 256] lr=0.0005 epochs=8000 npp=1024 seed=7 ...
  Epoch     1/8000  loss=3.4888e-01  lr=5.00e-04  (0.1s)
    -> I1=3 I2=4 I3=4 I4=5 I5=3 I6=4 I7=4 I8=5 min=3 mean=4.0 max=5 (763.2s)
[105/135] hidden=[32, 64, 128, 256] lr=0.0005 epochs=8000 npp=1024 seed=999 ...
  Epoch     1/8000  loss=3.9770e-01  lr=5.00e-04  (0.1s)
    -> I1=3 I2=3 I3=3 I4=4 I5=3 I6=4 I7=4 I8=5 min=3 mean=3.6 max=5 (763.4s)
[106/135] hidden=[32, 64, 128, 256] lr=0.001 epochs=8000 npp=256 seed=42 ...
  Epoch     1/8000  loss=3.4532e-01  lr=1.00e-03  (0.0s)
    -> I1=3 I2=3 I3=3 I4=3 I5=3 I6=3 I7=3 I8=3 min=3 mean=3.0 max=3 (229.2s)
[107/135] hidden=[32, 64, 128, 256] lr=0.001 epochs=8000 npp=256 seed=137 ...
  Epoch     1/8000  loss=4.4491e-01  lr=1.00e-03  (0.0s)
    -> I1=3 I2=3 I3=3 I4=4 I5=3 I6=4 I7=3 I8=4 min=3 mean=3.4 max=4 (228.9s)
[108/135] hidden=[32, 64, 128, 256] lr=0.001 epochs=8000 npp=256 seed=2024 ...
  Epoch     1/8000  loss=3.2172e-01  lr=1.00e-03  (0.0s)
    -> I1=3 I2=3 I3=3 I4=4 I5=3 I6=3 I7=3 I8=4 min=3 mean=3.2 max=4 (229.0s)
[109/135] hidden=[32, 64, 128, 256] lr=0.001 epochs=8000 npp=256 seed=7 ...
  Epoch     1/8000  loss=3.5039e-01  lr=1.00e-03  (0.0s)
    -> I1=4 I2=5 I3=4 I4=5 I5=3 I6=4 I7=4 I8=7 min=3 mean=4.5 max=7 (228.9s)
[110/135] hidden=[32, 64, 128, 256] lr=0.001 epochs=8000 npp=256 seed=999 ...
  Epoch     1/8000  loss=3.7966e-01  lr=1.00e-03  (0.0s)
    -> I1=3 I2=4 I3=4 I4=5 I5=4 I6=4 I7=4 I8=4 min=3 mean=4.0 max=5 (228.8s)
[111/135] hidden=[32, 64, 128, 256] lr=0.001 epochs=8000 npp=512 seed=42 ...
  Epoch     1/8000  loss=3.6440e-01  lr=1.00e-03  (0.1s)
    -> I1=4 I2=4 I3=4 I4=4 I5=4 I6=4 I7=3 I8=4 min=3 mean=3.9 max=4 (378.7s)
[112/135] hidden=[32, 64, 128, 256] lr=0.001 epochs=8000 npp=512 seed=137 ...
  Epoch     1/8000  loss=3.6008e-01  lr=1.00e-03  (0.1s)
    -> I1=4 I2=4 I3=4 I4=4 I5=4 I6=4 I7=4 I8=5 min=4 mean=4.1 max=5 (378.8s)
[113/135] hidden=[32, 64, 128, 256] lr=0.001 epochs=8000 npp=512 seed=2024 ...
  Epoch     1/8000  loss=3.3523e-01  lr=1.00e-03  (0.1s)
    -> I1=3 I2=3 I3=3 I4=4 I5=3 I6=3 I7=3 I8=3 min=3 mean=3.1 max=4 (378.8s)
[114/135] hidden=[32, 64, 128, 256] lr=0.001 epochs=8000 npp=512 seed=7 ...
  Epoch     1/8000  loss=3.7161e-01  lr=1.00e-03  (0.1s)
    -> I1=3 I2=3 I3=3 I4=4 I5=3 I6=3 I7=3 I8=4 min=3 mean=3.2 max=4 (378.8s)
[115/135] hidden=[32, 64, 128, 256] lr=0.001 epochs=8000 npp=512 seed=999 ...
  Epoch     1/8000  loss=4.0386e-01  lr=1.00e-03  (0.1s)
    -> I1=3 I2=4 I3=3 I4=4 I5=3 I6=4 I7=3 I8=4 min=3 mean=3.5 max=4 (378.8s)
[116/135] hidden=[32, 64, 128, 256] lr=0.001 epochs=8000 npp=1024 seed=42 ...
  Epoch     1/8000  loss=3.5507e-01  lr=1.00e-03  (0.1s)
    -> I1=3 I2=3 I3=3 I4=4 I5=3 I6=3 I7=3 I8=4 min=3 mean=3.2 max=4 (762.4s)
[117/135] hidden=[32, 64, 128, 256] lr=0.001 epochs=8000 npp=1024 seed=137 ...
  Epoch     1/8000  loss=3.7201e-01  lr=1.00e-03  (0.1s)
    -> I1=3 I2=3 I3=3 I4=4 I5=3 I6=3 I7=3 I8=4 min=3 mean=3.2 max=4 (762.5s)
[118/135] hidden=[32, 64, 128, 256] lr=0.001 epochs=8000 npp=1024 seed=2024 ...
  Epoch     1/8000  loss=3.3892e-01  lr=1.00e-03  (0.1s)
    -> I1=3 I2=4 I3=3 I4=4 I5=3 I6=4 I7=3 I8=4 min=3 mean=3.5 max=4 (762.7s)
[119/135] hidden=[32, 64, 128, 256] lr=0.001 epochs=8000 npp=1024 seed=7 ...
  Epoch     1/8000  loss=3.4888e-01  lr=1.00e-03  (0.1s)
    -> I1=3 I2=3 I3=3 I4=4 I5=3 I6=4 I7=3 I8=4 min=3 mean=3.4 max=4 (762.9s)
[120/135] hidden=[32, 64, 128, 256] lr=0.001 epochs=8000 npp=1024 seed=999 ...
  Epoch     1/8000  loss=3.9770e-01  lr=1.00e-03  (0.1s)
    -> I1=3 I2=4 I3=3 I4=4 I5=3 I6=4 I7=3 I8=4 min=3 mean=3.5 max=4 (762.6s)
[121/135] hidden=[32, 64, 128, 256] lr=0.002 epochs=8000 npp=256 seed=42 ...
  Epoch     1/8000  loss=3.4532e-01  lr=2.00e-03  (0.0s)
    -> I1=3 I2=3 I3=3 I4=4 I5=3 I6=3 I7=3 I8=4 min=3 mean=3.2 max=4 (228.7s)
[122/135] hidden=[32, 64, 128, 256] lr=0.002 epochs=8000 npp=256 seed=137 ...
  Epoch     1/8000  loss=4.4491e-01  lr=2.00e-03  (0.0s)
    -> I1=3 I2=3 I3=3 I4=4 I5=3 I6=4 I7=3 I8=4 min=3 mean=3.4 max=4 (228.6s)
[123/135] hidden=[32, 64, 128, 256] lr=0.002 epochs=8000 npp=256 seed=2024 ...
  Epoch     1/8000  loss=3.2172e-01  lr=2.00e-03  (0.0s)
    -> I1=3 I2=3 I3=3 I4=4 I5=3 I6=3 I7=3 I8=4 min=3 mean=3.2 max=4 (228.6s)
[124/135] hidden=[32, 64, 128, 256] lr=0.002 epochs=8000 npp=256 seed=7 ...
  Epoch     1/8000  loss=3.5039e-01  lr=2.00e-03  (0.0s)
    -> I1=3 I2=4 I3=4 I4=5 I5=3 I6=4 I7=4 I8=4 min=3 mean=3.9 max=5 (228.7s)
[125/135] hidden=[32, 64, 128, 256] lr=0.002 epochs=8000 npp=256 seed=999 ...
  Epoch     1/8000  loss=3.7966e-01  lr=2.00e-03  (0.0s)
    -> I1=4 I2=4 I3=4 I4=4 I5=4 I6=4 I7=4 I8=5 min=4 mean=4.1 max=5 (228.7s)
[126/135] hidden=[32, 64, 128, 256] lr=0.002 epochs=8000 npp=512 seed=42 ...
  Epoch     1/8000  loss=3.6440e-01  lr=2.00e-03  (0.1s)
    -> I1=5 I2=4 I3=4 I4=5 I5=3 I6=4 I7=5 I8=4 min=3 mean=4.2 max=5 (378.7s)
[127/135] hidden=[32, 64, 128, 256] lr=0.002 epochs=8000 npp=512 seed=137 ...
  Epoch     1/8000  loss=3.6008e-01  lr=2.00e-03  (0.1s)
    -> I1=3 I2=4 I3=5 I4=5 I5=3 I6=4 I7=4 I8=4 min=3 mean=4.0 max=5 (378.8s)
[128/135] hidden=[32, 64, 128, 256] lr=0.002 epochs=8000 npp=512 seed=2024 ...
  Epoch     1/8000  loss=3.3523e-01  lr=2.00e-03  (0.1s)
    -> I1=3 I2=4 I3=4 I4=4 I5=4 I6=4 I7=4 I8=5 min=3 mean=4.0 max=5 (378.8s)
[129/135] hidden=[32, 64, 128, 256] lr=0.002 epochs=8000 npp=512 seed=7 ...
  Epoch     1/8000  loss=3.7161e-01  lr=2.00e-03  (0.1s)
    -> I1=3 I2=3 I3=4 I4=4 I5=4 I6=4 I7=4 I8=4 min=3 mean=3.8 max=4 (378.7s)
[130/135] hidden=[32, 64, 128, 256] lr=0.002 epochs=8000 npp=512 seed=999 ...
  Epoch     1/8000  loss=4.0386e-01  lr=2.00e-03  (0.1s)
    -> I1=4 I2=4 I3=4 I4=4 I5=4 I6=4 I7=4 I8=5 min=4 mean=4.1 max=5 (378.7s)
[131/135] hidden=[32, 64, 128, 256] lr=0.002 epochs=8000 npp=1024 seed=42 ...
  Epoch     1/8000  loss=3.5507e-01  lr=2.00e-03  (0.1s)
    -> I1=3 I2=3 I3=3 I4=4 I5=3 I6=3 I7=3 I8=4 min=3 mean=3.2 max=4 (762.3s)
[132/135] hidden=[32, 64, 128, 256] lr=0.002 epochs=8000 npp=1024 seed=137 ...
  Epoch     1/8000  loss=3.7201e-01  lr=2.00e-03  (0.1s)
    -> I1=4 I2=3 I3=4 I4=4 I5=3 I6=3 I7=4 I8=4 min=3 mean=3.6 max=4 (762.3s)
[133/135] hidden=[32, 64, 128, 256] lr=0.002 epochs=8000 npp=1024 seed=2024 ...
  Epoch     1/8000  loss=3.3892e-01  lr=2.00e-03  (0.1s)
    -> I1=3 I2=4 I3=3 I4=4 I5=3 I6=4 I7=4 I8=4 min=3 mean=3.6 max=4 (761.8s)
[134/135] hidden=[32, 64, 128, 256] lr=0.002 epochs=8000 npp=1024 seed=7 ...
  Epoch     1/8000  loss=3.4888e-01  lr=2.00e-03  (0.1s)
    -> I1=3 I2=4 I3=3 I4=4 I5=3 I6=4 I7=3 I8=4 min=3 mean=3.5 max=4 (762.2s)
[135/135] hidden=[32, 64, 128, 256] lr=0.002 epochs=8000 npp=1024 seed=999 ...
  Epoch     1/8000  loss=3.9770e-01  lr=2.00e-03  (0.1s)
    -> I1=3 I2=4 I3=3 I4=4 I5=3 I6=4 I7=4 I8=4 min=3 mean=3.6 max=4 (762.0s)

============================================================================================================================================
  RANKED RESULTS (best first) — GPU 1
============================================================================================================================================
    # hidden                     lr epochs   npp  seed   min_loss mean_relerr  I1  I2  I3  I4  I5  I6  I7  I8  min  mean  max   time
--------------------------------------------------------------------------------------------------------------------------------------------
    1 [32, 64, 128, 256]    1.0e-03   4000  1024    42  1.444e-04   8.468e-04   4   4   4   5   4   4   4   5    4   4.2    5  381.3
    2 [32, 64, 128, 256]    2.0e-03   8000   512   999  3.021e-05   1.041e-03   4   4   4   4   4   4   4   5    4   4.1    5  378.7
    3 [32, 64, 128, 256]    2.0e-03   4000  1024    42  9.602e-05   1.043e-03   4   4   4   4   5   4   4   5    4   4.2    5  381.5
    4 [32, 64, 128, 256]    2.0e-03   2000  1024  2024  2.236e-04   1.259e-03   4   5   4   4   4   4   4   4    4   4.1    5  190.8
    5 [32, 64, 128, 256]    1.0e-03   8000   512   137  7.947e-05   1.361e-03   4   4   4   4   4   4   4   5    4   4.1    5  378.8
    6 [32, 64, 128, 256]    2.0e-03   8000   256   999  3.618e-05   1.373e-03   4   4   4   4   4   4   4   5    4   4.1    5  228.7
    7 [32, 64, 128, 256]    2.0e-03   4000  1024  2024  6.682e-05   1.474e-03   4   4   4   4   4   4   4   4    4   4.0    4  381.3
    8 [32, 64, 128, 256]    5.0e-04   8000  1024   137  1.273e-04   1.834e-03   4   4   4   4   4   4   4   4    4   4.0    4  763.5
    9 [32, 64, 128, 256]    2.0e-03   8000   512    42  2.634e-05   1.012e-03   5   4   4   5   3   4   5   4    3   4.2    5  378.7
   10 [32, 64, 128, 256]    1.0e-03   8000   256     7  8.697e-05   1.013e-03   4   5   4   5   3   4   4   7    3   4.5    7  228.9
   11 [32, 64, 128, 256]    2.0e-03   2000  1024   999  2.360e-04   1.118e-03   3   4   4   4   4   6   4   4    3   4.1    6  190.8
   12 [32, 64, 128, 256]    2.0e-03   8000   512  2024  2.943e-05   1.194e-03   3   4   4   4   4   4   4   5    3   4.0    5  378.8
   13 [32, 64, 128, 256]    5.0e-04   8000  1024     7  1.258e-04   1.253e-03   3   4   4   5   3   4   4   5    3   4.0    5  763.2
   14 [32, 64, 128, 256]    2.0e-03   4000   512   999  9.294e-05   1.293e-03   4   4   4   5   3   4   4   4    3   4.0    5  189.8
   15 [32, 64, 128, 256]    1.0e-03   2000   512  2024  5.333e-04   1.366e-03   3   4   4   4   5   4   4   5    3   4.1    5   94.8
   16 [32, 64, 128, 256]    1.0e-03   2000   256  2024  5.841e-04   1.396e-03   4   4   3   4   4   5   4   4    3   4.0    5   57.4
   17 [32, 64, 128, 256]    1.0e-03   8000   256   999  7.635e-05   1.401e-03   3   4   4   5   4   4   4   4    3   4.0    5  228.8
   18 [32, 64, 128, 256]    2.0e-03   2000   512  2024  2.609e-04   1.424e-03   3   4   3   5   3   4   4   5    3   3.9    5   94.8
   19 [32, 64, 128, 256]    5.0e-04   8000   256  2024  1.426e-04   1.469e-03   4   4   4   4   3   4   4   4    3   3.9    4  228.8
   20 [32, 64, 128, 256]    1.0e-03   4000   512   999  2.184e-04   1.531e-03   3   4   4   6   4   4   3   5    3   4.1    6  189.6
   21 [32, 64, 128, 256]    2.0e-03   8000   512   137  2.964e-05   1.569e-03   3   4   5   5   3   4   4   4    3   4.0    5  378.8
   22 [32, 64, 128, 256]    5.0e-04   8000   512    42  1.328e-04   1.632e-03   3   4   3   4   3   4   4   5    3   3.8    5  379.0
   23 [32, 64, 128, 256]    5.0e-04   4000  1024  2024  3.417e-04   1.665e-03   4   4   4   5   3   4   3   4    3   3.9    5  381.6
   24 [32, 64, 128, 256]    1.0e-03   4000   256   999  2.344e-04   1.666e-03   4   4   4   4   4   4   3   4    3   3.9    4  114.6
   25 [32, 64, 128, 256]    5.0e-04   8000  1024  2024  1.149e-04   1.674e-03   3   4   4   4   3   4   5   4    3   3.9    5  763.3
   26 [32, 64, 128, 256]    2.0e-03   2000  1024     7  2.749e-04   1.712e-03   3   4   4   4   3   4   4   5    3   3.9    5  190.8
   27 [32, 64, 128, 256]    5.0e-04   4000   256  2024  5.424e-04   1.735e-03   4   3   4   5   4   3   4   4    3   3.9    5  114.5
   28 [32, 64, 128, 256]    2.0e-03   4000   512    42  8.903e-05   1.768e-03   3   4   3   5   3   4   3   5    3   3.8    5  189.8
   29 [32, 64, 128, 256]    2.0e-03   8000   256     7  3.226e-05   1.780e-03   3   4   4   5   3   4   4   4    3   3.9    5  228.7
   30 [32, 64, 128, 256]    1.0e-03   8000   512    42  8.376e-05   1.865e-03   4   4   4   4   4   4   3   4    3   3.9    4  378.7
   31 [32, 64, 128, 256]    1.0e-03   4000  1024   137  2.323e-04   1.906e-03   4   4   4   4   3   4   4   4    3   3.9    4  381.3
   32 [32, 64, 128, 256]    2.0e-03   4000   512  2024  1.122e-04   1.952e-03   3   4   3   4   3   4   4   5    3   3.8    5  189.8
   33 [32, 64, 128, 256]    5.0e-04   4000  1024   999  4.084e-04   1.993e-03   3   4   5   4   3   5   3   4    3   3.9    5  381.6
   34 [32, 64, 128, 256]    2.0e-03   8000   512     7  3.307e-05   2.047e-03   3   3   4   4   4   4   4   4    3   3.8    4  378.7
   35 [32, 64, 128, 256]    1.0e-03   4000   512  2024  1.875e-04   2.235e-03   3   4   4   4   3   5   3   4    3   3.8    5  189.7
   36 [32, 64, 128, 256]    1.0e-03   4000   256  2024  2.445e-04   2.242e-03   3   4   3   4   3   5   5   4    3   3.9    5  114.6
   37 [32, 64, 128, 256]    1.0e-03   2000  1024  2024  5.233e-04   2.270e-03   3   4   4   4   3   4   4   4    3   3.8    4  190.6
   38 [32, 64, 128, 256]    2.0e-03   2000   512    42  2.624e-04   2.366e-03   3   4   4   4   3   4   3   4    3   3.6    4   94.7
   39 [32, 64, 128, 256]    5.0e-04   8000  1024   999  1.235e-04   2.374e-03   3   3   3   4   3   4   4   5    3   3.6    5  763.4
   40 [32, 64, 128, 256]    5.0e-04   4000   512    42  3.652e-04   2.450e-03   3   4   4   4   3   4   3   4    3   3.6    4  189.6
   41 [32, 64, 128, 256]    5.0e-04   4000  1024   137  4.100e-04   2.504e-03   4   4   3   4   4   4   4   4    3   3.9    4  381.4
   42 [32, 64, 128, 256]    2.0e-03   4000   256   137  1.282e-04   2.516e-03   3   3   4   4   3   3   4   6    3   3.8    6  114.6
   43 [32, 64, 128, 256]    5.0e-04   8000   512   137  1.660e-04   2.604e-03   4   4   4   5   3   4   3   4    3   3.9    5  379.0
   44 [32, 64, 128, 256]    1.0e-03   4000   512    42  1.874e-04   2.617e-03   3   3   4   4   4   4   4   4    3   3.8    4  189.7
   45 [32, 64, 128, 256]    2.0e-03   8000  1024   999  2.597e-05   2.692e-03   3   4   3   4   3   4   4   4    3   3.6    4  762.0
   46 [32, 64, 128, 256]    5.0e-04   2000   512     7  1.602e-03   2.766e-03   4   3   3   5   3   4   3   4    3   3.6    5   94.7
   47 [32, 64, 128, 256]    1.0e-03   4000  1024   999  1.962e-04   2.797e-03   3   4   3   4   3   4   4   4    3   3.6    4  381.4
   48 [32, 64, 128, 256]    1.0e-03   4000   256   137  2.576e-04   2.917e-03   4   3   3   4   3   3   4   4    3   3.5    4  114.5
   49 [32, 64, 128, 256]    2.0e-03   8000  1024  2024  2.604e-05   2.960e-03   3   4   3   4   3   4   4   4    3   3.6    4  761.8
   50 [32, 64, 128, 256]    2.0e-03   8000  1024     7  2.573e-05   3.002e-03   3   4   3   4   3   4   3   4    3   3.5    4  762.2
   51 [32, 64, 128, 256]    2.0e-03   4000  1024   999  8.494e-05   3.044e-03   3   4   3   5   3   4   3   5    3   3.8    5  381.2
   52 [32, 64, 128, 256]    5.0e-04   8000   512     7  1.643e-04   3.070e-03   3   4   3   5   3   4   3   4    3   3.6    5  379.6
   53 [32, 64, 128, 256]    2.0e-03   8000  1024   137  3.552e-05   3.091e-03   4   3   4   4   3   3   4   4    3   3.6    4  762.3
   54 [32, 64, 128, 256]    5.0e-04   4000   256   137  4.934e-04   3.103e-03   3   4   3   4   3   4   4   4    3   3.6    4  114.6
   55 [32, 64, 128, 256]    1.0e-03   2000  1024   999  5.658e-04   3.218e-03   3   5   3   4   3   4   3   4    3   3.6    5  190.5
   56 [32, 64, 128, 256]    1.0e-03   2000   512    42  5.597e-04   3.223e-03   3   3   3   4   4   4   3   4    3   3.5    4   94.8
   57 [32, 64, 128, 256]    2.0e-03   4000   512     7  1.080e-04   3.402e-03   3   3   3   4   3   4   4   4    3   3.5    4  189.8
   58 [32, 64, 128, 256]    5.0e-04   4000   512     7  4.805e-04   3.495e-03   3   4   3   5   3   5   3   4    3   3.8    5  189.6
   59 [32, 64, 128, 256]    5.0e-04   4000   512  2024  4.402e-04   3.635e-03   3   3   3   4   3   4   3   4    3   3.4    4  189.5
   60 [32, 64, 128, 256]    5.0e-04   2000   256   137  3.646e-03   3.784e-03   3   4   4   5   4   4   3   4    3   3.9    5   57.2
   61 [32, 64, 128, 256]    1.0e-03   2000   256    42  7.906e-04   3.797e-03   4   3   4   4   4   4   3   4    3   3.8    4   57.4
   62 [32, 64, 128, 256]    1.0e-03   8000  1024   999  5.446e-05   3.798e-03   3   4   3   4   3   4   3   4    3   3.5    4  762.6
   63 [32, 64, 128, 256]    5.0e-04   8000   256     7  1.905e-04   3.806e-03   3   4   3   4   3   3   4   4    3   3.5    4  228.8
   64 [32, 64, 128, 256]    5.0e-04   2000   256    42  4.618e-03   3.810e-03   3   3   4   5   3   4   3   4    3   3.6    5   59.5
   65 [32, 64, 128, 256]    5.0e-04   4000   256    42  4.252e-04   3.824e-03   3   4   3   5   3   4   4   4    3   3.8    5  114.6
   66 [32, 64, 128, 256]    2.0e-03   4000   256     7  1.142e-04   3.870e-03   3   6   3   4   3   4   3   4    3   3.8    6  114.6
   67 [32, 64, 128, 256]    5.0e-04   4000   256     7  4.959e-04   3.890e-03   3   3   3   4   4   4   3   4    3   3.5    4  114.5
   68 [32, 64, 128, 256]    1.0e-03   4000   512     7  2.121e-04   3.925e-03   3   4   3   4   3   4   3   4    3   3.5    4  189.6
   69 [32, 64, 128, 256]    1.0e-03   2000  1024   137  7.074e-04   3.936e-03   3   3   4   4   3   3   3   4    3   3.4    4  190.6
   70 [32, 64, 128, 256]    2.0e-03   4000  1024   137  1.044e-04   3.974e-03   3   4   3   4   3   4   3   4    3   3.5    4  381.3
   71 [32, 64, 128, 256]    2.0e-03   2000   256   999  3.186e-04   3.987e-03   3   4   3   4   3   4   3   4    3   3.5    4   57.2
   72 [32, 64, 128, 256]    1.0e-03   2000   256   137  9.580e-04   3.987e-03   4   4   4   3   3   4   3   4    3   3.6    4   57.3
   73 [32, 64, 128, 256]    5.0e-04   8000   256   137  1.348e-04   3.995e-03   3   3   4   4   3   4   3   4    3   3.5    4  228.8
   74 [32, 64, 128, 256]    2.0e-03   2000  1024   137  2.661e-04   4.101e-03   3   3   4   4   3   3   4   4    3   3.5    4  190.7
   75 [32, 64, 128, 256]    1.0e-03   8000  1024  2024  4.366e-05   4.236e-03   3   4   3   4   3   4   3   4    3   3.5    4  762.7
   76 [32, 64, 128, 256]    2.0e-03   8000   256   137  4.578e-05   4.324e-03   3   3   3   4   3   4   3   4    3   3.4    4  228.6
   77 [32, 64, 128, 256]    2.0e-03   4000   256  2024  1.156e-04   4.341e-03   3   3   3   4   3   3   3   4    3   3.2    4  114.6
   78 [32, 64, 128, 256]    1.0e-03   8000  1024     7  6.181e-05   4.621e-03   3   3   3   4   3   4   3   4    3   3.4    4  762.9
   79 [32, 64, 128, 256]    2.0e-03   4000  1024     7  9.245e-05   4.651e-03   3   3   4   4   3   3   4   4    3   3.5    4  381.2
   80 [32, 64, 128, 256]    2.0e-03   2000   256   137  4.769e-04   4.787e-03   3   5   3   4   3   4   3   4    3   3.6    5   57.2
   81 [32, 64, 128, 256]    5.0e-04   4000   256   999  4.787e-04   4.919e-03   3   3   4   4   3   3   4   4    3   3.5    4  114.5
   82 [32, 64, 128, 256]    5.0e-04   4000  1024     7  3.738e-04   4.924e-03   3   3   3   4   3   4   3   4    3   3.4    4  381.6
   83 [32, 64, 128, 256]    5.0e-04   4000   512   137  4.355e-04   5.013e-03   4   3   3   4   3   3   4   3    3   3.4    4  189.6
   84 [32, 64, 128, 256]    2.0e-03   4000   512   137  1.048e-04   5.025e-03   3   3   3   3   3   4   3   4    3   3.2    4  189.8
   85 [32, 64, 128, 256]    2.0e-03   8000   256  2024  4.435e-05   5.054e-03   3   3   3   4   3   3   3   4    3   3.2    4  228.6
   86 [32, 64, 128, 256]    1.0e-03   4000   512   137  2.312e-04   5.076e-03   3   4   3   4   3   3   3   4    3   3.4    4  189.7
   87 [32, 64, 128, 256]    5.0e-04   8000   512  2024  1.396e-04   5.177e-03   3   3   3   4   3   3   3   4    3   3.2    4  379.4
   88 [32, 64, 128, 256]    1.0e-03   8000   512   999  5.975e-05   5.202e-03   3   4   3   4   3   4   3   4    3   3.5    4  378.8
   89 [32, 64, 128, 256]    2.0e-03   8000  1024    42  2.813e-05   5.502e-03   3   3   3   4   3   3   3   4    3   3.2    4  762.3
   90 [32, 64, 128, 256]    1.0e-03   4000   256     7  2.337e-04   5.563e-03   3   4   3   4   3   3   3   4    3   3.4    4  114.6
   91 [32, 64, 128, 256]    5.0e-04   4000   512   999  3.765e-04   5.593e-03   3   3   3   4   3   3   3   4    3   3.2    4  189.6
   92 [32, 64, 128, 256]    5.0e-04   8000  1024    42  1.423e-04   5.597e-03   3   4   3   4   3   4   3   4    3   3.5    4  763.2
   93 [32, 64, 128, 256]    1.0e-03   8000   256   137  8.198e-05   5.829e-03   3   3   3   4   3   4   3   4    3   3.4    4  228.9
   94 [32, 64, 128, 256]    2.0e-03   8000   256    42  3.986e-05   5.884e-03   3   3   3   4   3   3   3   4    3   3.2    4  228.7
   95 [32, 64, 128, 256]    1.0e-03   8000   256  2024  8.310e-05   5.947e-03   3   3   3   4   3   3   3   4    3   3.2    4  229.0
   96 [32, 64, 128, 256]    1.0e-03   8000   512     7  5.639e-05   5.964e-03   3   3   3   4   3   3   3   4    3   3.2    4  378.8
   97 [32, 64, 128, 256]    2.0e-03   2000   512   137  2.572e-04   6.332e-03   3   4   3   4   3   4   3   4    3   3.5    4   94.7
   98 [32, 64, 128, 256]    5.0e-04   8000   512   999  1.409e-04   6.410e-03   3   4   3   4   3   4   3   4    3   3.5    4  379.5
   99 [32, 64, 128, 256]    5.0e-04   8000   256   999  1.670e-04   6.433e-03   3   3   3   4   3   3   3   4    3   3.2    4  228.9
  100 [32, 64, 128, 256]    1.0e-03   4000  1024     7  1.972e-04   6.550e-03   3   3   3   3   3   3   3   4    3   3.1    4  381.2
  101 [32, 64, 128, 256]    1.0e-03   4000  1024  2024  1.578e-04   6.559e-03   3   3   3   4   3   3   3   4    3   3.2    4  381.3
  102 [32, 64, 128, 256]    1.0e-03   8000  1024   137  7.066e-05   6.791e-03   3   3   3   4   3   3   3   4    3   3.2    4  762.5
  103 [32, 64, 128, 256]    5.0e-04   2000  1024   999  1.215e-03   7.047e-03   4   3   3   3   3   4   3   3    3   3.2    4  190.7
  104 [32, 64, 128, 256]    2.0e-03   2000   256  2024  3.669e-04   7.235e-03   3   3   3   3   3   4   3   3    3   3.1    4   57.2
  105 [32, 64, 128, 256]    1.0e-03   8000   512  2024  5.895e-05   7.311e-03   3   3   3   4   3   3   3   3    3   3.1    4  378.8
  106 [32, 64, 128, 256]    2.0e-03   2000  1024    42  2.569e-04   7.619e-03   3   3   3   3   3   3   3   3    3   3.0    3  190.7
  107 [32, 64, 128, 256]    1.0e-03   2000  1024     7  4.964e-04   7.709e-03   3   3   3   4   3   3   3   4    3   3.2    4  190.6
  108 [32, 64, 128, 256]    1.0e-03   8000  1024    42  5.616e-05   7.828e-03   3   3   3   4   3   3   3   4    3   3.2    4  762.4
  109 [32, 64, 128, 256]    1.0e-03   4000   256    42  2.600e-04   9.146e-03   3   3   3   4   3   3   3   3    3   3.1    4  114.5
  110 [32, 64, 128, 256]    1.0e-03   8000   256    42  9.436e-05   9.434e-03   3   3   3   3   3   3   3   3    3   3.0    3  229.2
  111 [32, 64, 128, 256]    5.0e-04   2000   512  2024  1.441e-03   9.672e-03   3   3   3   3   3   4   3   3    3   3.1    4   94.7
  112 [32, 64, 128, 256]    1.0e-03   2000   512     7  6.195e-04   9.696e-03   3   3   3   3   3   3   3   3    3   3.0    3   94.8
  113 [32, 64, 128, 256]    5.0e-04   2000   256  2024  3.009e-03   1.010e-02   3   3   3   3   3   3   3   3    3   3.0    3   57.2
  114 [32, 64, 128, 256]    1.0e-03   2000   512   137  7.761e-04   1.023e-02   3   3   3   4   3   4   3   3    3   3.2    4   94.8
  115 [32, 64, 128, 256]    2.0e-03   2000   512     7  3.115e-04   1.046e-02   3   3   3   3   3   3   3   3    3   3.0    3   94.8
  116 [32, 64, 128, 256]    5.0e-04   2000  1024    42  2.001e-03   1.416e-02   3   3   3   3   3   3   3   3    3   3.0    3  190.6
  117 [32, 64, 128, 256]    5.0e-04   2000   512   999  1.069e-03   7.505e-03   3   3   3   4   2   3   3   4    2   3.1    4   94.7
  118 [32, 64, 128, 256]    5.0e-04   2000  1024     7  1.039e-03   7.808e-03   3   3   3   4   2   3   4   4    2   3.2    4  190.7
  119 [32, 64, 128, 256]    5.0e-04   2000  1024  2024  1.238e-03   8.183e-03   2   3   3   4   2   3   4   4    2   3.1    4  190.6
  120 [32, 64, 128, 256]    5.0e-04   2000   256     7  1.682e-03   8.187e-03   2   3   3   4   2   3   3   4    2   3.0    4   57.2
  121 [32, 64, 128, 256]    2.0e-03   4000   256   999  1.144e-04   8.325e-03   2   3   3   4   3   3   3   4    2   3.1    4  114.6
  122 [32, 64, 128, 256]    5.0e-04   2000   512    42  1.764e-03   8.681e-03   2   3   3   4   2   3   4   3    2   3.0    4   94.8
  123 [32, 64, 128, 256]    5.0e-04   8000   256    42  1.665e-04   9.099e-03   3   4   3   4   2   3   3   4    2   3.2    4  228.8
  124 [32, 64, 128, 256]    5.0e-04   2000  1024   137  2.025e-03   9.205e-03   2   3   3   5   2   3   3   4    2   3.1    5  190.5
  125 [32, 64, 128, 256]    2.0e-03   2000   256    42  3.670e-04   9.300e-03   2   3   3   4   2   3   3   3    2   2.9    4   57.2
  126 [32, 64, 128, 256]    1.0e-03   2000   256     7  6.937e-04   9.906e-03   2   3   3   4   2   3   3   4    2   3.0    4   57.3
  127 [32, 64, 128, 256]    1.0e-03   2000   256   999  7.610e-04   1.053e-02   3   3   3   3   2   3   3   3    2   2.9    3   57.3
  128 [32, 64, 128, 256]    1.0e-03   2000   512   999  4.952e-04   1.229e-02   2   3   3   4   2   3   3   4    2   3.0    4   94.8
  129 [32, 64, 128, 256]    2.0e-03   4000   256    42  1.389e-04   1.290e-02   2   3   3   3   2   3   3   3    2   2.8    3  114.6
  130 [32, 64, 128, 256]    2.0e-03   2000   256     7  3.793e-04   1.360e-02   2   3   3   3   2   3   3   3    2   2.8    3   57.2
  131 [32, 64, 128, 256]    5.0e-04   4000  1024    42  3.953e-04   1.387e-02   2   3   3   3   3   3   3   3    2   2.9    3  381.4
  132 [32, 64, 128, 256]    1.0e-03   2000  1024    42  5.837e-04   1.543e-02   2   3   3   3   2   3   3   3    2   2.8    3  190.6
  133 [32, 64, 128, 256]    2.0e-03   2000   512   999  2.565e-04   1.568e-02   2   3   3   3   2   3   3   4    2   2.9    4   94.8
  134 [32, 64, 128, 256]    5.0e-04   2000   512   137  3.426e-03   1.648e-02   3   3   2   3   2   3   3   3    2   2.8    3   94.6
  135 [32, 64, 128, 256]    5.0e-04   2000   256   999  1.397e-03   2.070e-02   2   3   2   3   2   3   3   3    2   2.6    3   57.2
============================================================================================================================================

  BEST CONFIG (GPU 1):
    hidden_sizes = [32, 64, 128, 256]
    lr           = 0.001
    n_epochs     = 4000
    n_per_param  = 1024
    seed         = 42
    -> min 4 digits, mean 4.2 digits, max 5 digits, mean rel. err 8.468e-04

============================================================================================================================================
  PER-CONFIG SUMMARY (seed-averaged) — GPU 1
============================================================================================================================================
  hidden=[32, 64, 128, 256] lr=0.002 epochs=8000 npp=512
      min_dig=3  mean_dig=4.0  max_dig=5  mean_relerr=1.373e-03  n_seeds=5
  hidden=[32, 64, 128, 256] lr=0.0005 epochs=8000 npp=1024
      min_dig=3  mean_dig=3.8  max_dig=5  mean_relerr=2.546e-03  n_seeds=5
  hidden=[32, 64, 128, 256] lr=0.002 epochs=4000 npp=512
      min_dig=3  mean_dig=3.6  max_dig=5  mean_relerr=2.688e-03  n_seeds=5
  hidden=[32, 64, 128, 256] lr=0.002 epochs=4000 npp=1024
      min_dig=3  mean_dig=3.8  max_dig=5  mean_relerr=2.837e-03  n_seeds=5
  hidden=[32, 64, 128, 256] lr=0.001 epochs=4000 npp=512
      min_dig=3  mean_dig=3.7  max_dig=6  mean_relerr=3.077e-03  n_seeds=5
  hidden=[32, 64, 128, 256] lr=0.002 epochs=2000 npp=1024
      min_dig=3  mean_dig=3.7  max_dig=6  mean_relerr=3.162e-03  n_seeds=5
  hidden=[32, 64, 128, 256] lr=0.002 epochs=8000 npp=1024
      min_dig=3  mean_dig=3.5  max_dig=4  mean_relerr=3.449e-03  n_seeds=5
  hidden=[32, 64, 128, 256] lr=0.0005 epochs=4000 npp=256
      min_dig=3  mean_dig=3.6  max_dig=5  mean_relerr=3.494e-03  n_seeds=5
  hidden=[32, 64, 128, 256] lr=0.002 epochs=8000 npp=256
      min_dig=3  mean_dig=3.6  max_dig=5  mean_relerr=3.683e-03  n_seeds=5
  hidden=[32, 64, 128, 256] lr=0.001 epochs=4000 npp=1024
      min_dig=3  mean_dig=3.6  max_dig=5  mean_relerr=3.732e-03  n_seeds=5
  hidden=[32, 64, 128, 256] lr=0.0005 epochs=8000 npp=512
      min_dig=3  mean_dig=3.6  max_dig=5  mean_relerr=3.779e-03  n_seeds=5
  hidden=[32, 64, 128, 256] lr=0.0005 epochs=4000 npp=512
      min_dig=3  mean_dig=3.5  max_dig=5  mean_relerr=4.037e-03  n_seeds=5
  hidden=[32, 64, 128, 256] lr=0.001 epochs=4000 npp=256
      min_dig=3  mean_dig=3.5  max_dig=5  mean_relerr=4.307e-03  n_seeds=5
  hidden=[32, 64, 128, 256] lr=0.001 epochs=8000 npp=512
      min_dig=3  mean_dig=3.6  max_dig=5  mean_relerr=4.341e-03  n_seeds=5
  hidden=[32, 64, 128, 256] lr=0.001 epochs=8000 npp=256
      min_dig=3  mean_dig=3.6  max_dig=7  mean_relerr=4.725e-03  n_seeds=5
  hidden=[32, 64, 128, 256] lr=0.001 epochs=8000 npp=1024
      min_dig=3  mean_dig=3.4  max_dig=4  mean_relerr=5.455e-03  n_seeds=5
  hidden=[32, 64, 128, 256] lr=0.0005 epochs=8000 npp=256
      min_dig=2  mean_dig=3.5  max_dig=4  mean_relerr=4.961e-03  n_seeds=5
  hidden=[32, 64, 128, 256] lr=0.0005 epochs=4000 npp=1024
      min_dig=2  mean_dig=3.6  max_dig=5  mean_relerr=4.992e-03  n_seeds=5
  hidden=[32, 64, 128, 256] lr=0.001 epochs=2000 npp=256
      min_dig=2  mean_dig=3.5  max_dig=5  mean_relerr=5.922e-03  n_seeds=5
  hidden=[32, 64, 128, 256] lr=0.002 epochs=4000 npp=256
      min_dig=2  mean_dig=3.3  max_dig=6  mean_relerr=6.389e-03  n_seeds=5
  hidden=[32, 64, 128, 256] lr=0.001 epochs=2000 npp=1024
      min_dig=2  mean_dig=3.4  max_dig=5  mean_relerr=6.513e-03  n_seeds=5
  hidden=[32, 64, 128, 256] lr=0.002 epochs=2000 npp=512
      min_dig=2  mean_dig=3.4  max_dig=5  mean_relerr=7.252e-03  n_seeds=5
  hidden=[32, 64, 128, 256] lr=0.001 epochs=2000 npp=512
      min_dig=2  mean_dig=3.4  max_dig=5  mean_relerr=7.361e-03  n_seeds=5
  hidden=[32, 64, 128, 256] lr=0.002 epochs=2000 npp=256
      min_dig=2  mean_dig=3.2  max_dig=5  mean_relerr=7.782e-03  n_seeds=5
  hidden=[32, 64, 128, 256] lr=0.0005 epochs=2000 npp=512
      min_dig=2  mean_dig=3.1  max_dig=5  mean_relerr=9.021e-03  n_seeds=5
  hidden=[32, 64, 128, 256] lr=0.0005 epochs=2000 npp=1024
      min_dig=2  mean_dig=3.1  max_dig=5  mean_relerr=9.281e-03  n_seeds=5
  hidden=[32, 64, 128, 256] lr=0.0005 epochs=2000 npp=256
      min_dig=2  mean_dig=3.2  max_dig=5  mean_relerr=9.317e-03  n_seeds=5
============================================================================================================================================
  Results saved -> /lustre/projects/g/gshipunv/project-skuld/research/results/grid/15-conv-integrator-sweep/results_gpu1.csv

