==================================================================
Job ID:     2474323
Script:     /lustre/projects/g/gshipunv/project-skuld/research/experiments/grid/15-conv-integrator-sweep/conv_sweep.py
Arguments:  --num-gpus 4
Log file:   /lustre/projects/g/gshipunv/project-skuld/research/results/grid/15-conv-integrator-sweep/slurm-2474323.log
Python:     /zfs/store1.hydra.local/user/g/gshipunv/.conda/envs/jasher-lustre/bin/python
PYTHONPATH: /lustre/projects/g/gshipunv/project-skuld/research:/lustre/projects/g/gshipunv/project-skuld:/lustre/projects/g/gshipunv/project-skuld/research/experiments/grid/15-conv-integrator-sweep:
==================================================================
SKULD is using device: cuda

========================================================================
  CONV INTEGRATOR SWEEP  —  108 configs × 5 seeds = 540 total runs
  GPU 0/4  —  processing runs [0:135] = 135 runs, device=cuda
========================================================================

Computing scipy reference integrals (shared across all configs)...
Done.

[1/135] hidden=[16, 32, 64, 128] lr=0.0005 epochs=2000 npp=256 seed=42 ...
  Epoch     1/2000  loss=3.5247e-01  lr=5.00e-04  (0.5s)
    -> I1=3 I2=3 I3=3 I4=3 I5=2 I6=3 I7=5 I8=3 min=2 mean=3.1 max=5 (45.9s)
[2/135] hidden=[16, 32, 64, 128] lr=0.0005 epochs=2000 npp=256 seed=137 ...
  Epoch     1/2000  loss=4.3561e-01  lr=5.00e-04  (0.0s)
    -> I1=2 I2=2 I3=3 I4=3 I5=3 I6=3 I7=2 I8=3 min=2 mean=2.6 max=3 (43.9s)
[3/135] hidden=[16, 32, 64, 128] lr=0.0005 epochs=2000 npp=256 seed=2024 ...
  Epoch     1/2000  loss=3.4409e-01  lr=5.00e-04  (0.0s)
    -> I1=3 I2=3 I3=3 I4=3 I5=2 I6=4 I7=3 I8=4 min=2 mean=3.1 max=4 (44.3s)
[4/135] hidden=[16, 32, 64, 128] lr=0.0005 epochs=2000 npp=256 seed=7 ...
  Epoch     1/2000  loss=4.5301e-01  lr=5.00e-04  (0.0s)
    -> I1=3 I2=2 I3=2 I4=3 I5=2 I6=3 I7=3 I8=4 min=2 mean=2.8 max=4 (43.4s)
[5/135] hidden=[16, 32, 64, 128] lr=0.0005 epochs=2000 npp=256 seed=999 ...
  Epoch     1/2000  loss=4.2664e-01  lr=5.00e-04  (0.0s)
    -> I1=2 I2=3 I3=2 I4=3 I5=3 I6=3 I7=2 I8=3 min=2 mean=2.6 max=3 (44.0s)
[6/135] hidden=[16, 32, 64, 128] lr=0.0005 epochs=2000 npp=512 seed=42 ...
  Epoch     1/2000  loss=3.5786e-01  lr=5.00e-04  (0.1s)
    -> I1=2 I2=3 I3=3 I4=4 I5=3 I6=3 I7=3 I8=4 min=2 mean=3.1 max=4 (59.9s)
[7/135] hidden=[16, 32, 64, 128] lr=0.0005 epochs=2000 npp=512 seed=137 ...
  Epoch     1/2000  loss=4.1335e-01  lr=5.00e-04  (0.0s)
    -> I1=3 I2=3 I3=3 I4=3 I5=3 I6=3 I7=3 I8=4 min=3 mean=3.1 max=4 (59.9s)
[8/135] hidden=[16, 32, 64, 128] lr=0.0005 epochs=2000 npp=512 seed=2024 ...
  Epoch     1/2000  loss=3.7053e-01  lr=5.00e-04  (0.0s)
    -> I1=3 I2=3 I3=3 I4=3 I5=3 I6=3 I7=3 I8=3 min=3 mean=3.0 max=3 (59.9s)
[9/135] hidden=[16, 32, 64, 128] lr=0.0005 epochs=2000 npp=512 seed=7 ...
  Epoch     1/2000  loss=3.8924e-01  lr=5.00e-04  (0.0s)
    -> I1=4 I2=3 I3=3 I4=3 I5=3 I6=4 I7=3 I8=3 min=3 mean=3.2 max=4 (59.9s)
[10/135] hidden=[16, 32, 64, 128] lr=0.0005 epochs=2000 npp=512 seed=999 ...
  Epoch     1/2000  loss=3.8855e-01  lr=5.00e-04  (0.0s)
    -> I1=3 I2=3 I3=3 I4=3 I5=2 I6=3 I7=3 I8=4 min=2 mean=3.0 max=4 (59.9s)
[11/135] hidden=[16, 32, 64, 128] lr=0.0005 epochs=2000 npp=1024 seed=42 ...
  Epoch     1/2000  loss=3.5912e-01  lr=5.00e-04  (0.2s)
    -> I1=2 I2=3 I3=4 I4=4 I5=2 I6=3 I7=3 I8=4 min=2 mean=3.1 max=4 (116.9s)
[12/135] hidden=[16, 32, 64, 128] lr=0.0005 epochs=2000 npp=1024 seed=137 ...
  Epoch     1/2000  loss=3.9340e-01  lr=5.00e-04  (0.1s)
    -> I1=3 I2=4 I3=3 I4=4 I5=4 I6=3 I7=3 I8=3 min=3 mean=3.4 max=4 (116.7s)
[13/135] hidden=[16, 32, 64, 128] lr=0.0005 epochs=2000 npp=1024 seed=2024 ...
  Epoch     1/2000  loss=3.9707e-01  lr=5.00e-04  (0.1s)
    -> I1=2 I2=4 I3=4 I4=4 I5=3 I6=3 I7=3 I8=3 min=2 mean=3.2 max=4 (116.8s)
[14/135] hidden=[16, 32, 64, 128] lr=0.0005 epochs=2000 npp=1024 seed=7 ...
  Epoch     1/2000  loss=3.9646e-01  lr=5.00e-04  (0.1s)
    -> I1=2 I2=3 I3=3 I4=3 I5=2 I6=4 I7=3 I8=3 min=2 mean=2.9 max=4 (116.9s)
[15/135] hidden=[16, 32, 64, 128] lr=0.0005 epochs=2000 npp=1024 seed=999 ...
  Epoch     1/2000  loss=3.7173e-01  lr=5.00e-04  (0.1s)
    -> I1=3 I2=3 I3=3 I4=4 I5=2 I6=3 I7=4 I8=3 min=2 mean=3.1 max=4 (116.9s)
[16/135] hidden=[16, 32, 64, 128] lr=0.001 epochs=2000 npp=256 seed=42 ...
  Epoch     1/2000  loss=3.5247e-01  lr=1.00e-03  (0.0s)
    -> I1=2 I2=3 I3=3 I4=4 I5=3 I6=3 I7=3 I8=4 min=2 mean=3.1 max=4 (44.2s)
[17/135] hidden=[16, 32, 64, 128] lr=0.001 epochs=2000 npp=256 seed=137 ...
  Epoch     1/2000  loss=4.3561e-01  lr=1.00e-03  (0.0s)
    -> I1=3 I2=3 I3=3 I4=4 I5=3 I6=3 I7=3 I8=3 min=3 mean=3.1 max=4 (44.9s)
[18/135] hidden=[16, 32, 64, 128] lr=0.001 epochs=2000 npp=256 seed=2024 ...
  Epoch     1/2000  loss=3.4409e-01  lr=1.00e-03  (0.0s)
    -> I1=3 I2=4 I3=4 I4=3 I5=3 I6=3 I7=2 I8=4 min=2 mean=3.2 max=4 (44.8s)
[19/135] hidden=[16, 32, 64, 128] lr=0.001 epochs=2000 npp=256 seed=7 ...
  Epoch     1/2000  loss=4.5301e-01  lr=1.00e-03  (0.0s)
    -> I1=2 I2=3 I3=3 I4=3 I5=3 I6=3 I7=3 I8=3 min=2 mean=2.9 max=3 (44.7s)
[20/135] hidden=[16, 32, 64, 128] lr=0.001 epochs=2000 npp=256 seed=999 ...
  Epoch     1/2000  loss=4.2664e-01  lr=1.00e-03  (0.0s)
    -> I1=2 I2=3 I3=3 I4=3 I5=2 I6=3 I7=3 I8=4 min=2 mean=2.9 max=4 (44.7s)
[21/135] hidden=[16, 32, 64, 128] lr=0.001 epochs=2000 npp=512 seed=42 ...
  Epoch     1/2000  loss=3.5786e-01  lr=1.00e-03  (0.0s)
    -> I1=3 I2=3 I3=5 I4=3 I5=2 I6=2 I7=3 I8=4 min=2 mean=3.1 max=5 (60.0s)
[22/135] hidden=[16, 32, 64, 128] lr=0.001 epochs=2000 npp=512 seed=137 ...
  Epoch     1/2000  loss=4.1335e-01  lr=1.00e-03  (0.0s)
    -> I1=3 I2=3 I3=4 I4=5 I5=3 I6=3 I7=3 I8=4 min=3 mean=3.5 max=5 (60.0s)
[23/135] hidden=[16, 32, 64, 128] lr=0.001 epochs=2000 npp=512 seed=2024 ...
  Epoch     1/2000  loss=3.7053e-01  lr=1.00e-03  (0.0s)
    -> I1=3 I2=5 I3=3 I4=4 I5=3 I6=3 I7=3 I8=3 min=3 mean=3.4 max=5 (60.0s)
[24/135] hidden=[16, 32, 64, 128] lr=0.001 epochs=2000 npp=512 seed=7 ...
  Epoch     1/2000  loss=3.8924e-01  lr=1.00e-03  (0.0s)
    -> I1=3 I2=4 I3=3 I4=3 I5=2 I6=3 I7=3 I8=3 min=2 mean=3.0 max=4 (60.0s)
[25/135] hidden=[16, 32, 64, 128] lr=0.001 epochs=2000 npp=512 seed=999 ...
  Epoch     1/2000  loss=3.8855e-01  lr=1.00e-03  (0.0s)
    -> I1=3 I2=3 I3=3 I4=3 I5=3 I6=4 I7=3 I8=3 min=3 mean=3.1 max=4 (60.0s)
[26/135] hidden=[16, 32, 64, 128] lr=0.001 epochs=2000 npp=1024 seed=42 ...
  Epoch     1/2000  loss=3.5912e-01  lr=1.00e-03  (0.1s)
    -> I1=3 I2=3 I3=3 I4=4 I5=2 I6=3 I7=4 I8=4 min=2 mean=3.2 max=4 (117.0s)
[27/135] hidden=[16, 32, 64, 128] lr=0.001 epochs=2000 npp=1024 seed=137 ...
  Epoch     1/2000  loss=3.9340e-01  lr=1.00e-03  (0.1s)
    -> I1=3 I2=4 I3=4 I4=4 I5=3 I6=3 I7=4 I8=4 min=3 mean=3.6 max=4 (117.0s)
[28/135] hidden=[16, 32, 64, 128] lr=0.001 epochs=2000 npp=1024 seed=2024 ...
  Epoch     1/2000  loss=3.9707e-01  lr=1.00e-03  (0.1s)
    -> I1=3 I2=4 I3=3 I4=4 I5=3 I6=3 I7=3 I8=4 min=3 mean=3.4 max=4 (117.0s)
[29/135] hidden=[16, 32, 64, 128] lr=0.001 epochs=2000 npp=1024 seed=7 ...
  Epoch     1/2000  loss=3.9646e-01  lr=1.00e-03  (0.1s)
    -> I1=5 I2=4 I3=3 I4=4 I5=3 I6=3 I7=3 I8=5 min=3 mean=3.8 max=5 (117.0s)
[30/135] hidden=[16, 32, 64, 128] lr=0.001 epochs=2000 npp=1024 seed=999 ...
  Epoch     1/2000  loss=3.7173e-01  lr=1.00e-03  (0.1s)
    -> I1=2 I2=3 I3=3 I4=3 I5=2 I6=3 I7=3 I8=4 min=2 mean=2.9 max=4 (116.9s)
[31/135] hidden=[16, 32, 64, 128] lr=0.002 epochs=2000 npp=256 seed=42 ...
  Epoch     1/2000  loss=3.5247e-01  lr=2.00e-03  (0.0s)
    -> I1=3 I2=4 I3=3 I4=3 I5=3 I6=3 I7=3 I8=3 min=3 mean=3.1 max=4 (44.2s)
[32/135] hidden=[16, 32, 64, 128] lr=0.002 epochs=2000 npp=256 seed=137 ...
  Epoch     1/2000  loss=4.3561e-01  lr=2.00e-03  (0.0s)
    -> I1=2 I2=4 I3=3 I4=4 I5=3 I6=3 I7=3 I8=5 min=2 mean=3.4 max=5 (44.9s)
[33/135] hidden=[16, 32, 64, 128] lr=0.002 epochs=2000 npp=256 seed=2024 ...
  Epoch     1/2000  loss=3.4409e-01  lr=2.00e-03  (0.0s)
    -> I1=3 I2=4 I3=3 I4=5 I5=3 I6=3 I7=3 I8=4 min=3 mean=3.5 max=5 (44.3s)
[34/135] hidden=[16, 32, 64, 128] lr=0.002 epochs=2000 npp=256 seed=7 ...
  Epoch     1/2000  loss=4.5301e-01  lr=2.00e-03  (0.0s)
    -> I1=4 I2=4 I3=3 I4=4 I5=4 I6=4 I7=3 I8=4 min=3 mean=3.8 max=4 (44.6s)
[35/135] hidden=[16, 32, 64, 128] lr=0.002 epochs=2000 npp=256 seed=999 ...
  Epoch     1/2000  loss=4.2664e-01  lr=2.00e-03  (0.0s)
    -> I1=2 I2=3 I3=3 I4=3 I5=2 I6=3 I7=3 I8=3 min=2 mean=2.8 max=3 (44.5s)
[36/135] hidden=[16, 32, 64, 128] lr=0.002 epochs=2000 npp=512 seed=42 ...
  Epoch     1/2000  loss=3.5786e-01  lr=2.00e-03  (0.0s)
    -> I1=3 I2=4 I3=3 I4=3 I5=3 I6=4 I7=4 I8=3 min=3 mean=3.4 max=4 (60.0s)
[37/135] hidden=[16, 32, 64, 128] lr=0.002 epochs=2000 npp=512 seed=137 ...
  Epoch     1/2000  loss=4.1335e-01  lr=2.00e-03  (0.0s)
    -> I1=3 I2=3 I3=3 I4=4 I5=3 I6=3 I7=3 I8=3 min=3 mean=3.1 max=4 (60.0s)
[38/135] hidden=[16, 32, 64, 128] lr=0.002 epochs=2000 npp=512 seed=2024 ...
  Epoch     1/2000  loss=3.7053e-01  lr=2.00e-03  (0.0s)
    -> I1=3 I2=3 I3=3 I4=4 I5=2 I6=3 I7=3 I8=4 min=2 mean=3.1 max=4 (60.0s)
[39/135] hidden=[16, 32, 64, 128] lr=0.002 epochs=2000 npp=512 seed=7 ...
  Epoch     1/2000  loss=3.8924e-01  lr=2.00e-03  (0.0s)
    -> I1=2 I2=3 I3=3 I4=3 I5=3 I6=3 I7=3 I8=3 min=2 mean=2.9 max=3 (60.0s)
[40/135] hidden=[16, 32, 64, 128] lr=0.002 epochs=2000 npp=512 seed=999 ...
  Epoch     1/2000  loss=3.8855e-01  lr=2.00e-03  (0.0s)
    -> I1=3 I2=3 I3=3 I4=3 I5=3 I6=3 I7=3 I8=3 min=3 mean=3.0 max=3 (59.9s)
[41/135] hidden=[16, 32, 64, 128] lr=0.002 epochs=2000 npp=1024 seed=42 ...
  Epoch     1/2000  loss=3.5912e-01  lr=2.00e-03  (0.1s)
    -> I1=3 I2=3 I3=3 I4=5 I5=4 I6=4 I7=3 I8=4 min=3 mean=3.6 max=5 (116.9s)
[42/135] hidden=[16, 32, 64, 128] lr=0.002 epochs=2000 npp=1024 seed=137 ...
  Epoch     1/2000  loss=3.9340e-01  lr=2.00e-03  (0.1s)
    -> I1=3 I2=4 I3=3 I4=4 I5=3 I6=4 I7=3 I8=4 min=3 mean=3.5 max=4 (116.9s)
[43/135] hidden=[16, 32, 64, 128] lr=0.002 epochs=2000 npp=1024 seed=2024 ...
  Epoch     1/2000  loss=3.9707e-01  lr=2.00e-03  (0.1s)
    -> I1=3 I2=3 I3=3 I4=4 I5=3 I6=3 I7=3 I8=4 min=3 mean=3.2 max=4 (117.0s)
[44/135] hidden=[16, 32, 64, 128] lr=0.002 epochs=2000 npp=1024 seed=7 ...
  Epoch     1/2000  loss=3.9646e-01  lr=2.00e-03  (0.1s)
    -> I1=3 I2=5 I3=3 I4=4 I5=3 I6=3 I7=3 I8=4 min=3 mean=3.5 max=5 (117.0s)
[45/135] hidden=[16, 32, 64, 128] lr=0.002 epochs=2000 npp=1024 seed=999 ...
  Epoch     1/2000  loss=3.7173e-01  lr=2.00e-03  (0.1s)
    -> I1=3 I2=4 I3=3 I4=4 I5=3 I6=3 I7=3 I8=4 min=3 mean=3.4 max=4 (117.0s)
[46/135] hidden=[16, 32, 64, 128] lr=0.0005 epochs=4000 npp=256 seed=42 ...
  Epoch     1/4000  loss=3.5247e-01  lr=5.00e-04  (0.0s)
    -> I1=3 I2=3 I3=3 I4=3 I5=3 I6=3 I7=3 I8=3 min=3 mean=3.0 max=3 (88.9s)
[47/135] hidden=[16, 32, 64, 128] lr=0.0005 epochs=4000 npp=256 seed=137 ...
  Epoch     1/4000  loss=4.3561e-01  lr=5.00e-04  (0.0s)
    -> I1=3 I2=3 I3=4 I4=4 I5=3 I6=4 I7=4 I8=3 min=3 mean=3.5 max=4 (89.4s)
[48/135] hidden=[16, 32, 64, 128] lr=0.0005 epochs=4000 npp=256 seed=2024 ...
  Epoch     1/4000  loss=3.4409e-01  lr=5.00e-04  (0.0s)
    -> I1=2 I2=4 I3=3 I4=3 I5=3 I6=4 I7=3 I8=3 min=2 mean=3.1 max=4 (88.9s)
[49/135] hidden=[16, 32, 64, 128] lr=0.0005 epochs=4000 npp=256 seed=7 ...
  Epoch     1/4000  loss=4.5301e-01  lr=5.00e-04  (0.0s)
    -> I1=2 I2=3 I3=3 I4=3 I5=2 I6=3 I7=3 I8=3 min=2 mean=2.8 max=3 (88.8s)
[50/135] hidden=[16, 32, 64, 128] lr=0.0005 epochs=4000 npp=256 seed=999 ...
  Epoch     1/4000  loss=4.2664e-01  lr=5.00e-04  (0.0s)
    -> I1=4 I2=3 I3=3 I4=3 I5=2 I6=3 I7=3 I8=3 min=2 mean=3.0 max=4 (89.1s)
[51/135] hidden=[16, 32, 64, 128] lr=0.0005 epochs=4000 npp=512 seed=42 ...
  Epoch     1/4000  loss=3.5786e-01  lr=5.00e-04  (0.0s)
    -> I1=3 I2=4 I3=3 I4=3 I5=3 I6=3 I7=4 I8=3 min=3 mean=3.2 max=4 (119.9s)
[52/135] hidden=[16, 32, 64, 128] lr=0.0005 epochs=4000 npp=512 seed=137 ...
  Epoch     1/4000  loss=4.1335e-01  lr=5.00e-04  (0.0s)
    -> I1=3 I2=3 I3=3 I4=4 I5=3 I6=4 I7=3 I8=3 min=3 mean=3.2 max=4 (119.9s)
[53/135] hidden=[16, 32, 64, 128] lr=0.0005 epochs=4000 npp=512 seed=2024 ...
  Epoch     1/4000  loss=3.7053e-01  lr=5.00e-04  (0.0s)
    -> I1=3 I2=3 I3=3 I4=3 I5=2 I6=4 I7=3 I8=4 min=2 mean=3.1 max=4 (119.9s)
[54/135] hidden=[16, 32, 64, 128] lr=0.0005 epochs=4000 npp=512 seed=7 ...
  Epoch     1/4000  loss=3.8924e-01  lr=5.00e-04  (0.0s)
    -> I1=3 I2=3 I3=5 I4=4 I5=4 I6=4 I7=3 I8=4 min=3 mean=3.8 max=5 (120.0s)
[55/135] hidden=[16, 32, 64, 128] lr=0.0005 epochs=4000 npp=512 seed=999 ...
  Epoch     1/4000  loss=3.8855e-01  lr=5.00e-04  (0.0s)
    -> I1=3 I2=3 I3=3 I4=4 I5=3 I6=4 I7=3 I8=4 min=3 mean=3.4 max=4 (120.0s)
[56/135] hidden=[16, 32, 64, 128] lr=0.0005 epochs=4000 npp=1024 seed=42 ...
  Epoch     1/4000  loss=3.5912e-01  lr=5.00e-04  (0.1s)
    -> I1=3 I2=3 I3=3 I4=3 I5=3 I6=4 I7=3 I8=4 min=3 mean=3.2 max=4 (234.2s)
[57/135] hidden=[16, 32, 64, 128] lr=0.0005 epochs=4000 npp=1024 seed=137 ...
  Epoch     1/4000  loss=3.9340e-01  lr=5.00e-04  (0.1s)
    -> I1=3 I2=4 I3=3 I4=3 I5=3 I6=4 I7=3 I8=5 min=3 mean=3.5 max=5 (234.2s)
[58/135] hidden=[16, 32, 64, 128] lr=0.0005 epochs=4000 npp=1024 seed=2024 ...
  Epoch     1/4000  loss=3.9707e-01  lr=5.00e-04  (0.1s)
    -> I1=3 I2=3 I3=3 I4=3 I5=3 I6=4 I7=5 I8=3 min=3 mean=3.4 max=5 (234.2s)
[59/135] hidden=[16, 32, 64, 128] lr=0.0005 epochs=4000 npp=1024 seed=7 ...
  Epoch     1/4000  loss=3.9646e-01  lr=5.00e-04  (0.1s)
    -> I1=3 I2=3 I3=3 I4=3 I5=3 I6=3 I7=3 I8=3 min=3 mean=3.0 max=3 (234.2s)
[60/135] hidden=[16, 32, 64, 128] lr=0.0005 epochs=4000 npp=1024 seed=999 ...
  Epoch     1/4000  loss=3.7173e-01  lr=5.00e-04  (0.1s)
    -> I1=3 I2=3 I3=4 I4=3 I5=3 I6=3 I7=3 I8=6 min=3 mean=3.5 max=6 (234.0s)
[61/135] hidden=[16, 32, 64, 128] lr=0.001 epochs=4000 npp=256 seed=42 ...
  Epoch     1/4000  loss=3.5247e-01  lr=1.00e-03  (0.0s)
    -> I1=3 I2=4 I3=4 I4=4 I5=3 I6=4 I7=3 I8=4 min=3 mean=3.6 max=4 (89.2s)
[62/135] hidden=[16, 32, 64, 128] lr=0.001 epochs=4000 npp=256 seed=137 ...
  Epoch     1/4000  loss=4.3561e-01  lr=1.00e-03  (0.0s)
    -> I1=3 I2=4 I3=5 I4=4 I5=3 I6=4 I7=3 I8=5 min=3 mean=3.9 max=5 (88.8s)
[63/135] hidden=[16, 32, 64, 128] lr=0.001 epochs=4000 npp=256 seed=2024 ...
  Epoch     1/4000  loss=3.4409e-01  lr=1.00e-03  (0.0s)
    -> I1=3 I2=3 I3=4 I4=4 I5=3 I6=4 I7=4 I8=4 min=3 mean=3.6 max=4 (88.7s)
[64/135] hidden=[16, 32, 64, 128] lr=0.001 epochs=4000 npp=256 seed=7 ...
  Epoch     1/4000  loss=4.5301e-01  lr=1.00e-03  (0.0s)
    -> I1=2 I2=3 I3=3 I4=3 I5=2 I6=3 I7=3 I8=3 min=2 mean=2.8 max=3 (89.2s)
[65/135] hidden=[16, 32, 64, 128] lr=0.001 epochs=4000 npp=256 seed=999 ...
  Epoch     1/4000  loss=4.2664e-01  lr=1.00e-03  (0.0s)
    -> I1=3 I2=3 I3=2 I4=3 I5=3 I6=4 I7=3 I8=3 min=2 mean=3.0 max=4 (89.4s)
[66/135] hidden=[16, 32, 64, 128] lr=0.001 epochs=4000 npp=512 seed=42 ...
  Epoch     1/4000  loss=3.5786e-01  lr=1.00e-03  (0.0s)
    -> I1=3 I2=4 I3=3 I4=4 I5=3 I6=4 I7=4 I8=4 min=3 mean=3.6 max=4 (120.0s)
[67/135] hidden=[16, 32, 64, 128] lr=0.001 epochs=4000 npp=512 seed=137 ...
  Epoch     1/4000  loss=4.1335e-01  lr=1.00e-03  (0.0s)
    -> I1=3 I2=4 I3=3 I4=4 I5=5 I6=4 I7=3 I8=4 min=3 mean=3.8 max=5 (120.0s)
[68/135] hidden=[16, 32, 64, 128] lr=0.001 epochs=4000 npp=512 seed=2024 ...
  Epoch     1/4000  loss=3.7053e-01  lr=1.00e-03  (0.0s)
    -> I1=3 I2=3 I3=3 I4=3 I5=3 I6=3 I7=3 I8=4 min=3 mean=3.1 max=4 (120.0s)
[69/135] hidden=[16, 32, 64, 128] lr=0.001 epochs=4000 npp=512 seed=7 ...
  Epoch     1/4000  loss=3.8924e-01  lr=1.00e-03  (0.0s)
    -> I1=3 I2=3 I3=3 I4=4 I5=3 I6=3 I7=3 I8=4 min=3 mean=3.2 max=4 (119.9s)
[70/135] hidden=[16, 32, 64, 128] lr=0.001 epochs=4000 npp=512 seed=999 ...
  Epoch     1/4000  loss=3.8855e-01  lr=1.00e-03  (0.0s)
    -> I1=3 I2=3 I3=3 I4=3 I5=3 I6=3 I7=3 I8=3 min=3 mean=3.0 max=3 (120.0s)
[71/135] hidden=[16, 32, 64, 128] lr=0.001 epochs=4000 npp=1024 seed=42 ...
  Epoch     1/4000  loss=3.5912e-01  lr=1.00e-03  (0.1s)
    -> I1=3 I2=3 I3=3 I4=4 I5=3 I6=3 I7=4 I8=3 min=3 mean=3.2 max=4 (234.0s)
[72/135] hidden=[16, 32, 64, 128] lr=0.001 epochs=4000 npp=1024 seed=137 ...
  Epoch     1/4000  loss=3.9340e-01  lr=1.00e-03  (0.1s)
    -> I1=3 I2=4 I3=4 I4=4 I5=3 I6=4 I7=4 I8=5 min=3 mean=3.9 max=5 (234.1s)
[73/135] hidden=[16, 32, 64, 128] lr=0.001 epochs=4000 npp=1024 seed=2024 ...
  Epoch     1/4000  loss=3.9707e-01  lr=1.00e-03  (0.1s)
    -> I1=3 I2=4 I3=4 I4=4 I5=3 I6=4 I7=3 I8=4 min=3 mean=3.6 max=4 (234.1s)
[74/135] hidden=[16, 32, 64, 128] lr=0.001 epochs=4000 npp=1024 seed=7 ...
  Epoch     1/4000  loss=3.9646e-01  lr=1.00e-03  (0.1s)
    -> I1=4 I2=4 I3=3 I4=4 I5=3 I6=3 I7=3 I8=4 min=3 mean=3.5 max=4 (234.3s)
[75/135] hidden=[16, 32, 64, 128] lr=0.001 epochs=4000 npp=1024 seed=999 ...
  Epoch     1/4000  loss=3.7173e-01  lr=1.00e-03  (0.1s)
    -> I1=3 I2=3 I3=3 I4=4 I5=4 I6=4 I7=3 I8=4 min=3 mean=3.5 max=4 (234.3s)
[76/135] hidden=[16, 32, 64, 128] lr=0.002 epochs=4000 npp=256 seed=42 ...
  Epoch     1/4000  loss=3.5247e-01  lr=2.00e-03  (0.0s)
    -> I1=5 I2=4 I3=4 I4=5 I5=3 I6=3 I7=4 I8=4 min=3 mean=4.0 max=5 (87.6s)
[77/135] hidden=[16, 32, 64, 128] lr=0.002 epochs=4000 npp=256 seed=137 ...
  Epoch     1/4000  loss=4.3561e-01  lr=2.00e-03  (0.0s)
    -> I1=3 I2=4 I3=3 I4=4 I5=3 I6=3 I7=3 I8=4 min=3 mean=3.4 max=4 (88.5s)
[78/135] hidden=[16, 32, 64, 128] lr=0.002 epochs=4000 npp=256 seed=2024 ...
  Epoch     1/4000  loss=3.4409e-01  lr=2.00e-03  (0.0s)
    -> I1=3 I2=3 I3=3 I4=4 I5=3 I6=5 I7=3 I8=4 min=3 mean=3.5 max=5 (88.1s)
[79/135] hidden=[16, 32, 64, 128] lr=0.002 epochs=4000 npp=256 seed=7 ...
  Epoch     1/4000  loss=4.5301e-01  lr=2.00e-03  (0.0s)
    -> I1=3 I2=3 I3=3 I4=4 I5=3 I6=3 I7=3 I8=4 min=3 mean=3.2 max=4 (88.6s)
[80/135] hidden=[16, 32, 64, 128] lr=0.002 epochs=4000 npp=256 seed=999 ...
  Epoch     1/4000  loss=4.2664e-01  lr=2.00e-03  (0.0s)
    -> I1=2 I2=3 I3=3 I4=3 I5=2 I6=3 I7=3 I8=3 min=2 mean=2.8 max=3 (88.9s)
[81/135] hidden=[16, 32, 64, 128] lr=0.002 epochs=4000 npp=512 seed=42 ...
  Epoch     1/4000  loss=3.5786e-01  lr=2.00e-03  (0.0s)
    -> I1=3 I2=4 I3=3 I4=5 I5=3 I6=4 I7=3 I8=4 min=3 mean=3.6 max=5 (120.2s)
[82/135] hidden=[16, 32, 64, 128] lr=0.002 epochs=4000 npp=512 seed=137 ...
  Epoch     1/4000  loss=4.1335e-01  lr=2.00e-03  (0.0s)
    -> I1=3 I2=4 I3=4 I4=4 I5=3 I6=4 I7=4 I8=5 min=3 mean=3.9 max=5 (120.1s)
[83/135] hidden=[16, 32, 64, 128] lr=0.002 epochs=4000 npp=512 seed=2024 ...
  Epoch     1/4000  loss=3.7053e-01  lr=2.00e-03  (0.0s)
    -> I1=3 I2=3 I3=4 I4=4 I5=3 I6=4 I7=5 I8=4 min=3 mean=3.8 max=5 (120.1s)
[84/135] hidden=[16, 32, 64, 128] lr=0.002 epochs=4000 npp=512 seed=7 ...
  Epoch     1/4000  loss=3.8924e-01  lr=2.00e-03  (0.0s)
    -> I1=3 I2=4 I3=3 I4=4 I5=3 I6=4 I7=4 I8=3 min=3 mean=3.5 max=4 (120.1s)
[85/135] hidden=[16, 32, 64, 128] lr=0.002 epochs=4000 npp=512 seed=999 ...
  Epoch     1/4000  loss=3.8855e-01  lr=2.00e-03  (0.0s)
    -> I1=5 I2=3 I3=4 I4=5 I5=5 I6=4 I7=4 I8=5 min=3 mean=4.4 max=5 (120.1s)
[86/135] hidden=[16, 32, 64, 128] lr=0.002 epochs=4000 npp=1024 seed=42 ...
  Epoch     1/4000  loss=3.5912e-01  lr=2.00e-03  (0.1s)
    -> I1=3 I2=3 I3=3 I4=4 I5=2 I6=3 I7=3 I8=4 min=2 mean=3.1 max=4 (234.3s)
[87/135] hidden=[16, 32, 64, 128] lr=0.002 epochs=4000 npp=1024 seed=137 ...
  Epoch     1/4000  loss=3.9340e-01  lr=2.00e-03  (0.1s)
    -> I1=4 I2=4 I3=3 I4=4 I5=5 I6=3 I7=3 I8=4 min=3 mean=3.8 max=5 (234.3s)
[88/135] hidden=[16, 32, 64, 128] lr=0.002 epochs=4000 npp=1024 seed=2024 ...
  Epoch     1/4000  loss=3.9707e-01  lr=2.00e-03  (0.1s)
    -> I1=3 I2=3 I3=3 I4=3 I5=3 I6=3 I7=3 I8=4 min=3 mean=3.1 max=4 (234.2s)
[89/135] hidden=[16, 32, 64, 128] lr=0.002 epochs=4000 npp=1024 seed=7 ...
  Epoch     1/4000  loss=3.9646e-01  lr=2.00e-03  (0.1s)
    -> I1=3 I2=3 I3=3 I4=4 I5=4 I6=3 I7=3 I8=4 min=3 mean=3.4 max=4 (234.1s)
[90/135] hidden=[16, 32, 64, 128] lr=0.002 epochs=4000 npp=1024 seed=999 ...
  Epoch     1/4000  loss=3.7173e-01  lr=2.00e-03  (0.1s)
    -> I1=3 I2=4 I3=4 I4=4 I5=4 I6=4 I7=3 I8=4 min=3 mean=3.8 max=4 (233.9s)
[91/135] hidden=[16, 32, 64, 128] lr=0.0005 epochs=8000 npp=256 seed=42 ...
  Epoch     1/8000  loss=3.5247e-01  lr=5.00e-04  (0.0s)
    -> I1=4 I2=3 I3=3 I4=4 I5=3 I6=4 I7=3 I8=4 min=3 mean=3.5 max=4 (176.9s)
[92/135] hidden=[16, 32, 64, 128] lr=0.0005 epochs=8000 npp=256 seed=137 ...
  Epoch     1/8000  loss=4.3561e-01  lr=5.00e-04  (0.0s)
    -> I1=3 I2=4 I3=4 I4=4 I5=3 I6=4 I7=4 I8=4 min=3 mean=3.8 max=4 (178.2s)
[93/135] hidden=[16, 32, 64, 128] lr=0.0005 epochs=8000 npp=256 seed=2024 ...
  Epoch     1/8000  loss=3.4409e-01  lr=5.00e-04  (0.0s)
    -> I1=3 I2=5 I3=4 I4=4 I5=3 I6=4 I7=4 I8=4 min=3 mean=3.9 max=5 (177.4s)
[94/135] hidden=[16, 32, 64, 128] lr=0.0005 epochs=8000 npp=256 seed=7 ...
  Epoch     1/8000  loss=4.5301e-01  lr=5.00e-04  (0.0s)
    -> I1=3 I2=3 I3=4 I4=4 I5=3 I6=3 I7=3 I8=3 min=3 mean=3.2 max=4 (177.3s)
[95/135] hidden=[16, 32, 64, 128] lr=0.0005 epochs=8000 npp=256 seed=999 ...
  Epoch     1/8000  loss=4.2664e-01  lr=5.00e-04  (0.0s)
    -> I1=4 I2=4 I3=3 I4=4 I5=3 I6=4 I7=3 I8=3 min=3 mean=3.5 max=4 (176.7s)
[96/135] hidden=[16, 32, 64, 128] lr=0.0005 epochs=8000 npp=512 seed=42 ...
  Epoch     1/8000  loss=3.5786e-01  lr=5.00e-04  (0.0s)
    -> I1=3 I2=3 I3=4 I4=5 I5=3 I6=3 I7=3 I8=4 min=3 mean=3.5 max=5 (240.1s)
[97/135] hidden=[16, 32, 64, 128] lr=0.0005 epochs=8000 npp=512 seed=137 ...
  Epoch     1/8000  loss=4.1335e-01  lr=5.00e-04  (0.0s)
    -> I1=4 I2=3 I3=3 I4=4 I5=3 I6=5 I7=4 I8=4 min=3 mean=3.8 max=5 (240.0s)
[98/135] hidden=[16, 32, 64, 128] lr=0.0005 epochs=8000 npp=512 seed=2024 ...
  Epoch     1/8000  loss=3.7053e-01  lr=5.00e-04  (0.0s)
    -> I1=2 I2=3 I3=4 I4=4 I5=3 I6=3 I7=4 I8=4 min=2 mean=3.4 max=4 (239.9s)
[99/135] hidden=[16, 32, 64, 128] lr=0.0005 epochs=8000 npp=512 seed=7 ...
  Epoch     1/8000  loss=3.8924e-01  lr=5.00e-04  (0.0s)
    -> I1=3 I2=5 I3=3 I4=4 I5=3 I6=4 I7=3 I8=4 min=3 mean=3.6 max=5 (240.0s)
[100/135] hidden=[16, 32, 64, 128] lr=0.0005 epochs=8000 npp=512 seed=999 ...
  Epoch     1/8000  loss=3.8855e-01  lr=5.00e-04  (0.0s)
    -> I1=3 I2=3 I3=3 I4=4 I5=3 I6=3 I7=4 I8=4 min=3 mean=3.4 max=4 (240.3s)
[101/135] hidden=[16, 32, 64, 128] lr=0.0005 epochs=8000 npp=1024 seed=42 ...
  Epoch     1/8000  loss=3.5912e-01  lr=5.00e-04  (0.1s)
    -> I1=3 I2=5 I3=3 I4=4 I5=3 I6=4 I7=3 I8=4 min=3 mean=3.6 max=5 (468.7s)
[102/135] hidden=[16, 32, 64, 128] lr=0.0005 epochs=8000 npp=1024 seed=137 ...
  Epoch     1/8000  loss=3.9340e-01  lr=5.00e-04  (0.1s)
    -> I1=3 I2=4 I3=3 I4=4 I5=3 I6=4 I7=3 I8=5 min=3 mean=3.6 max=5 (468.6s)
[103/135] hidden=[16, 32, 64, 128] lr=0.0005 epochs=8000 npp=1024 seed=2024 ...
  Epoch     1/8000  loss=3.9707e-01  lr=5.00e-04  (0.1s)
    -> I1=2 I2=3 I3=3 I4=4 I5=2 I6=3 I7=3 I8=4 min=2 mean=3.0 max=4 (468.6s)
[104/135] hidden=[16, 32, 64, 128] lr=0.0005 epochs=8000 npp=1024 seed=7 ...
  Epoch     1/8000  loss=3.9646e-01  lr=5.00e-04  (0.1s)
    -> I1=3 I2=3 I3=3 I4=4 I5=3 I6=3 I7=3 I8=4 min=3 mean=3.2 max=4 (468.4s)
[105/135] hidden=[16, 32, 64, 128] lr=0.0005 epochs=8000 npp=1024 seed=999 ...
  Epoch     1/8000  loss=3.7173e-01  lr=5.00e-04  (0.1s)
    -> I1=3 I2=3 I3=3 I4=4 I5=4 I6=3 I7=3 I8=4 min=3 mean=3.4 max=4 (468.1s)
[106/135] hidden=[16, 32, 64, 128] lr=0.001 epochs=8000 npp=256 seed=42 ...
  Epoch     1/8000  loss=3.5247e-01  lr=1.00e-03  (0.0s)
    -> I1=3 I2=4 I3=3 I4=4 I5=5 I6=4 I7=4 I8=4 min=3 mean=3.9 max=5 (177.7s)
[107/135] hidden=[16, 32, 64, 128] lr=0.001 epochs=8000 npp=256 seed=137 ...
  Epoch     1/8000  loss=4.3561e-01  lr=1.00e-03  (0.0s)
    -> I1=3 I2=4 I3=3 I4=5 I5=3 I6=4 I7=3 I8=4 min=3 mean=3.6 max=5 (177.8s)
[108/135] hidden=[16, 32, 64, 128] lr=0.001 epochs=8000 npp=256 seed=2024 ...
  Epoch     1/8000  loss=3.4409e-01  lr=1.00e-03  (0.0s)
    -> I1=3 I2=4 I3=4 I4=4 I5=3 I6=4 I7=3 I8=4 min=3 mean=3.6 max=4 (177.4s)
[109/135] hidden=[16, 32, 64, 128] lr=0.001 epochs=8000 npp=256 seed=7 ...
  Epoch     1/8000  loss=4.5301e-01  lr=1.00e-03  (0.0s)
    -> I1=3 I2=3 I3=4 I4=4 I5=3 I6=3 I7=5 I8=4 min=3 mean=3.6 max=5 (177.2s)
[110/135] hidden=[16, 32, 64, 128] lr=0.001 epochs=8000 npp=256 seed=999 ...
  Epoch     1/8000  loss=4.2664e-01  lr=1.00e-03  (0.0s)
    -> I1=3 I2=4 I3=4 I4=4 I5=5 I6=4 I7=4 I8=4 min=3 mean=4.0 max=5 (178.3s)
[111/135] hidden=[16, 32, 64, 128] lr=0.001 epochs=8000 npp=512 seed=42 ...
  Epoch     1/8000  loss=3.5786e-01  lr=1.00e-03  (0.0s)
    -> I1=3 I2=3 I3=3 I4=4 I5=3 I6=3 I7=3 I8=4 min=3 mean=3.2 max=4 (240.0s)
[112/135] hidden=[16, 32, 64, 128] lr=0.001 epochs=8000 npp=512 seed=137 ...
  Epoch     1/8000  loss=4.1335e-01  lr=1.00e-03  (0.0s)
    -> I1=4 I2=4 I3=4 I4=4 I5=3 I6=4 I7=4 I8=5 min=3 mean=4.0 max=5 (239.9s)
[113/135] hidden=[16, 32, 64, 128] lr=0.001 epochs=8000 npp=512 seed=2024 ...
  Epoch     1/8000  loss=3.7053e-01  lr=1.00e-03  (0.0s)
    -> I1=3 I2=3 I3=3 I4=4 I5=3 I6=3 I7=3 I8=4 min=3 mean=3.2 max=4 (239.8s)
[114/135] hidden=[16, 32, 64, 128] lr=0.001 epochs=8000 npp=512 seed=7 ...
  Epoch     1/8000  loss=3.8924e-01  lr=1.00e-03  (0.0s)
    -> I1=3 I2=4 I3=4 I4=6 I5=3 I6=4 I7=4 I8=4 min=3 mean=4.0 max=6 (240.0s)
[115/135] hidden=[16, 32, 64, 128] lr=0.001 epochs=8000 npp=512 seed=999 ...
  Epoch     1/8000  loss=3.8855e-01  lr=1.00e-03  (0.0s)
    -> I1=3 I2=4 I3=4 I4=4 I5=3 I6=4 I7=4 I8=4 min=3 mean=3.8 max=4 (240.0s)
[116/135] hidden=[16, 32, 64, 128] lr=0.001 epochs=8000 npp=1024 seed=42 ...
  Epoch     1/8000  loss=3.5912e-01  lr=1.00e-03  (0.1s)
    -> I1=3 I2=3 I3=3 I4=4 I5=3 I6=3 I7=3 I8=4 min=3 mean=3.2 max=4 (467.8s)
[117/135] hidden=[16, 32, 64, 128] lr=0.001 epochs=8000 npp=1024 seed=137 ...
  Epoch     1/8000  loss=3.9340e-01  lr=1.00e-03  (0.1s)
    -> I1=3 I2=4 I3=3 I4=4 I5=3 I6=3 I7=3 I8=4 min=3 mean=3.4 max=4 (467.9s)
[118/135] hidden=[16, 32, 64, 128] lr=0.001 epochs=8000 npp=1024 seed=2024 ...
  Epoch     1/8000  loss=3.9707e-01  lr=1.00e-03  (0.1s)
    -> I1=4 I2=4 I3=5 I4=4 I5=3 I6=4 I7=4 I8=5 min=3 mean=4.1 max=5 (468.3s)
[119/135] hidden=[16, 32, 64, 128] lr=0.001 epochs=8000 npp=1024 seed=7 ...
  Epoch     1/8000  loss=3.9646e-01  lr=1.00e-03  (0.1s)
    -> I1=4 I2=6 I3=4 I4=4 I5=3 I6=4 I7=4 I8=4 min=3 mean=4.1 max=6 (468.5s)
[120/135] hidden=[16, 32, 64, 128] lr=0.001 epochs=8000 npp=1024 seed=999 ...
  Epoch     1/8000  loss=3.7173e-01  lr=1.00e-03  (0.1s)
    -> I1=3 I2=4 I3=4 I4=4 I5=4 I6=4 I7=4 I8=4 min=3 mean=3.9 max=4 (468.6s)
[121/135] hidden=[16, 32, 64, 128] lr=0.002 epochs=8000 npp=256 seed=42 ...
  Epoch     1/8000  loss=3.5247e-01  lr=2.00e-03  (0.0s)
    -> I1=3 I2=6 I3=4 I4=5 I5=3 I6=4 I7=3 I8=5 min=3 mean=4.1 max=6 (177.8s)
[122/135] hidden=[16, 32, 64, 128] lr=0.002 epochs=8000 npp=256 seed=137 ...
  Epoch     1/8000  loss=4.3561e-01  lr=2.00e-03  (0.0s)
    -> I1=3 I2=4 I3=3 I4=4 I5=3 I6=5 I7=4 I8=4 min=3 mean=3.8 max=5 (177.6s)
[123/135] hidden=[16, 32, 64, 128] lr=0.002 epochs=8000 npp=256 seed=2024 ...
  Epoch     1/8000  loss=3.4409e-01  lr=2.00e-03  (0.0s)
    -> I1=2 I2=3 I3=3 I4=3 I5=2 I6=3 I7=3 I8=4 min=2 mean=2.9 max=4 (177.4s)
[124/135] hidden=[16, 32, 64, 128] lr=0.002 epochs=8000 npp=256 seed=7 ...
  Epoch     1/8000  loss=4.5301e-01  lr=2.00e-03  (0.0s)
    -> I1=3 I2=3 I3=4 I4=4 I5=3 I6=4 I7=4 I8=4 min=3 mean=3.6 max=4 (177.9s)
[125/135] hidden=[16, 32, 64, 128] lr=0.002 epochs=8000 npp=256 seed=999 ...
  Epoch     1/8000  loss=4.2664e-01  lr=2.00e-03  (0.0s)
    -> I1=3 I2=4 I3=3 I4=4 I5=3 I6=4 I7=3 I8=4 min=3 mean=3.5 max=4 (176.7s)
[126/135] hidden=[16, 32, 64, 128] lr=0.002 epochs=8000 npp=512 seed=42 ...
  Epoch     1/8000  loss=3.5786e-01  lr=2.00e-03  (0.0s)
    -> I1=3 I2=3 I3=3 I4=4 I5=3 I6=3 I7=3 I8=4 min=3 mean=3.2 max=4 (240.3s)
[127/135] hidden=[16, 32, 64, 128] lr=0.002 epochs=8000 npp=512 seed=137 ...
  Epoch     1/8000  loss=4.1335e-01  lr=2.00e-03  (0.0s)
    -> I1=3 I2=4 I3=4 I4=4 I5=3 I6=4 I7=4 I8=5 min=3 mean=3.9 max=5 (240.2s)
[128/135] hidden=[16, 32, 64, 128] lr=0.002 epochs=8000 npp=512 seed=2024 ...
  Epoch     1/8000  loss=3.7053e-01  lr=2.00e-03  (0.0s)
    -> I1=3 I2=4 I3=3 I4=4 I5=3 I6=4 I7=4 I8=4 min=3 mean=3.6 max=4 (240.3s)
[129/135] hidden=[16, 32, 64, 128] lr=0.002 epochs=8000 npp=512 seed=7 ...
  Epoch     1/8000  loss=3.8924e-01  lr=2.00e-03  (0.0s)
    -> I1=3 I2=4 I3=4 I4=4 I5=3 I6=4 I7=3 I8=4 min=3 mean=3.6 max=4 (240.4s)
[130/135] hidden=[16, 32, 64, 128] lr=0.002 epochs=8000 npp=512 seed=999 ...
  Epoch     1/8000  loss=3.8855e-01  lr=2.00e-03  (0.0s)
    -> I1=3 I2=4 I3=3 I4=4 I5=4 I6=3 I7=4 I8=4 min=3 mean=3.6 max=4 (240.3s)
[131/135] hidden=[16, 32, 64, 128] lr=0.002 epochs=8000 npp=1024 seed=42 ...
  Epoch     1/8000  loss=3.5912e-01  lr=2.00e-03  (0.1s)
    -> I1=3 I2=3 I3=3 I4=4 I5=3 I6=4 I7=3 I8=4 min=3 mean=3.4 max=4 (468.4s)
[132/135] hidden=[16, 32, 64, 128] lr=0.002 epochs=8000 npp=1024 seed=137 ...
  Epoch     1/8000  loss=3.9340e-01  lr=2.00e-03  (0.1s)
    -> I1=3 I2=4 I3=3 I4=4 I5=3 I6=3 I7=3 I8=4 min=3 mean=3.4 max=4 (468.5s)
[133/135] hidden=[16, 32, 64, 128] lr=0.002 epochs=8000 npp=1024 seed=2024 ...
  Epoch     1/8000  loss=3.9707e-01  lr=2.00e-03  (0.1s)
    -> I1=3 I2=4 I3=3 I4=5 I5=4 I6=4 I7=3 I8=4 min=3 mean=3.8 max=5 (468.5s)
[134/135] hidden=[16, 32, 64, 128] lr=0.002 epochs=8000 npp=1024 seed=7 ...
  Epoch     1/8000  loss=3.9646e-01  lr=2.00e-03  (0.1s)
    -> I1=3 I2=4 I3=4 I4=5 I5=3 I6=4 I7=4 I8=4 min=3 mean=3.9 max=5 (468.1s)
[135/135] hidden=[16, 32, 64, 128] lr=0.002 epochs=8000 npp=1024 seed=999 ...
  Epoch     1/8000  loss=3.7173e-01  lr=2.00e-03  (0.1s)
    -> I1=3 I2=4 I3=4 I4=4 I5=3 I6=3 I7=4 I8=4 min=3 mean=3.6 max=4 (467.9s)

============================================================================================================================================
  RANKED RESULTS (best first) — GPU 0
============================================================================================================================================
    # hidden                     lr epochs   npp  seed   min_loss mean_relerr  I1  I2  I3  I4  I5  I6  I7  I8  min  mean  max   time
--------------------------------------------------------------------------------------------------------------------------------------------
    1 [16, 32, 64, 128]     1.0e-03   8000  1024  2024  2.709e-04   1.110e-03   4   4   5   4   3   4   4   5    3   4.1    5  468.3
    2 [16, 32, 64, 128]     1.0e-03   8000   512     7  2.224e-04   1.236e-03   3   4   4   6   3   4   4   4    3   4.0    6  240.0
    3 [16, 32, 64, 128]     2.0e-03   8000   512   137  9.828e-05   1.276e-03   3   4   4   4   3   4   4   5    3   3.9    5  240.2
    4 [16, 32, 64, 128]     1.0e-03   8000   512   137  1.641e-04   1.277e-03   4   4   4   4   3   4   4   5    3   4.0    5  239.9
    5 [16, 32, 64, 128]     1.0e-03   4000  1024   137  5.102e-04   1.367e-03   3   4   4   4   3   4   4   5    3   3.9    5  234.1
    6 [16, 32, 64, 128]     5.0e-04   8000   256  2024  6.171e-04   1.448e-03   3   5   4   4   3   4   4   4    3   3.9    5  177.4
    7 [16, 32, 64, 128]     2.0e-03   4000   512   999  3.053e-04   1.470e-03   5   3   4   5   5   4   4   5    3   4.4    5  120.1
    8 [16, 32, 64, 128]     2.0e-03   4000   512   137  3.029e-04   1.520e-03   3   4   4   4   3   4   4   5    3   3.9    5  120.1
    9 [16, 32, 64, 128]     1.0e-03   8000  1024   999  2.168e-04   1.579e-03   3   4   4   4   4   4   4   4    3   3.9    4  468.6
   10 [16, 32, 64, 128]     2.0e-03   8000  1024     7  7.989e-05   1.701e-03   3   4   4   5   3   4   4   4    3   3.9    5  468.1
   11 [16, 32, 64, 128]     2.0e-03   8000   256    42  1.467e-04   1.735e-03   3   6   4   5   3   4   3   5    3   4.1    6  177.8
   12 [16, 32, 64, 128]     1.0e-03   8000   512   999  2.469e-04   1.738e-03   3   4   4   4   3   4   4   4    3   3.8    4  240.0
   13 [16, 32, 64, 128]     1.0e-03   8000   256   999  2.704e-04   1.954e-03   3   4   4   4   5   4   4   4    3   4.0    5  178.3
   14 [16, 32, 64, 128]     1.0e-03   8000  1024     7  1.809e-04   1.997e-03   4   6   4   4   3   4   4   4    3   4.1    6  468.5
   15 [16, 32, 64, 128]     2.0e-03   4000  1024   999  3.172e-04   1.999e-03   3   4   4   4   4   4   3   4    3   3.8    4  233.9
   16 [16, 32, 64, 128]     2.0e-03   8000  1024   999  1.119e-04   2.138e-03   3   4   4   4   3   3   4   4    3   3.6    4  467.9
   17 [16, 32, 64, 128]     2.0e-03   8000   512  2024  1.497e-04   2.282e-03   3   4   3   4   3   4   4   4    3   3.6    4  240.3
   18 [16, 32, 64, 128]     2.0e-03   8000   256     7  1.034e-04   2.291e-03   3   3   4   4   3   4   4   4    3   3.6    4  177.9
   19 [16, 32, 64, 128]     5.0e-04   8000   256   137  5.001e-04   2.361e-03   3   4   4   4   3   4   4   4    3   3.8    4  178.2
   20 [16, 32, 64, 128]     2.0e-03   4000   256    42  4.563e-04   2.362e-03   5   4   4   5   3   3   4   4    3   4.0    5   87.6
   21 [16, 32, 64, 128]     2.0e-03   8000   512   999  1.135e-04   2.394e-03   3   4   3   4   4   3   4   4    3   3.6    4  240.3
   22 [16, 32, 64, 128]     1.0e-03   8000   256   137  2.639e-04   2.593e-03   3   4   3   5   3   4   3   4    3   3.6    5  177.8
   23 [16, 32, 64, 128]     2.0e-03   8000   256   137  1.081e-04   2.619e-03   3   4   3   4   3   5   4   4    3   3.8    5  177.6
   24 [16, 32, 64, 128]     2.0e-03   2000   256     7  8.117e-04   2.675e-03   4   4   3   4   4   4   3   4    3   3.8    4   44.6
   25 [16, 32, 64, 128]     5.0e-04   8000  1024   137  3.774e-04   2.678e-03   3   4   3   4   3   4   3   5    3   3.6    5  468.6
   26 [16, 32, 64, 128]     1.0e-03   4000   256  2024  7.742e-04   2.730e-03   3   3   4   4   3   4   4   4    3   3.6    4   88.7
   27 [16, 32, 64, 128]     2.0e-03   4000  1024   137  2.506e-04   2.828e-03   4   4   3   4   5   3   3   4    3   3.8    5  234.3
   28 [16, 32, 64, 128]     2.0e-03   8000   512     7  9.657e-05   2.828e-03   3   4   4   4   3   4   3   4    3   3.6    4  240.4
   29 [16, 32, 64, 128]     1.0e-03   4000   256   137  7.722e-04   2.866e-03   3   4   5   4   3   4   3   5    3   3.9    5   88.8
   30 [16, 32, 64, 128]     2.0e-03   2000  1024    42  9.218e-04   2.877e-03   3   3   3   5   4   4   3   4    3   3.6    5  116.9
   31 [16, 32, 64, 128]     2.0e-03   8000  1024  2024  1.539e-04   3.160e-03   3   4   3   5   4   4   3   4    3   3.8    5  468.5
   32 [16, 32, 64, 128]     1.0e-03   4000   512    42  6.769e-04   3.262e-03   3   4   3   4   3   4   4   4    3   3.6    4  120.0
   33 [16, 32, 64, 128]     5.0e-04   8000  1024   999  5.240e-04   3.413e-03   3   3   3   4   4   3   3   4    3   3.4    4  468.1
   34 [16, 32, 64, 128]     5.0e-04   8000  1024    42  5.049e-04   3.415e-03   3   5   3   4   3   4   3   4    3   3.6    5  468.7
   35 [16, 32, 64, 128]     1.0e-03   8000   256     7  2.341e-04   3.468e-03   3   3   4   4   3   3   5   4    3   3.6    5  177.2
   36 [16, 32, 64, 128]     1.0e-03   4000  1024  2024  7.110e-04   3.520e-03   3   4   4   4   3   4   3   4    3   3.6    4  234.1
   37 [16, 32, 64, 128]     5.0e-04   8000   512     7  4.162e-04   3.574e-03   3   5   3   4   3   4   3   4    3   3.6    5  240.0
   38 [16, 32, 64, 128]     5.0e-04   8000   512   999  5.093e-04   3.600e-03   3   3   3   4   3   3   4   4    3   3.4    4  240.3
   39 [16, 32, 64, 128]     5.0e-04   8000   512   137  4.056e-04   3.637e-03   4   3   3   4   3   5   4   4    3   3.8    5  240.0
   40 [16, 32, 64, 128]     1.0e-03   8000   256  2024  3.040e-04   3.847e-03   3   4   4   4   3   4   3   4    3   3.6    4  177.4
   41 [16, 32, 64, 128]     1.0e-03   4000  1024   999  5.739e-04   3.941e-03   3   3   3   4   4   4   3   4    3   3.5    4  234.3
   42 [16, 32, 64, 128]     1.0e-03   4000   256    42  6.399e-04   3.966e-03   3   4   4   4   3   4   3   4    3   3.6    4   89.2
   43 [16, 32, 64, 128]     5.0e-04   8000   256    42  5.864e-04   4.065e-03   4   3   3   4   3   4   3   4    3   3.5    4  176.9
   44 [16, 32, 64, 128]     2.0e-03   2000  1024   137  7.914e-04   4.079e-03   3   4   3   4   3   4   3   4    3   3.5    4  116.9
   45 [16, 32, 64, 128]     5.0e-04   4000   512   999  1.187e-03   4.127e-03   3   3   3   4   3   4   3   4    3   3.4    4  120.0
   46 [16, 32, 64, 128]     2.0e-03   4000  1024     7  2.216e-04   4.138e-03   3   3   3   4   4   3   3   4    3   3.4    4  234.1
   47 [16, 32, 64, 128]     2.0e-03   4000   256  2024  4.048e-04   4.147e-03   3   3   3   4   3   5   3   4    3   3.5    5   88.1
   48 [16, 32, 64, 128]     1.0e-03   8000   256    42  3.169e-04   4.154e-03   3   4   3   4   5   4   4   4    3   3.9    5  177.7
   49 [16, 32, 64, 128]     1.0e-03   2000  1024   137  1.330e-03   4.168e-03   3   4   4   4   3   3   4   4    3   3.6    4  117.0
   50 [16, 32, 64, 128]     2.0e-03   2000  1024     7  7.230e-04   4.253e-03   3   5   3   4   3   3   3   4    3   3.5    5  117.0
   51 [16, 32, 64, 128]     1.0e-03   2000  1024     7  1.698e-03   4.276e-03   5   4   3   4   3   3   3   5    3   3.8    5  117.0
   52 [16, 32, 64, 128]     2.0e-03   4000   512    42  4.311e-04   4.317e-03   3   4   3   5   3   4   3   4    3   3.6    5  120.2
   53 [16, 32, 64, 128]     5.0e-04   4000  1024    42  1.255e-03   4.320e-03   3   3   3   3   3   4   3   4    3   3.2    4  234.2
   54 [16, 32, 64, 128]     5.0e-04   4000   256   137  1.864e-03   4.349e-03   3   3   4   4   3   4   4   3    3   3.5    4   89.4
   55 [16, 32, 64, 128]     5.0e-04   4000  1024   999  1.593e-03   4.417e-03   3   3   4   3   3   3   3   6    3   3.5    6  234.0
   56 [16, 32, 64, 128]     2.0e-03   8000  1024   137  7.451e-05   4.423e-03   3   4   3   4   3   3   3   4    3   3.4    4  468.5
   57 [16, 32, 64, 128]     2.0e-03   2000  1024   999  8.852e-04   4.504e-03   3   4   3   4   3   3   3   4    3   3.4    4  117.0
   58 [16, 32, 64, 128]     5.0e-04   4000   512     7  1.665e-03   4.576e-03   3   3   5   4   4   4   3   4    3   3.8    5  120.0
   59 [16, 32, 64, 128]     1.0e-03   4000   512   137  4.907e-04   4.650e-03   3   4   3   4   5   4   3   4    3   3.8    5  120.0
   60 [16, 32, 64, 128]     2.0e-03   4000   512  2024  3.710e-04   4.683e-03   3   3   4   4   3   4   5   4    3   3.8    5  120.1
   61 [16, 32, 64, 128]     5.0e-04   8000   256   999  5.523e-04   4.747e-03   4   4   3   4   3   4   3   3    3   3.5    4  176.7
   62 [16, 32, 64, 128]     2.0e-03   4000   512     7  2.863e-04   4.871e-03   3   4   3   4   3   4   4   3    3   3.5    4  120.1
   63 [16, 32, 64, 128]     1.0e-03   4000  1024     7  5.101e-04   4.974e-03   4   4   3   4   3   3   3   4    3   3.5    4  234.3
   64 [16, 32, 64, 128]     5.0e-04   4000  1024   137  1.085e-03   5.071e-03   3   4   3   3   3   4   3   5    3   3.5    5  234.2
   65 [16, 32, 64, 128]     2.0e-03   4000   256     7  2.702e-04   5.371e-03   3   3   3   4   3   3   3   4    3   3.2    4   88.6
   66 [16, 32, 64, 128]     1.0e-03   2000  1024  2024  3.350e-03   5.437e-03   3   4   3   4   3   3   3   4    3   3.4    4  117.0
   67 [16, 32, 64, 128]     5.0e-04   8000   256     7  4.705e-04   5.553e-03   3   3   4   4   3   3   3   3    3   3.2    4  177.3
   68 [16, 32, 64, 128]     2.0e-03   8000   256   999  1.088e-04   5.697e-03   3   4   3   4   3   4   3   4    3   3.5    4  176.7
   69 [16, 32, 64, 128]     5.0e-04   8000   512    42  5.722e-04   5.774e-03   3   3   4   5   3   3   3   4    3   3.5    5  240.1
   70 [16, 32, 64, 128]     1.0e-03   4000  1024    42  5.882e-04   5.799e-03   3   3   3   4   3   3   4   3    3   3.2    4  234.0
   71 [16, 32, 64, 128]     5.0e-04   8000  1024     7  3.592e-04   5.801e-03   3   3   3   4   3   3   3   4    3   3.2    4  468.4
   72 [16, 32, 64, 128]     1.0e-03   8000   512  2024  2.434e-04   5.851e-03   3   3   3   4   3   3   3   4    3   3.2    4  239.8
   73 [16, 32, 64, 128]     2.0e-03   4000   256   137  3.515e-04   6.243e-03   3   4   3   4   3   3   3   4    3   3.4    4   88.5
   74 [16, 32, 64, 128]     2.0e-03   8000  1024    42  1.374e-04   6.330e-03   3   3   3   4   3   4   3   4    3   3.4    4  468.4
   75 [16, 32, 64, 128]     2.0e-03   2000   256  2024  1.066e-03   6.387e-03   3   4   3   5   3   3   3   4    3   3.5    5   44.3
   76 [16, 32, 64, 128]     1.0e-03   2000   512   137  1.367e-03   6.393e-03   3   3   4   5   3   3   3   4    3   3.5    5   60.0
   77 [16, 32, 64, 128]     2.0e-03   2000  1024  2024  1.114e-03   6.403e-03   3   3   3   4   3   3   3   4    3   3.2    4  117.0
   78 [16, 32, 64, 128]     1.0e-03   8000   512    42  2.476e-04   6.408e-03   3   3   3   4   3   3   3   4    3   3.2    4  240.0
   79 [16, 32, 64, 128]     5.0e-04   4000  1024     7  1.589e-03   6.521e-03   3   3   3   3   3   3   3   3    3   3.0    3  234.2
   80 [16, 32, 64, 128]     5.0e-04   4000  1024  2024  1.755e-03   6.641e-03   3   3   3   3   3   4   5   3    3   3.4    5  234.2
   81 [16, 32, 64, 128]     2.0e-03   8000   512    42  1.636e-04   6.668e-03   3   3   3   4   3   3   3   4    3   3.2    4  240.3
   82 [16, 32, 64, 128]     1.0e-03   4000   512  2024  6.854e-04   6.807e-03   3   3   3   3   3   3   3   4    3   3.1    4  120.0
   83 [16, 32, 64, 128]     2.0e-03   2000   512   999  8.930e-04   6.947e-03   3   3   3   3   3   3   3   3    3   3.0    3   59.9
   84 [16, 32, 64, 128]     1.0e-03   8000  1024   137  1.501e-04   7.017e-03   3   4   3   4   3   3   3   4    3   3.4    4  467.9
   85 [16, 32, 64, 128]     2.0e-03   2000   512    42  8.616e-04   7.380e-03   3   4   3   3   3   4   4   3    3   3.4    4   60.0
   86 [16, 32, 64, 128]     5.0e-04   2000  1024   137  3.543e-03   7.466e-03   3   4   3   4   4   3   3   3    3   3.4    4  116.7
   87 [16, 32, 64, 128]     1.0e-03   8000  1024    42  2.002e-04   7.774e-03   3   3   3   4   3   3   3   4    3   3.2    4  467.8
   88 [16, 32, 64, 128]     1.0e-03   2000   512  2024  2.569e-03   8.263e-03   3   5   3   4   3   3   3   3    3   3.4    5   60.0
   89 [16, 32, 64, 128]     1.0e-03   4000   512     7  5.847e-04   8.745e-03   3   3   3   4   3   3   3   4    3   3.2    4  119.9
   90 [16, 32, 64, 128]     2.0e-03   4000  1024  2024  3.477e-04   8.959e-03   3   3   3   3   3   3   3   4    3   3.1    4  234.2
   91 [16, 32, 64, 128]     1.0e-03   4000   512   999  6.634e-04   9.080e-03   3   3   3   3   3   3   3   3    3   3.0    3  120.0
   92 [16, 32, 64, 128]     2.0e-03   2000   512   137  8.152e-04   9.171e-03   3   3   3   4   3   3   3   3    3   3.1    4   60.0
   93 [16, 32, 64, 128]     2.0e-03   2000   256    42  1.074e-03   9.348e-03   3   4   3   3   3   3   3   3    3   3.1    4   44.2
   94 [16, 32, 64, 128]     5.0e-04   4000   512    42  2.006e-03   9.420e-03   3   4   3   3   3   3   4   3    3   3.2    4  119.9
   95 [16, 32, 64, 128]     5.0e-04   4000   512   137  1.278e-03   1.024e-02   3   3   3   4   3   4   3   3    3   3.2    4  119.9
   96 [16, 32, 64, 128]     1.0e-03   2000   256   137  2.794e-03   1.074e-02   3   3   3   4   3   3   3   3    3   3.1    4   44.9
   97 [16, 32, 64, 128]     1.0e-03   2000   512   999  2.151e-03   1.253e-02   3   3   3   3   3   4   3   3    3   3.1    4   60.0
   98 [16, 32, 64, 128]     5.0e-04   4000   256    42  2.364e-03   1.285e-02   3   3   3   3   3   3   3   3    3   3.0    3   88.9
   99 [16, 32, 64, 128]     5.0e-04   2000   512   137  5.303e-03   1.296e-02   3   3   3   3   3   3   3   4    3   3.1    4   59.9
  100 [16, 32, 64, 128]     5.0e-04   2000   512  2024  6.445e-03   1.353e-02   3   3   3   3   3   3   3   3    3   3.0    3   59.9
  101 [16, 32, 64, 128]     5.0e-04   2000   512     7  6.240e-03   1.603e-02   4   3   3   3   3   4   3   3    3   3.2    4   59.9
  102 [16, 32, 64, 128]     5.0e-04   8000   512  2024  6.639e-04   5.101e-03   2   3   4   4   3   3   4   4    2   3.4    4  239.9
  103 [16, 32, 64, 128]     2.0e-03   2000   512  2024  8.639e-04   6.323e-03   3   3   3   4   2   3   3   4    2   3.1    4   60.0
  104 [16, 32, 64, 128]     2.0e-03   2000   256   137  9.472e-04   6.339e-03   2   4   3   4   3   3   3   5    2   3.4    5   44.9
  105 [16, 32, 64, 128]     5.0e-04   2000  1024   999  5.918e-03   6.972e-03   3   3   3   4   2   3   4   3    2   3.1    4  116.9
  106 [16, 32, 64, 128]     1.0e-03   2000  1024    42  1.590e-03   7.681e-03   3   3   3   4   2   3   4   4    2   3.2    4  117.0
  107 [16, 32, 64, 128]     5.0e-04   2000  1024  2024  6.190e-03   7.917e-03   2   4   4   4   3   3   3   3    2   3.2    4  116.8
  108 [16, 32, 64, 128]     5.0e-04   2000   512    42  6.452e-03   7.988e-03   2   3   3   4   3   3   3   4    2   3.1    4   59.9
  109 [16, 32, 64, 128]     2.0e-03   4000  1024    42  4.287e-04   8.855e-03   3   3   3   4   2   3   3   4    2   3.1    4  234.3
  110 [16, 32, 64, 128]     5.0e-04   2000   256  2024  6.910e-03   9.597e-03   3   3   3   3   2   4   3   4    2   3.1    4   44.3
  111 [16, 32, 64, 128]     2.0e-03   8000   256  2024  1.567e-04   9.987e-03   2   3   3   3   2   3   3   4    2   2.9    4  177.4
  112 [16, 32, 64, 128]     1.0e-03   2000   256  2024  3.985e-03   1.021e-02   3   4   4   3   3   3   2   4    2   3.2    4   44.8
  113 [16, 32, 64, 128]     5.0e-04   4000   512  2024  1.701e-03   1.036e-02   3   3   3   3   2   4   3   4    2   3.1    4  119.9
  114 [16, 32, 64, 128]     5.0e-04   2000  1024    42  5.968e-03   1.061e-02   2   3   4   4   2   3   3   4    2   3.1    4  116.9
  115 [16, 32, 64, 128]     5.0e-04   4000   256  2024  2.472e-03   1.072e-02   2   4   3   3   3   4   3   3    2   3.1    4   88.9
  116 [16, 32, 64, 128]     1.0e-03   2000   256    42  1.718e-03   1.073e-02   2   3   3   4   3   3   3   4    2   3.1    4   44.2
  117 [16, 32, 64, 128]     5.0e-04   8000  1024  2024  6.136e-04   1.075e-02   2   3   3   4   2   3   3   4    2   3.0    4  468.6
  118 [16, 32, 64, 128]     1.0e-03   2000   512    42  2.928e-03   1.160e-02   3   3   5   3   2   2   3   4    2   3.1    5   60.0
  119 [16, 32, 64, 128]     5.0e-04   4000   256   999  2.142e-03   1.172e-02   4   3   3   3   2   3   3   3    2   3.0    4   89.1
  120 [16, 32, 64, 128]     5.0e-04   2000   512   999  6.161e-03   1.187e-02   3   3   3   3   2   3   3   4    2   3.0    4   59.9
  121 [16, 32, 64, 128]     1.0e-03   2000  1024   999  1.581e-03   1.270e-02   2   3   3   3   2   3   3   4    2   2.9    4  116.9
  122 [16, 32, 64, 128]     5.0e-04   2000  1024     7  5.883e-03   1.275e-02   2   3   3   3   2   4   3   3    2   2.9    4  116.9
  123 [16, 32, 64, 128]     2.0e-03   2000   512     7  8.401e-04   1.289e-02   2   3   3   3   3   3   3   3    2   2.9    3   60.0
  124 [16, 32, 64, 128]     1.0e-03   4000   256   999  7.639e-04   1.328e-02   3   3   2   3   3   4   3   3    2   3.0    4   89.4
  125 [16, 32, 64, 128]     1.0e-03   4000   256     7  7.763e-04   1.331e-02   2   3   3   3   2   3   3   3    2   2.8    3   89.2
  126 [16, 32, 64, 128]     5.0e-04   4000   256     7  3.066e-03   1.476e-02   2   3   3   3   2   3   3   3    2   2.8    3   88.8
  127 [16, 32, 64, 128]     5.0e-04   2000   256    42  7.225e-03   1.520e-02   3   3   3   3   2   3   5   3    2   3.1    5   45.9
  128 [16, 32, 64, 128]     2.0e-03   2000   256   999  9.362e-04   1.549e-02   2   3   3   3   2   3   3   3    2   2.8    3   44.5
  129 [16, 32, 64, 128]     1.0e-03   2000   512     7  2.181e-03   1.613e-02   3   4   3   3   2   3   3   3    2   3.0    4   60.0
  130 [16, 32, 64, 128]     2.0e-03   4000   256   999  3.750e-04   1.638e-02   2   3   3   3   2   3   3   3    2   2.8    3   88.9
  131 [16, 32, 64, 128]     1.0e-03   2000   256     7  3.856e-03   1.656e-02   2   3   3   3   3   3   3   3    2   2.9    3   44.7
  132 [16, 32, 64, 128]     1.0e-03   2000   256   999  3.861e-03   1.690e-02   2   3   3   3   2   3   3   4    2   2.9    4   44.7
  133 [16, 32, 64, 128]     5.0e-04   2000   256     7  6.604e-03   2.155e-02   3   2   2   3   2   3   3   4    2   2.8    4   43.4
  134 [16, 32, 64, 128]     5.0e-04   2000   256   137  6.260e-03   3.139e-02   2   2   3   3   3   3   2   3    2   2.6    3   43.9
  135 [16, 32, 64, 128]     5.0e-04   2000   256   999  8.545e-03   3.181e-02   2   3   2   3   3   3   2   3    2   2.6    3   44.0
============================================================================================================================================

  BEST CONFIG (GPU 0):
    hidden_sizes = [16, 32, 64, 128]
    lr           = 0.001
    n_epochs     = 8000
    n_per_param  = 1024
    seed         = 2024
    -> min 3 digits, mean 4.1 digits, max 5 digits, mean rel. err 1.110e-03

============================================================================================================================================
  PER-CONFIG SUMMARY (seed-averaged) — GPU 0
============================================================================================================================================
  hidden=[16, 32, 64, 128] lr=0.002 epochs=8000 npp=512
      min_dig=3  mean_dig=3.6  max_dig=5  mean_relerr=3.090e-03  n_seeds=5
  hidden=[16, 32, 64, 128] lr=0.001 epochs=8000 npp=256
      min_dig=3  mean_dig=3.8  max_dig=5  mean_relerr=3.203e-03  n_seeds=5
  hidden=[16, 32, 64, 128] lr=0.001 epochs=8000 npp=512
      min_dig=3  mean_dig=3.6  max_dig=6  mean_relerr=3.302e-03  n_seeds=5
  hidden=[16, 32, 64, 128] lr=0.002 epochs=4000 npp=512
      min_dig=3  mean_dig=3.8  max_dig=5  mean_relerr=3.372e-03  n_seeds=5
  hidden=[16, 32, 64, 128] lr=0.002 epochs=8000 npp=1024
      min_dig=3  mean_dig=3.6  max_dig=5  mean_relerr=3.551e-03  n_seeds=5
  hidden=[16, 32, 64, 128] lr=0.0005 epochs=8000 npp=256
      min_dig=3  mean_dig=3.6  max_dig=5  mean_relerr=3.635e-03  n_seeds=5
  hidden=[16, 32, 64, 128] lr=0.001 epochs=8000 npp=1024
      min_dig=3  mean_dig=3.8  max_dig=6  mean_relerr=3.895e-03  n_seeds=5
  hidden=[16, 32, 64, 128] lr=0.001 epochs=4000 npp=1024
      min_dig=3  mean_dig=3.5  max_dig=5  mean_relerr=3.920e-03  n_seeds=5
  hidden=[16, 32, 64, 128] lr=0.002 epochs=2000 npp=1024
      min_dig=3  mean_dig=3.5  max_dig=5  mean_relerr=4.423e-03  n_seeds=5
  hidden=[16, 32, 64, 128] lr=0.0005 epochs=4000 npp=1024
      min_dig=3  mean_dig=3.3  max_dig=6  mean_relerr=5.394e-03  n_seeds=5
  hidden=[16, 32, 64, 128] lr=0.001 epochs=4000 npp=512
      min_dig=3  mean_dig=3.4  max_dig=5  mean_relerr=6.509e-03  n_seeds=5
  hidden=[16, 32, 64, 128] lr=0.0005 epochs=8000 npp=512
      min_dig=2  mean_dig=3.5  max_dig=5  mean_relerr=4.337e-03  n_seeds=5
  hidden=[16, 32, 64, 128] lr=0.002 epochs=8000 npp=256
      min_dig=2  mean_dig=3.6  max_dig=6  mean_relerr=4.466e-03  n_seeds=5
  hidden=[16, 32, 64, 128] lr=0.0005 epochs=8000 npp=1024
      min_dig=2  mean_dig=3.4  max_dig=5  mean_relerr=5.211e-03  n_seeds=5
  hidden=[16, 32, 64, 128] lr=0.002 epochs=4000 npp=1024
      min_dig=2  mean_dig=3.4  max_dig=5  mean_relerr=5.356e-03  n_seeds=5
  hidden=[16, 32, 64, 128] lr=0.001 epochs=2000 npp=1024
      min_dig=2  mean_dig=3.4  max_dig=5  mean_relerr=6.853e-03  n_seeds=5
  hidden=[16, 32, 64, 128] lr=0.002 epochs=4000 npp=256
      min_dig=2  mean_dig=3.4  max_dig=5  mean_relerr=6.900e-03  n_seeds=5
  hidden=[16, 32, 64, 128] lr=0.001 epochs=4000 npp=256
      min_dig=2  mean_dig=3.4  max_dig=5  mean_relerr=7.231e-03  n_seeds=5
  hidden=[16, 32, 64, 128] lr=0.0005 epochs=4000 npp=512
      min_dig=2  mean_dig=3.4  max_dig=5  mean_relerr=7.743e-03  n_seeds=5
  hidden=[16, 32, 64, 128] lr=0.002 epochs=2000 npp=256
      min_dig=2  mean_dig=3.3  max_dig=5  mean_relerr=8.047e-03  n_seeds=5
  hidden=[16, 32, 64, 128] lr=0.002 epochs=2000 npp=512
      min_dig=2  mean_dig=3.1  max_dig=4  mean_relerr=8.541e-03  n_seeds=5
  hidden=[16, 32, 64, 128] lr=0.0005 epochs=2000 npp=1024
      min_dig=2  mean_dig=3.1  max_dig=4  mean_relerr=9.143e-03  n_seeds=5
  hidden=[16, 32, 64, 128] lr=0.0005 epochs=4000 npp=256
      min_dig=2  mean_dig=3.1  max_dig=4  mean_relerr=1.088e-02  n_seeds=5
  hidden=[16, 32, 64, 128] lr=0.001 epochs=2000 npp=512
      min_dig=2  mean_dig=3.2  max_dig=5  mean_relerr=1.098e-02  n_seeds=5
  hidden=[16, 32, 64, 128] lr=0.0005 epochs=2000 npp=512
      min_dig=2  mean_dig=3.1  max_dig=4  mean_relerr=1.247e-02  n_seeds=5
  hidden=[16, 32, 64, 128] lr=0.001 epochs=2000 npp=256
      min_dig=2  mean_dig=3.0  max_dig=4  mean_relerr=1.303e-02  n_seeds=5
  hidden=[16, 32, 64, 128] lr=0.0005 epochs=2000 npp=256
      min_dig=2  mean_dig=2.9  max_dig=5  mean_relerr=2.191e-02  n_seeds=5
============================================================================================================================================
  Results saved -> /lustre/projects/g/gshipunv/project-skuld/research/results/grid/15-conv-integrator-sweep/results_gpu0.csv

