==================================================================
Job ID:     2474325
Script:     /lustre/projects/g/gshipunv/project-skuld/research/experiments/grid/15-conv-integrator-sweep/conv_sweep.py
Arguments:  --num-gpus 4
Log file:   /lustre/projects/g/gshipunv/project-skuld/research/results/grid/15-conv-integrator-sweep/slurm-2474325.log
Python:     /zfs/store1.hydra.local/user/g/gshipunv/.conda/envs/jasher-lustre/bin/python
PYTHONPATH: /lustre/projects/g/gshipunv/project-skuld/research:/lustre/projects/g/gshipunv/project-skuld:/lustre/projects/g/gshipunv/project-skuld/research/experiments/grid/15-conv-integrator-sweep:
==================================================================
SKULD is using device: cuda

========================================================================
  CONV INTEGRATOR SWEEP  —  108 configs × 5 seeds = 540 total runs
  GPU 2/4  —  processing runs [270:405] = 135 runs, device=cuda
========================================================================

Computing scipy reference integrals (shared across all configs)...
Done.

[1/135] hidden=[48, 96, 192, 384] lr=0.0005 epochs=2000 npp=256 seed=42 ...
  Epoch     1/2000  loss=3.6540e-01  lr=5.00e-04  (0.7s)
    -> I1=2 I2=3 I3=3 I4=3 I5=2 I6=3 I7=3 I8=3 min=2 mean=2.8 max=3 (80.9s)
[2/135] hidden=[48, 96, 192, 384] lr=0.0005 epochs=2000 npp=256 seed=137 ...
  Epoch     1/2000  loss=3.6511e-01  lr=5.00e-04  (0.0s)
    -> I1=3 I2=4 I3=3 I4=4 I5=3 I6=4 I7=3 I8=4 min=3 mean=3.5 max=4 (78.6s)
[3/135] hidden=[48, 96, 192, 384] lr=0.0005 epochs=2000 npp=256 seed=2024 ...
  Epoch     1/2000  loss=3.3958e-01  lr=5.00e-04  (0.0s)
    -> I1=3 I2=3 I3=3 I4=4 I5=3 I6=3 I7=3 I8=4 min=3 mean=3.2 max=4 (78.6s)
[4/135] hidden=[48, 96, 192, 384] lr=0.0005 epochs=2000 npp=256 seed=7 ...
  Epoch     1/2000  loss=4.7291e-01  lr=5.00e-04  (0.0s)
    -> I1=3 I2=3 I3=4 I4=4 I5=3 I6=4 I7=3 I8=4 min=3 mean=3.5 max=4 (78.6s)
[5/135] hidden=[48, 96, 192, 384] lr=0.0005 epochs=2000 npp=256 seed=999 ...
  Epoch     1/2000  loss=5.1902e-01  lr=5.00e-04  (0.0s)
    -> I1=3 I2=4 I3=3 I4=4 I5=4 I6=4 I7=3 I8=4 min=3 mean=3.6 max=4 (78.6s)
[6/135] hidden=[48, 96, 192, 384] lr=0.0005 epochs=2000 npp=512 seed=42 ...
  Epoch     1/2000  loss=4.1925e-01  lr=5.00e-04  (0.2s)
    -> I1=2 I2=4 I3=4 I4=4 I5=3 I6=4 I7=3 I8=4 min=2 mean=3.5 max=4 (151.8s)
[7/135] hidden=[48, 96, 192, 384] lr=0.0005 epochs=2000 npp=512 seed=137 ...
  Epoch     1/2000  loss=3.4977e-01  lr=5.00e-04  (0.1s)
    -> I1=3 I2=3 I3=3 I4=4 I5=3 I6=3 I7=3 I8=3 min=3 mean=3.1 max=4 (151.6s)
[8/135] hidden=[48, 96, 192, 384] lr=0.0005 epochs=2000 npp=512 seed=2024 ...
  Epoch     1/2000  loss=3.5111e-01  lr=5.00e-04  (0.1s)
    -> I1=3 I2=3 I3=3 I4=4 I5=3 I6=3 I7=3 I8=4 min=3 mean=3.2 max=4 (151.6s)
[9/135] hidden=[48, 96, 192, 384] lr=0.0005 epochs=2000 npp=512 seed=7 ...
  Epoch     1/2000  loss=4.3520e-01  lr=5.00e-04  (0.1s)
    -> I1=2 I2=3 I3=3 I4=3 I5=2 I6=3 I7=3 I8=3 min=2 mean=2.8 max=3 (151.8s)
[10/135] hidden=[48, 96, 192, 384] lr=0.0005 epochs=2000 npp=512 seed=999 ...
  Epoch     1/2000  loss=4.4667e-01  lr=5.00e-04  (0.1s)
    -> I1=3 I2=3 I3=3 I4=4 I5=3 I6=3 I7=3 I8=4 min=3 mean=3.2 max=4 (151.7s)
[11/135] hidden=[48, 96, 192, 384] lr=0.0005 epochs=2000 npp=1024 seed=42 ...
  Epoch     1/2000  loss=3.7993e-01  lr=5.00e-04  (0.2s)
    -> I1=3 I2=3 I3=3 I4=5 I5=3 I6=4 I7=3 I8=4 min=3 mean=3.5 max=5 (311.3s)
[12/135] hidden=[48, 96, 192, 384] lr=0.0005 epochs=2000 npp=1024 seed=137 ...
  Epoch     1/2000  loss=3.5661e-01  lr=5.00e-04  (0.2s)
    -> I1=3 I2=5 I3=5 I4=4 I5=4 I6=4 I7=4 I8=5 min=3 mean=4.2 max=5 (311.4s)
[13/135] hidden=[48, 96, 192, 384] lr=0.0005 epochs=2000 npp=1024 seed=2024 ...
  Epoch     1/2000  loss=3.6789e-01  lr=5.00e-04  (0.2s)
    -> I1=3 I2=3 I3=4 I4=4 I5=3 I6=5 I7=3 I8=4 min=3 mean=3.6 max=5 (311.3s)
[14/135] hidden=[48, 96, 192, 384] lr=0.0005 epochs=2000 npp=1024 seed=7 ...
  Epoch     1/2000  loss=4.0033e-01  lr=5.00e-04  (0.2s)
    -> I1=3 I2=3 I3=3 I4=5 I5=3 I6=3 I7=4 I8=4 min=3 mean=3.5 max=5 (311.2s)
[15/135] hidden=[48, 96, 192, 384] lr=0.0005 epochs=2000 npp=1024 seed=999 ...
  Epoch     1/2000  loss=4.3132e-01  lr=5.00e-04  (0.2s)
    -> I1=3 I2=4 I3=4 I4=4 I5=3 I6=3 I7=3 I8=4 min=3 mean=3.5 max=4 (311.3s)
[16/135] hidden=[48, 96, 192, 384] lr=0.001 epochs=2000 npp=256 seed=42 ...
  Epoch     1/2000  loss=3.6540e-01  lr=1.00e-03  (0.0s)
    -> I1=2 I2=3 I3=3 I4=4 I5=2 I6=3 I7=3 I8=4 min=2 mean=3.0 max=4 (78.6s)
[17/135] hidden=[48, 96, 192, 384] lr=0.001 epochs=2000 npp=256 seed=137 ...
  Epoch     1/2000  loss=3.6511e-01  lr=1.00e-03  (0.0s)
    -> I1=3 I2=3 I3=4 I4=3 I5=3 I6=3 I7=4 I8=4 min=3 mean=3.4 max=4 (78.6s)
[18/135] hidden=[48, 96, 192, 384] lr=0.001 epochs=2000 npp=256 seed=2024 ...
  Epoch     1/2000  loss=3.3958e-01  lr=1.00e-03  (0.0s)
    -> I1=3 I2=4 I3=3 I4=4 I5=2 I6=3 I7=3 I8=3 min=2 mean=3.1 max=4 (78.6s)
[19/135] hidden=[48, 96, 192, 384] lr=0.001 epochs=2000 npp=256 seed=7 ...
  Epoch     1/2000  loss=4.7291e-01  lr=1.00e-03  (0.0s)
    -> I1=3 I2=4 I3=3 I4=5 I5=3 I6=3 I7=3 I8=4 min=3 mean=3.5 max=5 (78.6s)
[20/135] hidden=[48, 96, 192, 384] lr=0.001 epochs=2000 npp=256 seed=999 ...
  Epoch     1/2000  loss=5.1902e-01  lr=1.00e-03  (0.0s)
    -> I1=4 I2=3 I3=4 I4=4 I5=3 I6=3 I7=4 I8=3 min=3 mean=3.5 max=4 (78.6s)
[21/135] hidden=[48, 96, 192, 384] lr=0.001 epochs=2000 npp=512 seed=42 ...
  Epoch     1/2000  loss=4.1925e-01  lr=1.00e-03  (0.1s)
    -> I1=3 I2=4 I3=3 I4=4 I5=3 I6=4 I7=3 I8=4 min=3 mean=3.5 max=4 (151.7s)
[22/135] hidden=[48, 96, 192, 384] lr=0.001 epochs=2000 npp=512 seed=137 ...
  Epoch     1/2000  loss=3.4977e-01  lr=1.00e-03  (0.1s)
    -> I1=3 I2=3 I3=4 I4=4 I5=3 I6=3 I7=3 I8=4 min=3 mean=3.4 max=4 (151.7s)
[23/135] hidden=[48, 96, 192, 384] lr=0.001 epochs=2000 npp=512 seed=2024 ...
  Epoch     1/2000  loss=3.5111e-01  lr=1.00e-03  (0.1s)
    -> I1=3 I2=3 I3=3 I4=4 I5=3 I6=3 I7=3 I8=4 min=3 mean=3.2 max=4 (151.6s)
[24/135] hidden=[48, 96, 192, 384] lr=0.001 epochs=2000 npp=512 seed=7 ...
  Epoch     1/2000  loss=4.3520e-01  lr=1.00e-03  (0.1s)
    -> I1=4 I2=4 I3=4 I4=4 I5=3 I6=3 I7=5 I8=4 min=3 mean=3.9 max=5 (151.6s)
[25/135] hidden=[48, 96, 192, 384] lr=0.001 epochs=2000 npp=512 seed=999 ...
  Epoch     1/2000  loss=4.4667e-01  lr=1.00e-03  (0.1s)
    -> I1=3 I2=3 I3=3 I4=3 I5=3 I6=3 I7=3 I8=3 min=3 mean=3.0 max=3 (151.6s)
[26/135] hidden=[48, 96, 192, 384] lr=0.001 epochs=2000 npp=1024 seed=42 ...
  Epoch     1/2000  loss=3.7993e-01  lr=1.00e-03  (0.2s)
    -> I1=3 I2=4 I3=3 I4=4 I5=4 I6=4 I7=3 I8=4 min=3 mean=3.6 max=4 (311.4s)
[27/135] hidden=[48, 96, 192, 384] lr=0.001 epochs=2000 npp=1024 seed=137 ...
  Epoch     1/2000  loss=3.5661e-01  lr=1.00e-03  (0.2s)
    -> I1=3 I2=4 I3=3 I4=4 I5=3 I6=4 I7=3 I8=4 min=3 mean=3.5 max=4 (311.5s)
[28/135] hidden=[48, 96, 192, 384] lr=0.001 epochs=2000 npp=1024 seed=2024 ...
  Epoch     1/2000  loss=3.6789e-01  lr=1.00e-03  (0.2s)
    -> I1=3 I2=4 I3=3 I4=4 I5=3 I6=3 I7=3 I8=4 min=3 mean=3.4 max=4 (311.6s)
[29/135] hidden=[48, 96, 192, 384] lr=0.001 epochs=2000 npp=1024 seed=7 ...
  Epoch     1/2000  loss=4.0033e-01  lr=1.00e-03  (0.2s)
    -> I1=3 I2=3 I3=3 I4=4 I5=3 I6=3 I7=3 I8=4 min=3 mean=3.2 max=4 (311.6s)
[30/135] hidden=[48, 96, 192, 384] lr=0.001 epochs=2000 npp=1024 seed=999 ...
  Epoch     1/2000  loss=4.3132e-01  lr=1.00e-03  (0.2s)
    -> I1=4 I2=4 I3=5 I4=4 I5=4 I6=4 I7=3 I8=4 min=3 mean=4.0 max=5 (311.6s)
[31/135] hidden=[48, 96, 192, 384] lr=0.002 epochs=2000 npp=256 seed=42 ...
  Epoch     1/2000  loss=3.6540e-01  lr=2.00e-03  (0.0s)
    -> I1=3 I2=3 I3=3 I4=4 I5=3 I6=3 I7=3 I8=4 min=3 mean=3.2 max=4 (78.6s)
[32/135] hidden=[48, 96, 192, 384] lr=0.002 epochs=2000 npp=256 seed=137 ...
  Epoch     1/2000  loss=3.6511e-01  lr=2.00e-03  (0.0s)
    -> I1=3 I2=4 I3=3 I4=5 I5=3 I6=4 I7=3 I8=5 min=3 mean=3.8 max=5 (78.6s)
[33/135] hidden=[48, 96, 192, 384] lr=0.002 epochs=2000 npp=256 seed=2024 ...
  Epoch     1/2000  loss=3.3958e-01  lr=2.00e-03  (0.0s)
    -> I1=3 I2=4 I3=5 I4=4 I5=4 I6=4 I7=5 I8=4 min=3 mean=4.1 max=5 (78.6s)
[34/135] hidden=[48, 96, 192, 384] lr=0.002 epochs=2000 npp=256 seed=7 ...
  Epoch     1/2000  loss=4.7291e-01  lr=2.00e-03  (0.0s)
    -> I1=3 I2=3 I3=3 I4=4 I5=3 I6=3 I7=3 I8=4 min=3 mean=3.2 max=4 (78.7s)
[35/135] hidden=[48, 96, 192, 384] lr=0.002 epochs=2000 npp=256 seed=999 ...
  Epoch     1/2000  loss=5.1902e-01  lr=2.00e-03  (0.0s)
    -> I1=3 I2=4 I3=3 I4=4 I5=3 I6=4 I7=3 I8=4 min=3 mean=3.5 max=4 (78.6s)
[36/135] hidden=[48, 96, 192, 384] lr=0.002 epochs=2000 npp=512 seed=42 ...
  Epoch     1/2000  loss=4.1925e-01  lr=2.00e-03  (0.1s)
    -> I1=3 I2=3 I3=3 I4=4 I5=3 I6=4 I7=3 I8=4 min=3 mean=3.4 max=4 (151.7s)
[37/135] hidden=[48, 96, 192, 384] lr=0.002 epochs=2000 npp=512 seed=137 ...
  Epoch     1/2000  loss=3.4977e-01  lr=2.00e-03  (0.1s)
    -> I1=3 I2=4 I3=3 I4=4 I5=3 I6=4 I7=3 I8=4 min=3 mean=3.5 max=4 (151.8s)
[38/135] hidden=[48, 96, 192, 384] lr=0.002 epochs=2000 npp=512 seed=2024 ...
  Epoch     1/2000  loss=3.5111e-01  lr=2.00e-03  (0.1s)
    -> I1=3 I2=4 I3=3 I4=4 I5=3 I6=4 I7=3 I8=4 min=3 mean=3.5 max=4 (151.8s)
[39/135] hidden=[48, 96, 192, 384] lr=0.002 epochs=2000 npp=512 seed=7 ...
  Epoch     1/2000  loss=4.3520e-01  lr=2.00e-03  (0.1s)
    -> I1=3 I2=4 I3=4 I4=4 I5=3 I6=4 I7=3 I8=4 min=3 mean=3.6 max=4 (151.8s)
[40/135] hidden=[48, 96, 192, 384] lr=0.002 epochs=2000 npp=512 seed=999 ...
  Epoch     1/2000  loss=4.4667e-01  lr=2.00e-03  (0.1s)
    -> I1=3 I2=4 I3=3 I4=4 I5=3 I6=4 I7=5 I8=4 min=3 mean=3.8 max=5 (151.7s)
[41/135] hidden=[48, 96, 192, 384] lr=0.002 epochs=2000 npp=1024 seed=42 ...
  Epoch     1/2000  loss=3.7993e-01  lr=2.00e-03  (0.2s)
    -> I1=3 I2=3 I3=3 I4=4 I5=3 I6=3 I7=3 I8=4 min=3 mean=3.2 max=4 (311.5s)
[42/135] hidden=[48, 96, 192, 384] lr=0.002 epochs=2000 npp=1024 seed=137 ...
  Epoch     1/2000  loss=3.5661e-01  lr=2.00e-03  (0.2s)
    -> I1=4 I2=4 I3=4 I4=4 I5=4 I6=5 I7=4 I8=4 min=4 mean=4.1 max=5 (311.6s)
[43/135] hidden=[48, 96, 192, 384] lr=0.002 epochs=2000 npp=1024 seed=2024 ...
  Epoch     1/2000  loss=3.6789e-01  lr=2.00e-03  (0.2s)
    -> I1=3 I2=4 I3=4 I4=4 I5=3 I6=4 I7=4 I8=5 min=3 mean=3.9 max=5 (311.6s)
[44/135] hidden=[48, 96, 192, 384] lr=0.002 epochs=2000 npp=1024 seed=7 ...
  Epoch     1/2000  loss=4.0033e-01  lr=2.00e-03  (0.2s)
    -> I1=3 I2=4 I3=4 I4=5 I5=4 I6=4 I7=5 I8=5 min=3 mean=4.2 max=5 (311.7s)
[45/135] hidden=[48, 96, 192, 384] lr=0.002 epochs=2000 npp=1024 seed=999 ...
  Epoch     1/2000  loss=4.3132e-01  lr=2.00e-03  (0.2s)
    -> I1=3 I2=4 I3=3 I4=4 I5=3 I6=4 I7=3 I8=4 min=3 mean=3.5 max=4 (311.6s)
[46/135] hidden=[48, 96, 192, 384] lr=0.0005 epochs=4000 npp=256 seed=42 ...
  Epoch     1/4000  loss=3.6540e-01  lr=5.00e-04  (0.0s)
    -> I1=3 I2=3 I3=3 I4=3 I5=3 I6=3 I7=3 I8=3 min=3 mean=3.0 max=3 (157.3s)
[47/135] hidden=[48, 96, 192, 384] lr=0.0005 epochs=4000 npp=256 seed=137 ...
  Epoch     1/4000  loss=3.6511e-01  lr=5.00e-04  (0.0s)
    -> I1=3 I2=4 I3=3 I4=4 I5=3 I6=4 I7=3 I8=4 min=3 mean=3.5 max=4 (157.3s)
[48/135] hidden=[48, 96, 192, 384] lr=0.0005 epochs=4000 npp=256 seed=2024 ...
  Epoch     1/4000  loss=3.3958e-01  lr=5.00e-04  (0.0s)
    -> I1=3 I2=6 I3=4 I4=4 I5=4 I6=3 I7=3 I8=4 min=3 mean=3.9 max=6 (157.3s)
[49/135] hidden=[48, 96, 192, 384] lr=0.0005 epochs=4000 npp=256 seed=7 ...
  Epoch     1/4000  loss=4.7291e-01  lr=5.00e-04  (0.0s)
    -> I1=3 I2=3 I3=3 I4=4 I5=3 I6=3 I7=3 I8=4 min=3 mean=3.2 max=4 (157.3s)
[50/135] hidden=[48, 96, 192, 384] lr=0.0005 epochs=4000 npp=256 seed=999 ...
  Epoch     1/4000  loss=5.1902e-01  lr=5.00e-04  (0.0s)
    -> I1=4 I2=4 I3=4 I4=4 I5=3 I6=4 I7=4 I8=4 min=3 mean=3.9 max=4 (157.3s)
[51/135] hidden=[48, 96, 192, 384] lr=0.0005 epochs=4000 npp=512 seed=42 ...
  Epoch     1/4000  loss=4.1925e-01  lr=5.00e-04  (0.1s)
    -> I1=2 I2=3 I3=3 I4=3 I5=3 I6=3 I7=3 I8=3 min=2 mean=2.9 max=3 (303.8s)
[52/135] hidden=[48, 96, 192, 384] lr=0.0005 epochs=4000 npp=512 seed=137 ...
  Epoch     1/4000  loss=3.4977e-01  lr=5.00e-04  (0.1s)
    -> I1=3 I2=3 I3=3 I4=4 I5=3 I6=3 I7=3 I8=4 min=3 mean=3.2 max=4 (303.7s)
[53/135] hidden=[48, 96, 192, 384] lr=0.0005 epochs=4000 npp=512 seed=2024 ...
  Epoch     1/4000  loss=3.5111e-01  lr=5.00e-04  (0.1s)
    -> I1=3 I2=4 I3=3 I4=4 I5=4 I6=4 I7=4 I8=5 min=3 mean=3.9 max=5 (303.6s)
[54/135] hidden=[48, 96, 192, 384] lr=0.0005 epochs=4000 npp=512 seed=7 ...
  Epoch     1/4000  loss=4.3520e-01  lr=5.00e-04  (0.1s)
    -> I1=3 I2=3 I3=3 I4=4 I5=3 I6=3 I7=3 I8=4 min=3 mean=3.2 max=4 (303.5s)
[55/135] hidden=[48, 96, 192, 384] lr=0.0005 epochs=4000 npp=512 seed=999 ...
  Epoch     1/4000  loss=4.4667e-01  lr=5.00e-04  (0.1s)
    -> I1=2 I2=3 I3=3 I4=4 I5=2 I6=3 I7=3 I8=4 min=2 mean=3.0 max=4 (303.5s)
[56/135] hidden=[48, 96, 192, 384] lr=0.0005 epochs=4000 npp=1024 seed=42 ...
  Epoch     1/4000  loss=3.7993e-01  lr=5.00e-04  (0.2s)
    -> I1=3 I2=4 I3=3 I4=4 I5=3 I6=4 I7=3 I8=4 min=3 mean=3.5 max=4 (622.9s)
[57/135] hidden=[48, 96, 192, 384] lr=0.0005 epochs=4000 npp=1024 seed=137 ...
  Epoch     1/4000  loss=3.5661e-01  lr=5.00e-04  (0.2s)
    -> I1=3 I2=4 I3=4 I4=4 I5=4 I6=5 I7=4 I8=5 min=3 mean=4.1 max=5 (622.8s)
[58/135] hidden=[48, 96, 192, 384] lr=0.0005 epochs=4000 npp=1024 seed=2024 ...
  Epoch     1/4000  loss=3.6789e-01  lr=5.00e-04  (0.2s)
    -> I1=4 I2=4 I3=4 I4=4 I5=3 I6=4 I7=4 I8=5 min=3 mean=4.0 max=5 (623.2s)
[59/135] hidden=[48, 96, 192, 384] lr=0.0005 epochs=4000 npp=1024 seed=7 ...
  Epoch     1/4000  loss=4.0033e-01  lr=5.00e-04  (0.2s)
    -> I1=3 I2=5 I3=3 I4=4 I5=3 I6=5 I7=3 I8=4 min=3 mean=3.8 max=5 (623.3s)
[60/135] hidden=[48, 96, 192, 384] lr=0.0005 epochs=4000 npp=1024 seed=999 ...
  Epoch     1/4000  loss=4.3132e-01  lr=5.00e-04  (0.2s)
    -> I1=4 I2=4 I3=4 I4=4 I5=4 I6=4 I7=3 I8=4 min=3 mean=3.9 max=4 (623.3s)
[61/135] hidden=[48, 96, 192, 384] lr=0.001 epochs=4000 npp=256 seed=42 ...
  Epoch     1/4000  loss=3.6540e-01  lr=1.00e-03  (0.0s)
    -> I1=3 I2=3 I3=3 I4=4 I5=3 I6=3 I7=3 I8=4 min=3 mean=3.2 max=4 (157.4s)
[62/135] hidden=[48, 96, 192, 384] lr=0.001 epochs=4000 npp=256 seed=137 ...
  Epoch     1/4000  loss=3.6511e-01  lr=1.00e-03  (0.0s)
    -> I1=3 I2=3 I3=3 I4=4 I5=3 I6=3 I7=3 I8=4 min=3 mean=3.2 max=4 (157.2s)
[63/135] hidden=[48, 96, 192, 384] lr=0.001 epochs=4000 npp=256 seed=2024 ...
  Epoch     1/4000  loss=3.3958e-01  lr=1.00e-03  (0.0s)
    -> I1=3 I2=3 I3=3 I4=4 I5=3 I6=4 I7=3 I8=4 min=3 mean=3.4 max=4 (157.3s)
[64/135] hidden=[48, 96, 192, 384] lr=0.001 epochs=4000 npp=256 seed=7 ...
  Epoch     1/4000  loss=4.7291e-01  lr=1.00e-03  (0.0s)
    -> I1=3 I2=3 I3=3 I4=3 I5=3 I6=3 I7=3 I8=4 min=3 mean=3.1 max=4 (157.2s)
[65/135] hidden=[48, 96, 192, 384] lr=0.001 epochs=4000 npp=256 seed=999 ...
  Epoch     1/4000  loss=5.1902e-01  lr=1.00e-03  (0.0s)
    -> I1=3 I2=3 I3=3 I4=3 I5=3 I6=3 I7=3 I8=4 min=3 mean=3.1 max=4 (157.2s)
[66/135] hidden=[48, 96, 192, 384] lr=0.001 epochs=4000 npp=512 seed=42 ...
  Epoch     1/4000  loss=4.1925e-01  lr=1.00e-03  (0.1s)
    -> I1=3 I2=4 I3=3 I4=4 I5=3 I6=4 I7=4 I8=4 min=3 mean=3.6 max=4 (303.5s)
[67/135] hidden=[48, 96, 192, 384] lr=0.001 epochs=4000 npp=512 seed=137 ...
  Epoch     1/4000  loss=3.4977e-01  lr=1.00e-03  (0.1s)
    -> I1=3 I2=3 I3=3 I4=4 I5=3 I6=3 I7=3 I8=4 min=3 mean=3.2 max=4 (303.3s)
[68/135] hidden=[48, 96, 192, 384] lr=0.001 epochs=4000 npp=512 seed=2024 ...
  Epoch     1/4000  loss=3.5111e-01  lr=1.00e-03  (0.1s)
    -> I1=3 I2=4 I3=4 I4=4 I5=3 I6=4 I7=4 I8=4 min=3 mean=3.8 max=4 (303.4s)
[69/135] hidden=[48, 96, 192, 384] lr=0.001 epochs=4000 npp=512 seed=7 ...
  Epoch     1/4000  loss=4.3520e-01  lr=1.00e-03  (0.1s)
    -> I1=3 I2=4 I3=4 I4=4 I5=4 I6=4 I7=4 I8=4 min=3 mean=3.9 max=4 (303.3s)
[70/135] hidden=[48, 96, 192, 384] lr=0.001 epochs=4000 npp=512 seed=999 ...
  Epoch     1/4000  loss=4.4667e-01  lr=1.00e-03  (0.1s)
    -> I1=2 I2=3 I3=3 I4=3 I5=3 I6=3 I7=3 I8=3 min=2 mean=2.9 max=3 (303.2s)
[71/135] hidden=[48, 96, 192, 384] lr=0.001 epochs=4000 npp=1024 seed=42 ...
  Epoch     1/4000  loss=3.7993e-01  lr=1.00e-03  (0.2s)
    -> I1=4 I2=5 I3=4 I4=4 I5=4 I6=6 I7=4 I8=4 min=4 mean=4.4 max=6 (622.4s)
[72/135] hidden=[48, 96, 192, 384] lr=0.001 epochs=4000 npp=1024 seed=137 ...
  Epoch     1/4000  loss=3.5661e-01  lr=1.00e-03  (0.2s)
    -> I1=3 I2=4 I3=4 I4=4 I5=3 I6=4 I7=5 I8=4 min=3 mean=3.9 max=5 (622.6s)
[73/135] hidden=[48, 96, 192, 384] lr=0.001 epochs=4000 npp=1024 seed=2024 ...
  Epoch     1/4000  loss=3.6789e-01  lr=1.00e-03  (0.2s)
    -> I1=4 I2=4 I3=5 I4=4 I5=4 I6=4 I7=4 I8=5 min=4 mean=4.2 max=5 (622.8s)
[74/135] hidden=[48, 96, 192, 384] lr=0.001 epochs=4000 npp=1024 seed=7 ...
  Epoch     1/4000  loss=4.0033e-01  lr=1.00e-03  (0.2s)
    -> I1=3 I2=4 I3=3 I4=4 I5=3 I6=4 I7=3 I8=4 min=3 mean=3.5 max=4 (623.2s)
[75/135] hidden=[48, 96, 192, 384] lr=0.001 epochs=4000 npp=1024 seed=999 ...
  Epoch     1/4000  loss=4.3132e-01  lr=1.00e-03  (0.2s)
    -> I1=3 I2=3 I3=3 I4=4 I5=3 I6=4 I7=3 I8=4 min=3 mean=3.4 max=4 (623.2s)
[76/135] hidden=[48, 96, 192, 384] lr=0.002 epochs=4000 npp=256 seed=42 ...
  Epoch     1/4000  loss=3.6540e-01  lr=2.00e-03  (0.0s)
    -> I1=3 I2=4 I3=4 I4=4 I5=3 I6=4 I7=4 I8=5 min=3 mean=3.9 max=5 (157.3s)
[77/135] hidden=[48, 96, 192, 384] lr=0.002 epochs=4000 npp=256 seed=137 ...
  Epoch     1/4000  loss=3.6511e-01  lr=2.00e-03  (0.0s)
    -> I1=3 I2=4 I3=4 I4=5 I5=3 I6=4 I7=3 I8=5 min=3 mean=3.9 max=5 (157.3s)
[78/135] hidden=[48, 96, 192, 384] lr=0.002 epochs=4000 npp=256 seed=2024 ...
  Epoch     1/4000  loss=3.3958e-01  lr=2.00e-03  (0.0s)
    -> I1=4 I2=4 I3=4 I4=4 I5=4 I6=5 I7=3 I8=5 min=3 mean=4.1 max=5 (157.5s)
[79/135] hidden=[48, 96, 192, 384] lr=0.002 epochs=4000 npp=256 seed=7 ...
  Epoch     1/4000  loss=4.7291e-01  lr=2.00e-03  (0.0s)
    -> I1=3 I2=3 I3=3 I4=4 I5=3 I6=4 I7=4 I8=4 min=3 mean=3.5 max=4 (157.4s)
[80/135] hidden=[48, 96, 192, 384] lr=0.002 epochs=4000 npp=256 seed=999 ...
  Epoch     1/4000  loss=5.1902e-01  lr=2.00e-03  (0.0s)
    -> I1=3 I2=3 I3=3 I4=3 I5=3 I6=3 I7=3 I8=4 min=3 mean=3.1 max=4 (157.4s)
[81/135] hidden=[48, 96, 192, 384] lr=0.002 epochs=4000 npp=512 seed=42 ...
  Epoch     1/4000  loss=4.1925e-01  lr=2.00e-03  (0.1s)
    -> I1=3 I2=3 I3=3 I4=4 I5=3 I6=4 I7=4 I8=4 min=3 mean=3.5 max=4 (303.9s)
[82/135] hidden=[48, 96, 192, 384] lr=0.002 epochs=4000 npp=512 seed=137 ...
  Epoch     1/4000  loss=3.4977e-01  lr=2.00e-03  (0.1s)
    -> I1=3 I2=4 I3=3 I4=4 I5=3 I6=4 I7=4 I8=4 min=3 mean=3.6 max=4 (303.9s)
[83/135] hidden=[48, 96, 192, 384] lr=0.002 epochs=4000 npp=512 seed=2024 ...
  Epoch     1/4000  loss=3.5111e-01  lr=2.00e-03  (0.1s)
    -> I1=3 I2=3 I3=3 I4=4 I5=3 I6=3 I7=3 I8=4 min=3 mean=3.2 max=4 (303.8s)
[84/135] hidden=[48, 96, 192, 384] lr=0.002 epochs=4000 npp=512 seed=7 ...
  Epoch     1/4000  loss=4.3520e-01  lr=2.00e-03  (0.1s)
    -> I1=3 I2=4 I3=3 I4=4 I5=3 I6=4 I7=3 I8=4 min=3 mean=3.5 max=4 (303.8s)
[85/135] hidden=[48, 96, 192, 384] lr=0.002 epochs=4000 npp=512 seed=999 ...
  Epoch     1/4000  loss=4.4667e-01  lr=2.00e-03  (0.1s)
    -> I1=3 I2=3 I3=3 I4=4 I5=3 I6=3 I7=3 I8=4 min=3 mean=3.2 max=4 (303.8s)
[86/135] hidden=[48, 96, 192, 384] lr=0.002 epochs=4000 npp=1024 seed=42 ...
  Epoch     1/4000  loss=3.7993e-01  lr=2.00e-03  (0.2s)
    -> I1=3 I2=4 I3=4 I4=4 I5=3 I6=4 I7=4 I8=4 min=3 mean=3.8 max=4 (623.2s)
[87/135] hidden=[48, 96, 192, 384] lr=0.002 epochs=4000 npp=1024 seed=137 ...
  Epoch     1/4000  loss=3.5661e-01  lr=2.00e-03  (0.2s)
    -> I1=5 I2=4 I3=4 I4=4 I5=3 I6=4 I7=4 I8=5 min=3 mean=4.1 max=5 (623.2s)
[88/135] hidden=[48, 96, 192, 384] lr=0.002 epochs=4000 npp=1024 seed=2024 ...
  Epoch     1/4000  loss=3.6789e-01  lr=2.00e-03  (0.2s)
    -> I1=3 I2=4 I3=4 I4=4 I5=3 I6=4 I7=4 I8=4 min=3 mean=3.8 max=4 (622.7s)
[89/135] hidden=[48, 96, 192, 384] lr=0.002 epochs=4000 npp=1024 seed=7 ...
  Epoch     1/4000  loss=4.0033e-01  lr=2.00e-03  (0.2s)
    -> I1=3 I2=3 I3=3 I4=4 I5=3 I6=4 I7=3 I8=4 min=3 mean=3.4 max=4 (622.4s)
[90/135] hidden=[48, 96, 192, 384] lr=0.002 epochs=4000 npp=1024 seed=999 ...
  Epoch     1/4000  loss=4.3132e-01  lr=2.00e-03  (0.2s)
    -> I1=3 I2=4 I3=3 I4=4 I5=3 I6=4 I7=3 I8=4 min=3 mean=3.5 max=4 (622.5s)
[91/135] hidden=[48, 96, 192, 384] lr=0.0005 epochs=8000 npp=256 seed=42 ...
  Epoch     1/8000  loss=3.6540e-01  lr=5.00e-04  (0.0s)
    -> I1=3 I2=4 I3=4 I4=4 I5=3 I6=4 I7=3 I8=4 min=3 mean=3.6 max=4 (314.2s)
[92/135] hidden=[48, 96, 192, 384] lr=0.0005 epochs=8000 npp=256 seed=137 ...
  Epoch     1/8000  loss=3.6511e-01  lr=5.00e-04  (0.0s)
    -> I1=3 I2=4 I3=3 I4=4 I5=3 I6=3 I7=3 I8=4 min=3 mean=3.4 max=4 (314.2s)
[93/135] hidden=[48, 96, 192, 384] lr=0.0005 epochs=8000 npp=256 seed=2024 ...
  Epoch     1/8000  loss=3.3958e-01  lr=5.00e-04  (0.0s)
    -> I1=3 I2=4 I3=3 I4=4 I5=3 I6=4 I7=3 I8=4 min=3 mean=3.5 max=4 (314.3s)
[94/135] hidden=[48, 96, 192, 384] lr=0.0005 epochs=8000 npp=256 seed=7 ...
  Epoch     1/8000  loss=4.7291e-01  lr=5.00e-04  (0.0s)
    -> I1=3 I2=3 I3=3 I4=4 I5=3 I6=3 I7=4 I8=4 min=3 mean=3.4 max=4 (314.4s)
[95/135] hidden=[48, 96, 192, 384] lr=0.0005 epochs=8000 npp=256 seed=999 ...
  Epoch     1/8000  loss=5.1902e-01  lr=5.00e-04  (0.0s)
    -> I1=3 I2=3 I3=3 I4=4 I5=3 I6=3 I7=3 I8=4 min=3 mean=3.2 max=4 (314.3s)
[96/135] hidden=[48, 96, 192, 384] lr=0.0005 epochs=8000 npp=512 seed=42 ...
  Epoch     1/8000  loss=4.1925e-01  lr=5.00e-04  (0.1s)
    -> I1=3 I2=4 I3=3 I4=4 I5=3 I6=4 I7=3 I8=4 min=3 mean=3.5 max=4 (607.2s)
[97/135] hidden=[48, 96, 192, 384] lr=0.0005 epochs=8000 npp=512 seed=137 ...
  Epoch     1/8000  loss=3.4977e-01  lr=5.00e-04  (0.1s)
    -> I1=3 I2=4 I3=3 I4=4 I5=3 I6=3 I7=3 I8=4 min=3 mean=3.4 max=4 (607.0s)
[98/135] hidden=[48, 96, 192, 384] lr=0.0005 epochs=8000 npp=512 seed=2024 ...
  Epoch     1/8000  loss=3.5111e-01  lr=5.00e-04  (0.1s)
    -> I1=3 I2=3 I3=3 I4=4 I5=3 I6=3 I7=3 I8=4 min=3 mean=3.2 max=4 (607.1s)
[99/135] hidden=[48, 96, 192, 384] lr=0.0005 epochs=8000 npp=512 seed=7 ...
  Epoch     1/8000  loss=4.3520e-01  lr=5.00e-04  (0.1s)
    -> I1=3 I2=4 I3=4 I4=5 I5=3 I6=4 I7=3 I8=5 min=3 mean=3.9 max=5 (607.1s)
[100/135] hidden=[48, 96, 192, 384] lr=0.0005 epochs=8000 npp=512 seed=999 ...
  Epoch     1/8000  loss=4.4667e-01  lr=5.00e-04  (0.1s)
    -> I1=3 I2=4 I3=3 I4=5 I5=3 I6=4 I7=3 I8=4 min=3 mean=3.6 max=5 (607.1s)
[101/135] hidden=[48, 96, 192, 384] lr=0.0005 epochs=8000 npp=1024 seed=42 ...
  Epoch     1/8000  loss=3.7993e-01  lr=5.00e-04  (0.2s)
    -> I1=3 I2=4 I3=3 I4=4 I5=3 I6=4 I7=3 I8=4 min=3 mean=3.5 max=4 (1245.0s)
[102/135] hidden=[48, 96, 192, 384] lr=0.0005 epochs=8000 npp=1024 seed=137 ...
  Epoch     1/8000  loss=3.5661e-01  lr=5.00e-04  (0.2s)
    -> I1=3 I2=4 I3=3 I4=4 I5=3 I6=4 I7=3 I8=4 min=3 mean=3.5 max=4 (1245.1s)
[103/135] hidden=[48, 96, 192, 384] lr=0.0005 epochs=8000 npp=1024 seed=2024 ...
  Epoch     1/8000  loss=3.6789e-01  lr=5.00e-04  (0.2s)
    -> I1=3 I2=4 I3=4 I4=5 I5=3 I6=4 I7=3 I8=4 min=3 mean=3.8 max=5 (1245.3s)
[104/135] hidden=[48, 96, 192, 384] lr=0.0005 epochs=8000 npp=1024 seed=7 ...
  Epoch     1/8000  loss=4.0033e-01  lr=5.00e-04  (0.2s)
    -> I1=3 I2=4 I3=4 I4=4 I5=4 I6=6 I7=4 I8=4 min=3 mean=4.1 max=6 (1245.5s)
[105/135] hidden=[48, 96, 192, 384] lr=0.0005 epochs=8000 npp=1024 seed=999 ...
  Epoch     1/8000  loss=4.3132e-01  lr=5.00e-04  (0.2s)
    -> I1=3 I2=3 I3=3 I4=4 I5=3 I6=3 I7=3 I8=4 min=3 mean=3.2 max=4 (1245.1s)
[106/135] hidden=[48, 96, 192, 384] lr=0.001 epochs=8000 npp=256 seed=42 ...
  Epoch     1/8000  loss=3.6540e-01  lr=1.00e-03  (0.0s)
    -> I1=3 I2=4 I3=3 I4=4 I5=3 I6=4 I7=3 I8=4 min=3 mean=3.5 max=4 (314.1s)
[107/135] hidden=[48, 96, 192, 384] lr=0.001 epochs=8000 npp=256 seed=137 ...
  Epoch     1/8000  loss=3.6511e-01  lr=1.00e-03  (0.0s)
    -> I1=3 I2=3 I3=3 I4=4 I5=3 I6=3 I7=3 I8=4 min=3 mean=3.2 max=4 (314.3s)
[108/135] hidden=[48, 96, 192, 384] lr=0.001 epochs=8000 npp=256 seed=2024 ...
  Epoch     1/8000  loss=3.3958e-01  lr=1.00e-03  (0.0s)
    -> I1=3 I2=4 I3=4 I4=4 I5=3 I6=3 I7=5 I8=5 min=3 mean=3.9 max=5 (314.2s)
[109/135] hidden=[48, 96, 192, 384] lr=0.001 epochs=8000 npp=256 seed=7 ...
  Epoch     1/8000  loss=4.7291e-01  lr=1.00e-03  (0.0s)
    -> I1=3 I2=3 I3=3 I4=4 I5=3 I6=4 I7=3 I8=4 min=3 mean=3.4 max=4 (314.1s)
[110/135] hidden=[48, 96, 192, 384] lr=0.001 epochs=8000 npp=256 seed=999 ...
  Epoch     1/8000  loss=5.1902e-01  lr=1.00e-03  (0.0s)
    -> I1=4 I2=4 I3=4 I4=4 I5=4 I6=4 I7=4 I8=4 min=4 mean=4.0 max=4 (314.1s)
[111/135] hidden=[48, 96, 192, 384] lr=0.001 epochs=8000 npp=512 seed=42 ...
  Epoch     1/8000  loss=4.1925e-01  lr=1.00e-03  (0.1s)
    -> I1=3 I2=4 I3=3 I4=4 I5=3 I6=4 I7=3 I8=4 min=3 mean=3.5 max=4 (606.5s)
[112/135] hidden=[48, 96, 192, 384] lr=0.001 epochs=8000 npp=512 seed=137 ...
  Epoch     1/8000  loss=3.4977e-01  lr=1.00e-03  (0.1s)
    -> I1=3 I2=4 I3=3 I4=5 I5=3 I6=4 I7=4 I8=5 min=3 mean=3.9 max=5 (606.6s)
[113/135] hidden=[48, 96, 192, 384] lr=0.001 epochs=8000 npp=512 seed=2024 ...
  Epoch     1/8000  loss=3.5111e-01  lr=1.00e-03  (0.1s)
    -> I1=3 I2=4 I3=4 I4=4 I5=4 I6=4 I7=4 I8=4 min=3 mean=3.9 max=4 (606.8s)
[114/135] hidden=[48, 96, 192, 384] lr=0.001 epochs=8000 npp=512 seed=7 ...
  Epoch     1/8000  loss=4.3520e-01  lr=1.00e-03  (0.1s)
    -> I1=4 I2=4 I3=4 I4=4 I5=4 I6=4 I7=4 I8=4 min=4 mean=4.0 max=4 (607.0s)
[115/135] hidden=[48, 96, 192, 384] lr=0.001 epochs=8000 npp=512 seed=999 ...
  Epoch     1/8000  loss=4.4667e-01  lr=1.00e-03  (0.1s)
    -> I1=3 I2=4 I3=4 I4=4 I5=3 I6=5 I7=6 I8=4 min=3 mean=4.1 max=6 (606.9s)
[116/135] hidden=[48, 96, 192, 384] lr=0.001 epochs=8000 npp=1024 seed=42 ...
  Epoch     1/8000  loss=3.7993e-01  lr=1.00e-03  (0.2s)
    -> I1=3 I2=3 I3=3 I4=4 I5=3 I6=4 I7=3 I8=4 min=3 mean=3.4 max=4 (1245.6s)
[117/135] hidden=[48, 96, 192, 384] lr=0.001 epochs=8000 npp=1024 seed=137 ...
  Epoch     1/8000  loss=3.5661e-01  lr=1.00e-03  (0.2s)
    -> I1=4 I2=5 I3=4 I4=5 I5=3 I6=5 I7=4 I8=4 min=3 mean=4.2 max=5 (1245.4s)
[118/135] hidden=[48, 96, 192, 384] lr=0.001 epochs=8000 npp=1024 seed=2024 ...
  Epoch     1/8000  loss=3.6789e-01  lr=1.00e-03  (0.2s)
    -> I1=3 I2=3 I3=3 I4=4 I5=3 I6=4 I7=3 I8=4 min=3 mean=3.4 max=4 (1244.6s)
[119/135] hidden=[48, 96, 192, 384] lr=0.001 epochs=8000 npp=1024 seed=7 ...
  Epoch     1/8000  loss=4.0033e-01  lr=1.00e-03  (0.2s)
    -> I1=4 I2=4 I3=4 I4=5 I5=4 I6=4 I7=5 I8=4 min=4 mean=4.2 max=5 (1244.2s)
[120/135] hidden=[48, 96, 192, 384] lr=0.001 epochs=8000 npp=1024 seed=999 ...
  Epoch     1/8000  loss=4.3132e-01  lr=1.00e-03  (0.2s)
    -> I1=3 I2=4 I3=4 I4=4 I5=3 I6=4 I7=4 I8=4 min=3 mean=3.8 max=4 (1244.2s)
[121/135] hidden=[48, 96, 192, 384] lr=0.002 epochs=8000 npp=256 seed=42 ...
  Epoch     1/8000  loss=3.6540e-01  lr=2.00e-03  (0.0s)
    -> I1=3 I2=4 I3=3 I4=4 I5=3 I6=4 I7=3 I8=4 min=3 mean=3.5 max=4 (313.8s)
[122/135] hidden=[48, 96, 192, 384] lr=0.002 epochs=8000 npp=256 seed=137 ...
  Epoch     1/8000  loss=3.6511e-01  lr=2.00e-03  (0.0s)
    -> I1=4 I2=4 I3=4 I4=5 I5=4 I6=4 I7=4 I8=4 min=4 mean=4.1 max=5 (314.0s)
[123/135] hidden=[48, 96, 192, 384] lr=0.002 epochs=8000 npp=256 seed=2024 ...
  Epoch     1/8000  loss=3.3958e-01  lr=2.00e-03  (0.0s)
    -> I1=3 I2=4 I3=3 I4=4 I5=3 I6=4 I7=3 I8=4 min=3 mean=3.5 max=4 (314.0s)
[124/135] hidden=[48, 96, 192, 384] lr=0.002 epochs=8000 npp=256 seed=7 ...
  Epoch     1/8000  loss=4.7291e-01  lr=2.00e-03  (0.0s)
    -> I1=3 I2=3 I3=3 I4=4 I5=3 I6=3 I7=3 I8=4 min=3 mean=3.2 max=4 (314.3s)
[125/135] hidden=[48, 96, 192, 384] lr=0.002 epochs=8000 npp=256 seed=999 ...
  Epoch     1/8000  loss=5.1902e-01  lr=2.00e-03  (0.0s)
    -> I1=2 I2=3 I3=3 I4=3 I5=3 I6=3 I7=3 I8=4 min=2 mean=3.0 max=4 (314.4s)
[126/135] hidden=[48, 96, 192, 384] lr=0.002 epochs=8000 npp=512 seed=42 ...
  Epoch     1/8000  loss=4.1925e-01  lr=2.00e-03  (0.1s)
    -> I1=3 I2=5 I3=4 I4=5 I5=3 I6=4 I7=4 I8=6 min=3 mean=4.2 max=6 (607.0s)
[127/135] hidden=[48, 96, 192, 384] lr=0.002 epochs=8000 npp=512 seed=137 ...
  Epoch     1/8000  loss=3.4977e-01  lr=2.00e-03  (0.1s)
    -> I1=3 I2=4 I3=4 I4=4 I5=3 I6=4 I7=6 I8=4 min=3 mean=4.0 max=6 (606.9s)
[128/135] hidden=[48, 96, 192, 384] lr=0.002 epochs=8000 npp=512 seed=2024 ...
  Epoch     1/8000  loss=3.5111e-01  lr=2.00e-03  (0.1s)
    -> I1=4 I2=4 I3=3 I4=4 I5=4 I6=5 I7=3 I8=4 min=3 mean=3.9 max=5 (607.0s)
[129/135] hidden=[48, 96, 192, 384] lr=0.002 epochs=8000 npp=512 seed=7 ...
  Epoch     1/8000  loss=4.3520e-01  lr=2.00e-03  (0.1s)
    -> I1=4 I2=6 I3=4 I4=4 I5=5 I6=4 I7=4 I8=4 min=4 mean=4.4 max=6 (607.0s)
[130/135] hidden=[48, 96, 192, 384] lr=0.002 epochs=8000 npp=512 seed=999 ...
  Epoch     1/8000  loss=4.4667e-01  lr=2.00e-03  (0.1s)
    -> I1=3 I2=5 I3=4 I4=5 I5=3 I6=4 I7=4 I8=5 min=3 mean=4.1 max=5 (606.9s)
[131/135] hidden=[48, 96, 192, 384] lr=0.002 epochs=8000 npp=1024 seed=42 ...
  Epoch     1/8000  loss=3.7993e-01  lr=2.00e-03  (0.2s)
    -> I1=5 I2=4 I3=4 I4=4 I5=4 I6=4 I7=4 I8=4 min=4 mean=4.1 max=5 (1245.6s)
[132/135] hidden=[48, 96, 192, 384] lr=0.002 epochs=8000 npp=1024 seed=137 ...
  Epoch     1/8000  loss=3.5661e-01  lr=2.00e-03  (0.2s)
    -> I1=4 I2=4 I3=6 I4=5 I5=4 I6=4 I7=4 I8=4 min=4 mean=4.4 max=6 (1244.7s)
[133/135] hidden=[48, 96, 192, 384] lr=0.002 epochs=8000 npp=1024 seed=2024 ...
  Epoch     1/8000  loss=3.6789e-01  lr=2.00e-03  (0.2s)
    -> I1=3 I2=4 I3=4 I4=4 I5=3 I6=4 I7=4 I8=4 min=3 mean=3.8 max=4 (1244.6s)
[134/135] hidden=[48, 96, 192, 384] lr=0.002 epochs=8000 npp=1024 seed=7 ...
  Epoch     1/8000  loss=4.0033e-01  lr=2.00e-03  (0.2s)
    -> I1=3 I2=4 I3=4 I4=4 I5=3 I6=4 I7=3 I8=4 min=3 mean=3.6 max=4 (1244.3s)
[135/135] hidden=[48, 96, 192, 384] lr=0.002 epochs=8000 npp=1024 seed=999 ...
  Epoch     1/8000  loss=4.3132e-01  lr=2.00e-03  (0.2s)
    -> I1=3 I2=4 I3=3 I4=4 I5=3 I6=4 I7=4 I8=4 min=3 mean=3.6 max=4 (1244.7s)

============================================================================================================================================
  RANKED RESULTS (best first) — GPU 2
============================================================================================================================================
    # hidden                     lr epochs   npp  seed   min_loss mean_relerr  I1  I2  I3  I4  I5  I6  I7  I8  min  mean  max   time
--------------------------------------------------------------------------------------------------------------------------------------------
    1 [48, 96, 192, 384]    2.0e-03   8000   512     7  1.457e-05   7.295e-04   4   6   4   4   5   4   4   4    4   4.4    6  607.0
    2 [48, 96, 192, 384]    1.0e-03   4000  1024    42  9.487e-05   7.733e-04   4   5   4   4   4   6   4   4    4   4.4    6  622.4
    3 [48, 96, 192, 384]    1.0e-03   8000  1024     7  2.366e-05   8.546e-04   4   4   4   5   4   4   5   4    4   4.2    5 1244.2
    4 [48, 96, 192, 384]    2.0e-03   2000  1024   137  1.537e-04   9.297e-04   4   4   4   4   4   5   4   4    4   4.1    5  311.6
    5 [48, 96, 192, 384]    1.0e-03   4000  1024  2024  1.197e-04   9.975e-04   4   4   5   4   4   4   4   5    4   4.2    5  622.8
    6 [48, 96, 192, 384]    2.0e-03   8000  1024   137  1.371e-05   1.070e-03   4   4   6   5   4   4   4   4    4   4.4    6 1244.7
    7 [48, 96, 192, 384]    2.0e-03   8000  1024    42  1.600e-05   1.088e-03   5   4   4   4   4   4   4   4    4   4.1    5 1245.6
    8 [48, 96, 192, 384]    2.0e-03   8000   256   137  2.021e-05   1.306e-03   4   4   4   5   4   4   4   4    4   4.1    5  314.0
    9 [48, 96, 192, 384]    1.0e-03   8000   512     7  2.813e-05   1.565e-03   4   4   4   4   4   4   4   4    4   4.0    4  607.0
   10 [48, 96, 192, 384]    1.0e-03   8000   256   999  5.429e-05   2.352e-03   4   4   4   4   4   4   4   4    4   4.0    4  314.1
   11 [48, 96, 192, 384]    2.0e-03   8000   512   999  1.411e-05   7.574e-04   3   5   4   5   3   4   4   5    3   4.1    5  606.9
   12 [48, 96, 192, 384]    2.0e-03   4000  1024   137  5.385e-05   8.233e-04   5   4   4   4   3   4   4   5    3   4.1    5  623.2
   13 [48, 96, 192, 384]    5.0e-04   4000  1024   137  1.558e-04   8.580e-04   3   4   4   4   4   5   4   5    3   4.1    5  622.8
   14 [48, 96, 192, 384]    1.0e-03   8000  1024   137  2.325e-05   8.985e-04   4   5   4   5   3   5   4   4    3   4.2    5 1245.4
   15 [48, 96, 192, 384]    2.0e-03   2000  1024     7  1.496e-04   1.157e-03   3   4   4   5   4   4   5   5    3   4.2    5  311.7
   16 [48, 96, 192, 384]    2.0e-03   4000   256  2024  8.852e-05   1.194e-03   4   4   4   4   4   5   3   5    3   4.1    5  157.5
   17 [48, 96, 192, 384]    1.0e-03   4000  1024   137  7.418e-05   1.230e-03   3   4   4   4   3   4   5   4    3   3.9    5  622.6
   18 [48, 96, 192, 384]    5.0e-04   8000  1024     7  5.995e-05   1.251e-03   3   4   4   4   4   6   4   4    3   4.1    6 1245.5
   19 [48, 96, 192, 384]    2.0e-03   8000   512    42  1.500e-05   1.260e-03   3   5   4   5   3   4   4   6    3   4.2    6  607.0
   20 [48, 96, 192, 384]    1.0e-03   8000   512  2024  3.715e-05   1.298e-03   3   4   4   4   4   4   4   4    3   3.9    4  606.8
   21 [48, 96, 192, 384]    1.0e-03   8000   512   999  3.532e-05   1.463e-03   3   4   4   4   3   5   6   4    3   4.1    6  606.9
   22 [48, 96, 192, 384]    5.0e-04   2000  1024   137  4.379e-04   1.490e-03   3   5   5   4   4   4   4   5    3   4.2    5  311.4
   23 [48, 96, 192, 384]    2.0e-03   2000   256  2024  2.248e-04   1.496e-03   3   4   5   4   4   4   5   4    3   4.1    5   78.6
   24 [48, 96, 192, 384]    5.0e-04   8000   512     7  6.249e-05   1.512e-03   3   4   4   5   3   4   3   5    3   3.9    5  607.1
   25 [48, 96, 192, 384]    2.0e-03   4000   256    42  8.239e-05   1.517e-03   3   4   4   4   3   4   4   5    3   3.9    5  157.3
   26 [48, 96, 192, 384]    1.0e-03   4000   512     7  9.281e-05   1.523e-03   3   4   4   4   4   4   4   4    3   3.9    4  303.3
   27 [48, 96, 192, 384]    1.0e-03   8000   256  2024  6.314e-05   1.581e-03   3   4   4   4   3   3   5   5    3   3.9    5  314.2
   28 [48, 96, 192, 384]    2.0e-03   2000  1024  2024  1.776e-04   1.616e-03   3   4   4   4   3   4   4   5    3   3.9    5  311.6
   29 [48, 96, 192, 384]    5.0e-04   4000  1024  2024  2.235e-04   1.632e-03   4   4   4   4   3   4   4   5    3   4.0    5  623.2
   30 [48, 96, 192, 384]    2.0e-03   4000   256   137  1.039e-04   1.707e-03   3   4   4   5   3   4   3   5    3   3.9    5  157.3
   31 [48, 96, 192, 384]    2.0e-03   8000   512  2024  1.746e-05   1.724e-03   4   4   3   4   4   5   3   4    3   3.9    5  607.0
   32 [48, 96, 192, 384]    1.0e-03   2000   512     7  3.023e-04   1.801e-03   4   4   4   4   3   3   5   4    3   3.9    5  151.6
   33 [48, 96, 192, 384]    1.0e-03   2000  1024   999  3.031e-04   1.846e-03   4   4   5   4   4   4   3   4    3   4.0    5  311.6
   34 [48, 96, 192, 384]    2.0e-03   8000  1024  2024  1.406e-05   1.876e-03   3   4   4   4   3   4   4   4    3   3.8    4 1244.6
   35 [48, 96, 192, 384]    1.0e-03   8000   512   137  3.011e-05   1.881e-03   3   4   3   5   3   4   4   5    3   3.9    5  606.6
   36 [48, 96, 192, 384]    5.0e-04   8000  1024   137  6.866e-05   1.908e-03   3   4   3   4   3   4   3   4    3   3.5    4 1245.1
   37 [48, 96, 192, 384]    1.0e-03   8000  1024   999  2.995e-05   1.943e-03   3   4   4   4   3   4   4   4    3   3.8    4 1244.2
   38 [48, 96, 192, 384]    2.0e-03   4000  1024    42  4.395e-05   1.967e-03   3   4   4   4   3   4   4   4    3   3.8    4  623.2
   39 [48, 96, 192, 384]    2.0e-03   2000   512  2024  1.534e-04   1.967e-03   3   4   3   4   3   4   3   4    3   3.5    4  151.8
   40 [48, 96, 192, 384]    5.0e-04   4000   512  2024  2.617e-04   1.989e-03   3   4   3   4   4   4   4   5    3   3.9    5  303.6
   41 [48, 96, 192, 384]    5.0e-04   4000  1024     7  2.158e-04   2.031e-03   3   5   3   4   3   5   3   4    3   3.8    5  623.3
   42 [48, 96, 192, 384]    5.0e-04   8000  1024  2024  8.847e-05   2.106e-03   3   4   4   5   3   4   3   4    3   3.8    5 1245.3
   43 [48, 96, 192, 384]    2.0e-03   8000   512   137  1.718e-05   2.128e-03   3   4   4   4   3   4   6   4    3   4.0    6  606.9
   44 [48, 96, 192, 384]    5.0e-04   4000   256  2024  2.871e-04   2.129e-03   3   6   4   4   4   3   3   4    3   3.9    6  157.3
   45 [48, 96, 192, 384]    1.0e-03   8000   512    42  3.224e-05   2.421e-03   3   4   3   4   3   4   3   4    3   3.5    4  606.5
   46 [48, 96, 192, 384]    2.0e-03   2000   256   137  2.233e-04   2.468e-03   3   4   3   5   3   4   3   5    3   3.8    5   78.6
   47 [48, 96, 192, 384]    2.0e-03   2000  1024   999  1.626e-04   2.563e-03   3   4   3   4   3   4   3   4    3   3.5    4  311.6
   48 [48, 96, 192, 384]    2.0e-03   2000   512   999  1.926e-04   2.588e-03   3   4   3   4   3   4   5   4    3   3.8    5  151.7
   49 [48, 96, 192, 384]    2.0e-03   2000   512     7  1.646e-04   2.599e-03   3   4   4   4   3   4   3   4    3   3.6    4  151.8
   50 [48, 96, 192, 384]    1.0e-03   2000  1024    42  2.581e-04   2.720e-03   3   4   3   4   4   4   3   4    3   3.6    4  311.4
   51 [48, 96, 192, 384]    2.0e-03   8000   256    42  1.582e-05   2.734e-03   3   4   3   4   3   4   3   4    3   3.5    4  313.8
   52 [48, 96, 192, 384]    2.0e-03   8000  1024   999  1.168e-05   2.751e-03   3   4   3   4   3   4   4   4    3   3.6    4 1244.7
   53 [48, 96, 192, 384]    2.0e-03   4000   512   137  7.214e-05   2.900e-03   3   4   3   4   3   4   4   4    3   3.6    4  303.9
   54 [48, 96, 192, 384]    1.0e-03   4000   512  2024  1.456e-04   2.938e-03   3   4   4   4   3   4   4   4    3   3.8    4  303.4
   55 [48, 96, 192, 384]    2.0e-03   4000  1024  2024  5.428e-05   2.949e-03   3   4   4   4   3   4   4   4    3   3.8    4  622.7
   56 [48, 96, 192, 384]    5.0e-04   2000  1024  2024  6.725e-04   2.954e-03   3   3   4   4   3   5   3   4    3   3.6    5  311.3
   57 [48, 96, 192, 384]    5.0e-04   4000  1024   999  1.844e-04   2.955e-03   4   4   4   4   4   4   3   4    3   3.9    4  623.3
   58 [48, 96, 192, 384]    5.0e-04   8000   512   999  9.508e-05   2.989e-03   3   4   3   5   3   4   3   4    3   3.6    5  607.1
   59 [48, 96, 192, 384]    2.0e-03   4000  1024   999  6.021e-05   2.999e-03   3   4   3   4   3   4   3   4    3   3.5    4  622.5
   60 [48, 96, 192, 384]    1.0e-03   4000   512    42  1.040e-04   3.012e-03   3   4   3   4   3   4   4   4    3   3.6    4  303.5
   61 [48, 96, 192, 384]    5.0e-04   4000  1024    42  1.952e-04   3.037e-03   3   4   3   4   3   4   3   4    3   3.5    4  622.9
   62 [48, 96, 192, 384]    2.0e-03   8000   256  2024  2.849e-05   3.068e-03   3   4   3   4   3   4   3   4    3   3.5    4  314.0
   63 [48, 96, 192, 384]    1.0e-03   2000  1024   137  2.337e-04   3.089e-03   3   4   3   4   3   4   3   4    3   3.5    4  311.5
   64 [48, 96, 192, 384]    5.0e-04   2000  1024     7  7.100e-04   3.113e-03   3   3   3   5   3   3   4   4    3   3.5    5  311.2
   65 [48, 96, 192, 384]    2.0e-03   4000   512   999  5.659e-05   3.150e-03   3   3   3   4   3   3   3   4    3   3.2    4  303.8
   66 [48, 96, 192, 384]    5.0e-04   8000   256    42  9.836e-05   3.169e-03   3   4   4   4   3   4   3   4    3   3.6    4  314.2
   67 [48, 96, 192, 384]    5.0e-04   2000   256   137  8.042e-04   3.217e-03   3   4   3   4   3   4   3   4    3   3.5    4   78.6
   68 [48, 96, 192, 384]    5.0e-04   2000  1024    42  6.800e-04   3.244e-03   3   3   3   5   3   4   3   4    3   3.5    5  311.3
   69 [48, 96, 192, 384]    1.0e-03   4000  1024     7  8.655e-05   3.245e-03   3   4   3   4   3   4   3   4    3   3.5    4  623.2
   70 [48, 96, 192, 384]    2.0e-03   4000   512    42  6.456e-05   3.249e-03   3   3   3   4   3   4   4   4    3   3.5    4  303.9
   71 [48, 96, 192, 384]    2.0e-03   8000  1024     7  1.471e-05   3.323e-03   3   4   4   4   3   4   3   4    3   3.6    4 1244.3
   72 [48, 96, 192, 384]    5.0e-04   4000   256   999  2.786e-04   3.493e-03   4   4   4   4   3   4   4   4    3   3.9    4  157.3
   73 [48, 96, 192, 384]    1.0e-03   2000  1024  2024  3.144e-04   3.496e-03   3   4   3   4   3   3   3   4    3   3.4    4  311.6
   74 [48, 96, 192, 384]    1.0e-03   2000   256     7  4.899e-04   3.533e-03   3   4   3   5   3   3   3   4    3   3.5    5   78.6
   75 [48, 96, 192, 384]    2.0e-03   4000   256     7  7.750e-05   3.632e-03   3   3   3   4   3   4   4   4    3   3.5    4  157.4
   76 [48, 96, 192, 384]    2.0e-03   4000  1024     7  5.636e-05   3.763e-03   3   3   3   4   3   4   3   4    3   3.4    4  622.4
   77 [48, 96, 192, 384]    5.0e-04   8000  1024   999  6.443e-05   3.803e-03   3   3   3   4   3   3   3   4    3   3.2    4 1245.1
   78 [48, 96, 192, 384]    5.0e-04   2000  1024   999  5.462e-04   3.857e-03   3   4   4   4   3   3   3   4    3   3.5    4  311.3
   79 [48, 96, 192, 384]    2.0e-03   2000  1024    42  1.427e-04   3.877e-03   3   3   3   4   3   3   3   4    3   3.2    4  311.5
   80 [48, 96, 192, 384]    5.0e-04   8000   512    42  9.613e-05   3.901e-03   3   4   3   4   3   4   3   4    3   3.5    4  607.2
   81 [48, 96, 192, 384]    5.0e-04   8000   256     7  7.633e-05   3.936e-03   3   3   3   4   3   3   4   4    3   3.4    4  314.4
   82 [48, 96, 192, 384]    1.0e-03   8000  1024    42  3.244e-05   4.058e-03   3   3   3   4   3   4   3   4    3   3.4    4 1245.6
   83 [48, 96, 192, 384]    2.0e-03   4000   512     7  4.837e-05   4.152e-03   3   4   3   4   3   4   3   4    3   3.5    4  303.8
   84 [48, 96, 192, 384]    2.0e-03   2000   512    42  1.589e-04   4.181e-03   3   3   3   4   3   4   3   4    3   3.4    4  151.7
   85 [48, 96, 192, 384]    2.0e-03   2000   512   137  1.759e-04   4.194e-03   3   4   3   4   3   4   3   4    3   3.5    4  151.8
   86 [48, 96, 192, 384]    1.0e-03   4000  1024   999  1.115e-04   4.266e-03   3   3   3   4   3   4   3   4    3   3.4    4  623.2
   87 [48, 96, 192, 384]    1.0e-03   2000   512   137  2.964e-04   4.378e-03   3   3   4   4   3   3   3   4    3   3.4    4  151.7
   88 [48, 96, 192, 384]    5.0e-04   2000   256  2024  1.088e-03   4.503e-03   3   3   3   4   3   3   3   4    3   3.2    4   78.6
   89 [48, 96, 192, 384]    5.0e-04   2000   256     7  1.285e-03   4.513e-03   3   3   4   4   3   4   3   4    3   3.5    4   78.6
   90 [48, 96, 192, 384]    1.0e-03   2000   512    42  2.537e-04   4.662e-03   3   4   3   4   3   4   3   4    3   3.5    4  151.7
   91 [48, 96, 192, 384]    1.0e-03   8000  1024  2024  4.934e-05   4.772e-03   3   3   3   4   3   4   3   4    3   3.4    4 1244.6
   92 [48, 96, 192, 384]    1.0e-03   2000   256   999  4.328e-04   4.872e-03   4   3   4   4   3   3   4   3    3   3.5    4   78.6
   93 [48, 96, 192, 384]    5.0e-04   2000   256   999  7.322e-04   4.948e-03   3   4   3   4   4   4   3   4    3   3.6    4   78.6
   94 [48, 96, 192, 384]    5.0e-04   8000  1024    42  6.303e-05   5.036e-03   3   4   3   4   3   4   3   4    3   3.5    4 1245.0
   95 [48, 96, 192, 384]    2.0e-03   4000   512  2024  7.090e-05   5.056e-03   3   3   3   4   3   3   3   4    3   3.2    4  303.8
   96 [48, 96, 192, 384]    5.0e-04   4000   256   137  2.466e-04   5.107e-03   3   4   3   4   3   4   3   4    3   3.5    4  157.3
   97 [48, 96, 192, 384]    1.0e-03   4000   256  2024  1.509e-04   5.135e-03   3   3   3   4   3   4   3   4    3   3.4    4  157.3
   98 [48, 96, 192, 384]    2.0e-03   2000   256   999  2.267e-04   5.161e-03   3   4   3   4   3   4   3   4    3   3.5    4   78.6
   99 [48, 96, 192, 384]    5.0e-04   8000   512   137  6.198e-05   5.311e-03   3   4   3   4   3   3   3   4    3   3.4    4  607.0
  100 [48, 96, 192, 384]    2.0e-03   2000   256    42  2.313e-04   5.360e-03   3   3   3   4   3   3   3   4    3   3.2    4   78.6
  101 [48, 96, 192, 384]    1.0e-03   4000   512   137  1.104e-04   5.367e-03   3   3   3   4   3   3   3   4    3   3.2    4  303.3
  102 [48, 96, 192, 384]    1.0e-03   8000   256    42  4.435e-05   5.695e-03   3   4   3   4   3   4   3   4    3   3.5    4  314.1
  103 [48, 96, 192, 384]    1.0e-03   4000   256   999  1.721e-04   5.725e-03   3   3   3   3   3   3   3   4    3   3.1    4  157.2
  104 [48, 96, 192, 384]    1.0e-03   4000   256    42  1.202e-04   5.831e-03   3   3   3   4   3   3   3   4    3   3.2    4  157.4
  105 [48, 96, 192, 384]    2.0e-03   4000   256   999  7.323e-05   5.912e-03   3   3   3   3   3   3   3   4    3   3.1    4  157.4
  106 [48, 96, 192, 384]    2.0e-03   8000   256     7  1.948e-05   5.967e-03   3   3   3   4   3   3   3   4    3   3.2    4  314.3
  107 [48, 96, 192, 384]    1.0e-03   2000   256   137  3.738e-04   5.980e-03   3   3   4   3   3   3   4   4    3   3.4    4   78.6
  108 [48, 96, 192, 384]    5.0e-04   2000   512   999  6.621e-04   5.992e-03   3   3   3   4   3   3   3   4    3   3.2    4  151.7
  109 [48, 96, 192, 384]    1.0e-03   8000   256   137  4.216e-05   6.000e-03   3   3   3   4   3   3   3   4    3   3.2    4  314.3
  110 [48, 96, 192, 384]    1.0e-03   4000   256   137  1.421e-04   6.083e-03   3   3   3   4   3   3   3   4    3   3.2    4  157.2
  111 [48, 96, 192, 384]    5.0e-04   4000   256     7  2.584e-04   6.146e-03   3   3   3   4   3   3   3   4    3   3.2    4  157.3
  112 [48, 96, 192, 384]    5.0e-04   4000   512     7  2.225e-04   6.346e-03   3   3   3   4   3   3   3   4    3   3.2    4  303.5
  113 [48, 96, 192, 384]    5.0e-04   8000   256   137  8.120e-05   6.445e-03   3   4   3   4   3   3   3   4    3   3.4    4  314.2
  114 [48, 96, 192, 384]    5.0e-04   8000   512  2024  9.383e-05   6.530e-03   3   3   3   4   3   3   3   4    3   3.2    4  607.1
  115 [48, 96, 192, 384]    5.0e-04   4000   512   137  2.102e-04   6.596e-03   3   3   3   4   3   3   3   4    3   3.2    4  303.7
  116 [48, 96, 192, 384]    5.0e-04   8000   256   999  1.013e-04   6.814e-03   3   3   3   4   3   3   3   4    3   3.2    4  314.3
  117 [48, 96, 192, 384]    2.0e-03   2000   256     7  2.532e-04   6.929e-03   3   3   3   4   3   3   3   4    3   3.2    4   78.7
  118 [48, 96, 192, 384]    5.0e-04   8000   256  2024  1.068e-04   7.436e-03   3   4   3   4   3   4   3   4    3   3.5    4  314.3
  119 [48, 96, 192, 384]    5.0e-04   2000   512  2024  6.993e-04   7.494e-03   3   3   3   4   3   3   3   4    3   3.2    4  151.6
  120 [48, 96, 192, 384]    1.0e-03   4000   256     7  1.118e-04   7.755e-03   3   3   3   3   3   3   3   4    3   3.1    4  157.2
  121 [48, 96, 192, 384]    1.0e-03   8000   256     7  3.057e-05   7.946e-03   3   3   3   4   3   4   3   4    3   3.4    4  314.1
  122 [48, 96, 192, 384]    1.0e-03   2000   512   999  3.877e-04   8.011e-03   3   3   3   3   3   3   3   3    3   3.0    3  151.6
  123 [48, 96, 192, 384]    5.0e-04   4000   256    42  2.733e-04   8.581e-03   3   3   3   3   3   3   3   3    3   3.0    3  157.3
  124 [48, 96, 192, 384]    1.0e-03   2000  1024     7  2.856e-04   8.733e-03   3   3   3   4   3   3   3   4    3   3.2    4  311.6
  125 [48, 96, 192, 384]    1.0e-03   2000   512  2024  4.000e-04   8.780e-03   3   3   3   4   3   3   3   4    3   3.2    4  151.6
  126 [48, 96, 192, 384]    5.0e-04   2000   512   137  5.719e-04   9.055e-03   3   3   3   4   3   3   3   3    3   3.1    4  151.6
  127 [48, 96, 192, 384]    5.0e-04   2000   512    42  7.823e-04   4.582e-03   2   4   4   4   3   4   3   4    2   3.5    4  151.8
  128 [48, 96, 192, 384]    1.0e-03   2000   256  2024  5.277e-04   9.105e-03   3   4   3   4   2   3   3   3    2   3.1    4   78.6
  129 [48, 96, 192, 384]    1.0e-03   2000   256    42  3.676e-04   9.435e-03   2   3   3   4   2   3   3   4    2   3.0    4   78.6
  130 [48, 96, 192, 384]    5.0e-04   4000   512   999  2.731e-04   9.953e-03   2   3   3   4   2   3   3   4    2   3.0    4  303.5
  131 [48, 96, 192, 384]    2.0e-03   8000   256   999  1.556e-05   1.046e-02   2   3   3   3   3   3   3   4    2   3.0    4  314.4
  132 [48, 96, 192, 384]    1.0e-03   4000   512   999  1.202e-04   1.227e-02   2   3   3   3   3   3   3   3    2   2.9    3  303.2
  133 [48, 96, 192, 384]    5.0e-04   4000   512    42  3.017e-04   1.331e-02   2   3   3   3   3   3   3   3    2   2.9    3  303.8
  134 [48, 96, 192, 384]    5.0e-04   2000   256    42  1.010e-03   1.431e-02   2   3   3   3   2   3   3   3    2   2.8    3   80.9
  135 [48, 96, 192, 384]    5.0e-04   2000   512     7  8.595e-04   1.532e-02   2   3   3   3   2   3   3   3    2   2.8    3  151.8
============================================================================================================================================

  BEST CONFIG (GPU 2):
    hidden_sizes = [48, 96, 192, 384]
    lr           = 0.002
    n_epochs     = 8000
    n_per_param  = 512
    seed         = 7
    -> min 4 digits, mean 4.4 digits, max 6 digits, mean rel. err 7.295e-04

============================================================================================================================================
  PER-CONFIG SUMMARY (seed-averaged) — GPU 2
============================================================================================================================================
  hidden=[48, 96, 192, 384] lr=0.002 epochs=8000 npp=512
      min_dig=3  mean_dig=4.1  max_dig=6  mean_relerr=1.320e-03  n_seeds=5
  hidden=[48, 96, 192, 384] lr=0.001 epochs=8000 npp=512
      min_dig=3  mean_dig=3.9  max_dig=6  mean_relerr=1.726e-03  n_seeds=5
  hidden=[48, 96, 192, 384] lr=0.002 epochs=8000 npp=1024
      min_dig=3  mean_dig=3.9  max_dig=6  mean_relerr=2.022e-03  n_seeds=5
  hidden=[48, 96, 192, 384] lr=0.002 epochs=2000 npp=1024
      min_dig=3  mean_dig=3.8  max_dig=5  mean_relerr=2.028e-03  n_seeds=5
  hidden=[48, 96, 192, 384] lr=0.001 epochs=4000 npp=1024
      min_dig=3  mean_dig=3.9  max_dig=6  mean_relerr=2.102e-03  n_seeds=5
  hidden=[48, 96, 192, 384] lr=0.0005 epochs=4000 npp=1024
      min_dig=3  mean_dig=3.9  max_dig=5  mean_relerr=2.103e-03  n_seeds=5
  hidden=[48, 96, 192, 384] lr=0.002 epochs=4000 npp=1024
      min_dig=3  mean_dig=3.7  max_dig=5  mean_relerr=2.500e-03  n_seeds=5
  hidden=[48, 96, 192, 384] lr=0.001 epochs=8000 npp=1024
      min_dig=3  mean_dig=3.8  max_dig=5  mean_relerr=2.505e-03  n_seeds=5
  hidden=[48, 96, 192, 384] lr=0.002 epochs=4000 npp=256
      min_dig=3  mean_dig=3.7  max_dig=5  mean_relerr=2.792e-03  n_seeds=5
  hidden=[48, 96, 192, 384] lr=0.0005 epochs=8000 npp=1024
      min_dig=3  mean_dig=3.6  max_dig=6  mean_relerr=2.821e-03  n_seeds=5
  hidden=[48, 96, 192, 384] lr=0.0005 epochs=2000 npp=1024
      min_dig=3  mean_dig=3.7  max_dig=5  mean_relerr=2.932e-03  n_seeds=5
  hidden=[48, 96, 192, 384] lr=0.002 epochs=2000 npp=512
      min_dig=3  mean_dig=3.5  max_dig=5  mean_relerr=3.106e-03  n_seeds=5
  hidden=[48, 96, 192, 384] lr=0.002 epochs=4000 npp=512
      min_dig=3  mean_dig=3.4  max_dig=4  mean_relerr=3.701e-03  n_seeds=5
  hidden=[48, 96, 192, 384] lr=0.001 epochs=2000 npp=1024
      min_dig=3  mean_dig=3.5  max_dig=5  mean_relerr=3.977e-03  n_seeds=5
  hidden=[48, 96, 192, 384] lr=0.0005 epochs=8000 npp=512
      min_dig=3  mean_dig=3.5  max_dig=5  mean_relerr=4.049e-03  n_seeds=5
  hidden=[48, 96, 192, 384] lr=0.002 epochs=2000 npp=256
      min_dig=3  mean_dig=3.6  max_dig=5  mean_relerr=4.283e-03  n_seeds=5
  hidden=[48, 96, 192, 384] lr=0.001 epochs=8000 npp=256
      min_dig=3  mean_dig=3.6  max_dig=5  mean_relerr=4.715e-03  n_seeds=5
  hidden=[48, 96, 192, 384] lr=0.0005 epochs=4000 npp=256
      min_dig=3  mean_dig=3.5  max_dig=6  mean_relerr=5.091e-03  n_seeds=5
  hidden=[48, 96, 192, 384] lr=0.001 epochs=2000 npp=512
      min_dig=3  mean_dig=3.4  max_dig=5  mean_relerr=5.526e-03  n_seeds=5
  hidden=[48, 96, 192, 384] lr=0.0005 epochs=8000 npp=256
      min_dig=3  mean_dig=3.4  max_dig=4  mean_relerr=5.560e-03  n_seeds=5
  hidden=[48, 96, 192, 384] lr=0.001 epochs=4000 npp=256
      min_dig=3  mean_dig=3.2  max_dig=4  mean_relerr=6.106e-03  n_seeds=5
  hidden=[48, 96, 192, 384] lr=0.002 epochs=8000 npp=256
      min_dig=2  mean_dig=3.5  max_dig=5  mean_relerr=4.706e-03  n_seeds=5
  hidden=[48, 96, 192, 384] lr=0.001 epochs=4000 npp=512
      min_dig=2  mean_dig=3.5  max_dig=4  mean_relerr=5.022e-03  n_seeds=5
  hidden=[48, 96, 192, 384] lr=0.0005 epochs=2000 npp=256
      min_dig=2  mean_dig=3.3  max_dig=4  mean_relerr=6.299e-03  n_seeds=5
  hidden=[48, 96, 192, 384] lr=0.001 epochs=2000 npp=256
      min_dig=2  mean_dig=3.3  max_dig=5  mean_relerr=6.585e-03  n_seeds=5
  hidden=[48, 96, 192, 384] lr=0.0005 epochs=4000 npp=512
      min_dig=2  mean_dig=3.2  max_dig=5  mean_relerr=7.639e-03  n_seeds=5
  hidden=[48, 96, 192, 384] lr=0.0005 epochs=2000 npp=512
      min_dig=2  mean_dig=3.2  max_dig=4  mean_relerr=8.489e-03  n_seeds=5
============================================================================================================================================
  Results saved -> /lustre/projects/g/gshipunv/project-skuld/research/results/grid/15-conv-integrator-sweep/results_gpu2.csv

