==================================================================
Job ID:     2474322
Script:     /lustre/projects/g/gshipunv/project-skuld/research/experiments/grid/15-conv-integrator-sweep/conv_sweep.py
Arguments:  --num-gpus 4
Log file:   /lustre/projects/g/gshipunv/project-skuld/research/results/grid/15-conv-integrator-sweep/slurm-2474322.log
Python:     /zfs/store1.hydra.local/user/g/gshipunv/.conda/envs/jasher-lustre/bin/python
PYTHONPATH: /lustre/projects/g/gshipunv/project-skuld/research:/lustre/projects/g/gshipunv/project-skuld:/lustre/projects/g/gshipunv/project-skuld/research/experiments/grid/15-conv-integrator-sweep:
==================================================================
SKULD is using device: cuda

========================================================================
  CONV INTEGRATOR SWEEP  —  108 configs × 5 seeds = 540 total runs
  GPU 3/4  —  processing runs [405:540] = 135 runs, device=cuda
========================================================================

Computing scipy reference integrals (shared across all configs)...
Done.

[1/135] hidden=[64, 128, 256, 512] lr=0.0005 epochs=2000 npp=256 seed=42 ...
  Epoch     1/2000  loss=4.0583e-01  lr=5.00e-04  (0.4s)
    -> I1=2 I2=3 I3=3 I4=4 I5=3 I6=3 I7=3 I8=4 min=2 mean=3.1 max=4 (96.0s)
[2/135] hidden=[64, 128, 256, 512] lr=0.0005 epochs=2000 npp=256 seed=137 ...
  Epoch     1/2000  loss=3.8421e-01  lr=5.00e-04  (0.1s)
    -> I1=3 I2=3 I3=3 I4=4 I5=3 I6=4 I7=3 I8=3 min=3 mean=3.2 max=4 (94.4s)
[3/135] hidden=[64, 128, 256, 512] lr=0.0005 epochs=2000 npp=256 seed=2024 ...
  Epoch     1/2000  loss=3.3967e-01  lr=5.00e-04  (0.1s)
    -> I1=3 I2=3 I3=4 I4=4 I5=3 I6=3 I7=3 I8=5 min=3 mean=3.5 max=5 (94.4s)
[4/135] hidden=[64, 128, 256, 512] lr=0.0005 epochs=2000 npp=256 seed=7 ...
  Epoch     1/2000  loss=3.1307e-01  lr=5.00e-04  (0.1s)
    -> I1=3 I2=3 I3=3 I4=4 I5=3 I6=3 I7=3 I8=4 min=3 mean=3.2 max=4 (94.4s)
[5/135] hidden=[64, 128, 256, 512] lr=0.0005 epochs=2000 npp=256 seed=999 ...
  Epoch     1/2000  loss=4.6121e-01  lr=5.00e-04  (0.1s)
    -> I1=3 I2=3 I3=3 I4=3 I5=3 I6=3 I7=4 I8=3 min=3 mean=3.1 max=4 (94.4s)
[6/135] hidden=[64, 128, 256, 512] lr=0.0005 epochs=2000 npp=512 seed=42 ...
  Epoch     1/2000  loss=3.8867e-01  lr=5.00e-04  (0.1s)
    -> I1=3 I2=3 I3=3 I4=4 I5=3 I6=3 I7=3 I8=4 min=3 mean=3.2 max=4 (178.1s)
[7/135] hidden=[64, 128, 256, 512] lr=0.0005 epochs=2000 npp=512 seed=137 ...
  Epoch     1/2000  loss=3.3995e-01  lr=5.00e-04  (0.1s)
    -> I1=3 I2=4 I3=3 I4=4 I5=3 I6=3 I7=3 I8=4 min=3 mean=3.4 max=4 (178.0s)
[8/135] hidden=[64, 128, 256, 512] lr=0.0005 epochs=2000 npp=512 seed=2024 ...
  Epoch     1/2000  loss=3.4429e-01  lr=5.00e-04  (0.1s)
    -> I1=3 I2=4 I3=4 I4=4 I5=3 I6=4 I7=3 I8=4 min=3 mean=3.6 max=4 (178.2s)
[9/135] hidden=[64, 128, 256, 512] lr=0.0005 epochs=2000 npp=512 seed=7 ...
  Epoch     1/2000  loss=3.9975e-01  lr=5.00e-04  (0.1s)
    -> I1=4 I2=3 I3=4 I4=4 I5=4 I6=4 I7=5 I8=3 min=3 mean=3.9 max=5 (178.1s)
[10/135] hidden=[64, 128, 256, 512] lr=0.0005 epochs=2000 npp=512 seed=999 ...
  Epoch     1/2000  loss=4.2821e-01  lr=5.00e-04  (0.1s)
    -> I1=3 I2=4 I3=4 I4=4 I5=3 I6=4 I7=3 I8=5 min=3 mean=3.8 max=5 (178.1s)
[11/135] hidden=[64, 128, 256, 512] lr=0.0005 epochs=2000 npp=1024 seed=42 ...
  Epoch     1/2000  loss=4.1944e-01  lr=5.00e-04  (0.2s)
    -> I1=3 I2=3 I3=3 I4=4 I5=3 I6=3 I7=3 I8=4 min=3 mean=3.2 max=4 (369.1s)
[12/135] hidden=[64, 128, 256, 512] lr=0.0005 epochs=2000 npp=1024 seed=137 ...
  Epoch     1/2000  loss=3.8354e-01  lr=5.00e-04  (0.2s)
    -> I1=3 I2=4 I3=4 I4=4 I5=3 I6=4 I7=3 I8=5 min=3 mean=3.8 max=5 (369.0s)
[13/135] hidden=[64, 128, 256, 512] lr=0.0005 epochs=2000 npp=1024 seed=2024 ...
  Epoch     1/2000  loss=3.3973e-01  lr=5.00e-04  (0.2s)
    -> I1=3 I2=4 I3=4 I4=4 I5=3 I6=4 I7=3 I8=4 min=3 mean=3.6 max=4 (368.9s)
[14/135] hidden=[64, 128, 256, 512] lr=0.0005 epochs=2000 npp=1024 seed=7 ...
  Epoch     1/2000  loss=3.7093e-01  lr=5.00e-04  (0.2s)
    -> I1=3 I2=4 I3=4 I4=4 I5=3 I6=4 I7=4 I8=4 min=3 mean=3.8 max=4 (369.0s)
[15/135] hidden=[64, 128, 256, 512] lr=0.0005 epochs=2000 npp=1024 seed=999 ...
  Epoch     1/2000  loss=3.9307e-01  lr=5.00e-04  (0.2s)
    -> I1=3 I2=3 I3=3 I4=4 I5=3 I6=3 I7=3 I8=4 min=3 mean=3.2 max=4 (369.0s)
[16/135] hidden=[64, 128, 256, 512] lr=0.001 epochs=2000 npp=256 seed=42 ...
  Epoch     1/2000  loss=4.0583e-01  lr=1.00e-03  (0.1s)
    -> I1=2 I2=3 I3=3 I4=3 I5=2 I6=3 I7=3 I8=3 min=2 mean=2.8 max=3 (94.4s)
[17/135] hidden=[64, 128, 256, 512] lr=0.001 epochs=2000 npp=256 seed=137 ...
  Epoch     1/2000  loss=3.8421e-01  lr=1.00e-03  (0.1s)
    -> I1=3 I2=3 I3=3 I4=3 I5=3 I6=3 I7=3 I8=3 min=3 mean=3.0 max=3 (94.4s)
[18/135] hidden=[64, 128, 256, 512] lr=0.001 epochs=2000 npp=256 seed=2024 ...
  Epoch     1/2000  loss=3.3967e-01  lr=1.00e-03  (0.1s)
    -> I1=3 I2=3 I3=4 I4=4 I5=3 I6=3 I7=4 I8=4 min=3 mean=3.5 max=4 (94.3s)
[19/135] hidden=[64, 128, 256, 512] lr=0.001 epochs=2000 npp=256 seed=7 ...
  Epoch     1/2000  loss=3.1307e-01  lr=1.00e-03  (0.1s)
    -> I1=3 I2=4 I3=3 I4=4 I5=3 I6=5 I7=3 I8=4 min=3 mean=3.6 max=5 (94.3s)
[20/135] hidden=[64, 128, 256, 512] lr=0.001 epochs=2000 npp=256 seed=999 ...
  Epoch     1/2000  loss=4.6121e-01  lr=1.00e-03  (0.1s)
    -> I1=4 I2=4 I3=4 I4=5 I5=3 I6=4 I7=4 I8=4 min=3 mean=4.0 max=5 (94.4s)
[21/135] hidden=[64, 128, 256, 512] lr=0.001 epochs=2000 npp=512 seed=42 ...
  Epoch     1/2000  loss=3.8867e-01  lr=1.00e-03  (0.1s)
    -> I1=3 I2=4 I3=3 I4=4 I5=4 I6=4 I7=3 I8=4 min=3 mean=3.6 max=4 (178.0s)
[22/135] hidden=[64, 128, 256, 512] lr=0.001 epochs=2000 npp=512 seed=137 ...
  Epoch     1/2000  loss=3.3995e-01  lr=1.00e-03  (0.1s)
    -> I1=3 I2=3 I3=4 I4=4 I5=3 I6=3 I7=3 I8=4 min=3 mean=3.4 max=4 (178.1s)
[23/135] hidden=[64, 128, 256, 512] lr=0.001 epochs=2000 npp=512 seed=2024 ...
  Epoch     1/2000  loss=3.4429e-01  lr=1.00e-03  (0.1s)
    -> I1=3 I2=3 I3=3 I4=4 I5=3 I6=4 I7=3 I8=4 min=3 mean=3.4 max=4 (178.1s)
[24/135] hidden=[64, 128, 256, 512] lr=0.001 epochs=2000 npp=512 seed=7 ...
  Epoch     1/2000  loss=3.9975e-01  lr=1.00e-03  (0.1s)
    -> I1=3 I2=4 I3=3 I4=5 I5=3 I6=4 I7=3 I8=5 min=3 mean=3.8 max=5 (178.2s)
[25/135] hidden=[64, 128, 256, 512] lr=0.001 epochs=2000 npp=512 seed=999 ...
  Epoch     1/2000  loss=4.2821e-01  lr=1.00e-03  (0.1s)
    -> I1=3 I2=4 I3=4 I4=4 I5=4 I6=4 I7=5 I8=5 min=3 mean=4.1 max=5 (178.3s)
[26/135] hidden=[64, 128, 256, 512] lr=0.001 epochs=2000 npp=1024 seed=42 ...
  Epoch     1/2000  loss=4.1944e-01  lr=1.00e-03  (0.2s)
    -> I1=4 I2=5 I3=4 I4=4 I5=3 I6=5 I7=4 I8=5 min=3 mean=4.2 max=5 (369.3s)
[27/135] hidden=[64, 128, 256, 512] lr=0.001 epochs=2000 npp=1024 seed=137 ...
  Epoch     1/2000  loss=3.8354e-01  lr=1.00e-03  (0.2s)
    -> I1=3 I2=3 I3=3 I4=4 I5=3 I6=3 I7=3 I8=4 min=3 mean=3.2 max=4 (369.3s)
[28/135] hidden=[64, 128, 256, 512] lr=0.001 epochs=2000 npp=1024 seed=2024 ...
  Epoch     1/2000  loss=3.3973e-01  lr=1.00e-03  (0.2s)
    -> I1=3 I2=4 I3=3 I4=4 I5=3 I6=4 I7=3 I8=4 min=3 mean=3.5 max=4 (369.0s)
[29/135] hidden=[64, 128, 256, 512] lr=0.001 epochs=2000 npp=1024 seed=7 ...
  Epoch     1/2000  loss=3.7093e-01  lr=1.00e-03  (0.2s)
    -> I1=3 I2=4 I3=4 I4=4 I5=3 I6=4 I7=4 I8=4 min=3 mean=3.8 max=4 (369.0s)
[30/135] hidden=[64, 128, 256, 512] lr=0.001 epochs=2000 npp=1024 seed=999 ...
  Epoch     1/2000  loss=3.9307e-01  lr=1.00e-03  (0.2s)
    -> I1=3 I2=3 I3=3 I4=4 I5=3 I6=3 I7=3 I8=4 min=3 mean=3.2 max=4 (369.0s)
[31/135] hidden=[64, 128, 256, 512] lr=0.002 epochs=2000 npp=256 seed=42 ...
  Epoch     1/2000  loss=4.0583e-01  lr=2.00e-03  (0.1s)
    -> I1=3 I2=3 I3=3 I4=4 I5=3 I6=3 I7=3 I8=4 min=3 mean=3.2 max=4 (94.4s)
[32/135] hidden=[64, 128, 256, 512] lr=0.002 epochs=2000 npp=256 seed=137 ...
  Epoch     1/2000  loss=3.8421e-01  lr=2.00e-03  (0.1s)
    -> I1=3 I2=4 I3=4 I4=5 I5=3 I6=3 I7=3 I8=4 min=3 mean=3.6 max=5 (94.4s)
[33/135] hidden=[64, 128, 256, 512] lr=0.002 epochs=2000 npp=256 seed=2024 ...
  Epoch     1/2000  loss=3.3967e-01  lr=2.00e-03  (0.1s)
    -> I1=3 I2=3 I3=5 I4=6 I5=3 I6=3 I7=4 I8=5 min=3 mean=4.0 max=6 (94.5s)
[34/135] hidden=[64, 128, 256, 512] lr=0.002 epochs=2000 npp=256 seed=7 ...
  Epoch     1/2000  loss=3.1307e-01  lr=2.00e-03  (0.1s)
    -> I1=3 I2=4 I3=4 I4=4 I5=4 I6=4 I7=4 I8=4 min=3 mean=3.9 max=4 (94.5s)
[35/135] hidden=[64, 128, 256, 512] lr=0.002 epochs=2000 npp=256 seed=999 ...
  Epoch     1/2000  loss=4.6121e-01  lr=2.00e-03  (0.1s)
    -> I1=3 I2=4 I3=4 I4=4 I5=3 I6=4 I7=4 I8=4 min=3 mean=3.8 max=4 (94.5s)
[36/135] hidden=[64, 128, 256, 512] lr=0.002 epochs=2000 npp=512 seed=42 ...
  Epoch     1/2000  loss=3.8867e-01  lr=2.00e-03  (0.1s)
    -> I1=4 I2=4 I3=4 I4=4 I5=4 I6=4 I7=4 I8=4 min=4 mean=4.0 max=4 (178.2s)
[37/135] hidden=[64, 128, 256, 512] lr=0.002 epochs=2000 npp=512 seed=137 ...
  Epoch     1/2000  loss=3.3995e-01  lr=2.00e-03  (0.1s)
    -> I1=3 I2=3 I3=3 I4=4 I5=3 I6=3 I7=3 I8=4 min=3 mean=3.2 max=4 (178.2s)
[38/135] hidden=[64, 128, 256, 512] lr=0.002 epochs=2000 npp=512 seed=2024 ...
  Epoch     1/2000  loss=3.4429e-01  lr=2.00e-03  (0.1s)
    -> I1=3 I2=3 I3=3 I4=4 I5=3 I6=3 I7=3 I8=4 min=3 mean=3.2 max=4 (178.3s)
[39/135] hidden=[64, 128, 256, 512] lr=0.002 epochs=2000 npp=512 seed=7 ...
  Epoch     1/2000  loss=3.9975e-01  lr=2.00e-03  (0.1s)
    -> I1=3 I2=3 I3=3 I4=5 I5=3 I6=3 I7=3 I8=5 min=3 mean=3.5 max=5 (178.4s)
[40/135] hidden=[64, 128, 256, 512] lr=0.002 epochs=2000 npp=512 seed=999 ...
  Epoch     1/2000  loss=4.2821e-01  lr=2.00e-03  (0.1s)
    -> I1=3 I2=3 I3=3 I4=4 I5=3 I6=4 I7=3 I8=4 min=3 mean=3.4 max=4 (178.3s)
[41/135] hidden=[64, 128, 256, 512] lr=0.002 epochs=2000 npp=1024 seed=42 ...
  Epoch     1/2000  loss=4.1944e-01  lr=2.00e-03  (0.2s)
    -> I1=3 I2=4 I3=3 I4=4 I5=3 I6=4 I7=3 I8=4 min=3 mean=3.5 max=4 (369.4s)
[42/135] hidden=[64, 128, 256, 512] lr=0.002 epochs=2000 npp=1024 seed=137 ...
  Epoch     1/2000  loss=3.8354e-01  lr=2.00e-03  (0.2s)
    -> I1=3 I2=4 I3=3 I4=4 I5=3 I6=4 I7=3 I8=4 min=3 mean=3.5 max=4 (369.3s)
[43/135] hidden=[64, 128, 256, 512] lr=0.002 epochs=2000 npp=1024 seed=2024 ...
  Epoch     1/2000  loss=3.3973e-01  lr=2.00e-03  (0.2s)
    -> I1=4 I2=4 I3=4 I4=4 I5=4 I6=4 I7=4 I8=4 min=4 mean=4.0 max=4 (369.2s)
[44/135] hidden=[64, 128, 256, 512] lr=0.002 epochs=2000 npp=1024 seed=7 ...
  Epoch     1/2000  loss=3.7093e-01  lr=2.00e-03  (0.2s)
    -> I1=3 I2=4 I3=4 I4=5 I5=3 I6=4 I7=5 I8=4 min=3 mean=4.0 max=5 (369.2s)
[45/135] hidden=[64, 128, 256, 512] lr=0.002 epochs=2000 npp=1024 seed=999 ...
  Epoch     1/2000  loss=3.9307e-01  lr=2.00e-03  (0.2s)
    -> I1=3 I2=4 I3=4 I4=4 I5=3 I6=5 I7=4 I8=4 min=3 mean=3.9 max=5 (369.3s)
[46/135] hidden=[64, 128, 256, 512] lr=0.0005 epochs=4000 npp=256 seed=42 ...
  Epoch     1/4000  loss=4.0583e-01  lr=5.00e-04  (0.1s)
    -> I1=2 I2=3 I3=3 I4=3 I5=2 I6=3 I7=3 I8=3 min=2 mean=2.8 max=3 (188.9s)
[47/135] hidden=[64, 128, 256, 512] lr=0.0005 epochs=4000 npp=256 seed=137 ...
  Epoch     1/4000  loss=3.8421e-01  lr=5.00e-04  (0.1s)
    -> I1=3 I2=4 I3=4 I4=6 I5=3 I6=5 I7=4 I8=4 min=3 mean=4.1 max=6 (188.9s)
[48/135] hidden=[64, 128, 256, 512] lr=0.0005 epochs=4000 npp=256 seed=2024 ...
  Epoch     1/4000  loss=3.3967e-01  lr=5.00e-04  (0.1s)
    -> I1=3 I2=3 I3=3 I4=4 I5=3 I6=3 I7=3 I8=4 min=3 mean=3.2 max=4 (188.9s)
[49/135] hidden=[64, 128, 256, 512] lr=0.0005 epochs=4000 npp=256 seed=7 ...
  Epoch     1/4000  loss=3.1307e-01  lr=5.00e-04  (0.1s)
    -> I1=3 I2=4 I3=4 I4=4 I5=3 I6=4 I7=3 I8=4 min=3 mean=3.6 max=4 (188.8s)
[50/135] hidden=[64, 128, 256, 512] lr=0.0005 epochs=4000 npp=256 seed=999 ...
  Epoch     1/4000  loss=4.6121e-01  lr=5.00e-04  (0.1s)
    -> I1=3 I2=4 I3=3 I4=4 I5=4 I6=4 I7=3 I8=4 min=3 mean=3.6 max=4 (188.9s)
[51/135] hidden=[64, 128, 256, 512] lr=0.0005 epochs=4000 npp=512 seed=42 ...
  Epoch     1/4000  loss=3.8867e-01  lr=5.00e-04  (0.1s)
    -> I1=4 I2=4 I3=3 I4=5 I5=3 I6=4 I7=4 I8=4 min=3 mean=3.9 max=5 (356.3s)
[52/135] hidden=[64, 128, 256, 512] lr=0.0005 epochs=4000 npp=512 seed=137 ...
  Epoch     1/4000  loss=3.3995e-01  lr=5.00e-04  (0.1s)
    -> I1=3 I2=4 I3=3 I4=4 I5=4 I6=5 I7=3 I8=4 min=3 mean=3.8 max=5 (356.3s)
[53/135] hidden=[64, 128, 256, 512] lr=0.0005 epochs=4000 npp=512 seed=2024 ...
  Epoch     1/4000  loss=3.4429e-01  lr=5.00e-04  (0.1s)
    -> I1=3 I2=5 I3=3 I4=4 I5=3 I6=4 I7=3 I8=4 min=3 mean=3.6 max=5 (356.2s)
[54/135] hidden=[64, 128, 256, 512] lr=0.0005 epochs=4000 npp=512 seed=7 ...
  Epoch     1/4000  loss=3.9975e-01  lr=5.00e-04  (0.1s)
    -> I1=3 I2=4 I3=3 I4=4 I5=4 I6=4 I7=3 I8=4 min=3 mean=3.6 max=4 (356.5s)
[55/135] hidden=[64, 128, 256, 512] lr=0.0005 epochs=4000 npp=512 seed=999 ...
  Epoch     1/4000  loss=4.2821e-01  lr=5.00e-04  (0.1s)
    -> I1=3 I2=3 I3=3 I4=4 I5=3 I6=3 I7=3 I8=4 min=3 mean=3.2 max=4 (356.6s)
[56/135] hidden=[64, 128, 256, 512] lr=0.0005 epochs=4000 npp=1024 seed=42 ...
  Epoch     1/4000  loss=4.1944e-01  lr=5.00e-04  (0.2s)
    -> I1=3 I2=4 I3=3 I4=4 I5=3 I6=4 I7=3 I8=4 min=3 mean=3.5 max=4 (738.6s)
[57/135] hidden=[64, 128, 256, 512] lr=0.0005 epochs=4000 npp=1024 seed=137 ...
  Epoch     1/4000  loss=3.8354e-01  lr=5.00e-04  (0.2s)
    -> I1=3 I2=3 I3=4 I4=4 I5=4 I6=3 I7=4 I8=5 min=3 mean=3.8 max=5 (738.6s)
[58/135] hidden=[64, 128, 256, 512] lr=0.0005 epochs=4000 npp=1024 seed=2024 ...
  Epoch     1/4000  loss=3.3973e-01  lr=5.00e-04  (0.2s)
    -> I1=5 I2=5 I3=4 I4=5 I5=4 I6=5 I7=5 I8=5 min=4 mean=4.8 max=5 (738.3s)
[59/135] hidden=[64, 128, 256, 512] lr=0.0005 epochs=4000 npp=1024 seed=7 ...
  Epoch     1/4000  loss=3.7093e-01  lr=5.00e-04  (0.2s)
    -> I1=3 I2=4 I3=3 I4=4 I5=3 I6=4 I7=3 I8=4 min=3 mean=3.5 max=4 (737.9s)
[60/135] hidden=[64, 128, 256, 512] lr=0.0005 epochs=4000 npp=1024 seed=999 ...
  Epoch     1/4000  loss=3.9307e-01  lr=5.00e-04  (0.2s)
    -> I1=3 I2=4 I3=4 I4=4 I5=3 I6=4 I7=3 I8=4 min=3 mean=3.6 max=4 (737.7s)
[61/135] hidden=[64, 128, 256, 512] lr=0.001 epochs=4000 npp=256 seed=42 ...
  Epoch     1/4000  loss=4.0583e-01  lr=1.00e-03  (0.1s)
    -> I1=3 I2=3 I3=4 I4=4 I5=3 I6=3 I7=4 I8=4 min=3 mean=3.5 max=4 (188.7s)
[62/135] hidden=[64, 128, 256, 512] lr=0.001 epochs=4000 npp=256 seed=137 ...
  Epoch     1/4000  loss=3.8421e-01  lr=1.00e-03  (0.1s)
    -> I1=3 I2=4 I3=4 I4=4 I5=3 I6=4 I7=4 I8=5 min=3 mean=3.9 max=5 (188.7s)
[63/135] hidden=[64, 128, 256, 512] lr=0.001 epochs=4000 npp=256 seed=2024 ...
  Epoch     1/4000  loss=3.3967e-01  lr=1.00e-03  (0.1s)
    -> I1=3 I2=3 I3=3 I4=4 I5=4 I6=4 I7=3 I8=4 min=3 mean=3.5 max=4 (188.8s)
[64/135] hidden=[64, 128, 256, 512] lr=0.001 epochs=4000 npp=256 seed=7 ...
  Epoch     1/4000  loss=3.1307e-01  lr=1.00e-03  (0.1s)
    -> I1=3 I2=3 I3=4 I4=4 I5=4 I6=4 I7=4 I8=4 min=3 mean=3.8 max=4 (188.8s)
[65/135] hidden=[64, 128, 256, 512] lr=0.001 epochs=4000 npp=256 seed=999 ...
  Epoch     1/4000  loss=4.6121e-01  lr=1.00e-03  (0.1s)
    -> I1=3 I2=4 I3=3 I4=4 I5=3 I6=3 I7=3 I8=4 min=3 mean=3.4 max=4 (188.7s)
[66/135] hidden=[64, 128, 256, 512] lr=0.001 epochs=4000 npp=512 seed=42 ...
  Epoch     1/4000  loss=3.8867e-01  lr=1.00e-03  (0.1s)
    -> I1=3 I2=4 I3=3 I4=4 I5=3 I6=5 I7=4 I8=4 min=3 mean=3.8 max=5 (356.2s)
[67/135] hidden=[64, 128, 256, 512] lr=0.001 epochs=4000 npp=512 seed=137 ...
  Epoch     1/4000  loss=3.3995e-01  lr=1.00e-03  (0.1s)
    -> I1=3 I2=4 I3=4 I4=5 I5=3 I6=4 I7=4 I8=5 min=3 mean=4.0 max=5 (356.5s)
[68/135] hidden=[64, 128, 256, 512] lr=0.001 epochs=4000 npp=512 seed=2024 ...
  Epoch     1/4000  loss=3.4429e-01  lr=1.00e-03  (0.1s)
    -> I1=4 I2=3 I3=4 I4=4 I5=4 I6=3 I7=4 I8=4 min=3 mean=3.8 max=4 (356.6s)
[69/135] hidden=[64, 128, 256, 512] lr=0.001 epochs=4000 npp=512 seed=7 ...
  Epoch     1/4000  loss=3.9975e-01  lr=1.00e-03  (0.1s)
    -> I1=3 I2=4 I3=4 I4=4 I5=3 I6=4 I7=4 I8=4 min=3 mean=3.8 max=4 (356.6s)
[70/135] hidden=[64, 128, 256, 512] lr=0.001 epochs=4000 npp=512 seed=999 ...
  Epoch     1/4000  loss=4.2821e-01  lr=1.00e-03  (0.1s)
    -> I1=3 I2=4 I3=3 I4=4 I5=5 I6=4 I7=4 I8=4 min=3 mean=3.9 max=5 (356.6s)
[71/135] hidden=[64, 128, 256, 512] lr=0.001 epochs=4000 npp=1024 seed=42 ...
  Epoch     1/4000  loss=4.1944e-01  lr=1.00e-03  (0.2s)
    -> I1=3 I2=5 I3=4 I4=5 I5=3 I6=5 I7=3 I8=4 min=3 mean=4.0 max=5 (738.4s)
[72/135] hidden=[64, 128, 256, 512] lr=0.001 epochs=4000 npp=1024 seed=137 ...
  Epoch     1/4000  loss=3.8354e-01  lr=1.00e-03  (0.2s)
    -> I1=3 I2=4 I3=4 I4=5 I5=3 I6=4 I7=4 I8=4 min=3 mean=3.9 max=5 (738.9s)
[73/135] hidden=[64, 128, 256, 512] lr=0.001 epochs=4000 npp=1024 seed=2024 ...
  Epoch     1/4000  loss=3.3973e-01  lr=1.00e-03  (0.2s)
    -> I1=3 I2=4 I3=4 I4=4 I5=3 I6=4 I7=3 I8=4 min=3 mean=3.6 max=4 (738.7s)
[74/135] hidden=[64, 128, 256, 512] lr=0.001 epochs=4000 npp=1024 seed=7 ...
  Epoch     1/4000  loss=3.7093e-01  lr=1.00e-03  (0.2s)
    -> I1=4 I2=5 I3=4 I4=6 I5=3 I6=4 I7=4 I8=4 min=3 mean=4.2 max=6 (738.7s)
[75/135] hidden=[64, 128, 256, 512] lr=0.001 epochs=4000 npp=1024 seed=999 ...
  Epoch     1/4000  loss=3.9307e-01  lr=1.00e-03  (0.2s)
    -> I1=3 I2=5 I3=4 I4=5 I5=3 I6=4 I7=3 I8=4 min=3 mean=3.9 max=5 (738.7s)
[76/135] hidden=[64, 128, 256, 512] lr=0.002 epochs=4000 npp=256 seed=42 ...
  Epoch     1/4000  loss=4.0583e-01  lr=2.00e-03  (0.1s)
    -> I1=3 I2=3 I3=4 I4=4 I5=4 I6=4 I7=4 I8=4 min=3 mean=3.8 max=4 (188.8s)
[77/135] hidden=[64, 128, 256, 512] lr=0.002 epochs=4000 npp=256 seed=137 ...
  Epoch     1/4000  loss=3.8421e-01  lr=2.00e-03  (0.1s)
    -> I1=3 I2=3 I3=4 I4=4 I5=3 I6=4 I7=4 I8=4 min=3 mean=3.6 max=4 (188.9s)
[78/135] hidden=[64, 128, 256, 512] lr=0.002 epochs=4000 npp=256 seed=2024 ...
  Epoch     1/4000  loss=3.3967e-01  lr=2.00e-03  (0.1s)
    -> I1=3 I2=4 I3=4 I4=4 I5=3 I6=4 I7=4 I8=4 min=3 mean=3.8 max=4 (188.8s)
[79/135] hidden=[64, 128, 256, 512] lr=0.002 epochs=4000 npp=256 seed=7 ...
  Epoch     1/4000  loss=3.1307e-01  lr=2.00e-03  (0.1s)
    -> I1=2 I2=3 I3=3 I4=3 I5=2 I6=3 I7=3 I8=3 min=2 mean=2.8 max=3 (188.9s)
[80/135] hidden=[64, 128, 256, 512] lr=0.002 epochs=4000 npp=256 seed=999 ...
  Epoch     1/4000  loss=4.6121e-01  lr=2.00e-03  (0.1s)
    -> I1=3 I2=4 I3=4 I4=4 I5=3 I6=4 I7=4 I8=4 min=3 mean=3.8 max=4 (188.7s)
[81/135] hidden=[64, 128, 256, 512] lr=0.002 epochs=4000 npp=512 seed=42 ...
  Epoch     1/4000  loss=3.8867e-01  lr=2.00e-03  (0.1s)
    -> I1=3 I2=5 I3=4 I4=5 I5=4 I6=5 I7=4 I8=4 min=3 mean=4.2 max=5 (355.9s)
[82/135] hidden=[64, 128, 256, 512] lr=0.002 epochs=4000 npp=512 seed=137 ...
  Epoch     1/4000  loss=3.3995e-01  lr=2.00e-03  (0.1s)
    -> I1=5 I2=4 I3=6 I4=5 I5=4 I6=5 I7=4 I8=4 min=4 mean=4.6 max=6 (356.0s)
[83/135] hidden=[64, 128, 256, 512] lr=0.002 epochs=4000 npp=512 seed=2024 ...
  Epoch     1/4000  loss=3.4429e-01  lr=2.00e-03  (0.1s)
    -> I1=4 I2=4 I3=4 I4=4 I5=4 I6=4 I7=4 I8=4 min=4 mean=4.0 max=4 (356.1s)
[84/135] hidden=[64, 128, 256, 512] lr=0.002 epochs=4000 npp=512 seed=7 ...
  Epoch     1/4000  loss=3.9975e-01  lr=2.00e-03  (0.1s)
    -> I1=3 I2=4 I3=3 I4=4 I5=3 I6=6 I7=3 I8=4 min=3 mean=3.8 max=6 (356.0s)
[85/135] hidden=[64, 128, 256, 512] lr=0.002 epochs=4000 npp=512 seed=999 ...
  Epoch     1/4000  loss=4.2821e-01  lr=2.00e-03  (0.1s)
    -> I1=4 I2=4 I3=5 I4=4 I5=3 I6=5 I7=4 I8=4 min=3 mean=4.1 max=5 (356.0s)
[86/135] hidden=[64, 128, 256, 512] lr=0.002 epochs=4000 npp=1024 seed=42 ...
  Epoch     1/4000  loss=4.1944e-01  lr=2.00e-03  (0.2s)
    -> I1=3 I2=3 I3=4 I4=4 I5=3 I6=3 I7=4 I8=4 min=3 mean=3.5 max=4 (737.9s)
[87/135] hidden=[64, 128, 256, 512] lr=0.002 epochs=4000 npp=1024 seed=137 ...
  Epoch     1/4000  loss=3.8354e-01  lr=2.00e-03  (0.2s)
    -> I1=4 I2=4 I3=4 I4=4 I5=4 I6=4 I7=4 I8=5 min=4 mean=4.1 max=5 (738.1s)
[88/135] hidden=[64, 128, 256, 512] lr=0.002 epochs=4000 npp=1024 seed=2024 ...
  Epoch     1/4000  loss=3.3973e-01  lr=2.00e-03  (0.2s)
    -> I1=4 I2=5 I3=5 I4=5 I5=4 I6=5 I7=4 I8=5 min=4 mean=4.6 max=5 (738.1s)
[89/135] hidden=[64, 128, 256, 512] lr=0.002 epochs=4000 npp=1024 seed=7 ...
  Epoch     1/4000  loss=3.7093e-01  lr=2.00e-03  (0.2s)
    -> I1=5 I2=4 I3=4 I4=5 I5=4 I6=4 I7=3 I8=5 min=3 mean=4.2 max=5 (738.4s)
[90/135] hidden=[64, 128, 256, 512] lr=0.002 epochs=4000 npp=1024 seed=999 ...
  Epoch     1/4000  loss=3.9307e-01  lr=2.00e-03  (0.2s)
    -> I1=3 I2=4 I3=4 I4=5 I5=4 I6=4 I7=4 I8=4 min=3 mean=4.0 max=5 (738.4s)
[91/135] hidden=[64, 128, 256, 512] lr=0.0005 epochs=8000 npp=256 seed=42 ...
  Epoch     1/8000  loss=4.0583e-01  lr=5.00e-04  (0.1s)
    -> I1=4 I2=6 I3=4 I4=5 I5=5 I6=4 I7=4 I8=5 min=4 mean=4.6 max=6 (377.2s)
[92/135] hidden=[64, 128, 256, 512] lr=0.0005 epochs=8000 npp=256 seed=137 ...
  Epoch     1/8000  loss=3.8421e-01  lr=5.00e-04  (0.1s)
    -> I1=3 I2=4 I3=3 I4=4 I5=3 I6=4 I7=3 I8=4 min=3 mean=3.5 max=4 (377.2s)
[93/135] hidden=[64, 128, 256, 512] lr=0.0005 epochs=8000 npp=256 seed=2024 ...
  Epoch     1/8000  loss=3.3967e-01  lr=5.00e-04  (0.1s)
    -> I1=4 I2=4 I3=3 I4=4 I5=5 I6=4 I7=4 I8=4 min=3 mean=4.0 max=5 (377.2s)
[94/135] hidden=[64, 128, 256, 512] lr=0.0005 epochs=8000 npp=256 seed=7 ...
  Epoch     1/8000  loss=3.1307e-01  lr=5.00e-04  (0.1s)
    -> I1=3 I2=3 I3=3 I4=3 I5=2 I6=3 I7=3 I8=3 min=2 mean=2.9 max=3 (377.3s)
[95/135] hidden=[64, 128, 256, 512] lr=0.0005 epochs=8000 npp=256 seed=999 ...
  Epoch     1/8000  loss=4.6121e-01  lr=5.00e-04  (0.1s)
    -> I1=3 I2=4 I3=4 I4=6 I5=3 I6=6 I7=5 I8=4 min=3 mean=4.4 max=6 (377.4s)
[96/135] hidden=[64, 128, 256, 512] lr=0.0005 epochs=8000 npp=512 seed=42 ...
  Epoch     1/8000  loss=3.8867e-01  lr=5.00e-04  (0.1s)
    -> I1=3 I2=4 I3=4 I4=4 I5=4 I6=4 I7=3 I8=4 min=3 mean=3.8 max=4 (711.9s)
[97/135] hidden=[64, 128, 256, 512] lr=0.0005 epochs=8000 npp=512 seed=137 ...
  Epoch     1/8000  loss=3.3995e-01  lr=5.00e-04  (0.1s)
    -> I1=4 I2=4 I3=4 I4=5 I5=4 I6=3 I7=4 I8=4 min=3 mean=4.0 max=5 (712.0s)
[98/135] hidden=[64, 128, 256, 512] lr=0.0005 epochs=8000 npp=512 seed=2024 ...
  Epoch     1/8000  loss=3.4429e-01  lr=5.00e-04  (0.1s)
    -> I1=4 I2=4 I3=4 I4=4 I5=4 I6=4 I7=3 I8=4 min=3 mean=3.9 max=4 (712.7s)
[99/135] hidden=[64, 128, 256, 512] lr=0.0005 epochs=8000 npp=512 seed=7 ...
  Epoch     1/8000  loss=3.9975e-01  lr=5.00e-04  (0.1s)
    -> I1=4 I2=4 I3=3 I4=4 I5=4 I6=5 I7=4 I8=5 min=3 mean=4.1 max=5 (712.6s)
[100/135] hidden=[64, 128, 256, 512] lr=0.0005 epochs=8000 npp=512 seed=999 ...
  Epoch     1/8000  loss=4.2821e-01  lr=5.00e-04  (0.1s)
    -> I1=4 I2=5 I3=3 I4=4 I5=4 I6=5 I7=3 I8=4 min=3 mean=4.0 max=5 (712.2s)
[101/135] hidden=[64, 128, 256, 512] lr=0.0005 epochs=8000 npp=1024 seed=42 ...
  Epoch     1/8000  loss=4.1944e-01  lr=5.00e-04  (0.2s)
    -> I1=3 I2=4 I3=4 I4=5 I5=3 I6=6 I7=4 I8=4 min=3 mean=4.1 max=6 (1475.8s)
[102/135] hidden=[64, 128, 256, 512] lr=0.0005 epochs=8000 npp=1024 seed=137 ...
  Epoch     1/8000  loss=3.8354e-01  lr=5.00e-04  (0.2s)
    -> I1=3 I2=4 I3=3 I4=4 I5=4 I6=5 I7=4 I8=4 min=3 mean=3.9 max=5 (1474.5s)
[103/135] hidden=[64, 128, 256, 512] lr=0.0005 epochs=8000 npp=1024 seed=2024 ...
  Epoch     1/8000  loss=3.3973e-01  lr=5.00e-04  (0.2s)
    -> I1=3 I2=4 I3=3 I4=4 I5=3 I6=3 I7=4 I8=4 min=3 mean=3.5 max=4 (1474.6s)
[104/135] hidden=[64, 128, 256, 512] lr=0.0005 epochs=8000 npp=1024 seed=7 ...
  Epoch     1/8000  loss=3.7093e-01  lr=5.00e-04  (0.2s)
    -> I1=3 I2=4 I3=4 I4=4 I5=3 I6=4 I7=3 I8=4 min=3 mean=3.6 max=4 (1475.0s)
[105/135] hidden=[64, 128, 256, 512] lr=0.0005 epochs=8000 npp=1024 seed=999 ...
  Epoch     1/8000  loss=3.9307e-01  lr=5.00e-04  (0.2s)
    -> I1=4 I2=4 I3=4 I4=4 I5=4 I6=4 I7=5 I8=4 min=4 mean=4.1 max=5 (1475.3s)
[106/135] hidden=[64, 128, 256, 512] lr=0.001 epochs=8000 npp=256 seed=42 ...
  Epoch     1/8000  loss=4.0583e-01  lr=1.00e-03  (0.1s)
    -> I1=3 I2=5 I3=4 I4=5 I5=3 I6=4 I7=4 I8=5 min=3 mean=4.1 max=5 (377.4s)
[107/135] hidden=[64, 128, 256, 512] lr=0.001 epochs=8000 npp=256 seed=137 ...
  Epoch     1/8000  loss=3.8421e-01  lr=1.00e-03  (0.1s)
    -> I1=3 I2=4 I3=3 I4=4 I5=3 I6=4 I7=3 I8=4 min=3 mean=3.5 max=4 (377.4s)
[108/135] hidden=[64, 128, 256, 512] lr=0.001 epochs=8000 npp=256 seed=2024 ...
  Epoch     1/8000  loss=3.3967e-01  lr=1.00e-03  (0.1s)
    -> I1=3 I2=4 I3=4 I4=5 I5=3 I6=4 I7=4 I8=4 min=3 mean=3.9 max=5 (377.4s)
[109/135] hidden=[64, 128, 256, 512] lr=0.001 epochs=8000 npp=256 seed=7 ...
  Epoch     1/8000  loss=3.1307e-01  lr=1.00e-03  (0.1s)
    -> I1=3 I2=4 I3=4 I4=4 I5=4 I6=4 I7=5 I8=5 min=3 mean=4.1 max=5 (377.2s)
[110/135] hidden=[64, 128, 256, 512] lr=0.001 epochs=8000 npp=256 seed=999 ...
  Epoch     1/8000  loss=4.6121e-01  lr=1.00e-03  (0.1s)
    -> I1=3 I2=4 I3=4 I4=5 I5=3 I6=4 I7=4 I8=4 min=3 mean=3.9 max=5 (377.2s)
[111/135] hidden=[64, 128, 256, 512] lr=0.001 epochs=8000 npp=512 seed=42 ...
  Epoch     1/8000  loss=3.8867e-01  lr=1.00e-03  (0.1s)
    -> I1=4 I2=4 I3=4 I4=5 I5=4 I6=4 I7=4 I8=5 min=4 mean=4.2 max=5 (711.4s)
[112/135] hidden=[64, 128, 256, 512] lr=0.001 epochs=8000 npp=512 seed=137 ...
  Epoch     1/8000  loss=3.3995e-01  lr=1.00e-03  (0.1s)
    -> I1=3 I2=4 I3=3 I4=4 I5=3 I6=4 I7=4 I8=5 min=3 mean=3.8 max=5 (711.5s)
[113/135] hidden=[64, 128, 256, 512] lr=0.001 epochs=8000 npp=512 seed=2024 ...
  Epoch     1/8000  loss=3.4429e-01  lr=1.00e-03  (0.1s)
    -> I1=3 I2=5 I3=3 I4=4 I5=3 I6=4 I7=3 I8=4 min=3 mean=3.6 max=5 (711.4s)
[114/135] hidden=[64, 128, 256, 512] lr=0.001 epochs=8000 npp=512 seed=7 ...
  Epoch     1/8000  loss=3.9975e-01  lr=1.00e-03  (0.1s)
    -> I1=3 I2=4 I3=4 I4=4 I5=3 I6=4 I7=3 I8=4 min=3 mean=3.6 max=4 (711.4s)
[115/135] hidden=[64, 128, 256, 512] lr=0.001 epochs=8000 npp=512 seed=999 ...
  Epoch     1/8000  loss=4.2821e-01  lr=1.00e-03  (0.1s)
    -> I1=4 I2=4 I3=4 I4=5 I5=4 I6=4 I7=4 I8=5 min=4 mean=4.2 max=5 (711.5s)
[116/135] hidden=[64, 128, 256, 512] lr=0.001 epochs=8000 npp=1024 seed=42 ...
  Epoch     1/8000  loss=4.1944e-01  lr=1.00e-03  (0.2s)
    -> I1=3 I2=4 I3=3 I4=4 I5=3 I6=4 I7=3 I8=4 min=3 mean=3.5 max=4 (1475.2s)
[117/135] hidden=[64, 128, 256, 512] lr=0.001 epochs=8000 npp=1024 seed=137 ...
  Epoch     1/8000  loss=3.8354e-01  lr=1.00e-03  (0.2s)
    -> I1=3 I2=4 I3=3 I4=4 I5=3 I6=4 I7=3 I8=4 min=3 mean=3.5 max=4 (1475.4s)
[118/135] hidden=[64, 128, 256, 512] lr=0.001 epochs=8000 npp=1024 seed=2024 ...
  Epoch     1/8000  loss=3.3973e-01  lr=1.00e-03  (0.2s)
    -> I1=3 I2=3 I3=3 I4=4 I5=3 I6=4 I7=3 I8=4 min=3 mean=3.4 max=4 (1475.4s)
[119/135] hidden=[64, 128, 256, 512] lr=0.001 epochs=8000 npp=1024 seed=7 ...
  Epoch     1/8000  loss=3.7093e-01  lr=1.00e-03  (0.2s)
    -> I1=3 I2=3 I3=3 I4=4 I5=3 I6=4 I7=3 I8=4 min=3 mean=3.4 max=4 (1474.5s)
[120/135] hidden=[64, 128, 256, 512] lr=0.001 epochs=8000 npp=1024 seed=999 ...
  Epoch     1/8000  loss=3.9307e-01  lr=1.00e-03  (0.2s)
    -> I1=4 I2=4 I3=4 I4=5 I5=3 I6=5 I7=4 I8=4 min=3 mean=4.1 max=5 (1474.4s)
[121/135] hidden=[64, 128, 256, 512] lr=0.002 epochs=8000 npp=256 seed=42 ...
  Epoch     1/8000  loss=4.0583e-01  lr=2.00e-03  (0.1s)
    -> I1=3 I2=3 I3=3 I4=3 I5=3 I6=3 I7=3 I8=3 min=3 mean=3.0 max=3 (377.1s)
[122/135] hidden=[64, 128, 256, 512] lr=0.002 epochs=8000 npp=256 seed=137 ...
  Epoch     1/8000  loss=3.8421e-01  lr=2.00e-03  (0.1s)
    -> I1=3 I2=3 I3=3 I4=4 I5=3 I6=4 I7=3 I8=4 min=3 mean=3.4 max=4 (377.2s)
[123/135] hidden=[64, 128, 256, 512] lr=0.002 epochs=8000 npp=256 seed=2024 ...
  Epoch     1/8000  loss=3.3967e-01  lr=2.00e-03  (0.1s)
    -> I1=3 I2=4 I3=4 I4=4 I5=3 I6=4 I7=4 I8=4 min=3 mean=3.8 max=4 (377.1s)
[124/135] hidden=[64, 128, 256, 512] lr=0.002 epochs=8000 npp=256 seed=7 ...
  Epoch     1/8000  loss=3.1307e-01  lr=2.00e-03  (0.1s)
    -> I1=3 I2=4 I3=4 I4=4 I5=4 I6=4 I7=4 I8=4 min=3 mean=3.9 max=4 (377.2s)
[125/135] hidden=[64, 128, 256, 512] lr=0.002 epochs=8000 npp=256 seed=999 ...
  Epoch     1/8000  loss=4.6121e-01  lr=2.00e-03  (0.1s)
    -> I1=4 I2=4 I3=4 I4=5 I5=4 I6=4 I7=4 I8=4 min=4 mean=4.1 max=5 (377.4s)
[126/135] hidden=[64, 128, 256, 512] lr=0.002 epochs=8000 npp=512 seed=42 ...
  Epoch     1/8000  loss=3.8867e-01  lr=2.00e-03  (0.1s)
    -> I1=3 I2=3 I3=4 I4=4 I5=3 I6=4 I7=4 I8=4 min=3 mean=3.6 max=4 (711.8s)
[127/135] hidden=[64, 128, 256, 512] lr=0.002 epochs=8000 npp=512 seed=137 ...
  Epoch     1/8000  loss=3.3995e-01  lr=2.00e-03  (0.1s)
    -> I1=4 I2=4 I3=4 I4=4 I5=4 I6=5 I7=4 I8=4 min=4 mean=4.1 max=5 (711.8s)
[128/135] hidden=[64, 128, 256, 512] lr=0.002 epochs=8000 npp=512 seed=2024 ...
  Epoch     1/8000  loss=3.4429e-01  lr=2.00e-03  (0.1s)
    -> I1=5 I2=5 I3=4 I4=4 I5=4 I6=5 I7=4 I8=5 min=4 mean=4.5 max=5 (711.8s)
[129/135] hidden=[64, 128, 256, 512] lr=0.002 epochs=8000 npp=512 seed=7 ...
  Epoch     1/8000  loss=3.9975e-01  lr=2.00e-03  (0.1s)
    -> I1=3 I2=4 I3=3 I4=4 I5=3 I6=4 I7=3 I8=4 min=3 mean=3.5 max=4 (711.8s)
[130/135] hidden=[64, 128, 256, 512] lr=0.002 epochs=8000 npp=512 seed=999 ...
  Epoch     1/8000  loss=4.2821e-01  lr=2.00e-03  (0.1s)
    -> I1=4 I2=4 I3=4 I4=5 I5=4 I6=4 I7=5 I8=5 min=4 mean=4.4 max=5 (711.8s)
[131/135] hidden=[64, 128, 256, 512] lr=0.002 epochs=8000 npp=1024 seed=42 ...
  Epoch     1/8000  loss=4.1944e-01  lr=2.00e-03  (0.2s)
    -> I1=3 I2=4 I3=4 I4=4 I5=4 I6=4 I7=4 I8=4 min=3 mean=3.9 max=4 (1474.7s)
[132/135] hidden=[64, 128, 256, 512] lr=0.002 epochs=8000 npp=1024 seed=137 ...
  Epoch     1/8000  loss=3.8354e-01  lr=2.00e-03  (0.2s)
    -> I1=3 I2=4 I3=4 I4=4 I5=4 I6=4 I7=4 I8=4 min=3 mean=3.9 max=4 (1474.3s)
[133/135] hidden=[64, 128, 256, 512] lr=0.002 epochs=8000 npp=1024 seed=2024 ...
  Epoch     1/8000  loss=3.3973e-01  lr=2.00e-03  (0.2s)
    -> I1=3 I2=4 I3=3 I4=4 I5=3 I6=4 I7=3 I8=4 min=3 mean=3.5 max=4 (1474.3s)
[134/135] hidden=[64, 128, 256, 512] lr=0.002 epochs=8000 npp=1024 seed=7 ...
  Epoch     1/8000  loss=3.7093e-01  lr=2.00e-03  (0.2s)
    -> I1=3 I2=3 I3=3 I4=4 I5=3 I6=3 I7=3 I8=4 min=3 mean=3.2 max=4 (1474.4s)
[135/135] hidden=[64, 128, 256, 512] lr=0.002 epochs=8000 npp=1024 seed=999 ...
  Epoch     1/8000  loss=3.9307e-01  lr=2.00e-03  (0.2s)
    -> I1=3 I2=4 I3=4 I4=5 I5=3 I6=4 I7=5 I8=5 min=3 mean=4.1 max=5 (1474.2s)

============================================================================================================================================
  RANKED RESULTS (best first) — GPU 3
============================================================================================================================================
    # hidden                     lr epochs   npp  seed   min_loss mean_relerr  I1  I2  I3  I4  I5  I6  I7  I8  min  mean  max   time
--------------------------------------------------------------------------------------------------------------------------------------------
    1 [64, 128, 256, 512]   5.0e-04   4000  1024  2024  9.815e-05   2.825e-04   5   5   4   5   4   5   5   5    4   4.8    5  738.3
    2 [64, 128, 256, 512]   2.0e-03   8000   512  2024  1.227e-05   4.715e-04   5   5   4   4   4   5   4   5    4   4.5    5  711.8
    3 [64, 128, 256, 512]   2.0e-03   4000  1024  2024  4.196e-05   5.509e-04   4   5   5   5   4   5   4   5    4   4.6    5  738.1
    4 [64, 128, 256, 512]   2.0e-03   4000   512   137  3.932e-05   5.940e-04   5   4   6   5   4   5   4   4    4   4.6    6  356.0
    5 [64, 128, 256, 512]   1.0e-03   8000   512   999  2.014e-05   6.217e-04   4   4   4   5   4   4   4   5    4   4.2    5  711.5
    6 [64, 128, 256, 512]   2.0e-03   8000   512   999  1.121e-05   7.362e-04   4   4   4   5   4   4   5   5    4   4.4    5  711.8
    7 [64, 128, 256, 512]   2.0e-03   4000  1024   137  3.980e-05   7.932e-04   4   4   4   4   4   4   4   5    4   4.1    5  738.1
    8 [64, 128, 256, 512]   5.0e-04   8000   256    42  5.936e-05   8.101e-04   4   6   4   5   5   4   4   5    4   4.6    6  377.2
    9 [64, 128, 256, 512]   1.0e-03   8000   512    42  2.469e-05   8.522e-04   4   4   4   5   4   4   4   5    4   4.2    5  711.4
   10 [64, 128, 256, 512]   2.0e-03   8000   256   999  1.342e-05   9.482e-04   4   4   4   5   4   4   4   4    4   4.1    5  377.4
   11 [64, 128, 256, 512]   5.0e-04   8000  1024   999  5.198e-05   9.737e-04   4   4   4   4   4   4   5   4    4   4.1    5 1475.3
   12 [64, 128, 256, 512]   2.0e-03   8000   512   137  1.163e-05   1.008e-03   4   4   4   4   4   5   4   4    4   4.1    5  711.8
   13 [64, 128, 256, 512]   2.0e-03   4000   512  2024  4.395e-05   1.117e-03   4   4   4   4   4   4   4   4    4   4.0    4  356.1
   14 [64, 128, 256, 512]   2.0e-03   2000  1024  2024  1.328e-04   1.197e-03   4   4   4   4   4   4   4   4    4   4.0    4  369.2
   15 [64, 128, 256, 512]   2.0e-03   2000   512    42  1.495e-04   1.262e-03   4   4   4   4   4   4   4   4    4   4.0    4  178.2
   16 [64, 128, 256, 512]   1.0e-03   8000  1024   999  2.002e-05   6.186e-04   4   4   4   5   3   5   4   4    3   4.1    5 1474.4
   17 [64, 128, 256, 512]   2.0e-03   4000   512    42  4.087e-05   8.152e-04   3   5   4   5   4   5   4   4    3   4.2    5  355.9
   18 [64, 128, 256, 512]   1.0e-03   2000  1024    42  2.127e-04   8.183e-04   4   5   4   4   3   5   4   5    3   4.2    5  369.3
   19 [64, 128, 256, 512]   1.0e-03   8000   256    42  2.979e-05   9.186e-04   3   5   4   5   3   4   4   5    3   4.1    5  377.4
   20 [64, 128, 256, 512]   5.0e-04   8000  1024    42  5.192e-05   9.647e-04   3   4   4   5   3   6   4   4    3   4.1    6 1475.8
   21 [64, 128, 256, 512]   5.0e-04   8000   512     7  6.139e-05   1.018e-03   4   4   3   4   4   5   4   5    3   4.1    5  712.6
   22 [64, 128, 256, 512]   1.0e-03   2000   512   999  2.256e-04   1.035e-03   3   4   4   4   4   4   5   5    3   4.1    5  178.3
   23 [64, 128, 256, 512]   2.0e-03   8000  1024   999  9.855e-06   1.058e-03   3   4   4   5   3   4   5   5    3   4.1    5 1474.2
   24 [64, 128, 256, 512]   2.0e-03   4000  1024   999  4.613e-05   1.076e-03   3   4   4   5   4   4   4   4    3   4.0    5  738.4
   25 [64, 128, 256, 512]   2.0e-03   2000  1024     7  1.756e-04   1.090e-03   3   4   4   5   3   4   5   4    3   4.0    5  369.2
   26 [64, 128, 256, 512]   1.0e-03   4000  1024     7  5.478e-05   1.111e-03   4   5   4   6   3   4   4   4    3   4.2    6  738.7
   27 [64, 128, 256, 512]   2.0e-03   8000   256     7  2.419e-05   1.195e-03   3   4   4   4   4   4   4   4    3   3.9    4  377.2
   28 [64, 128, 256, 512]   2.0e-03   4000   512   999  5.359e-05   1.213e-03   4   4   5   4   3   5   4   4    3   4.1    5  356.0
   29 [64, 128, 256, 512]   2.0e-03   4000  1024     7  6.207e-05   1.230e-03   5   4   4   5   4   4   3   5    3   4.2    5  738.4
   30 [64, 128, 256, 512]   1.0e-03   4000  1024   137  7.022e-05   1.239e-03   3   4   4   5   3   4   4   4    3   3.9    5  738.9
   31 [64, 128, 256, 512]   1.0e-03   2000   256   999  2.508e-04   1.365e-03   4   4   4   5   3   4   4   4    3   4.0    5   94.4
   32 [64, 128, 256, 512]   2.0e-03   8000  1024   137  1.062e-05   1.399e-03   3   4   4   4   4   4   4   4    3   3.9    4 1474.3
   33 [64, 128, 256, 512]   5.0e-04   8000   512  2024  3.583e-05   1.402e-03   4   4   4   4   4   4   3   4    3   3.9    4  712.7
   34 [64, 128, 256, 512]   1.0e-03   8000   256     7  2.664e-05   1.445e-03   3   4   4   4   4   4   5   5    3   4.1    5  377.2
   35 [64, 128, 256, 512]   2.0e-03   2000   256     7  2.421e-04   1.448e-03   3   4   4   4   4   4   4   4    3   3.9    4   94.5
   36 [64, 128, 256, 512]   5.0e-04   8000   256   999  7.292e-05   1.458e-03   3   4   4   6   3   6   5   4    3   4.4    6  377.4
   37 [64, 128, 256, 512]   5.0e-04   8000   512   999  4.617e-05   1.469e-03   4   5   3   4   4   5   3   4    3   4.0    5  712.2
   38 [64, 128, 256, 512]   2.0e-03   2000   256  2024  2.276e-04   1.482e-03   3   3   5   6   3   3   4   5    3   4.0    6   94.5
   39 [64, 128, 256, 512]   5.0e-04   4000   512    42  1.723e-04   1.509e-03   4   4   3   5   3   4   4   4    3   3.9    5  356.3
   40 [64, 128, 256, 512]   1.0e-03   4000  1024   999  4.815e-05   1.521e-03   3   5   4   5   3   4   3   4    3   3.9    5  738.7
   41 [64, 128, 256, 512]   5.0e-04   8000   256  2024  4.241e-05   1.543e-03   4   4   3   4   5   4   4   4    3   4.0    5  377.2
   42 [64, 128, 256, 512]   2.0e-03   4000   256  2024  4.797e-05   1.619e-03   3   4   4   4   3   4   4   4    3   3.8    4  188.8
   43 [64, 128, 256, 512]   1.0e-03   8000   512   137  2.196e-05   1.673e-03   3   4   3   4   3   4   4   5    3   3.8    5  711.5
   44 [64, 128, 256, 512]   1.0e-03   4000   256   137  1.033e-04   1.675e-03   3   4   4   4   3   4   4   5    3   3.9    5  188.7
   45 [64, 128, 256, 512]   5.0e-04   2000  1024     7  4.219e-04   1.711e-03   3   4   4   4   3   4   4   4    3   3.8    4  369.0
   46 [64, 128, 256, 512]   5.0e-04   4000   256   137  1.875e-04   1.715e-03   3   4   4   6   3   5   4   4    3   4.1    6  188.9
   47 [64, 128, 256, 512]   5.0e-04   8000   512   137  4.964e-05   1.717e-03   4   4   4   5   4   3   4   4    3   4.0    5  712.0
   48 [64, 128, 256, 512]   2.0e-03   4000   256   999  5.236e-05   1.736e-03   3   4   4   4   3   4   4   4    3   3.8    4  188.7
   49 [64, 128, 256, 512]   2.0e-03   8000   256  2024  1.357e-05   1.761e-03   3   4   4   4   3   4   4   4    3   3.8    4  377.1
   50 [64, 128, 256, 512]   1.0e-03   8000   256  2024  2.108e-05   1.861e-03   3   4   4   5   3   4   4   4    3   3.9    5  377.4
   51 [64, 128, 256, 512]   1.0e-03   8000   256   999  3.388e-05   1.917e-03   3   4   4   5   3   4   4   4    3   3.9    5  377.2
   52 [64, 128, 256, 512]   2.0e-03   2000  1024   999  2.073e-04   1.953e-03   3   4   4   4   3   5   4   4    3   3.9    5  369.3
   53 [64, 128, 256, 512]   2.0e-03   8000  1024    42  7.787e-06   1.959e-03   3   4   4   4   4   4   4   4    3   3.9    4 1474.7
   54 [64, 128, 256, 512]   5.0e-04   8000   512    42  6.549e-05   2.003e-03   3   4   4   4   4   4   3   4    3   3.8    4  711.9
   55 [64, 128, 256, 512]   5.0e-04   8000  1024   137  4.882e-05   2.014e-03   3   4   3   4   4   5   4   4    3   3.9    5 1474.5
   56 [64, 128, 256, 512]   1.0e-03   2000  1024     7  1.741e-04   2.019e-03   3   4   4   4   3   4   4   4    3   3.8    4  369.0
   57 [64, 128, 256, 512]   2.0e-03   4000   256    42  4.284e-05   2.054e-03   3   3   4   4   4   4   4   4    3   3.8    4  188.8
   58 [64, 128, 256, 512]   1.0e-03   4000  1024    42  7.095e-05   2.079e-03   3   5   4   5   3   5   3   4    3   4.0    5  738.4
   59 [64, 128, 256, 512]   1.0e-03   2000   512    42  2.375e-04   2.086e-03   3   4   3   4   4   4   3   4    3   3.6    4  178.0
   60 [64, 128, 256, 512]   1.0e-03   4000   512  2024  6.098e-05   2.127e-03   4   3   4   4   4   3   4   4    3   3.8    4  356.6
   61 [64, 128, 256, 512]   1.0e-03   4000   512    42  7.306e-05   2.139e-03   3   4   3   4   3   5   4   4    3   3.8    5  356.2
   62 [64, 128, 256, 512]   1.0e-03   4000   256     7  7.333e-05   2.150e-03   3   3   4   4   4   4   4   4    3   3.8    4  188.8
   63 [64, 128, 256, 512]   5.0e-04   4000  1024   137  1.342e-04   2.152e-03   3   3   4   4   4   3   4   5    3   3.8    5  738.6
   64 [64, 128, 256, 512]   5.0e-04   2000  1024   137  4.176e-04   2.168e-03   3   4   4   4   3   4   3   5    3   3.8    5  369.0
   65 [64, 128, 256, 512]   5.0e-04   2000   512   999  5.333e-04   2.175e-03   3   4   4   4   3   4   3   5    3   3.8    5  178.1
   66 [64, 128, 256, 512]   5.0e-04   4000   512  2024  1.251e-04   2.229e-03   3   5   3   4   3   4   3   4    3   3.6    5  356.2
   67 [64, 128, 256, 512]   5.0e-04   8000  1024     7  4.352e-05   2.281e-03   3   4   4   4   3   4   3   4    3   3.6    4 1475.0
   68 [64, 128, 256, 512]   2.0e-03   8000   512    42  9.689e-06   2.284e-03   3   3   4   4   3   4   4   4    3   3.6    4  711.8
   69 [64, 128, 256, 512]   1.0e-03   8000   512  2024  1.938e-05   2.388e-03   3   5   3   4   3   4   3   4    3   3.6    5  711.4
   70 [64, 128, 256, 512]   2.0e-03   4000  1024    42  3.642e-05   2.443e-03   3   3   4   4   3   3   4   4    3   3.5    4  737.9
   71 [64, 128, 256, 512]   2.0e-03   4000   256   137  5.024e-05   2.488e-03   3   3   4   4   3   4   4   4    3   3.6    4  188.9
   72 [64, 128, 256, 512]   1.0e-03   2000   512     7  2.039e-04   2.500e-03   3   4   3   5   3   4   3   5    3   3.8    5  178.2
   73 [64, 128, 256, 512]   1.0e-03   4000   512   999  7.728e-05   2.516e-03   3   4   3   4   5   4   4   4    3   3.9    5  356.6
   74 [64, 128, 256, 512]   1.0e-03   4000   512     7  6.732e-05   2.523e-03   3   4   4   4   3   4   4   4    3   3.8    4  356.6
   75 [64, 128, 256, 512]   5.0e-04   4000  1024   999  1.404e-04   2.528e-03   3   4   4   4   3   4   3   4    3   3.6    4  737.7
   76 [64, 128, 256, 512]   1.0e-03   4000   512   137  7.473e-05   2.564e-03   3   4   4   5   3   4   4   5    3   4.0    5  356.5
   77 [64, 128, 256, 512]   2.0e-03   2000   256   999  1.721e-04   2.616e-03   3   4   4   4   3   4   4   4    3   3.8    4   94.5
   78 [64, 128, 256, 512]   5.0e-04   2000  1024  2024  3.726e-04   2.676e-03   3   4   4   4   3   4   3   4    3   3.6    4  368.9
   79 [64, 128, 256, 512]   1.0e-03   8000  1024    42  2.385e-05   2.689e-03   3   4   3   4   3   4   3   4    3   3.5    4 1475.2
   80 [64, 128, 256, 512]   5.0e-04   2000   512  2024  4.028e-04   2.760e-03   3   4   4   4   3   4   3   4    3   3.6    4  178.2
   81 [64, 128, 256, 512]   1.0e-03   4000  1024  2024  5.288e-05   2.812e-03   3   4   4   4   3   4   3   4    3   3.6    4  738.7
   82 [64, 128, 256, 512]   5.0e-04   4000   256   999  1.749e-04   2.842e-03   3   4   3   4   4   4   3   4    3   3.6    4  188.9
   83 [64, 128, 256, 512]   2.0e-03   8000  1024  2024  1.014e-05   2.919e-03   3   4   3   4   3   4   3   4    3   3.5    4 1474.3
   84 [64, 128, 256, 512]   5.0e-04   4000   256     7  1.922e-04   2.934e-03   3   4   4   4   3   4   3   4    3   3.6    4  188.8
   85 [64, 128, 256, 512]   2.0e-03   4000   512     7  6.113e-05   2.990e-03   3   4   3   4   3   6   3   4    3   3.8    6  356.0
   86 [64, 128, 256, 512]   5.0e-04   4000  1024    42  1.404e-04   3.006e-03   3   4   3   4   3   4   3   4    3   3.5    4  738.6
   87 [64, 128, 256, 512]   5.0e-04   8000  1024  2024  3.676e-05   3.084e-03   3   4   3   4   3   3   4   4    3   3.5    4 1474.6
   88 [64, 128, 256, 512]   1.0e-03   4000   256    42  1.044e-04   3.085e-03   3   3   4   4   3   3   4   4    3   3.5    4  188.7
   89 [64, 128, 256, 512]   5.0e-04   4000   512     7  1.439e-04   3.186e-03   3   4   3   4   4   4   3   4    3   3.6    4  356.5
   90 [64, 128, 256, 512]   5.0e-04   2000   256  2024  4.669e-04   3.229e-03   3   3   4   4   3   3   3   5    3   3.5    5   94.4
   91 [64, 128, 256, 512]   1.0e-03   8000  1024   137  1.759e-05   3.238e-03   3   4   3   4   3   4   3   4    3   3.5    4 1475.4
   92 [64, 128, 256, 512]   2.0e-03   2000   256   137  1.894e-04   3.264e-03   3   4   4   5   3   3   3   4    3   3.6    5   94.4
   93 [64, 128, 256, 512]   1.0e-03   8000   256   137  3.111e-05   3.338e-03   3   4   3   4   3   4   3   4    3   3.5    4  377.4
   94 [64, 128, 256, 512]   2.0e-03   8000   512     7  1.269e-05   3.352e-03   3   4   3   4   3   4   3   4    3   3.5    4  711.8
   95 [64, 128, 256, 512]   2.0e-03   2000  1024    42  1.442e-04   3.533e-03   3   4   3   4   3   4   3   4    3   3.5    4  369.4
   96 [64, 128, 256, 512]   5.0e-04   4000   512   137  1.437e-04   3.543e-03   3   4   3   4   4   5   3   4    3   3.8    5  356.3
   97 [64, 128, 256, 512]   1.0e-03   8000   512     7  1.907e-05   3.656e-03   3   4   4   4   3   4   3   4    3   3.6    4  711.4
   98 [64, 128, 256, 512]   1.0e-03   4000   256  2024  7.514e-05   3.722e-03   3   3   3   4   4   4   3   4    3   3.5    4  188.8
   99 [64, 128, 256, 512]   5.0e-04   4000  1024     7  1.352e-04   3.766e-03   3   4   3   4   3   4   3   4    3   3.5    4  737.9
  100 [64, 128, 256, 512]   5.0e-04   2000   512     7  4.427e-04   3.810e-03   4   3   4   4   4   4   5   3    3   3.9    5  178.1
  101 [64, 128, 256, 512]   1.0e-03   2000   256  2024  2.776e-04   3.869e-03   3   3   4   4   3   3   4   4    3   3.5    4   94.3
  102 [64, 128, 256, 512]   2.0e-03   2000   512   137  1.188e-04   3.957e-03   3   3   3   4   3   3   3   4    3   3.2    4  178.2
  103 [64, 128, 256, 512]   1.0e-03   8000  1024     7  1.461e-05   3.999e-03   3   3   3   4   3   4   3   4    3   3.4    4 1474.5
  104 [64, 128, 256, 512]   5.0e-04   8000   256   137  7.005e-05   4.123e-03   3   4   3   4   3   4   3   4    3   3.5    4  377.2
  105 [64, 128, 256, 512]   1.0e-03   4000   256   999  8.855e-05   4.249e-03   3   4   3   4   3   3   3   4    3   3.4    4  188.7
  106 [64, 128, 256, 512]   1.0e-03   2000   512   137  2.332e-04   4.260e-03   3   3   4   4   3   3   3   4    3   3.4    4  178.1
  107 [64, 128, 256, 512]   1.0e-03   2000   256     7  1.907e-04   4.374e-03   3   4   3   4   3   5   3   4    3   3.6    5   94.3
  108 [64, 128, 256, 512]   2.0e-03   2000   512     7  1.927e-04   4.536e-03   3   3   3   5   3   3   3   5    3   3.5    5  178.4
  109 [64, 128, 256, 512]   2.0e-03   2000   512   999  2.169e-04   4.714e-03   3   3   3   4   3   4   3   4    3   3.4    4  178.3
  110 [64, 128, 256, 512]   1.0e-03   8000  1024  2024  1.432e-05   4.723e-03   3   3   3   4   3   4   3   4    3   3.4    4 1475.4
  111 [64, 128, 256, 512]   1.0e-03   2000  1024  2024  1.635e-04   4.849e-03   3   4   3   4   3   4   3   4    3   3.5    4  369.0
  112 [64, 128, 256, 512]   1.0e-03   2000   512  2024  2.000e-04   4.944e-03   3   3   3   4   3   4   3   4    3   3.4    4  178.1
  113 [64, 128, 256, 512]   2.0e-03   8000   256   137  1.420e-05   4.961e-03   3   3   3   4   3   4   3   4    3   3.4    4  377.2
  114 [64, 128, 256, 512]   2.0e-03   2000  1024   137  1.326e-04   5.044e-03   3   4   3   4   3   4   3   4    3   3.5    4  369.3
  115 [64, 128, 256, 512]   2.0e-03   2000   512  2024  1.349e-04   5.314e-03   3   3   3   4   3   3   3   4    3   3.2    4  178.3
  116 [64, 128, 256, 512]   1.0e-03   2000  1024   137  1.956e-04   5.366e-03   3   3   3   4   3   3   3   4    3   3.2    4  369.3
  117 [64, 128, 256, 512]   5.0e-04   2000  1024    42  4.107e-04   5.374e-03   3   3   3   4   3   3   3   4    3   3.2    4  369.1
  118 [64, 128, 256, 512]   2.0e-03   8000  1024     7  1.381e-05   5.622e-03   3   3   3   4   3   3   3   4    3   3.2    4 1474.4
  119 [64, 128, 256, 512]   5.0e-04   2000  1024   999  3.934e-04   5.841e-03   3   3   3   4   3   3   3   4    3   3.2    4  369.0
  120 [64, 128, 256, 512]   5.0e-04   2000   512    42  5.072e-04   5.865e-03   3   3   3   4   3   3   3   4    3   3.2    4  178.1
  121 [64, 128, 256, 512]   5.0e-04   2000   512   137  5.054e-04   6.060e-03   3   4   3   4   3   3   3   4    3   3.4    4  178.0
  122 [64, 128, 256, 512]   5.0e-04   2000   256   137  5.890e-04   6.210e-03   3   3   3   4   3   4   3   3    3   3.2    4   94.4
  123 [64, 128, 256, 512]   5.0e-04   4000   512   999  1.696e-04   6.221e-03   3   3   3   4   3   3   3   4    3   3.2    4  356.6
  124 [64, 128, 256, 512]   5.0e-04   4000   256  2024  1.548e-04   6.365e-03   3   3   3   4   3   3   3   4    3   3.2    4  188.9
  125 [64, 128, 256, 512]   1.0e-03   2000   256   137  3.349e-04   6.539e-03   3   3   3   3   3   3   3   3    3   3.0    3   94.4
  126 [64, 128, 256, 512]   1.0e-03   2000  1024   999  1.845e-04   7.589e-03   3   3   3   4   3   3   3   4    3   3.2    4  369.0
  127 [64, 128, 256, 512]   2.0e-03   2000   256    42  1.429e-04   7.670e-03   3   3   3   4   3   3   3   4    3   3.2    4   94.4
  128 [64, 128, 256, 512]   5.0e-04   2000   256     7  4.994e-04   8.477e-03   3   3   3   4   3   3   3   4    3   3.2    4   94.4
  129 [64, 128, 256, 512]   2.0e-03   8000   256    42  1.413e-05   8.562e-03   3   3   3   3   3   3   3   3    3   3.0    3  377.1
  130 [64, 128, 256, 512]   5.0e-04   2000   256   999  6.556e-04   9.104e-03   3   3   3   3   3   3   4   3    3   3.1    4   94.4
  131 [64, 128, 256, 512]   5.0e-04   2000   256    42  5.451e-04   8.170e-03   2   3   3   4   3   3   3   4    2   3.1    4   96.0
  132 [64, 128, 256, 512]   5.0e-04   8000   256     7  5.949e-05   1.026e-02   3   3   3   3   2   3   3   3    2   2.9    3  377.3
  133 [64, 128, 256, 512]   5.0e-04   4000   256    42  1.577e-04   1.233e-02   2   3   3   3   2   3   3   3    2   2.8    3  188.9
  134 [64, 128, 256, 512]   2.0e-03   4000   256     7  7.102e-05   1.502e-02   2   3   3   3   2   3   3   3    2   2.8    3  188.9
  135 [64, 128, 256, 512]   1.0e-03   2000   256    42  2.465e-04   1.617e-02   2   3   3   3   2   3   3   3    2   2.8    3   94.4
============================================================================================================================================

  BEST CONFIG (GPU 3):
    hidden_sizes = [64, 128, 256, 512]
    lr           = 0.0005
    n_epochs     = 4000
    n_per_param  = 1024
    seed         = 2024
    -> min 4 digits, mean 4.8 digits, max 5 digits, mean rel. err 2.825e-04

============================================================================================================================================
  PER-CONFIG SUMMARY (seed-averaged) — GPU 3
============================================================================================================================================
  hidden=[64, 128, 256, 512] lr=0.002 epochs=4000 npp=1024
      min_dig=3  mean_dig=4.1  max_dig=5  mean_relerr=1.219e-03  n_seeds=5
  hidden=[64, 128, 256, 512] lr=0.002 epochs=4000 npp=512
      min_dig=3  mean_dig=4.2  max_dig=6  mean_relerr=1.346e-03  n_seeds=5
  hidden=[64, 128, 256, 512] lr=0.0005 epochs=8000 npp=512
      min_dig=3  mean_dig=4.0  max_dig=5  mean_relerr=1.522e-03  n_seeds=5
  hidden=[64, 128, 256, 512] lr=0.002 epochs=8000 npp=512
      min_dig=3  mean_dig=4.0  max_dig=5  mean_relerr=1.570e-03  n_seeds=5
  hidden=[64, 128, 256, 512] lr=0.001 epochs=4000 npp=1024
      min_dig=3  mean_dig=3.9  max_dig=6  mean_relerr=1.752e-03  n_seeds=5
  hidden=[64, 128, 256, 512] lr=0.001 epochs=8000 npp=512
      min_dig=3  mean_dig=3.9  max_dig=5  mean_relerr=1.838e-03  n_seeds=5
  hidden=[64, 128, 256, 512] lr=0.0005 epochs=8000 npp=1024
      min_dig=3  mean_dig=3.9  max_dig=6  mean_relerr=1.863e-03  n_seeds=5
  hidden=[64, 128, 256, 512] lr=0.001 epochs=8000 npp=256
      min_dig=3  mean_dig=3.9  max_dig=5  mean_relerr=1.896e-03  n_seeds=5
  hidden=[64, 128, 256, 512] lr=0.0005 epochs=4000 npp=1024
      min_dig=3  mean_dig=3.8  max_dig=5  mean_relerr=2.347e-03  n_seeds=5
  hidden=[64, 128, 256, 512] lr=0.001 epochs=4000 npp=512
      min_dig=3  mean_dig=3.8  max_dig=5  mean_relerr=2.374e-03  n_seeds=5
  hidden=[64, 128, 256, 512] lr=0.002 epochs=2000 npp=1024
      min_dig=3  mean_dig=3.8  max_dig=5  mean_relerr=2.563e-03  n_seeds=5
  hidden=[64, 128, 256, 512] lr=0.002 epochs=8000 npp=1024
      min_dig=3  mean_dig=3.7  max_dig=5  mean_relerr=2.591e-03  n_seeds=5
  hidden=[64, 128, 256, 512] lr=0.001 epochs=2000 npp=512
      min_dig=3  mean_dig=3.6  max_dig=5  mean_relerr=2.965e-03  n_seeds=5
  hidden=[64, 128, 256, 512] lr=0.001 epochs=4000 npp=256
      min_dig=3  mean_dig=3.6  max_dig=5  mean_relerr=2.976e-03  n_seeds=5
  hidden=[64, 128, 256, 512] lr=0.001 epochs=8000 npp=1024
      min_dig=3  mean_dig=3.6  max_dig=5  mean_relerr=3.054e-03  n_seeds=5
  hidden=[64, 128, 256, 512] lr=0.002 epochs=2000 npp=256
      min_dig=3  mean_dig=3.7  max_dig=6  mean_relerr=3.296e-03  n_seeds=5
  hidden=[64, 128, 256, 512] lr=0.0005 epochs=4000 npp=512
      min_dig=3  mean_dig=3.6  max_dig=5  mean_relerr=3.338e-03  n_seeds=5
  hidden=[64, 128, 256, 512] lr=0.002 epochs=8000 npp=256
      min_dig=3  mean_dig=3.6  max_dig=5  mean_relerr=3.485e-03  n_seeds=5
  hidden=[64, 128, 256, 512] lr=0.0005 epochs=2000 npp=1024
      min_dig=3  mean_dig=3.5  max_dig=5  mean_relerr=3.554e-03  n_seeds=5
  hidden=[64, 128, 256, 512] lr=0.002 epochs=2000 npp=512
      min_dig=3  mean_dig=3.5  max_dig=5  mean_relerr=3.957e-03  n_seeds=5
  hidden=[64, 128, 256, 512] lr=0.001 epochs=2000 npp=1024
      min_dig=3  mean_dig=3.6  max_dig=5  mean_relerr=4.128e-03  n_seeds=5
  hidden=[64, 128, 256, 512] lr=0.0005 epochs=2000 npp=512
      min_dig=3  mean_dig=3.6  max_dig=5  mean_relerr=4.134e-03  n_seeds=5
  hidden=[64, 128, 256, 512] lr=0.0005 epochs=8000 npp=256
      min_dig=2  mean_dig=3.9  max_dig=6  mean_relerr=3.639e-03  n_seeds=5
  hidden=[64, 128, 256, 512] lr=0.002 epochs=4000 npp=256
      min_dig=2  mean_dig=3.5  max_dig=4  mean_relerr=4.583e-03  n_seeds=5
  hidden=[64, 128, 256, 512] lr=0.0005 epochs=4000 npp=256
      min_dig=2  mean_dig=3.5  max_dig=6  mean_relerr=5.236e-03  n_seeds=5
  hidden=[64, 128, 256, 512] lr=0.001 epochs=2000 npp=256
      min_dig=2  mean_dig=3.4  max_dig=5  mean_relerr=6.464e-03  n_seeds=5
  hidden=[64, 128, 256, 512] lr=0.0005 epochs=2000 npp=256
      min_dig=2  mean_dig=3.2  max_dig=5  mean_relerr=7.038e-03  n_seeds=5
============================================================================================================================================
  Results saved -> /lustre/projects/g/gshipunv/project-skuld/research/results/grid/15-conv-integrator-sweep/results_gpu3.csv

