SKULD is using device: cuda

════════════════════════════════════════════════════════════════════════
  BETHE–SALPETER KAN m3  —  81 configs × 7 epoch budgets [2000, 3000, 4000, 5000, 7000, 10000, 15000] = 567 runs, device=cuda:3
════════════════════════════════════════════════════════════════════════

Computing scipy reference integrals (shared across all configs)...
Done.

  Results CSV (online): /zfs/store1.hydra.local/user/g/gshipunv/integral/project-skuld/research/experiments/grid/7-siren-wire-kan-sweep-m3/../../results/grid/7-siren-wire-kan-sweep-m3/sweep_results_m3_2026-09-30_19-10.csv

[1/567] width=24 depth=2 G=6 k=3 lr=0.0004 epochs=2000 ...
  Epoch     1/2000  loss=1.9781e-01  lr=1.60e-05  (0.4s)
    -> min_loss=1.410e-03  mean_rel_err=1.265e-01  min_digits=2  params=7,790  (141.3s)
[2/567] width=24 depth=2 G=6 k=3 lr=0.0004 epochs=3000 ...
  Epoch     1/3000  loss=1.9781e-01  lr=1.60e-05  (0.1s)
    -> min_loss=8.162e-04  mean_rel_err=1.107e-01  min_digits=2  params=7,790  (210.1s)
[3/567] width=24 depth=2 G=6 k=3 lr=0.0004 epochs=4000 ...
  Epoch     1/4000  loss=1.9781e-01  lr=1.60e-05  (0.1s)
    -> min_loss=5.813e-04  mean_rel_err=9.721e-02  min_digits=2  params=7,790  (279.7s)
[4/567] width=24 depth=2 G=6 k=3 lr=0.0004 epochs=5000 ...
  Epoch     1/5000  loss=1.9781e-01  lr=1.60e-05  (0.1s)
    -> min_loss=5.371e-04  mean_rel_err=1.083e-01  min_digits=2  params=7,790  (344.8s)
[5/567] width=24 depth=2 G=6 k=3 lr=0.0004 epochs=7000 ...
  Epoch     1/7000  loss=1.9781e-01  lr=1.60e-05  (0.1s)
    -> min_loss=3.410e-04  mean_rel_err=9.193e-02  min_digits=2  params=7,790  (476.6s)
[6/567] width=24 depth=2 G=6 k=3 lr=0.0004 epochs=10000 ...
  Epoch     1/10000  loss=1.9781e-01  lr=1.60e-05  (0.1s)
    -> min_loss=2.506e-04  mean_rel_err=6.624e-02  min_digits=2  params=7,790  (680.0s)
[7/567] width=24 depth=2 G=6 k=3 lr=0.0004 epochs=15000 ...
  Epoch     1/15000  loss=1.9781e-01  lr=1.60e-05  (0.1s)
    -> min_loss=1.520e-04  mean_rel_err=6.591e-02  min_digits=2  params=7,790  (1019.6s)
[8/567] width=24 depth=2 G=6 k=3 lr=0.0005 epochs=2000 ...
  Epoch     1/2000  loss=1.9781e-01  lr=2.00e-05  (0.1s)
    -> min_loss=1.175e-03  mean_rel_err=1.119e-01  min_digits=2  params=7,790  (135.9s)
[9/567] width=24 depth=2 G=6 k=3 lr=0.0005 epochs=3000 ...
  Epoch     1/3000  loss=1.9781e-01  lr=2.00e-05  (0.1s)
    -> min_loss=7.231e-04  mean_rel_err=1.116e-01  min_digits=2  params=7,790  (203.9s)
[10/567] width=24 depth=2 G=6 k=3 lr=0.0005 epochs=4000 ...
  Epoch     1/4000  loss=1.9781e-01  lr=2.00e-05  (0.1s)
    -> min_loss=5.488e-04  mean_rel_err=1.128e-01  min_digits=2  params=7,790  (271.8s)
[11/567] width=24 depth=2 G=6 k=3 lr=0.0005 epochs=5000 ...
  Epoch     1/5000  loss=1.9781e-01  lr=2.00e-05  (0.1s)
    -> min_loss=4.751e-04  mean_rel_err=9.426e-02  min_digits=2  params=7,790  (339.6s)
[12/567] width=24 depth=2 G=6 k=3 lr=0.0005 epochs=7000 ...
  Epoch     1/7000  loss=1.9781e-01  lr=2.00e-05  (0.1s)
    -> min_loss=3.202e-04  mean_rel_err=9.820e-02  min_digits=2  params=7,790  (475.6s)
[13/567] width=24 depth=2 G=6 k=3 lr=0.0005 epochs=10000 ...
  Epoch     1/10000  loss=1.9781e-01  lr=2.00e-05  (0.1s)
    -> min_loss=2.052e-04  mean_rel_err=8.580e-02  min_digits=2  params=7,790  (679.8s)
[14/567] width=24 depth=2 G=6 k=3 lr=0.0005 epochs=15000 ...
  Epoch     1/15000  loss=1.9781e-01  lr=2.00e-05  (0.1s)
    -> min_loss=1.420e-04  mean_rel_err=3.784e-02  min_digits=2  params=7,790  (1020.0s)
[15/567] width=24 depth=2 G=6 k=3 lr=0.0006 epochs=2000 ...
  Epoch     1/2000  loss=1.9781e-01  lr=2.40e-05  (0.1s)
    -> min_loss=1.024e-03  mean_rel_err=9.916e-02  min_digits=2  params=7,790  (135.9s)
[16/567] width=24 depth=2 G=6 k=3 lr=0.0006 epochs=3000 ...
  Epoch     1/3000  loss=1.9781e-01  lr=2.40e-05  (0.1s)
    -> min_loss=6.881e-04  mean_rel_err=1.031e-01  min_digits=2  params=7,790  (203.8s)
[17/567] width=24 depth=2 G=6 k=3 lr=0.0006 epochs=4000 ...
  Epoch     1/4000  loss=1.9781e-01  lr=2.40e-05  (0.1s)
    -> min_loss=4.753e-04  mean_rel_err=9.981e-02  min_digits=2  params=7,790  (271.9s)
[18/567] width=24 depth=2 G=6 k=3 lr=0.0006 epochs=5000 ...
  Epoch     1/5000  loss=1.9781e-01  lr=2.40e-05  (0.1s)
    -> min_loss=3.824e-04  mean_rel_err=8.214e-02  min_digits=2  params=7,790  (339.9s)
[19/567] width=24 depth=2 G=6 k=3 lr=0.0006 epochs=7000 ...
  Epoch     1/7000  loss=1.9781e-01  lr=2.40e-05  (0.1s)
    -> min_loss=2.963e-04  mean_rel_err=9.157e-02  min_digits=2  params=7,790  (475.9s)
[20/567] width=24 depth=2 G=6 k=3 lr=0.0006 epochs=10000 ...
  Epoch     1/10000  loss=1.9781e-01  lr=2.40e-05  (0.1s)
    -> min_loss=1.948e-04  mean_rel_err=6.354e-02  min_digits=2  params=7,790  (680.0s)
[21/567] width=24 depth=2 G=6 k=3 lr=0.0006 epochs=15000 ...
  Epoch     1/15000  loss=1.9781e-01  lr=2.40e-05  (0.1s)
    -> min_loss=1.310e-04  mean_rel_err=2.141e-02  min_digits=2  params=7,790  (1019.9s)
[22/567] width=24 depth=2 G=8 k=3 lr=0.0004 epochs=2000 ...
  Epoch     1/2000  loss=4.2205e-01  lr=1.60e-05  (0.1s)
    -> min_loss=9.826e-04  mean_rel_err=8.172e-02  min_digits=2  params=9,326  (135.8s)
[23/567] width=24 depth=2 G=8 k=3 lr=0.0004 epochs=3000 ...
  Epoch     1/3000  loss=4.2205e-01  lr=1.60e-05  (0.1s)
    -> min_loss=7.431e-04  mean_rel_err=1.015e-01  min_digits=2  params=9,326  (203.6s)
[24/567] width=24 depth=2 G=8 k=3 lr=0.0004 epochs=4000 ...
  Epoch     1/4000  loss=4.2205e-01  lr=1.60e-05  (0.1s)
    -> min_loss=6.429e-04  mean_rel_err=8.890e-02  min_digits=2  params=9,326  (271.5s)
[25/567] width=24 depth=2 G=8 k=3 lr=0.0004 epochs=5000 ...
  Epoch     1/5000  loss=4.2205e-01  lr=1.60e-05  (0.1s)
    -> min_loss=4.537e-04  mean_rel_err=1.040e-01  min_digits=2  params=9,326  (339.3s)
[26/567] width=24 depth=2 G=8 k=3 lr=0.0004 epochs=7000 ...
  Epoch     1/7000  loss=4.2205e-01  lr=1.60e-05  (0.1s)
    -> min_loss=3.114e-04  mean_rel_err=1.028e-01  min_digits=2  params=9,326  (475.1s)
[27/567] width=24 depth=2 G=8 k=3 lr=0.0004 epochs=10000 ...
  Epoch     1/10000  loss=4.2205e-01  lr=1.60e-05  (0.1s)
    -> min_loss=2.146e-04  mean_rel_err=1.155e-01  min_digits=2  params=9,326  (679.4s)
[28/567] width=24 depth=2 G=8 k=3 lr=0.0004 epochs=15000 ...
  Epoch     1/15000  loss=4.2205e-01  lr=1.60e-05  (0.1s)
    -> min_loss=1.467e-04  mean_rel_err=1.003e-01  min_digits=2  params=9,326  (1019.9s)
[29/567] width=24 depth=2 G=8 k=3 lr=0.0005 epochs=2000 ...
  Epoch     1/2000  loss=4.2205e-01  lr=2.00e-05  (0.1s)
    -> min_loss=9.158e-04  mean_rel_err=1.059e-01  min_digits=2  params=9,326  (135.9s)
[30/567] width=24 depth=2 G=8 k=3 lr=0.0005 epochs=3000 ...
  Epoch     1/3000  loss=4.2205e-01  lr=2.00e-05  (0.1s)
    -> min_loss=6.281e-04  mean_rel_err=7.968e-02  min_digits=2  params=9,326  (203.8s)
[31/567] width=24 depth=2 G=8 k=3 lr=0.0005 epochs=4000 ...
  Epoch     1/4000  loss=4.2205e-01  lr=2.00e-05  (0.1s)
    -> min_loss=4.992e-04  mean_rel_err=9.340e-02  min_digits=2  params=9,326  (271.7s)
[32/567] width=24 depth=2 G=8 k=3 lr=0.0005 epochs=5000 ...
  Epoch     1/5000  loss=4.2205e-01  lr=2.00e-05  (0.1s)
    -> min_loss=4.131e-04  mean_rel_err=1.002e-01  min_digits=2  params=9,326  (339.6s)
[33/567] width=24 depth=2 G=8 k=3 lr=0.0005 epochs=7000 ...
  Epoch     1/7000  loss=4.2205e-01  lr=2.00e-05  (0.1s)
    -> min_loss=2.779e-04  mean_rel_err=1.049e-01  min_digits=2  params=9,326  (475.6s)
[34/567] width=24 depth=2 G=8 k=3 lr=0.0005 epochs=10000 ...
  Epoch     1/10000  loss=4.2205e-01  lr=2.00e-05  (0.1s)
    -> min_loss=1.929e-04  mean_rel_err=1.227e-01  min_digits=2  params=9,326  (679.7s)
[35/567] width=24 depth=2 G=8 k=3 lr=0.0005 epochs=15000 ...
  Epoch     1/15000  loss=4.2205e-01  lr=2.00e-05  (0.1s)
    -> min_loss=1.205e-04  mean_rel_err=9.120e-02  min_digits=2  params=9,326  (1019.4s)
[36/567] width=24 depth=2 G=8 k=3 lr=0.0006 epochs=2000 ...
  Epoch     1/2000  loss=4.2205e-01  lr=2.40e-05  (0.1s)
    -> min_loss=8.453e-04  mean_rel_err=8.044e-02  min_digits=2  params=9,326  (135.9s)
[37/567] width=24 depth=2 G=8 k=3 lr=0.0006 epochs=3000 ...
  Epoch     1/3000  loss=4.2205e-01  lr=2.40e-05  (0.1s)
    -> min_loss=5.943e-04  mean_rel_err=1.079e-01  min_digits=2  params=9,326  (204.1s)
[38/567] width=24 depth=2 G=8 k=3 lr=0.0006 epochs=4000 ...
  Epoch     1/4000  loss=4.2205e-01  lr=2.40e-05  (0.1s)
    -> min_loss=4.326e-04  mean_rel_err=8.087e-02  min_digits=2  params=9,326  (272.0s)
[39/567] width=24 depth=2 G=8 k=3 lr=0.0006 epochs=5000 ...
  Epoch     1/5000  loss=4.2205e-01  lr=2.40e-05  (0.1s)
    -> min_loss=3.747e-04  mean_rel_err=1.079e-01  min_digits=2  params=9,326  (340.1s)
[40/567] width=24 depth=2 G=8 k=3 lr=0.0006 epochs=7000 ...
  Epoch     1/7000  loss=4.2205e-01  lr=2.40e-05  (0.1s)
    -> min_loss=2.690e-04  mean_rel_err=1.203e-01  min_digits=2  params=9,326  (476.0s)
[41/567] width=24 depth=2 G=8 k=3 lr=0.0006 epochs=10000 ...
  Epoch     1/10000  loss=4.2205e-01  lr=2.40e-05  (0.1s)
    -> min_loss=1.837e-04  mean_rel_err=9.954e-02  min_digits=2  params=9,326  (679.2s)
[42/567] width=24 depth=2 G=8 k=3 lr=0.0006 epochs=15000 ...
  Epoch     1/15000  loss=4.2205e-01  lr=2.40e-05  (0.1s)
    -> min_loss=1.252e-04  mean_rel_err=1.007e-01  min_digits=2  params=9,326  (1058.7s)
[43/567] width=24 depth=2 G=10 k=3 lr=0.0004 epochs=2000 ...
  Epoch     1/2000  loss=1.1576e+00  lr=1.60e-05  (0.1s)
    -> min_loss=8.905e-04  mean_rel_err=3.251e-02  min_digits=2  params=10,862  (137.9s)
[44/567] width=24 depth=2 G=10 k=3 lr=0.0004 epochs=3000 ...
  Epoch     1/3000  loss=1.1576e+00  lr=1.60e-05  (0.1s)
    -> min_loss=5.721e-04  mean_rel_err=3.736e-02  min_digits=2  params=10,862  (206.8s)
[45/567] width=24 depth=2 G=10 k=3 lr=0.0004 epochs=4000 ...
  Epoch     1/4000  loss=1.1576e+00  lr=1.60e-05  (0.1s)
    -> min_loss=4.087e-04  mean_rel_err=4.882e-02  min_digits=2  params=10,862  (275.6s)
[46/567] width=24 depth=2 G=10 k=3 lr=0.0004 epochs=5000 ...
  Epoch     1/5000  loss=1.1576e+00  lr=1.60e-05  (0.1s)
    -> min_loss=2.860e-04  mean_rel_err=3.788e-02  min_digits=2  params=10,862  (344.5s)
[47/567] width=24 depth=2 G=10 k=3 lr=0.0004 epochs=7000 ...
  Epoch     1/7000  loss=1.1576e+00  lr=1.60e-05  (0.1s)
    -> min_loss=1.904e-04  mean_rel_err=4.052e-02  min_digits=2  params=10,862  (482.3s)
[48/567] width=24 depth=2 G=10 k=3 lr=0.0004 epochs=10000 ...
  Epoch     1/10000  loss=1.1576e+00  lr=1.60e-05  (0.1s)
    -> min_loss=1.260e-04  mean_rel_err=3.499e-02  min_digits=2  params=10,862  (688.6s)
[49/567] width=24 depth=2 G=10 k=3 lr=0.0004 epochs=15000 ...
  Epoch     1/15000  loss=1.1576e+00  lr=1.60e-05  (0.1s)
    -> min_loss=8.348e-05  mean_rel_err=4.024e-02  min_digits=2  params=10,862  (1033.5s)
[50/567] width=24 depth=2 G=10 k=3 lr=0.0005 epochs=2000 ...
  Epoch     1/2000  loss=1.1576e+00  lr=2.00e-05  (0.1s)
    -> min_loss=7.473e-04  mean_rel_err=4.508e-02  min_digits=2  params=10,862  (137.6s)
[51/567] width=24 depth=2 G=10 k=3 lr=0.0005 epochs=3000 ...
  Epoch     1/3000  loss=1.1576e+00  lr=2.00e-05  (0.1s)
    -> min_loss=5.244e-04  mean_rel_err=3.565e-02  min_digits=2  params=10,862  (206.7s)
[52/567] width=24 depth=2 G=10 k=3 lr=0.0005 epochs=4000 ...
  Epoch     1/4000  loss=1.1576e+00  lr=2.00e-05  (0.1s)
    -> min_loss=3.301e-04  mean_rel_err=4.309e-02  min_digits=2  params=10,862  (275.7s)
[53/567] width=24 depth=2 G=10 k=3 lr=0.0005 epochs=5000 ...
  Epoch     1/5000  loss=1.1576e+00  lr=2.00e-05  (0.1s)
    -> min_loss=2.608e-04  mean_rel_err=4.304e-02  min_digits=2  params=10,862  (344.8s)
[54/567] width=24 depth=2 G=10 k=3 lr=0.0005 epochs=7000 ...
  Epoch     1/7000  loss=1.1576e+00  lr=2.00e-05  (0.1s)
    -> min_loss=1.745e-04  mean_rel_err=3.748e-02  min_digits=2  params=10,862  (482.4s)
[55/567] width=24 depth=2 G=10 k=3 lr=0.0005 epochs=10000 ...
  Epoch     1/10000  loss=1.1576e+00  lr=2.00e-05  (0.1s)
    -> min_loss=1.058e-04  mean_rel_err=3.094e-02  min_digits=2  params=10,862  (689.0s)
[56/567] width=24 depth=2 G=10 k=3 lr=0.0005 epochs=15000 ...
  Epoch     1/15000  loss=1.1576e+00  lr=2.00e-05  (0.1s)
    -> min_loss=6.866e-05  mean_rel_err=2.846e-02  min_digits=2  params=10,862  (1033.9s)
[57/567] width=24 depth=2 G=10 k=3 lr=0.0006 epochs=2000 ...
  Epoch     1/2000  loss=1.1576e+00  lr=2.40e-05  (0.1s)
    -> min_loss=5.860e-04  mean_rel_err=3.271e-02  min_digits=2  params=10,862  (138.0s)
[58/567] width=24 depth=2 G=10 k=3 lr=0.0006 epochs=3000 ...
  Epoch     1/3000  loss=1.1576e+00  lr=2.40e-05  (0.1s)
    -> min_loss=4.550e-04  mean_rel_err=3.715e-02  min_digits=2  params=10,862  (206.8s)
[59/567] width=24 depth=2 G=10 k=3 lr=0.0006 epochs=4000 ...
  Epoch     1/4000  loss=1.1576e+00  lr=2.40e-05  (0.1s)
    -> min_loss=3.458e-04  mean_rel_err=4.464e-02  min_digits=2  params=10,862  (275.8s)
[60/567] width=24 depth=2 G=10 k=3 lr=0.0006 epochs=5000 ...
  Epoch     1/5000  loss=1.1576e+00  lr=2.40e-05  (0.1s)
    -> min_loss=2.677e-04  mean_rel_err=3.808e-02  min_digits=2  params=10,862  (344.8s)
[61/567] width=24 depth=2 G=10 k=3 lr=0.0006 epochs=7000 ...
  Epoch     1/7000  loss=1.1576e+00  lr=2.40e-05  (0.1s)
    -> min_loss=1.696e-04  mean_rel_err=5.048e-02  min_digits=2  params=10,862  (482.8s)
[62/567] width=24 depth=2 G=10 k=3 lr=0.0006 epochs=10000 ...
  Epoch     1/10000  loss=1.1576e+00  lr=2.40e-05  (0.1s)
    -> min_loss=9.930e-05  mean_rel_err=4.781e-02  min_digits=2  params=10,862  (689.7s)
[63/567] width=24 depth=2 G=10 k=3 lr=0.0006 epochs=15000 ...
  Epoch     1/15000  loss=1.1576e+00  lr=2.40e-05  (0.1s)
    -> min_loss=6.887e-05  mean_rel_err=3.747e-02  min_digits=2  params=10,862  (1035.0s)
[64/567] width=24 depth=3 G=6 k=3 lr=0.0004 epochs=2000 ...
  Epoch     1/2000  loss=2.8511e-01  lr=1.60e-05  (0.1s)
    -> min_loss=7.818e-04  mean_rel_err=6.014e-02  min_digits=2  params=13,598  (186.0s)
[65/567] width=24 depth=3 G=6 k=3 lr=0.0004 epochs=3000 ...
  Epoch     1/3000  loss=2.8511e-01  lr=1.60e-05  (0.1s)
    -> min_loss=5.101e-04  mean_rel_err=5.984e-02  min_digits=2  params=13,598  (279.4s)
[66/567] width=24 depth=3 G=6 k=3 lr=0.0004 epochs=4000 ...
  Epoch     1/4000  loss=2.8511e-01  lr=1.60e-05  (0.1s)
    -> min_loss=3.666e-04  mean_rel_err=6.285e-02  min_digits=2  params=13,598  (372.3s)
[67/567] width=24 depth=3 G=6 k=3 lr=0.0004 epochs=5000 ...
  Epoch     1/5000  loss=2.8511e-01  lr=1.60e-05  (0.1s)
    -> min_loss=2.963e-04  mean_rel_err=5.256e-02  min_digits=2  params=13,598  (465.5s)
[68/567] width=24 depth=3 G=6 k=3 lr=0.0004 epochs=7000 ...
  Epoch     1/7000  loss=2.8511e-01  lr=1.60e-05  (0.1s)
    -> min_loss=1.832e-04  mean_rel_err=5.760e-02  min_digits=2  params=13,598  (650.9s)
[69/567] width=24 depth=3 G=6 k=3 lr=0.0004 epochs=10000 ...
  Epoch     1/10000  loss=2.8511e-01  lr=1.60e-05  (0.1s)
    -> min_loss=1.078e-04  mean_rel_err=5.846e-02  min_digits=2  params=13,598  (928.9s)
[70/567] width=24 depth=3 G=6 k=3 lr=0.0004 epochs=15000 ...
  Epoch     1/15000  loss=2.8511e-01  lr=1.60e-05  (0.1s)
    -> min_loss=5.808e-05  mean_rel_err=6.462e-02  min_digits=2  params=13,598  (1393.9s)
[71/567] width=24 depth=3 G=6 k=3 lr=0.0005 epochs=2000 ...
  Epoch     1/2000  loss=2.8511e-01  lr=2.00e-05  (0.1s)
    -> min_loss=6.700e-04  mean_rel_err=5.999e-02  min_digits=2  params=13,598  (185.7s)
[72/567] width=24 depth=3 G=6 k=3 lr=0.0005 epochs=3000 ...
  Epoch     1/3000  loss=2.8511e-01  lr=2.00e-05  (0.1s)
    -> min_loss=4.171e-04  mean_rel_err=5.557e-02  min_digits=2  params=13,598  (278.5s)
[73/567] width=24 depth=3 G=6 k=3 lr=0.0005 epochs=4000 ...
  Epoch     1/4000  loss=2.8511e-01  lr=2.00e-05  (0.1s)
    -> min_loss=2.923e-04  mean_rel_err=5.150e-02  min_digits=2  params=13,598  (371.3s)
[74/567] width=24 depth=3 G=6 k=3 lr=0.0005 epochs=5000 ...
  Epoch     1/5000  loss=2.8511e-01  lr=2.00e-05  (0.1s)
    -> min_loss=2.188e-04  mean_rel_err=5.592e-02  min_digits=2  params=13,598  (464.1s)
[75/567] width=24 depth=3 G=6 k=3 lr=0.0005 epochs=7000 ...
  Epoch     1/7000  loss=2.8511e-01  lr=2.00e-05  (0.1s)
    -> min_loss=1.492e-04  mean_rel_err=6.318e-02  min_digits=2  params=13,598  (649.9s)
[76/567] width=24 depth=3 G=6 k=3 lr=0.0005 epochs=10000 ...
  Epoch     1/10000  loss=2.8511e-01  lr=2.00e-05  (0.1s)
    -> min_loss=8.809e-05  mean_rel_err=5.454e-02  min_digits=2  params=13,598  (928.9s)
[77/567] width=24 depth=3 G=6 k=3 lr=0.0005 epochs=15000 ...
  Epoch     1/15000  loss=2.8511e-01  lr=2.00e-05  (0.1s)
    -> min_loss=5.196e-05  mean_rel_err=5.801e-02  min_digits=2  params=13,598  (1392.9s)
[78/567] width=24 depth=3 G=6 k=3 lr=0.0006 epochs=2000 ...
  Epoch     1/2000  loss=2.8511e-01  lr=2.40e-05  (0.1s)
    -> min_loss=5.704e-04  mean_rel_err=6.939e-02  min_digits=2  params=13,598  (185.5s)
[79/567] width=24 depth=3 G=6 k=3 lr=0.0006 epochs=3000 ...
  Epoch     1/3000  loss=2.8511e-01  lr=2.40e-05  (0.1s)
    -> min_loss=3.571e-04  mean_rel_err=5.986e-02  min_digits=2  params=13,598  (278.3s)
[80/567] width=24 depth=3 G=6 k=3 lr=0.0006 epochs=4000 ...
  Epoch     1/4000  loss=2.8511e-01  lr=2.40e-05  (0.1s)
    -> min_loss=2.544e-04  mean_rel_err=5.314e-02  min_digits=2  params=13,598  (371.3s)
[81/567] width=24 depth=3 G=6 k=3 lr=0.0006 epochs=5000 ...
  Epoch     1/5000  loss=2.8511e-01  lr=2.40e-05  (0.1s)
    -> min_loss=1.878e-04  mean_rel_err=5.171e-02  min_digits=2  params=13,598  (463.7s)
[82/567] width=24 depth=3 G=6 k=3 lr=0.0006 epochs=7000 ...
  Epoch     1/7000  loss=2.8511e-01  lr=2.40e-05  (0.1s)
    -> min_loss=1.302e-04  mean_rel_err=5.732e-02  min_digits=2  params=13,598  (649.6s)
[83/567] width=24 depth=3 G=6 k=3 lr=0.0006 epochs=10000 ...
  Epoch     1/10000  loss=2.8511e-01  lr=2.40e-05  (0.1s)
    -> min_loss=8.335e-05  mean_rel_err=5.281e-02  min_digits=2  params=13,598  (927.3s)
[84/567] width=24 depth=3 G=6 k=3 lr=0.0006 epochs=15000 ...
  Epoch     1/15000  loss=2.8511e-01  lr=2.40e-05  (0.1s)
    -> min_loss=4.713e-05  mean_rel_err=4.732e-02  min_digits=2  params=13,598  (1391.9s)
[85/567] width=24 depth=3 G=8 k=3 lr=0.0004 epochs=2000 ...
  Epoch     1/2000  loss=8.1346e-01  lr=1.60e-05  (0.1s)
    -> min_loss=6.254e-04  mean_rel_err=5.244e-02  min_digits=2  params=16,286  (185.6s)
[86/567] width=24 depth=3 G=8 k=3 lr=0.0004 epochs=3000 ...
  Epoch     1/3000  loss=8.1346e-01  lr=1.60e-05  (0.1s)
    -> min_loss=4.059e-04  mean_rel_err=5.217e-02  min_digits=2  params=16,286  (278.3s)
[87/567] width=24 depth=3 G=8 k=3 lr=0.0004 epochs=4000 ...
  Epoch     1/4000  loss=8.1346e-01  lr=1.60e-05  (0.1s)
    -> min_loss=2.938e-04  mean_rel_err=5.539e-02  min_digits=2  params=16,286  (371.1s)
[88/567] width=24 depth=3 G=8 k=3 lr=0.0004 epochs=5000 ...
  Epoch     1/5000  loss=8.1346e-01  lr=1.60e-05  (0.1s)
    -> min_loss=2.227e-04  mean_rel_err=5.525e-02  min_digits=2  params=16,286  (463.8s)
[89/567] width=24 depth=3 G=8 k=3 lr=0.0004 epochs=7000 ...
  Epoch     1/7000  loss=8.1346e-01  lr=1.60e-05  (0.1s)
    -> min_loss=1.484e-04  mean_rel_err=6.285e-02  min_digits=2  params=16,286  (647.8s)
[90/567] width=24 depth=3 G=8 k=3 lr=0.0004 epochs=10000 ...
  Epoch     1/10000  loss=8.1346e-01  lr=1.60e-05  (0.1s)
    -> min_loss=9.883e-05  mean_rel_err=5.949e-02  min_digits=2  params=16,286  (925.1s)
[91/567] width=24 depth=3 G=8 k=3 lr=0.0004 epochs=15000 ...
  Epoch     1/15000  loss=8.1346e-01  lr=1.60e-05  (0.1s)
    -> min_loss=5.487e-05  mean_rel_err=5.357e-02  min_digits=2  params=16,286  (1393.7s)
[92/567] width=24 depth=3 G=8 k=3 lr=0.0005 epochs=2000 ...
  Epoch     1/2000  loss=8.1346e-01  lr=2.00e-05  (0.1s)
    -> min_loss=4.916e-04  mean_rel_err=6.530e-02  min_digits=2  params=16,286  (185.0s)
[93/567] width=24 depth=3 G=8 k=3 lr=0.0005 epochs=3000 ...
  Epoch     1/3000  loss=8.1346e-01  lr=2.00e-05  (0.1s)
    -> min_loss=3.171e-04  mean_rel_err=5.665e-02  min_digits=2  params=16,286  (277.5s)
[94/567] width=24 depth=3 G=8 k=3 lr=0.0005 epochs=4000 ...
  Epoch     1/4000  loss=8.1346e-01  lr=2.00e-05  (0.1s)
    -> min_loss=2.393e-04  mean_rel_err=6.319e-02  min_digits=2  params=16,286  (370.0s)
[95/567] width=24 depth=3 G=8 k=3 lr=0.0005 epochs=5000 ...
  Epoch     1/5000  loss=8.1346e-01  lr=2.00e-05  (0.1s)
    -> min_loss=1.804e-04  mean_rel_err=5.960e-02  min_digits=2  params=16,286  (464.6s)
[96/567] width=24 depth=3 G=8 k=3 lr=0.0005 epochs=7000 ...
  Epoch     1/7000  loss=8.1346e-01  lr=2.00e-05  (0.1s)
    -> min_loss=1.229e-04  mean_rel_err=5.988e-02  min_digits=2  params=16,286  (647.5s)
[97/567] width=24 depth=3 G=8 k=3 lr=0.0005 epochs=10000 ...
  Epoch     1/10000  loss=8.1346e-01  lr=2.00e-05  (0.1s)
    -> min_loss=7.536e-05  mean_rel_err=5.929e-02  min_digits=2  params=16,286  (924.6s)
[98/567] width=24 depth=3 G=8 k=3 lr=0.0005 epochs=15000 ...
  Epoch     1/15000  loss=8.1346e-01  lr=2.00e-05  (0.1s)
    -> min_loss=4.323e-05  mean_rel_err=4.941e-02  min_digits=2  params=16,286  (1389.2s)
[99/567] width=24 depth=3 G=8 k=3 lr=0.0006 epochs=2000 ...
  Epoch     1/2000  loss=8.1346e-01  lr=2.40e-05  (0.1s)
    -> min_loss=4.591e-04  mean_rel_err=5.470e-02  min_digits=2  params=16,286  (185.2s)
[100/567] width=24 depth=3 G=8 k=3 lr=0.0006 epochs=3000 ...
  Epoch     1/3000  loss=8.1346e-01  lr=2.40e-05  (0.1s)
    -> min_loss=2.747e-04  mean_rel_err=5.093e-02  min_digits=2  params=16,286  (277.8s)
[101/567] width=24 depth=3 G=8 k=3 lr=0.0006 epochs=4000 ...
  Epoch     1/4000  loss=8.1346e-01  lr=2.40e-05  (0.1s)
    -> min_loss=2.135e-04  mean_rel_err=5.044e-02  min_digits=2  params=16,286  (370.3s)
[102/567] width=24 depth=3 G=8 k=3 lr=0.0006 epochs=5000 ...
  Epoch     1/5000  loss=8.1346e-01  lr=2.40e-05  (0.1s)
    -> min_loss=1.677e-04  mean_rel_err=5.340e-02  min_digits=2  params=16,286  (463.0s)
[103/567] width=24 depth=3 G=8 k=3 lr=0.0006 epochs=7000 ...
  Epoch     1/7000  loss=8.1346e-01  lr=2.40e-05  (0.1s)
    -> min_loss=1.037e-04  mean_rel_err=4.925e-02  min_digits=2  params=16,286  (648.0s)
[104/567] width=24 depth=3 G=8 k=3 lr=0.0006 epochs=10000 ...
  Epoch     1/10000  loss=8.1346e-01  lr=2.40e-05  (0.1s)
    -> min_loss=7.846e-05  mean_rel_err=4.028e-02  min_digits=2  params=16,286  (926.1s)
[105/567] width=24 depth=3 G=8 k=3 lr=0.0006 epochs=15000 ...
  Epoch     1/15000  loss=8.1346e-01  lr=2.40e-05  (0.1s)
    -> min_loss=4.700e-05  mean_rel_err=4.000e-02  min_digits=2  params=16,286  (1390.2s)
[106/567] width=24 depth=3 G=10 k=3 lr=0.0004 epochs=2000 ...
  Epoch     1/2000  loss=2.1364e+00  lr=1.60e-05  (0.1s)
    -> min_loss=5.796e-04  mean_rel_err=4.513e-02  min_digits=2  params=18,974  (200.1s)
[107/567] width=24 depth=3 G=10 k=3 lr=0.0004 epochs=3000 ...
  Epoch     1/3000  loss=2.1364e+00  lr=1.60e-05  (0.1s)
    -> min_loss=3.400e-04  mean_rel_err=4.035e-02  min_digits=2  params=18,974  (294.9s)
[108/567] width=24 depth=3 G=10 k=3 lr=0.0004 epochs=4000 ...
  Epoch     1/4000  loss=2.1364e+00  lr=1.60e-05  (0.1s)
    -> min_loss=2.203e-04  mean_rel_err=3.760e-02  min_digits=2  params=18,974  (383.5s)
[109/567] width=24 depth=3 G=10 k=3 lr=0.0004 epochs=5000 ...
  Epoch     1/5000  loss=2.1364e+00  lr=1.60e-05  (0.1s)
    -> min_loss=1.714e-04  mean_rel_err=3.592e-02  min_digits=2  params=18,974  (505.5s)
[110/567] width=24 depth=3 G=10 k=3 lr=0.0004 epochs=7000 ...
  Epoch     1/7000  loss=2.1364e+00  lr=1.60e-05  (0.1s)
    -> min_loss=1.145e-04  mean_rel_err=3.705e-02  min_digits=2  params=18,974  (675.7s)
[111/567] width=24 depth=3 G=10 k=3 lr=0.0004 epochs=10000 ...
  Epoch     1/10000  loss=2.1364e+00  lr=1.60e-05  (0.1s)
    -> min_loss=6.902e-05  mean_rel_err=3.747e-02  min_digits=2  params=18,974  (959.7s)
[112/567] width=24 depth=3 G=10 k=3 lr=0.0004 epochs=15000 ...
  Epoch     1/15000  loss=2.1364e+00  lr=1.60e-05  (0.1s)
    -> min_loss=4.238e-05  mean_rel_err=4.459e-02  min_digits=2  params=18,974  (1439.6s)
[113/567] width=24 depth=3 G=10 k=3 lr=0.0005 epochs=2000 ...
  Epoch     1/2000  loss=2.1364e+00  lr=2.00e-05  (0.1s)
    -> min_loss=4.718e-04  mean_rel_err=3.470e-02  min_digits=2  params=18,974  (191.9s)
[114/567] width=24 depth=3 G=10 k=3 lr=0.0005 epochs=3000 ...
  Epoch     1/3000  loss=2.1364e+00  lr=2.00e-05  (0.1s)
    -> min_loss=2.872e-04  mean_rel_err=3.252e-02  min_digits=2  params=18,974  (287.8s)
[115/567] width=24 depth=3 G=10 k=3 lr=0.0005 epochs=4000 ...
  Epoch     1/4000  loss=2.1364e+00  lr=2.00e-05  (0.1s)
    -> min_loss=2.294e-04  mean_rel_err=3.795e-02  min_digits=2  params=18,974  (383.7s)
[116/567] width=24 depth=3 G=10 k=3 lr=0.0005 epochs=5000 ...
  Epoch     1/5000  loss=2.1364e+00  lr=2.00e-05  (0.1s)
    -> min_loss=1.608e-04  mean_rel_err=3.767e-02  min_digits=2  params=18,974  (479.4s)
[117/567] width=24 depth=3 G=10 k=3 lr=0.0005 epochs=7000 ...
  Epoch     1/7000  loss=2.1364e+00  lr=2.00e-05  (0.1s)
    -> min_loss=1.095e-04  mean_rel_err=3.888e-02  min_digits=2  params=18,974  (670.9s)
[118/567] width=24 depth=3 G=10 k=3 lr=0.0005 epochs=10000 ...
  Epoch     1/10000  loss=2.1364e+00  lr=2.00e-05  (0.1s)
    -> min_loss=6.746e-05  mean_rel_err=3.738e-02  min_digits=2  params=18,974  (959.8s)
[119/567] width=24 depth=3 G=10 k=3 lr=0.0005 epochs=15000 ...
  Epoch     1/15000  loss=2.1364e+00  lr=2.00e-05  (0.1s)
    -> min_loss=3.942e-05  mean_rel_err=2.862e-02  min_digits=2  params=18,974  (1440.5s)
[120/567] width=24 depth=3 G=10 k=3 lr=0.0006 epochs=2000 ...
  Epoch     1/2000  loss=2.1364e+00  lr=2.40e-05  (0.1s)
    -> min_loss=4.296e-04  mean_rel_err=4.157e-02  min_digits=2  params=18,974  (192.1s)
[121/567] width=24 depth=3 G=10 k=3 lr=0.0006 epochs=3000 ...
  Epoch     1/3000  loss=2.1364e+00  lr=2.40e-05  (0.1s)
    -> min_loss=2.703e-04  mean_rel_err=3.519e-02  min_digits=2  params=18,974  (288.0s)
[122/567] width=24 depth=3 G=10 k=3 lr=0.0006 epochs=4000 ...
  Epoch     1/4000  loss=2.1364e+00  lr=2.40e-05  (0.1s)
    -> min_loss=1.859e-04  mean_rel_err=4.082e-02  min_digits=2  params=18,974  (384.0s)
[123/567] width=24 depth=3 G=10 k=3 lr=0.0006 epochs=5000 ...
  Epoch     1/5000  loss=2.1364e+00  lr=2.40e-05  (0.1s)
    -> min_loss=1.433e-04  mean_rel_err=3.678e-02  min_digits=2  params=18,974  (480.1s)
[124/567] width=24 depth=3 G=10 k=3 lr=0.0006 epochs=7000 ...
  Epoch     1/7000  loss=2.1364e+00  lr=2.40e-05  (0.1s)
    -> min_loss=9.195e-05  mean_rel_err=3.799e-02  min_digits=2  params=18,974  (671.8s)
[125/567] width=24 depth=3 G=10 k=3 lr=0.0006 epochs=10000 ...
  Epoch     1/10000  loss=2.1364e+00  lr=2.40e-05  (0.1s)
    -> min_loss=6.287e-05  mean_rel_err=3.458e-02  min_digits=2  params=18,974  (960.1s)
[126/567] width=24 depth=3 G=10 k=3 lr=0.0006 epochs=15000 ...
  Epoch     1/15000  loss=2.1364e+00  lr=2.40e-05  (0.1s)
    -> min_loss=3.653e-05  mean_rel_err=3.595e-02  min_digits=2  params=18,974  (1440.1s)
[127/567] width=24 depth=4 G=6 k=3 lr=0.0004 epochs=2000 ...
  Epoch     1/2000  loss=5.5918e-01  lr=1.60e-05  (0.1s)
    -> min_loss=6.141e-04  mean_rel_err=3.827e-02  min_digits=2  params=19,406  (236.5s)
[128/567] width=24 depth=4 G=6 k=3 lr=0.0004 epochs=3000 ...
  Epoch     1/3000  loss=5.5918e-01  lr=1.60e-05  (0.1s)
    -> min_loss=3.733e-04  mean_rel_err=4.260e-02  min_digits=2  params=19,406  (354.7s)
[129/567] width=24 depth=4 G=6 k=3 lr=0.0004 epochs=4000 ...
  Epoch     1/4000  loss=5.5918e-01  lr=1.60e-05  (0.1s)
    -> min_loss=2.738e-04  mean_rel_err=3.415e-02  min_digits=2  params=19,406  (473.5s)
[130/567] width=24 depth=4 G=6 k=3 lr=0.0004 epochs=5000 ...
  Epoch     1/5000  loss=5.5918e-01  lr=1.60e-05  (0.1s)
    -> min_loss=1.855e-04  mean_rel_err=2.884e-02  min_digits=2  params=19,406  (592.3s)
[131/567] width=24 depth=4 G=6 k=3 lr=0.0004 epochs=7000 ...
  Epoch     1/7000  loss=5.5918e-01  lr=1.60e-05  (0.1s)
    -> min_loss=1.272e-04  mean_rel_err=4.154e-02  min_digits=2  params=19,406  (830.5s)
[132/567] width=24 depth=4 G=6 k=3 lr=0.0004 epochs=10000 ...
  Epoch     1/10000  loss=5.5918e-01  lr=1.60e-05  (0.1s)
    -> min_loss=7.940e-05  mean_rel_err=3.692e-02  min_digits=2  params=19,406  (1182.0s)
[133/567] width=24 depth=4 G=6 k=3 lr=0.0004 epochs=15000 ...
  Epoch     1/15000  loss=5.5918e-01  lr=1.60e-05  (0.1s)
    -> min_loss=4.177e-05  mean_rel_err=2.846e-02  min_digits=2  params=19,406  (1774.6s)
[134/567] width=24 depth=4 G=6 k=3 lr=0.0005 epochs=2000 ...
  Epoch     1/2000  loss=5.5918e-01  lr=2.00e-05  (0.1s)
    -> min_loss=5.330e-04  mean_rel_err=2.725e-02  min_digits=2  params=19,406  (236.5s)
[135/567] width=24 depth=4 G=6 k=3 lr=0.0005 epochs=3000 ...
  Epoch     1/3000  loss=5.5918e-01  lr=2.00e-05  (0.1s)
    -> min_loss=3.078e-04  mean_rel_err=4.614e-02  min_digits=2  params=19,406  (355.1s)
[136/567] width=24 depth=4 G=6 k=3 lr=0.0005 epochs=4000 ...
  Epoch     1/4000  loss=5.5918e-01  lr=2.00e-05  (0.1s)
    -> min_loss=2.293e-04  mean_rel_err=3.410e-02  min_digits=2  params=19,406  (473.5s)
[137/567] width=24 depth=4 G=6 k=3 lr=0.0005 epochs=5000 ...
  Epoch     1/5000  loss=5.5918e-01  lr=2.00e-05  (0.1s)
    -> min_loss=1.704e-04  mean_rel_err=2.972e-02  min_digits=2  params=19,406  (591.9s)
[138/567] width=24 depth=4 G=6 k=3 lr=0.0005 epochs=7000 ...
  Epoch     1/7000  loss=5.5918e-01  lr=2.00e-05  (0.1s)
    -> min_loss=1.081e-04  mean_rel_err=3.030e-02  min_digits=2  params=19,406  (828.6s)
[139/567] width=24 depth=4 G=6 k=3 lr=0.0005 epochs=10000 ...
  Epoch     1/10000  loss=5.5918e-01  lr=2.00e-05  (0.1s)
    -> min_loss=7.084e-05  mean_rel_err=2.869e-02  min_digits=2  params=19,406  (1183.4s)
[140/567] width=24 depth=4 G=6 k=3 lr=0.0005 epochs=15000 ...
  Epoch     1/15000  loss=5.5918e-01  lr=2.00e-05  (0.1s)
    -> min_loss=4.101e-05  mean_rel_err=3.687e-02  min_digits=2  params=19,406  (1774.9s)
[141/567] width=24 depth=4 G=6 k=3 lr=0.0006 epochs=2000 ...
  Epoch     1/2000  loss=5.5918e-01  lr=2.40e-05  (0.1s)
    -> min_loss=4.600e-04  mean_rel_err=3.104e-02  min_digits=2  params=19,406  (236.6s)
[142/567] width=24 depth=4 G=6 k=3 lr=0.0006 epochs=3000 ...
  Epoch     1/3000  loss=5.5918e-01  lr=2.40e-05  (0.1s)
    -> min_loss=2.908e-04  mean_rel_err=4.176e-02  min_digits=2  params=19,406  (354.9s)
[143/567] width=24 depth=4 G=6 k=3 lr=0.0006 epochs=4000 ...
  Epoch     1/4000  loss=5.5918e-01  lr=2.40e-05  (0.1s)
    -> min_loss=2.061e-04  mean_rel_err=5.008e-02  min_digits=2  params=19,406  (473.3s)
[144/567] width=24 depth=4 G=6 k=3 lr=0.0006 epochs=5000 ...
  Epoch     1/5000  loss=5.5918e-01  lr=2.40e-05  (0.1s)
    -> min_loss=1.558e-04  mean_rel_err=4.908e-02  min_digits=2  params=19,406  (592.3s)
[145/567] width=24 depth=4 G=6 k=3 lr=0.0006 epochs=7000 ...
  Epoch     1/7000  loss=5.5918e-01  lr=2.40e-05  (0.1s)
    -> min_loss=1.029e-04  mean_rel_err=3.653e-02  min_digits=2  params=19,406  (828.5s)
[146/567] width=24 depth=4 G=6 k=3 lr=0.0006 epochs=10000 ...
  Epoch     1/10000  loss=5.5918e-01  lr=2.40e-05  (0.1s)
    -> min_loss=6.671e-05  mean_rel_err=2.395e-02  min_digits=2  params=19,406  (1183.9s)
[147/567] width=24 depth=4 G=6 k=3 lr=0.0006 epochs=15000 ...
  Epoch     1/15000  loss=5.5918e-01  lr=2.40e-05  (0.1s)
    -> min_loss=3.802e-05  mean_rel_err=2.908e-02  min_digits=2  params=19,406  (1787.2s)
[148/567] width=24 depth=4 G=8 k=3 lr=0.0004 epochs=2000 ...
  Epoch     1/2000  loss=1.5194e+00  lr=1.60e-05  (0.1s)
    -> min_loss=5.194e-04  mean_rel_err=4.342e-02  min_digits=2  params=23,246  (236.3s)
[149/567] width=24 depth=4 G=8 k=3 lr=0.0004 epochs=3000 ...
  Epoch     1/3000  loss=1.5194e+00  lr=1.60e-05  (0.1s)
    -> min_loss=3.150e-04  mean_rel_err=4.661e-02  min_digits=2  params=23,246  (354.6s)
[150/567] width=24 depth=4 G=8 k=3 lr=0.0004 epochs=4000 ...
  Epoch     1/4000  loss=1.5194e+00  lr=1.60e-05  (0.1s)
    -> min_loss=2.297e-04  mean_rel_err=4.227e-02  min_digits=2  params=23,246  (472.7s)
[151/567] width=24 depth=4 G=8 k=3 lr=0.0004 epochs=5000 ...
  Epoch     1/5000  loss=1.5194e+00  lr=1.60e-05  (0.1s)
    -> min_loss=1.781e-04  mean_rel_err=4.158e-02  min_digits=2  params=23,246  (591.0s)
[152/567] width=24 depth=4 G=8 k=3 lr=0.0004 epochs=7000 ...
  Epoch     1/7000  loss=1.5194e+00  lr=1.60e-05  (0.1s)
    -> min_loss=1.178e-04  mean_rel_err=3.944e-02  min_digits=2  params=23,246  (824.8s)
[153/567] width=24 depth=4 G=8 k=3 lr=0.0004 epochs=10000 ...
  Epoch     1/10000  loss=1.5194e+00  lr=1.60e-05  (0.1s)
    -> min_loss=7.538e-05  mean_rel_err=3.458e-02  min_digits=2  params=23,246  (1178.6s)
[154/567] width=24 depth=4 G=8 k=3 lr=0.0004 epochs=15000 ...
  Epoch     1/15000  loss=1.5194e+00  lr=1.60e-05  (0.1s)
    -> min_loss=4.130e-05  mean_rel_err=3.907e-02  min_digits=2  params=23,246  (1767.4s)
[155/567] width=24 depth=4 G=8 k=3 lr=0.0005 epochs=2000 ...
  Epoch     1/2000  loss=1.5194e+00  lr=2.00e-05  (0.1s)
    -> min_loss=4.225e-04  mean_rel_err=5.290e-02  min_digits=2  params=23,246  (235.4s)
[156/567] width=24 depth=4 G=8 k=3 lr=0.0005 epochs=3000 ...
  Epoch     1/3000  loss=1.5194e+00  lr=2.00e-05  (0.1s)
    -> min_loss=2.955e-04  mean_rel_err=3.801e-02  min_digits=2  params=23,246  (353.0s)
[157/567] width=24 depth=4 G=8 k=3 lr=0.0005 epochs=4000 ...
  Epoch     1/4000  loss=1.5194e+00  lr=2.00e-05  (0.1s)
    -> min_loss=2.027e-04  mean_rel_err=4.496e-02  min_digits=2  params=23,246  (470.9s)
[158/567] width=24 depth=4 G=8 k=3 lr=0.0005 epochs=5000 ...
  Epoch     1/5000  loss=1.5194e+00  lr=2.00e-05  (0.1s)
    -> min_loss=1.482e-04  mean_rel_err=4.220e-02  min_digits=2  params=23,246  (588.6s)
[159/567] width=24 depth=4 G=8 k=3 lr=0.0005 epochs=7000 ...
  Epoch     1/7000  loss=1.5194e+00  lr=2.00e-05  (0.1s)
    -> min_loss=9.389e-05  mean_rel_err=3.728e-02  min_digits=2  params=23,246  (824.1s)
[160/567] width=24 depth=4 G=8 k=3 lr=0.0005 epochs=10000 ...
  Epoch     1/10000  loss=1.5194e+00  lr=2.00e-05  (0.1s)
    -> min_loss=6.288e-05  mean_rel_err=3.417e-02  min_digits=2  params=23,246  (1178.0s)
[161/567] width=24 depth=4 G=8 k=3 lr=0.0005 epochs=15000 ...
  Epoch     1/15000  loss=1.5194e+00  lr=2.00e-05  (0.1s)
    -> min_loss=4.050e-05  mean_rel_err=3.348e-02  min_digits=2  params=23,246  (1766.6s)
[162/567] width=24 depth=4 G=8 k=3 lr=0.0006 epochs=2000 ...
  Epoch     1/2000  loss=1.5194e+00  lr=2.40e-05  (0.1s)
    -> min_loss=3.655e-04  mean_rel_err=5.985e-02  min_digits=2  params=23,246  (235.6s)
[163/567] width=24 depth=4 G=8 k=3 lr=0.0006 epochs=3000 ...
  Epoch     1/3000  loss=1.5194e+00  lr=2.40e-05  (0.1s)
    -> min_loss=2.402e-04  mean_rel_err=4.491e-02  min_digits=2  params=23,246  (353.3s)
[164/567] width=24 depth=4 G=8 k=3 lr=0.0006 epochs=4000 ...
  Epoch     1/4000  loss=1.5194e+00  lr=2.40e-05  (0.1s)
    -> min_loss=1.705e-04  mean_rel_err=3.712e-02  min_digits=2  params=23,246  (471.1s)
[165/567] width=24 depth=4 G=8 k=3 lr=0.0006 epochs=5000 ...
  Epoch     1/5000  loss=1.5194e+00  lr=2.40e-05  (0.1s)
    -> min_loss=1.389e-04  mean_rel_err=4.010e-02  min_digits=2  params=23,246  (589.1s)
[166/567] width=24 depth=4 G=8 k=3 lr=0.0006 epochs=7000 ...
  Epoch     1/7000  loss=1.5194e+00  lr=2.40e-05  (0.1s)
    -> min_loss=8.825e-05  mean_rel_err=4.094e-02  min_digits=2  params=23,246  (825.7s)
[167/567] width=24 depth=4 G=8 k=3 lr=0.0006 epochs=10000 ...
  Epoch     1/10000  loss=1.5194e+00  lr=2.40e-05  (0.1s)
    -> min_loss=5.459e-05  mean_rel_err=3.937e-02  min_digits=2  params=23,246  (1179.4s)
[168/567] width=24 depth=4 G=8 k=3 lr=0.0006 epochs=15000 ...
  Epoch     1/15000  loss=1.5194e+00  lr=2.40e-05  (0.1s)
    -> min_loss=3.183e-05  mean_rel_err=3.910e-02  min_digits=2  params=23,246  (1768.6s)
[169/567] width=24 depth=4 G=10 k=3 lr=0.0004 epochs=2000 ...
  Epoch     1/2000  loss=3.0656e+00  lr=1.60e-05  (0.1s)
    -> min_loss=3.971e-04  mean_rel_err=4.600e-02  min_digits=2  params=27,086  (246.1s)
[170/567] width=24 depth=4 G=10 k=3 lr=0.0004 epochs=3000 ...
  Epoch     1/3000  loss=3.0656e+00  lr=1.60e-05  (0.1s)
    -> min_loss=2.527e-04  mean_rel_err=3.591e-02  min_digits=2  params=27,086  (369.0s)
[171/567] width=24 depth=4 G=10 k=3 lr=0.0004 epochs=4000 ...
  Epoch     1/4000  loss=3.0656e+00  lr=1.60e-05  (0.1s)
    -> min_loss=1.942e-04  mean_rel_err=4.153e-02  min_digits=2  params=27,086  (491.3s)
[172/567] width=24 depth=4 G=10 k=3 lr=0.0004 epochs=5000 ...
  Epoch     1/5000  loss=3.0656e+00  lr=1.60e-05  (0.1s)
    -> min_loss=1.420e-04  mean_rel_err=3.749e-02  min_digits=2  params=27,086  (614.1s)
[173/567] width=24 depth=4 G=10 k=3 lr=0.0004 epochs=7000 ...
  Epoch     1/7000  loss=3.0656e+00  lr=1.60e-05  (0.1s)
    -> min_loss=9.101e-05  mean_rel_err=3.810e-02  min_digits=2  params=27,086  (860.2s)
[174/567] width=24 depth=4 G=10 k=3 lr=0.0004 epochs=10000 ...
  Epoch     1/10000  loss=3.0656e+00  lr=1.60e-05  (0.1s)
    -> min_loss=5.687e-05  mean_rel_err=4.057e-02  min_digits=2  params=27,086  (1229.0s)
[175/567] width=24 depth=4 G=10 k=3 lr=0.0004 epochs=15000 ...
  Epoch     1/15000  loss=3.0656e+00  lr=1.60e-05  (0.1s)
    -> min_loss=3.335e-05  mean_rel_err=4.765e-02  min_digits=2  params=27,086  (1842.6s)
[176/567] width=24 depth=4 G=10 k=3 lr=0.0005 epochs=2000 ...
  Epoch     1/2000  loss=3.0656e+00  lr=2.00e-05  (0.1s)
    -> min_loss=3.190e-04  mean_rel_err=4.386e-02  min_digits=2  params=27,086  (245.7s)
[177/567] width=24 depth=4 G=10 k=3 lr=0.0005 epochs=3000 ...
  Epoch     1/3000  loss=3.0656e+00  lr=2.00e-05  (0.1s)
    -> min_loss=2.202e-04  mean_rel_err=4.078e-02  min_digits=2  params=27,086  (368.9s)
[178/567] width=24 depth=4 G=10 k=3 lr=0.0005 epochs=4000 ...
  Epoch     1/4000  loss=3.0656e+00  lr=2.00e-05  (0.1s)
    -> min_loss=1.564e-04  mean_rel_err=4.291e-02  min_digits=2  params=27,086  (491.7s)
[179/567] width=24 depth=4 G=10 k=3 lr=0.0005 epochs=5000 ...
  Epoch     1/5000  loss=3.0656e+00  lr=2.00e-05  (0.1s)
    -> min_loss=1.251e-04  mean_rel_err=3.338e-02  min_digits=2  params=27,086  (615.0s)
[180/567] width=24 depth=4 G=10 k=3 lr=0.0005 epochs=7000 ...
  Epoch     1/7000  loss=3.0656e+00  lr=2.00e-05  (0.1s)
    -> min_loss=7.645e-05  mean_rel_err=3.888e-02  min_digits=2  params=27,086  (860.5s)
[181/567] width=24 depth=4 G=10 k=3 lr=0.0005 epochs=10000 ...
  Epoch     1/10000  loss=3.0656e+00  lr=2.00e-05  (0.1s)
    -> min_loss=5.017e-05  mean_rel_err=3.478e-02  min_digits=2  params=27,086  (1228.5s)
[182/567] width=24 depth=4 G=10 k=3 lr=0.0005 epochs=15000 ...
  Epoch     1/15000  loss=3.0656e+00  lr=2.00e-05  (0.1s)
    -> min_loss=3.291e-05  mean_rel_err=3.792e-02  min_digits=2  params=27,086  (1851.4s)
[183/567] width=24 depth=4 G=10 k=3 lr=0.0006 epochs=2000 ...
  Epoch     1/2000  loss=3.0656e+00  lr=2.40e-05  (0.1s)
    -> min_loss=2.851e-04  mean_rel_err=4.637e-02  min_digits=2  params=27,086  (274.2s)
[184/567] width=24 depth=4 G=10 k=3 lr=0.0006 epochs=3000 ...
  Epoch     1/3000  loss=3.0656e+00  lr=2.40e-05  (0.1s)
    -> min_loss=2.063e-04  mean_rel_err=5.415e-02  min_digits=2  params=27,086  (373.4s)
[185/567] width=24 depth=4 G=10 k=3 lr=0.0006 epochs=4000 ...
  Epoch     1/4000  loss=3.0656e+00  lr=2.40e-05  (0.1s)
    -> min_loss=1.458e-04  mean_rel_err=4.032e-02  min_digits=2  params=27,086  (491.4s)
[186/567] width=24 depth=4 G=10 k=3 lr=0.0006 epochs=5000 ...
  Epoch     1/5000  loss=3.0656e+00  lr=2.40e-05  (0.1s)
    -> min_loss=1.077e-04  mean_rel_err=3.626e-02  min_digits=2  params=27,086  (614.4s)
[187/567] width=24 depth=4 G=10 k=3 lr=0.0006 epochs=7000 ...
  Epoch     1/7000  loss=3.0656e+00  lr=2.40e-05  (0.1s)
    -> min_loss=7.510e-05  mean_rel_err=4.338e-02  min_digits=2  params=27,086  (860.9s)
[188/567] width=24 depth=4 G=10 k=3 lr=0.0006 epochs=10000 ...
  Epoch     1/10000  loss=3.0656e+00  lr=2.40e-05  (0.1s)
    -> min_loss=4.885e-05  mean_rel_err=3.625e-02  min_digits=2  params=27,086  (1230.4s)
[189/567] width=24 depth=4 G=10 k=3 lr=0.0006 epochs=15000 ...
  Epoch     1/15000  loss=3.0656e+00  lr=2.40e-05  (0.1s)
    -> min_loss=3.234e-05  mean_rel_err=3.636e-02  min_digits=2  params=27,086  (1846.8s)
[190/567] width=32 depth=2 G=6 k=3 lr=0.0004 epochs=2000 ...
  Epoch     1/2000  loss=2.2516e-01  lr=1.60e-05  (0.1s)
    -> min_loss=7.311e-04  mean_rel_err=5.092e-02  min_digits=2  params=12,942  (137.7s)
[191/567] width=32 depth=2 G=6 k=3 lr=0.0004 epochs=3000 ...
  Epoch     1/3000  loss=2.2516e-01  lr=1.60e-05  (0.1s)
    -> min_loss=4.568e-04  mean_rel_err=4.135e-02  min_digits=2  params=12,942  (206.4s)
[192/567] width=32 depth=2 G=6 k=3 lr=0.0004 epochs=4000 ...
  Epoch     1/4000  loss=2.2516e-01  lr=1.60e-05  (0.1s)
    -> min_loss=3.648e-04  mean_rel_err=6.642e-02  min_digits=2  params=12,942  (275.2s)
[193/567] width=32 depth=2 G=6 k=3 lr=0.0004 epochs=5000 ...
  Epoch     1/5000  loss=2.2516e-01  lr=1.60e-05  (0.1s)
    -> min_loss=2.552e-04  mean_rel_err=6.048e-02  min_digits=2  params=12,942  (343.9s)
[194/567] width=32 depth=2 G=6 k=3 lr=0.0004 epochs=7000 ...
  Epoch     1/7000  loss=2.2516e-01  lr=1.60e-05  (0.1s)
    -> min_loss=1.893e-04  mean_rel_err=6.322e-02  min_digits=2  params=12,942  (481.5s)
[195/567] width=32 depth=2 G=6 k=3 lr=0.0004 epochs=10000 ...
  Epoch     1/10000  loss=2.2516e-01  lr=1.60e-05  (0.1s)
    -> min_loss=1.217e-04  mean_rel_err=6.955e-02  min_digits=2  params=12,942  (687.5s)
[196/567] width=32 depth=2 G=6 k=3 lr=0.0004 epochs=15000 ...
  Epoch     1/15000  loss=2.2516e-01  lr=1.60e-05  (0.1s)
    -> min_loss=7.622e-05  mean_rel_err=7.550e-02  min_digits=2  params=12,942  (1030.8s)
[197/567] width=32 depth=2 G=6 k=3 lr=0.0005 epochs=2000 ...
  Epoch     1/2000  loss=2.2516e-01  lr=2.00e-05  (0.1s)
    -> min_loss=5.927e-04  mean_rel_err=4.388e-02  min_digits=2  params=12,942  (137.2s)
[198/567] width=32 depth=2 G=6 k=3 lr=0.0005 epochs=3000 ...
  Epoch     1/3000  loss=2.2516e-01  lr=2.00e-05  (0.1s)
    -> min_loss=4.250e-04  mean_rel_err=3.531e-02  min_digits=2  params=12,942  (206.3s)
[199/567] width=32 depth=2 G=6 k=3 lr=0.0005 epochs=4000 ...
  Epoch     1/4000  loss=2.2516e-01  lr=2.00e-05  (0.1s)
    -> min_loss=3.033e-04  mean_rel_err=5.290e-02  min_digits=2  params=12,942  (275.1s)
[200/567] width=32 depth=2 G=6 k=3 lr=0.0005 epochs=5000 ...
  Epoch     1/5000  loss=2.2516e-01  lr=2.00e-05  (0.1s)
    -> min_loss=2.309e-04  mean_rel_err=4.359e-02  min_digits=2  params=12,942  (343.7s)
[201/567] width=32 depth=2 G=6 k=3 lr=0.0005 epochs=7000 ...
  Epoch     1/7000  loss=2.2516e-01  lr=2.00e-05  (0.1s)
    -> min_loss=1.555e-04  mean_rel_err=5.320e-02  min_digits=2  params=12,942  (481.4s)
[202/567] width=32 depth=2 G=6 k=3 lr=0.0005 epochs=10000 ...
  Epoch     1/10000  loss=2.2516e-01  lr=2.00e-05  (0.1s)
    -> min_loss=1.052e-04  mean_rel_err=6.167e-02  min_digits=2  params=12,942  (687.8s)
[203/567] width=32 depth=2 G=6 k=3 lr=0.0005 epochs=15000 ...
  Epoch     1/15000  loss=2.2516e-01  lr=2.00e-05  (0.1s)
    -> min_loss=6.631e-05  mean_rel_err=6.458e-02  min_digits=2  params=12,942  (1031.2s)
[204/567] width=32 depth=2 G=6 k=3 lr=0.0006 epochs=2000 ...
  Epoch     1/2000  loss=2.2516e-01  lr=2.40e-05  (0.1s)
    -> min_loss=5.752e-04  mean_rel_err=4.378e-02  min_digits=2  params=12,942  (137.5s)
[205/567] width=32 depth=2 G=6 k=3 lr=0.0006 epochs=3000 ...
  Epoch     1/3000  loss=2.2516e-01  lr=2.40e-05  (0.1s)
    -> min_loss=3.817e-04  mean_rel_err=4.608e-02  min_digits=2  params=12,942  (206.1s)
[206/567] width=32 depth=2 G=6 k=3 lr=0.0006 epochs=4000 ...
  Epoch     1/4000  loss=2.2516e-01  lr=2.40e-05  (0.1s)
    -> min_loss=2.675e-04  mean_rel_err=4.026e-02  min_digits=2  params=12,942  (275.1s)
[207/567] width=32 depth=2 G=6 k=3 lr=0.0006 epochs=5000 ...
  Epoch     1/5000  loss=2.2516e-01  lr=2.40e-05  (0.1s)
    -> min_loss=2.064e-04  mean_rel_err=4.018e-02  min_digits=2  params=12,942  (343.7s)
[208/567] width=32 depth=2 G=6 k=3 lr=0.0006 epochs=7000 ...
  Epoch     1/7000  loss=2.2516e-01  lr=2.40e-05  (0.1s)
    -> min_loss=1.389e-04  mean_rel_err=4.455e-02  min_digits=2  params=12,942  (481.5s)
[209/567] width=32 depth=2 G=6 k=3 lr=0.0006 epochs=10000 ...
  Epoch     1/10000  loss=2.2516e-01  lr=2.40e-05  (0.1s)
    -> min_loss=9.310e-05  mean_rel_err=5.863e-02  min_digits=2  params=12,942  (687.7s)
[210/567] width=32 depth=2 G=6 k=3 lr=0.0006 epochs=15000 ...
  Epoch     1/15000  loss=2.2516e-01  lr=2.40e-05  (0.1s)
    -> min_loss=5.463e-05  mean_rel_err=5.902e-02  min_digits=2  params=12,942  (1031.3s)
[211/567] width=32 depth=2 G=8 k=3 lr=0.0004 epochs=2000 ...
  Epoch     1/2000  loss=3.7739e-01  lr=1.60e-05  (0.1s)
    -> min_loss=6.776e-04  mean_rel_err=3.194e-02  min_digits=2  params=15,502  (143.9s)
[212/567] width=32 depth=2 G=8 k=3 lr=0.0004 epochs=3000 ...
  Epoch     1/3000  loss=3.7739e-01  lr=1.60e-05  (0.1s)
    -> min_loss=4.774e-04  mean_rel_err=3.359e-02  min_digits=2  params=15,502  (216.0s)
[213/567] width=32 depth=2 G=8 k=3 lr=0.0004 epochs=4000 ...
  Epoch     1/4000  loss=3.7739e-01  lr=1.60e-05  (0.1s)
    -> min_loss=3.417e-04  mean_rel_err=3.023e-02  min_digits=2  params=15,502  (287.9s)
[214/567] width=32 depth=2 G=8 k=3 lr=0.0004 epochs=5000 ...
  Epoch     1/5000  loss=3.7739e-01  lr=1.60e-05  (0.1s)
    -> min_loss=2.564e-04  mean_rel_err=5.430e-02  min_digits=2  params=15,502  (359.7s)
[215/567] width=32 depth=2 G=8 k=3 lr=0.0004 epochs=7000 ...
  Epoch     1/7000  loss=3.7739e-01  lr=1.60e-05  (0.1s)
    -> min_loss=1.715e-04  mean_rel_err=5.112e-02  min_digits=2  params=15,502  (503.6s)
[216/567] width=32 depth=2 G=8 k=3 lr=0.0004 epochs=10000 ...
  Epoch     1/10000  loss=3.7739e-01  lr=1.60e-05  (0.1s)
    -> min_loss=1.043e-04  mean_rel_err=5.534e-02  min_digits=2  params=15,502  (719.9s)
[217/567] width=32 depth=2 G=8 k=3 lr=0.0004 epochs=15000 ...
  Epoch     1/15000  loss=3.7739e-01  lr=1.60e-05  (0.1s)
    -> min_loss=5.620e-05  mean_rel_err=5.161e-02  min_digits=2  params=15,502  (1079.9s)
[218/567] width=32 depth=2 G=8 k=3 lr=0.0005 epochs=2000 ...
  Epoch     1/2000  loss=3.7739e-01  lr=2.00e-05  (0.1s)
    -> min_loss=5.969e-04  mean_rel_err=3.390e-02  min_digits=2  params=15,502  (144.1s)
[219/567] width=32 depth=2 G=8 k=3 lr=0.0005 epochs=3000 ...
  Epoch     1/3000  loss=3.7739e-01  lr=2.00e-05  (0.1s)
    -> min_loss=4.268e-04  mean_rel_err=3.507e-02  min_digits=2  params=15,502  (216.3s)
[220/567] width=32 depth=2 G=8 k=3 lr=0.0005 epochs=4000 ...
  Epoch     1/4000  loss=3.7739e-01  lr=2.00e-05  (0.1s)
    -> min_loss=3.068e-04  mean_rel_err=3.766e-02  min_digits=2  params=15,502  (288.4s)
[221/567] width=32 depth=2 G=8 k=3 lr=0.0005 epochs=5000 ...
  Epoch     1/5000  loss=3.7739e-01  lr=2.00e-05  (0.1s)
    -> min_loss=2.361e-04  mean_rel_err=4.554e-02  min_digits=2  params=15,502  (360.2s)
[222/567] width=32 depth=2 G=8 k=3 lr=0.0005 epochs=7000 ...
  Epoch     1/7000  loss=3.7739e-01  lr=2.00e-05  (0.1s)
    -> min_loss=1.602e-04  mean_rel_err=5.301e-02  min_digits=2  params=15,502  (504.2s)
[223/567] width=32 depth=2 G=8 k=3 lr=0.0005 epochs=10000 ...
  Epoch     1/10000  loss=3.7739e-01  lr=2.00e-05  (0.1s)
    -> min_loss=9.809e-05  mean_rel_err=5.555e-02  min_digits=2  params=15,502  (719.8s)
[224/567] width=32 depth=2 G=8 k=3 lr=0.0005 epochs=15000 ...
  Epoch     1/15000  loss=3.7739e-01  lr=2.00e-05  (0.1s)
    -> min_loss=4.947e-05  mean_rel_err=5.266e-02  min_digits=2  params=15,502  (1079.5s)
[225/567] width=32 depth=2 G=8 k=3 lr=0.0006 epochs=2000 ...
  Epoch     1/2000  loss=3.7739e-01  lr=2.40e-05  (0.1s)
    -> min_loss=5.510e-04  mean_rel_err=2.854e-02  min_digits=2  params=15,502  (143.9s)
[226/567] width=32 depth=2 G=8 k=3 lr=0.0006 epochs=3000 ...
  Epoch     1/3000  loss=3.7739e-01  lr=2.40e-05  (0.1s)
    -> min_loss=3.661e-04  mean_rel_err=2.971e-02  min_digits=2  params=15,502  (215.9s)
[227/567] width=32 depth=2 G=8 k=3 lr=0.0006 epochs=4000 ...
  Epoch     1/4000  loss=3.7739e-01  lr=2.40e-05  (0.1s)
    -> min_loss=2.457e-04  mean_rel_err=2.686e-02  min_digits=2  params=15,502  (287.9s)
[228/567] width=32 depth=2 G=8 k=3 lr=0.0006 epochs=5000 ...
  Epoch     1/5000  loss=3.7739e-01  lr=2.40e-05  (0.1s)
    -> min_loss=2.007e-04  mean_rel_err=3.572e-02  min_digits=2  params=15,502  (359.9s)
[229/567] width=32 depth=2 G=8 k=3 lr=0.0006 epochs=7000 ...
  Epoch     1/7000  loss=3.7739e-01  lr=2.40e-05  (0.1s)
    -> min_loss=1.461e-04  mean_rel_err=3.255e-02  min_digits=2  params=15,502  (503.8s)
[230/567] width=32 depth=2 G=8 k=3 lr=0.0006 epochs=10000 ...
  Epoch     1/10000  loss=3.7739e-01  lr=2.40e-05  (0.1s)
    -> min_loss=9.358e-05  mean_rel_err=3.813e-02  min_digits=2  params=15,502  (719.7s)
[231/567] width=32 depth=2 G=8 k=3 lr=0.0006 epochs=15000 ...
  Epoch     1/15000  loss=3.7739e-01  lr=2.40e-05  (0.1s)
    -> min_loss=5.069e-05  mean_rel_err=3.825e-02  min_digits=2  params=15,502  (1079.7s)
[232/567] width=32 depth=2 G=10 k=3 lr=0.0004 epochs=2000 ...
  Epoch     1/2000  loss=7.8343e-01  lr=1.60e-05  (0.1s)
    -> min_loss=5.949e-04  mean_rel_err=6.947e-02  min_digits=2  params=18,062  (153.7s)
[233/567] width=32 depth=2 G=10 k=3 lr=0.0004 epochs=3000 ...
  Epoch     1/3000  loss=7.8343e-01  lr=1.60e-05  (0.1s)
    -> min_loss=4.136e-04  mean_rel_err=6.798e-02  min_digits=2  params=18,062  (230.6s)
[234/567] width=32 depth=2 G=10 k=3 lr=0.0004 epochs=4000 ...
  Epoch     1/4000  loss=7.8343e-01  lr=1.60e-05  (0.1s)
    -> min_loss=2.824e-04  mean_rel_err=6.581e-02  min_digits=2  params=18,062  (307.4s)
[235/567] width=32 depth=2 G=10 k=3 lr=0.0004 epochs=5000 ...
  Epoch     1/5000  loss=7.8343e-01  lr=1.60e-05  (0.1s)
    -> min_loss=2.301e-04  mean_rel_err=5.913e-02  min_digits=2  params=18,062  (384.3s)
[236/567] width=32 depth=2 G=10 k=3 lr=0.0004 epochs=7000 ...
  Epoch     1/7000  loss=7.8343e-01  lr=1.60e-05  (0.1s)
    -> min_loss=1.496e-04  mean_rel_err=6.170e-02  min_digits=2  params=18,062  (538.1s)
[237/567] width=32 depth=2 G=10 k=3 lr=0.0004 epochs=10000 ...
  Epoch     1/10000  loss=7.8343e-01  lr=1.60e-05  (0.1s)
    -> min_loss=9.475e-05  mean_rel_err=5.947e-02  min_digits=2  params=18,062  (768.6s)
[238/567] width=32 depth=2 G=10 k=3 lr=0.0004 epochs=15000 ...
  Epoch     1/15000  loss=7.8343e-01  lr=1.60e-05  (0.1s)
    -> min_loss=4.709e-05  mean_rel_err=6.533e-02  min_digits=2  params=18,062  (1152.8s)
[239/567] width=32 depth=2 G=10 k=3 lr=0.0005 epochs=2000 ...
  Epoch     1/2000  loss=7.8343e-01  lr=2.00e-05  (0.1s)
    -> min_loss=5.585e-04  mean_rel_err=5.990e-02  min_digits=2  params=18,062  (153.6s)
[240/567] width=32 depth=2 G=10 k=3 lr=0.0005 epochs=3000 ...
  Epoch     1/3000  loss=7.8343e-01  lr=2.00e-05  (0.1s)
    -> min_loss=3.359e-04  mean_rel_err=5.973e-02  min_digits=2  params=18,062  (230.5s)
[241/567] width=32 depth=2 G=10 k=3 lr=0.0005 epochs=4000 ...
  Epoch     1/4000  loss=7.8343e-01  lr=2.00e-05  (0.1s)
    -> min_loss=2.325e-04  mean_rel_err=6.540e-02  min_digits=2  params=18,062  (307.4s)
[242/567] width=32 depth=2 G=10 k=3 lr=0.0005 epochs=5000 ...
  Epoch     1/5000  loss=7.8343e-01  lr=2.00e-05  (0.1s)
    -> min_loss=1.910e-04  mean_rel_err=6.273e-02  min_digits=2  params=18,062  (384.1s)
[243/567] width=32 depth=2 G=10 k=3 lr=0.0005 epochs=7000 ...
  Epoch     1/7000  loss=7.8343e-01  lr=2.00e-05  (0.1s)
    -> min_loss=1.199e-04  mean_rel_err=5.163e-02  min_digits=2  params=18,062  (582.7s)
[244/567] width=32 depth=2 G=10 k=3 lr=0.0005 epochs=10000 ...
  Epoch     1/10000  loss=7.8343e-01  lr=2.00e-05  (0.1s)
    -> min_loss=8.172e-05  mean_rel_err=5.454e-02  min_digits=2  params=18,062  (774.9s)
[245/567] width=32 depth=2 G=10 k=3 lr=0.0005 epochs=15000 ...
  Epoch     1/15000  loss=7.8343e-01  lr=2.00e-05  (0.1s)
    -> min_loss=4.475e-05  mean_rel_err=5.445e-02  min_digits=2  params=18,062  (1162.1s)
[246/567] width=32 depth=2 G=10 k=3 lr=0.0006 epochs=2000 ...
  Epoch     1/2000  loss=7.8343e-01  lr=2.40e-05  (0.1s)
    -> min_loss=4.616e-04  mean_rel_err=6.068e-02  min_digits=2  params=18,062  (154.8s)
[247/567] width=32 depth=2 G=10 k=3 lr=0.0006 epochs=3000 ...
  Epoch     1/3000  loss=7.8343e-01  lr=2.40e-05  (0.1s)
    -> min_loss=2.996e-04  mean_rel_err=6.734e-02  min_digits=2  params=18,062  (234.6s)
[248/567] width=32 depth=2 G=10 k=3 lr=0.0006 epochs=4000 ...
  Epoch     1/4000  loss=7.8343e-01  lr=2.40e-05  (0.1s)
    -> min_loss=2.133e-04  mean_rel_err=5.659e-02  min_digits=2  params=18,062  (311.0s)
[249/567] width=32 depth=2 G=10 k=3 lr=0.0006 epochs=5000 ...
n_loss=1.178e-04  mean_rel_err=3.944e-02  min_digits=2  params=23,246  (824.8s)
[153/567] width=24 depth=4 G=8 k=3 lr=0.0004 epochs=10000 ...
  Epoch     1/10000  loss=1.5194e+00  lr=1.60e-05  (0.1s)
    -> min_loss=7.538e-05  mean_rel_err=3.458e-02  min_digits=2  params=23,246  (1178.6s)
[154/567] width=24 depth=4 G=8 k=3 lr=0.0004 epochs=15000 ...
  Epoch     1/15000  loss=1.5194e+00  lr=1.60e-05  (0.1s)
    -> min_loss=4.130e-05  mean_rel_err=3.907e-02  min_digits=2  params=23,246  (1767.4s)
[155/567] width=24 depth=4 G=8 k=3 lr=0.0005 epochs=2000 ...
  Epoch     1/2000  loss=1.5194e+00  lr=2.00e-05  (0.1s)
    -> min_loss=4.225e-04  mean_rel_err=5.290e-02  min_digits=2  params=23,246  (235.4s)
[156/567] width=24 depth=4 G=8 k=3 lr=0.0005 epochs=3000 ...
  Epoch     1/3000  loss=1.5194e+00  lr=2.00e-05  (0.1s)
    -> min_loss=2.955e-04  mean_rel_err=3.801e-02  min_digits=2  params=23,246  (353.0s)
[157/567] width=24 depth=4 G=8 k=3 lr=0.0005 epochs=4000 ...
  Epoch     1/4000  loss=1.5194e+00  lr=2.00e-05  (0.1s)
    -> min_loss=2.027e-04  mean_rel_err=4.496e-02  min_digits=2  params=23,246  (470.9s)
[158/567] width=24 depth=4 G=8 k=3 lr=0.0005 epochs=5000 ...
  Epoch     1/5000  loss=1.5194e+00  lr=2.00e-05  (0.1s)
    -> min_loss=1.482e-04  mean_rel_err=4.220e-02  min_digits=2  params=23,246  (588.6s)
[159/567] width=24 depth=4 G=8 k=3 lr=0.0005 epochs=7000 ...
  Epoch     1/7000  loss=1.5194e+00  lr=2.00e-05  (0.1s)
    -> min_loss=9.389e-05  mean_rel_err=3.728e-02  min_digits=2  params=23,246  (824.1s)
[160/567] width=24 depth=4 G=8 k=3 lr=0.0005 epochs=10000 ...
  Epoch     1/10000  loss=1.5194e+00  lr=2.00e-05  (0.1s)
    -> min_loss=6.288e-05  mean_rel_err=3.417e-02  min_digits=2  params=23,246  (1178.0s)
[161/567] width=24 depth=4 G=8 k=3 lr=0.0005 epochs=15000 ...
  Epoch     1/15000  loss=1.5194e+00  lr=2.00e-05  (0.1s)
    -> min_loss=4.050e-05  mean_rel_err=3.348e-02  min_digits=2  params=23,246  (1766.6s)
[162/567] width=24 depth=4 G=8 k=3 lr=0.0006 epochs=2000 ...
  Epoch     1/2000  loss=1.5194e+00  lr=2.40e-05  (0.1s)
    -> min_loss=3.655e-04  mean_rel_err=5.985e-02  min_digits=2  params=23,246  (235.6s)
[163/567] width=24 depth=4 G=8 k=3 lr=0.0006 epochs=3000 ...
  Epoch     1/3000  loss=1.5194e+00  lr=2.40e-05  (0.1s)
    -> min_loss=2.402e-04  mean_rel_err=4.491e-02  min_digits=2  params=23,246  (353.3s)
[164/567] width=24 depth=4 G=8 k=3 lr=0.0006 epochs=4000 ...
  Epoch     1/4000  loss=1.5194e+00  lr=2.40e-05  (0.1s)
    -> min_loss=1.705e-04  mean_rel_err=3.712e-02  min_digits=2  params=23,246  (471.1s)
[165/567] width=24 depth=4 G=8 k=3 lr=0.0006 epochs=5000 ...
  Epoch     1/5000  loss=1.5194e+00  lr=2.40e-05  (0.1s)
    -> min_loss=1.389e-04  mean_rel_err=4.010e-02  min_digits=2  params=23,246  (589.1s)
[166/567] width=24 depth=4 G=8 k=3 lr=0.0006 epochs=7000 ...
  Epoch     1/7000  loss=1.5194e+00  lr=2.40e-05  (0.1s)
    -> min_loss=8.825e-05  mean_rel_err=4.094e-02  min_digits=2  params=23,246  (825.7s)
[167/567] width=24 depth=4 G=8 k=3 lr=0.0006 epochs=10000 ...
  Epoch     1/10000  loss=1.5194e+00  lr=2.40e-05  (0.1s)
    -> min_loss=5.459e-05  mean_rel_err=3.937e-02  min_digits=2  params=23,246  (1179.4s)
[168/567] width=24 depth=4 G=8 k=3 lr=0.0006 epochs=15000 ...
  Epoch     1/15000  loss=1.5194e+00  lr=2.40e-05  (0.1s)
    -> min_loss=3.183e-05  mean_rel_err=3.910e-02  min_digits=2  params=23,246  (1768.6s)
[169/567] width=24 depth=4 G=10 k=3 lr=0.0004 epochs=2000 ...
  Epoch     1/2000  loss=3.0656e+00  lr=1.60e-05  (0.1s)
    -> min_loss=3.971e-04  mean_rel_err=4.600e-02  min_digits=2  params=27,086  (246.1s)
[170/567] width=24 depth=4 G=10 k=3 lr=0.0004 epochs=3000 ...
  Epoch     1/3000  loss=3.0656e+00  lr=1.60e-05  (0.1s)
    -> min_loss=2.527e-04  mean_rel_err=3.591e-02  min_digits=2  params=27,086  (369.0s)
[171/567] width=24 depth=4 G=10 k=3 lr=0.0004 epochs=4000 ...
  Epoch     1/4000  loss=3.0656e+00  lr=1.60e-05  (0.1s)
    -> min_loss=1.942e-04  mean_rel_err=4.153e-02  min_digits=2  params=27,086  (491.3s)
[172/567] width=24 depth=4 G=10 k=3 lr=0.0004 epochs=5000 ...
  Epoch     1/5000  loss=3.0656e+00  lr=1.60e-05  (0.1s)
    -> min_loss=1.420e-04  mean_rel_err=3.749e-02  min_digits=2  params=27,086  (614.1s)
[173/567] width=24 depth=4 G=10 k=3 lr=0.0004 epochs=7000 ...
  Epoch     1/7000  loss=3.0656e+00  lr=1.60e-05  (0.1s)
    -> min_loss=9.101e-05  mean_rel_err=3.810e-02  min_digits=2  params=27,086  (860.2s)
[174/567] width=24 depth=4 G=10 k=3 lr=0.0004 epochs=10000 ...
  Epoch     1/10000  loss=3.0656e+00  lr=1.60e-05  (0.1s)
    -> min_loss=5.687e-05  mean_rel_err=4.057e-02  min_digits=2  params=27,086  (1229.0s)
[175/567] width=24 depth=4 G=10 k=3 lr=0.0004 epochs=15000 ...
  Epoch     1/15000  loss=3.0656e+00  lr=1.60e-05  (0.1s)
    -> min_loss=3.335e-05  mean_rel_err=4.765e-02  min_digits=2  params=27,086  (1842.6s)
[176/567] width=24 depth=4 G=10 k=3 lr=0.0005 epochs=2000 ...
  Epoch     1/2000  loss=3.0656e+00  lr=2.00e-05  (0.1s)
    -> min_loss=3.190e-04  mean_rel_err=4.386e-02  min_digits=2  params=27,086  (245.7s)
[177/567] width=24 depth=4 G=10 k=3 lr=0.0005 epochs=3000 ...
  Epoch     1/3000  loss=3.0656e+00  lr=2.00e-05  (0.1s)
    -> min_loss=2.202e-04  mean_rel_err=4.078e-02  min_digits=2  params=27,086  (368.9s)
[178/567] width=24 depth=4 G=10 k=3 lr=0.0005 epochs=4000 ...
  Epoch     1/4000  loss=3.0656e+00  lr=2.00e-05  (0.1s)
    -> min_loss=1.564e-04  mean_rel_err=4.291e-02  min_digits=2  params=27,086  (491.7s)
[179/567] width=24 depth=4 G=10 k=3 lr=0.0005 epochs=5000 ...
  Epoch     1/5000  loss=3.0656e+00  lr=2.00e-05  (0.1s)
    -> min_loss=1.251e-04  mean_rel_err=3.338e-02  min_digits=2  params=27,086  (615.0s)
[180/567] width=24 depth=4 G=10 k=3 lr=0.0005 epochs=7000 ...
  Epoch     1/7000  loss=3.0656e+00  lr=2.00e-05  (0.1s)
    -> min_loss=7.645e-05  mean_rel_err=3.888e-02  min_digits=2  params=27,086  (860.5s)
[181/567] width=24 depth=4 G=10 k=3 lr=0.0005 epochs=10000 ...
  Epoch     1/10000  loss=3.0656e+00  lr=2.00e-05  (0.1s)
    -> min_loss=5.017e-05  mean_rel_err=3.478e-02  min_digits=2  params=27,086  (1228.5s)
[182/567] width=24 depth=4 G=10 k=3 lr=0.0005 epochs=15000 ...
  Epoch     1/15000  loss=3.0656e+00  lr=2.00e-05  (0.1s)
    -> min_loss=3.291e-05  mean_rel_err=3.792e-02  min_digits=2  params=27,086  (1851.4s)
[183/567] width=24 depth=4 G=10 k=3 lr=0.0006 epochs=2000 ...
  Epoch     1/2000  loss=3.0656e+00  lr=2.40e-05  (0.1s)
    -> min_loss=2.851e-04  mean_rel_err=4.637e-02  min_digits=2  params=27,086  (274.2s)
[184/567] width=24 depth=4 G=10 k=3 lr=0.0006 epochs=3000 ...
  Epoch     1/3000  loss=3.0656e+00  lr=2.40e-05  (0.1s)
    -> min_loss=2.063e-04  mean_rel_err=5.415e-02  min_digits=2  params=27,086  (373.4s)
[185/567] width=24 depth=4 G=10 k=3 lr=0.0006 epochs=4000 ...
  Epoch     1/4000  loss=3.0656e+00  lr=2.40e-05  (0.1s)
    -> min_loss=1.458e-04  mean_rel_err=4.032e-02  min_digits=2  params=27,086  (491.4s)
[186/567] width=24 depth=4 G=10 k=3 lr=0.0006 epochs=5000 ...
  Epoch     1/5000  loss=3.0656e+00  lr=2.40e-05  (0.1s)
    -> min_loss=1.077e-04  mean_rel_err=3.626e-02  min_digits=2  params=27,086  (614.4s)
[187/567] width=24 depth=4 G=10 k=3 lr=0.0006 epochs=7000 ...
  Epoch     1/7000  loss=3.0656e+00  lr=2.40e-05  (0.1s)
    -> min_loss=7.510e-05  mean_rel_err=4.338e-02  min_digits=2  params=27,086  (860.9s)
[188/567] width=24 depth=4 G=10 k=3 lr=0.0006 epochs=10000 ...
  Epoch     1/10000  loss=3.0656e+00  lr=2.40e-05  (0.1s)
    -> min_loss=4.885e-05  mean_rel_err=3.625e-02  min_digits=2  params=27,086  (1230.4s)
[189/567] width=24 depth=4 G=10 k=3 lr=0.0006 epochs=15000 ...
  Epoch     1/15000  loss=3.0656e+00  lr=2.40e-05  (0.1s)
    -> min_loss=3.234e-05  mean_rel_err=3.636e-02  min_digits=2  params=27,086  (1846.8s)
[190/567] width=32 depth=2 G=6 k=3 lr=0.0004 epochs=2000 ...
  Epoch     1/2000  loss=2.2516e-01  lr=1.60e-05  (0.1s)
    -> min_loss=7.311e-04  mean_rel_err=5.092e-02  min_digits=2  params=12,942  (137.7s)
[191/567] width=32 depth=2 G=6 k=3 lr=0.0004 epochs=3000 ...
  Epoch     1/3000  loss=2.2516e-01  lr=1.60e-05  (0.1s)
    -> min_loss=4.568e-04  mean_rel_err=4.135e-02  min_digits=2  params=12,942  (206.4s)
[192/567] width=32 depth=2 G=6 k=3 lr=0.0004 epochs=4000 ...
  Epoch     1/4000  loss=2.2516e-01  lr=1.60e-05  (0.1s)
    -> min_loss=3.648e-04  mean_rel_err=6.642e-02  min_digits=2  params=12,942  (275.2s)
[193/567] width=32 depth=2 G=6 k=3 lr=0.0004 epochs=5000 ...
  Epoch     1/5000  loss=2.2516e-01  lr=1.60e-05  (0.1s)
    -> min_loss=2.552e-04  mean_rel_err=6.048e-02  min_digits=2  params=12,942  (343.9s)
[194/567] width=32 depth=2 G=6 k=3 lr=0.0004 epochs=7000 ...
  Epoch     1/7000  loss=2.2516e-01  lr=1.60e-05  (0.1s)
    -> min_loss=1.893e-04  mean_rel_err=6.322e-02  min_digits=2  params=12,942  (481.5s)
[195/567] width=32 depth=2 G=6 k=3 lr=0.0004 epochs=10000 ...
  Epoch     1/10000  loss=2.2516e-01  lr=1.60e-05  (0.1s)
    -> min_loss=1.217e-04  mean_rel_err=6.955e-02  min_digits=2  params=12,942  (687.5s)
[196/567] width=32 depth=2 G=6 k=3 lr=0.0004 epochs=15000 ...
  Epoch     1/15000  loss=2.2516e-01  lr=1.60e-05  (0.1s)
    -> min_loss=7.622e-05  mean_rel_err=7.550e-02  min_digits=2  params=12,942  (1030.8s)
[197/567] width=32 depth=2 G=6 k=3 lr=0.0005 epochs=2000 ...
  Epoch     1/2000  loss=2.2516e-01  lr=2.00e-05  (0.1s)
    -> min_loss=5.927e-04  mean_rel_err=4.388e-02  min_digits=2  params=12,942  (137.2s)
[198/567] width=32 depth=2 G=6 k=3 lr=0.0005 epochs=3000 ...
  Epoch     1/3000  loss=2.2516e-01  lr=2.00e-05  (0.1s)
    -> min_loss=4.250e-04  mean_rel_err=3.531e-02  min_digits=2  params=12,942  (206.3s)
[199/567] width=32 depth=2 G=6 k=3 lr=0.0005 epochs=4000 ...
  Epoch     1/4000  loss=2.2516e-01  lr=2.00e-05  (0.1s)
    -> min_loss=3.033e-04  mean_rel_err=5.290e-02  min_digits=2  params=12,942  (275.1s)
[200/567] width=32 depth=2 G=6 k=3 lr=0.0005 epochs=5000 ...
  Epoch     1/5000  loss=2.2516e-01  lr=2.00e-05  (0.1s)
    -> min_loss=2.309e-04  mean_rel_err=4.359e-02  min_digits=2  params=12,942  (343.7s)
[201/567] width=32 depth=2 G=6 k=3 lr=0.0005 epochs=7000 ...
  Epoch     1/7000  loss=2.2516e-01  lr=2.00e-05  (0.1s)
    -> min_loss=1.555e-04  mean_rel_err=5.320e-02  min_digits=2  params=12,942  (481.4s)
[202/567] width=32 depth=2 G=6 k=3 lr=0.0005 epochs=10000 ...
  Epoch     1/10000  loss=2.2516e-01  lr=2.00e-05  (0.1s)
    -> min_loss=1.052e-04  mean_rel_err=6.167e-02  min_digits=2  params=12,942  (687.8s)
[203/567] width=32 depth=2 G=6 k=3 lr=0.0005 epochs=15000 ...
  Epoch     1/15000  loss=2.2516e-01  lr=2.00e-05  (0.1s)
    -> min_loss=6.631e-05  mean_rel_err=6.458e-02  min_digits=2  params=12,942  (1031.2s)
[204/567] width=32 depth=2 G=6 k=3 lr=0.0006 epochs=2000 ...
  Epoch     1/2000  loss=2.2516e-01  lr=2.40e-05  (0.1s)
    -> min_loss=5.752e-04  mean_rel_err=4.378e-02  min_digits=2  params=12,942  (137.5s)
[205/567] width=32 depth=2 G=6 k=3 lr=0.0006 epochs=3000 ...
  Epoch     1/3000  loss=2.2516e-01  lr=2.40e-05  (0.1s)
    -> min_loss=3.817e-04  mean_rel_err=4.608e-02  min_digits=2  params=12,942  (206.1s)
[206/567] width=32 depth=2 G=6 k=3 lr=0.0006 epochs=4000 ...
  Epoch     1/4000  loss=2.2516e-01  lr=2.40e-05  (0.1s)
    -> min_loss=2.675e-04  mean_rel_err=4.026e-02  min_digits=2  params=12,942  (275.1s)
[207/567] width=32 depth=2 G=6 k=3 lr=0.0006 epochs=5000 ...
  Epoch     1/5000  loss=2.2516e-01  lr=2.40e-05  (0.1s)
    -> min_loss=2.064e-04  mean_rel_err=4.018e-02  min_digits=2  params=12,942  (343.7s)
[208/567] width=32 depth=2 G=6 k=3 lr=0.0006 epochs=7000 ...
  Epoch     1/7000  loss=2.2516e-01  lr=2.40e-05  (0.1s)
    -> min_loss=1.389e-04  mean_rel_err=4.455e-02  min_digits=2  params=12,942  (481.5s)
[209/567] width=32 depth=2 G=6 k=3 lr=0.0006 epochs=10000 ...
  Epoch     1/10000  loss=2.2516e-01  lr=2.40e-05  (0.1s)
    -> min_loss=9.310e-05  mean_rel_err=5.863e-02  min_digits=2  params=12,942  (687.7s)
[210/567] width=32 depth=2 G=6 k=3 lr=0.0006 epochs=15000 ...
  Epoch     1/15000  loss=2.2516e-01  lr=2.40e-05  (0.1s)
    -> min_loss=5.463e-05  mean_rel_err=5.902e-02  min_digits=2  params=12,942  (1031.3s)
[211/567] width=32 depth=2 G=8 k=3 lr=0.0004 epochs=2000 ...
  Epoch     1/2000  loss=3.7739e-01  lr=1.60e-05  (0.1s)
    -> min_loss=6.776e-04  mean_rel_err=3.194e-02  min_digits=2  params=15,502  (143.9s)
[212/567] width=32 depth=2 G=8 k=3 lr=0.0004 epochs=3000 ...
  Epoch     1/3000  loss=3.7739e-01  lr=1.60e-05  (0.1s)
    -> min_loss=4.774e-04  mean_rel_err=3.359e-02  min_digits=2  params=15,502  (216.0s)
[213/567] width=32 depth=2 G=8 k=3 lr=0.0004 epochs=4000 ...
  Epoch     1/4000  loss=3.7739e-01  lr=1.60e-05  (0.1s)
    -> min_loss=3.417e-04  mean_rel_err=3.023e-02  min_digits=2  params=15,502  (287.9s)
[214/567] width=32 depth=2 G=8 k=3 lr=0.0004 epochs=5000 ...
  Epoch     1/5000  loss=3.7739e-01  lr=1.60e-05  (0.1s)
    -> min_loss=2.564e-04  mean_rel_err=5.430e-02  min_digits=2  params=15,502  (359.7s)
[215/567] width=32 depth=2 G=8 k=3 lr=0.0004 epochs=7000 ...
  Epoch     1/7000  loss=3.7739e-01  lr=1.60e-05  (0.1s)
    -> min_loss=1.715e-04  mean_rel_err=5.112e-02  min_digits=2  params=15,502  (503.6s)
[216/567] width=32 depth=2 G=8 k=3 lr=0.0004 epochs=10000 ...
  Epoch     1/10000  loss=3.7739e-01  lr=1.60e-05  (0.1s)
    -> min_loss=1.043e-04  mean_rel_err=5.534e-02  min_digits=2  params=15,502  (719.9s)
[217/567] width=32 depth=2 G=8 k=3 lr=0.0004 epochs=15000 ...
  Epoch     1/15000  loss=3.7739e-01  lr=1.60e-05  (0.1s)
    -> min_loss=5.620e-05  mean_rel_err=5.161e-02  min_digits=2  params=15,502  (1079.9s)
[218/567] width=32 depth=2 G=8 k=3 lr=0.0005 epochs=2000 ...
  Epoch     1/2000  loss=3.7739e-01  lr=2.00e-05  (0.1s)
    -> min_loss=5.969e-04  mean_rel_err=3.390e-02  min_digits=2  params=15,502  (144.1s)
[219/567] width=32 depth=2 G=8 k=3 lr=0.0005 epochs=3000 ...
  Epoch     1/3000  loss=3.7739e-01  lr=2.00e-05  (0.1s)
    -> min_loss=4.268e-04  mean_rel_err=3.507e-02  min_digits=2  params=15,502  (216.3s)
[220/567] width=32 depth=2 G=8 k=3 lr=0.0005 epochs=4000 ...
  Epoch     1/4000  loss=3.7739e-01  lr=2.00e-05  (0.1s)
    -> min_loss=3.068e-04  mean_rel_err=3.766e-02  min_digits=2  params=15,502  (288.4s)
[221/567] width=32 depth=2 G=8 k=3 lr=0.0005 epochs=5000 ...
  Epoch     1/5000  loss=3.7739e-01  lr=2.00e-05  (0.1s)
    -> min_loss=2.361e-04  mean_rel_err=4.554e-02  min_digits=2  params=15,502  (360.2s)
[222/567] width=32 depth=2 G=8 k=3 lr=0.0005 epochs=7000 ...
  Epoch     1/7000  loss=3.7739e-01  lr=2.00e-05  (0.1s)
    -> min_loss=1.602e-04  mean_rel_err=5.301e-02  min_digits=2  params=15,502  (504.2s)
[223/567] width=32 depth=2 G=8 k=3 lr=0.0005 epochs=10000 ...
  Epoch     1/10000  loss=3.7739e-01  lr=2.00e-05  (0.1s)
    -> min_loss=9.809e-05  mean_rel_err=5.555e-02  min_digits=2  params=15,502  (719.8s)
[224/567] width=32 depth=2 G=8 k=3 lr=0.0005 epochs=15000 ...
  Epoch     1/15000  loss=3.7739e-01  lr=2.00e-05  (0.1s)
    -> min_loss=4.947e-05  mean_rel_err=5.266e-02  min_digits=2  params=15,502  (1079.5s)
[225/567] width=32 depth=2 G=8 k=3 lr=0.0006 epochs=2000 ...
  Epoch     1/2000  loss=3.7739e-01  lr=2.40e-05  (0.1s)
    -> min_loss=5.510e-04  mean_rel_err=2.854e-02  min_digits=2  params=15,502  (143.9s)
[226/567] width=32 depth=2 G=8 k=3 lr=0.0006 epochs=3000 ...
  Epoch     1/3000  loss=3.7739e-01  lr=2.40e-05  (0.1s)
    -> min_loss=3.661e-04  mean_rel_err=2.971e-02  min_digits=2  params=15,502  (215.9s)
[227/567] width=32 depth=2 G=8 k=3 lr=0.0006 epochs=4000 ...
  Epoch     1/4000  loss=3.7739e-01  lr=2.40e-05  (0.1s)
    -> min_loss=2.457e-04  mean_rel_err=2.686e-02  min_digits=2  params=15,502  (287.9s)
[228/567] width=32 depth=2 G=8 k=3 lr=0.0006 epochs=5000 ...
  Epoch     1/5000  loss=3.7739e-01  lr=2.40e-05  (0.1s)
    -> min_loss=2.007e-04  mean_rel_err=3.572e-02  min_digits=2  params=15,502  (359.9s)
[229/567] width=32 depth=2 G=8 k=3 lr=0.0006 epochs=7000 ...
  Epoch     1/7000  loss=3.7739e-01  lr=2.40e-05  (0.1s)
    -> min_loss=1.461e-04  mean_rel_err=3.255e-02  min_digits=2  params=15,502  (503.8s)
[230/567] width=32 depth=2 G=8 k=3 lr=0.0006 epochs=10000 ...
  Epoch     1/10000  loss=3.7739e-01  lr=2.40e-05  (0.1s)
    -> min_loss=9.358e-05  mean_rel_err=3.813e-02  min_digits=2  params=15,502  (719.7s)
[231/567] width=32 depth=2 G=8 k=3 lr=0.0006 epochs=15000 ...
  Epoch     1/15000  loss=3.7739e-01  lr=2.40e-05  (0.1s)
    -> min_loss=5.069e-05  mean_rel_err=3.825e-02  min_digits=2  params=15,502  (1079.7s)
[232/567] width=32 depth=2 G=10 k=3 lr=0.0004 epochs=2000 ...
  Epoch     1/2000  loss=7.8343e-01  lr=1.60e-05  (0.1s)
    -> min_loss=5.949e-04  mean_rel_err=6.947e-02  min_digits=2  params=18,062  (153.7s)
[233/567] width=32 depth=2 G=10 k=3 lr=0.0004 epochs=3000 ...
  Epoch     1/3000  loss=7.8343e-01  lr=1.60e-05  (0.1s)
    -> min_loss=4.136e-04  mean_rel_err=6.798e-02  min_digits=2  params=18,062  (230.6s)
[234/567] width=32 depth=2 G=10 k=3 lr=0.0004 epochs=4000 ...
  Epoch     1/4000  loss=7.8343e-01  lr=1.60e-05  (0.1s)
    -> min_loss=2.824e-04  mean_rel_err=6.581e-02  min_digits=2  params=18,062  (307.4s)
[235/567] width=32 depth=2 G=10 k=3 lr=0.0004 epochs=5000 ...
  Epoch     1/5000  loss=7.8343e-01  lr=1.60e-05  (0.1s)
    -> min_loss=2.301e-04  mean_rel_err=5.913e-02  min_digits=2  params=18,062  (384.3s)
[236/567] width=32 depth=2 G=10 k=3 lr=0.0004 epochs=7000 ...
  Epoch     1/7000  loss=7.8343e-01  lr=1.60e-05  (0.1s)
    -> min_loss=1.496e-04  mean_rel_err=6.170e-02  min_digits=2  params=18,062  (538.1s)
[237/567] width=32 depth=2 G=10 k=3 lr=0.0004 epochs=10000 ...
  Epoch     1/10000  loss=7.8343e-01  lr=1.60e-05  (0.1s)
    -> min_loss=9.475e-05  mean_rel_err=5.947e-02  min_digits=2  params=18,062  (768.6s)
[238/567] width=32 depth=2 G=10 k=3 lr=0.0004 epochs=15000 ...
  Epoch     1/15000  loss=7.8343e-01  lr=1.60e-05  (0.1s)
    -> min_loss=4.709e-05  mean_rel_err=6.533e-02  min_digits=2  params=18,062  (1152.8s)
[239/567] width=32 depth=2 G=10 k=3 lr=0.0005 epochs=2000 ...
  Epoch     1/2000  loss=7.8343e-01  lr=2.00e-05  (0.1s)
    -> min_loss=5.585e-04  mean_rel_err=5.990e-02  min_digits=2  params=18,062  (153.6s)
[240/567] width=32 depth=2 G=10 k=3 lr=0.0005 epochs=3000 ...
  Epoch     1/3000  loss=7.8343e-01  lr=2.00e-05  (0.1s)
    -> min_loss=3.359e-04  mean_rel_err=5.973e-02  min_digits=2  params=18,062  (230.5s)
[241/567] width=32 depth=2 G=10 k=3 lr=0.0005 epochs=4000 ...
  Epoch     1/4000  loss=7.8343e-01  lr=2.00e-05  (0.1s)
    -> min_loss=2.325e-04  mean_rel_err=6.540e-02  min_digits=2  params=18,062  (307.4s)
[242/567] width=32 depth=2 G=10 k=3 lr=0.0005 epochs=5000 ...
  Epoch     1/5000  loss=7.8343e-01  lr=2.00e-05  (0.1s)
    -> min_loss=1.910e-04  mean_rel_err=6.273e-02  min_digits=2  params=18,062  (384.1s)
[243/567] width=32 depth=2 G=10 k=3 lr=0.0005 epochs=7000 ...
