SKULD is using device: cuda

════════════════════════════════════════════════════════════════════════
  BETHE–SALPETER WIRE m3  —  81 configs × 7 epoch budgets [3000, 5000, 7000, 8500, 10000, 12000, 15000] = 567 runs, device=cuda:2
════════════════════════════════════════════════════════════════════════

Computing scipy reference integrals (shared across all configs)...
Done.

  Results CSV (online): /zfs/store1.hydra.local/user/g/gshipunv/integral/project-skuld/research/experiments/grid/7-siren-wire-kan-sweep-m3/../../results/grid/7-siren-wire-kan-sweep-m3/sweep_results_m3_2026-09-30_19-10.csv

[1/567] omega0=12.0 sigma0=3.0 width=64 blocks=3 lr=0.0004 epochs=3000 ...
  Epoch     1/3000  loss=3.4307e-01  lr=4.00e-04  (0.4s)
    -> min_loss=5.896e-05  mean_rel_err=4.199e-04  min_digits=4  params=99,329  (186.6s)
[2/567] omega0=12.0 sigma0=3.0 width=64 blocks=3 lr=0.0004 epochs=5000 ...
  Epoch     1/5000  loss=3.4307e-01  lr=4.00e-04  (0.1s)
    -> min_loss=3.446e-05  mean_rel_err=1.637e-04  min_digits=4  params=99,329  (304.9s)
[3/567] omega0=12.0 sigma0=3.0 width=64 blocks=3 lr=0.0004 epochs=7000 ...
  Epoch     1/7000  loss=3.4307e-01  lr=4.00e-04  (0.1s)
    -> min_loss=2.225e-05  mean_rel_err=7.616e-05  min_digits=5  params=99,329  (421.5s)
[4/567] omega0=12.0 sigma0=3.0 width=64 blocks=3 lr=0.0004 epochs=8500 ...
  Epoch     1/8500  loss=3.4307e-01  lr=4.00e-04  (0.1s)
    -> min_loss=1.862e-05  mean_rel_err=1.017e-04  min_digits=4  params=99,329  (510.2s)
[5/567] omega0=12.0 sigma0=3.0 width=64 blocks=3 lr=0.0004 epochs=10000 ...
  Epoch     1/10000  loss=3.4307e-01  lr=4.00e-04  (0.1s)
    -> min_loss=1.671e-05  mean_rel_err=2.790e-04  min_digits=4  params=99,329  (599.6s)
[6/567] omega0=12.0 sigma0=3.0 width=64 blocks=3 lr=0.0004 epochs=12000 ...
  Epoch     1/12000  loss=3.4307e-01  lr=4.00e-04  (0.1s)
    -> min_loss=1.836e-05  mean_rel_err=1.593e-04  min_digits=4  params=99,329  (719.0s)
[7/567] omega0=12.0 sigma0=3.0 width=64 blocks=3 lr=0.0004 epochs=15000 ...
  Epoch     1/15000  loss=3.4307e-01  lr=4.00e-04  (0.1s)
    -> min_loss=1.069e-05  mean_rel_err=2.302e-04  min_digits=4  params=99,329  (899.7s)
[8/567] omega0=12.0 sigma0=3.0 width=64 blocks=3 lr=0.0005 epochs=3000 ...
  Epoch     1/3000  loss=3.4307e-01  lr=5.00e-04  (0.1s)
    -> min_loss=4.760e-05  mean_rel_err=2.452e-04  min_digits=4  params=99,329  (180.0s)
[9/567] omega0=12.0 sigma0=3.0 width=64 blocks=3 lr=0.0005 epochs=5000 ...
  Epoch     1/5000  loss=3.4307e-01  lr=5.00e-04  (0.1s)
    -> min_loss=2.755e-05  mean_rel_err=3.397e-04  min_digits=4  params=99,329  (300.4s)
[10/567] omega0=12.0 sigma0=3.0 width=64 blocks=3 lr=0.0005 epochs=7000 ...
  Epoch     1/7000  loss=3.4307e-01  lr=5.00e-04  (0.1s)
    -> min_loss=2.287e-05  mean_rel_err=1.072e-04  min_digits=4  params=99,329  (420.0s)
[11/567] omega0=12.0 sigma0=3.0 width=64 blocks=3 lr=0.0005 epochs=8500 ...
  Epoch     1/8500  loss=3.4307e-01  lr=5.00e-04  (0.1s)
    -> min_loss=2.098e-05  mean_rel_err=9.404e-05  min_digits=4  params=99,329  (510.7s)
[12/567] omega0=12.0 sigma0=3.0 width=64 blocks=3 lr=0.0005 epochs=10000 ...
  Epoch     1/10000  loss=3.4307e-01  lr=5.00e-04  (0.1s)
    -> min_loss=1.512e-05  mean_rel_err=2.821e-04  min_digits=4  params=99,329  (601.0s)
[13/567] omega0=12.0 sigma0=3.0 width=64 blocks=3 lr=0.0005 epochs=12000 ...
  Epoch     1/12000  loss=3.4307e-01  lr=5.00e-04  (0.1s)
    -> min_loss=1.709e-05  mean_rel_err=1.625e-04  min_digits=4  params=99,329  (721.2s)
[14/567] omega0=12.0 sigma0=3.0 width=64 blocks=3 lr=0.0005 epochs=15000 ...
  Epoch     1/15000  loss=3.4307e-01  lr=5.00e-04  (0.1s)
    -> min_loss=1.501e-05  mean_rel_err=4.836e-04  min_digits=4  params=99,329  (901.5s)
[15/567] omega0=12.0 sigma0=3.0 width=64 blocks=3 lr=0.0006 epochs=3000 ...
  Epoch     1/3000  loss=3.4307e-01  lr=6.00e-04  (0.1s)
    -> min_loss=5.834e-05  mean_rel_err=2.210e-04  min_digits=4  params=99,329  (180.4s)
[16/567] omega0=12.0 sigma0=3.0 width=64 blocks=3 lr=0.0006 epochs=5000 ...
  Epoch     1/5000  loss=3.4307e-01  lr=6.00e-04  (0.1s)
    -> min_loss=3.192e-05  mean_rel_err=1.854e-04  min_digits=4  params=99,329  (300.7s)
[17/567] omega0=12.0 sigma0=3.0 width=64 blocks=3 lr=0.0006 epochs=7000 ...
  Epoch     1/7000  loss=3.4307e-01  lr=6.00e-04  (0.1s)
    -> min_loss=2.548e-05  mean_rel_err=1.295e-04  min_digits=4  params=99,329  (420.5s)
[18/567] omega0=12.0 sigma0=3.0 width=64 blocks=3 lr=0.0006 epochs=8500 ...
  Epoch     1/8500  loss=3.4307e-01  lr=6.00e-04  (0.1s)
    -> min_loss=2.206e-05  mean_rel_err=2.503e-04  min_digits=4  params=99,329  (510.7s)
[19/567] omega0=12.0 sigma0=3.0 width=64 blocks=3 lr=0.0006 epochs=10000 ...
  Epoch     1/10000  loss=3.4307e-01  lr=6.00e-04  (0.1s)
    -> min_loss=2.346e-05  mean_rel_err=5.920e-04  min_digits=4  params=99,329  (600.9s)
[20/567] omega0=12.0 sigma0=3.0 width=64 blocks=3 lr=0.0006 epochs=12000 ...
  Epoch     1/12000  loss=3.4307e-01  lr=6.00e-04  (0.1s)
    -> min_loss=1.960e-05  mean_rel_err=5.264e-04  min_digits=4  params=99,329  (721.3s)
[21/567] omega0=12.0 sigma0=3.0 width=64 blocks=3 lr=0.0006 epochs=15000 ...
  Epoch     1/15000  loss=3.4307e-01  lr=6.00e-04  (0.1s)
    -> min_loss=1.431e-05  mean_rel_err=1.955e-04  min_digits=4  params=99,329  (902.2s)
[22/567] omega0=12.0 sigma0=3.0 width=64 blocks=4 lr=0.0004 epochs=3000 ...
  Epoch     1/3000  loss=4.1387e-01  lr=4.00e-04  (0.1s)
    -> min_loss=5.525e-05  mean_rel_err=2.710e-04  min_digits=4  params=132,225  (234.7s)
[23/567] omega0=12.0 sigma0=3.0 width=64 blocks=4 lr=0.0004 epochs=5000 ...
  Epoch     1/5000  loss=4.1387e-01  lr=4.00e-04  (0.1s)
    -> min_loss=2.912e-05  mean_rel_err=1.408e-04  min_digits=4  params=132,225  (391.1s)
[24/567] omega0=12.0 sigma0=3.0 width=64 blocks=4 lr=0.0004 epochs=7000 ...
  Epoch     1/7000  loss=4.1387e-01  lr=4.00e-04  (0.1s)
    -> min_loss=2.482e-05  mean_rel_err=1.535e-04  min_digits=4  params=132,225  (547.5s)
[25/567] omega0=12.0 sigma0=3.0 width=64 blocks=4 lr=0.0004 epochs=8500 ...
  Epoch     1/8500  loss=4.1387e-01  lr=4.00e-04  (0.1s)
    -> min_loss=1.699e-05  mean_rel_err=7.192e-05  min_digits=4  params=132,225  (664.3s)
[26/567] omega0=12.0 sigma0=3.0 width=64 blocks=4 lr=0.0004 epochs=10000 ...
  Epoch     1/10000  loss=4.1387e-01  lr=4.00e-04  (0.1s)
    -> min_loss=1.723e-05  mean_rel_err=2.259e-04  min_digits=4  params=132,225  (782.1s)
[27/567] omega0=12.0 sigma0=3.0 width=64 blocks=4 lr=0.0004 epochs=12000 ...
  Epoch     1/12000  loss=4.1387e-01  lr=4.00e-04  (0.1s)
    -> min_loss=1.472e-05  mean_rel_err=2.785e-04  min_digits=4  params=132,225  (938.9s)
[28/567] omega0=12.0 sigma0=3.0 width=64 blocks=4 lr=0.0004 epochs=15000 ...
  Epoch     1/15000  loss=4.1387e-01  lr=4.00e-04  (0.1s)
    -> min_loss=1.639e-05  mean_rel_err=2.594e-04  min_digits=4  params=132,225  (1169.8s)
[29/567] omega0=12.0 sigma0=3.0 width=64 blocks=4 lr=0.0005 epochs=3000 ...
  Epoch     1/3000  loss=4.1387e-01  lr=5.00e-04  (0.1s)
    -> min_loss=6.518e-05  mean_rel_err=2.684e-04  min_digits=4  params=132,225  (233.9s)
[30/567] omega0=12.0 sigma0=3.0 width=64 blocks=4 lr=0.0005 epochs=5000 ...
  Epoch     1/5000  loss=4.1387e-01  lr=5.00e-04  (0.1s)
    -> min_loss=3.274e-05  mean_rel_err=1.321e-04  min_digits=5  params=132,225  (390.5s)
[31/567] omega0=12.0 sigma0=3.0 width=64 blocks=4 lr=0.0005 epochs=7000 ...
  Epoch     1/7000  loss=4.1387e-01  lr=5.00e-04  (0.1s)
    -> min_loss=2.681e-05  mean_rel_err=2.376e-04  min_digits=4  params=132,225  (546.5s)
[32/567] omega0=12.0 sigma0=3.0 width=64 blocks=4 lr=0.0005 epochs=8500 ...
  Epoch     1/8500  loss=4.1387e-01  lr=5.00e-04  (0.1s)
    -> min_loss=2.029e-05  mean_rel_err=1.006e-04  min_digits=4  params=132,225  (664.1s)
[33/567] omega0=12.0 sigma0=3.0 width=64 blocks=4 lr=0.0005 epochs=10000 ...
  Epoch     1/10000  loss=4.1387e-01  lr=5.00e-04  (0.1s)
    -> min_loss=1.821e-05  mean_rel_err=1.831e-04  min_digits=4  params=132,225  (793.9s)
[34/567] omega0=12.0 sigma0=3.0 width=64 blocks=4 lr=0.0005 epochs=12000 ...
  Epoch     1/12000  loss=4.1387e-01  lr=5.00e-04  (0.1s)
    -> min_loss=2.041e-05  mean_rel_err=1.729e-04  min_digits=4  params=132,225  (953.8s)
[35/567] omega0=12.0 sigma0=3.0 width=64 blocks=4 lr=0.0005 epochs=15000 ...
  Epoch     1/15000  loss=4.1387e-01  lr=5.00e-04  (0.1s)
    -> min_loss=1.576e-05  mean_rel_err=6.146e-04  min_digits=4  params=132,225  (1171.5s)
[36/567] omega0=12.0 sigma0=3.0 width=64 blocks=4 lr=0.0006 epochs=3000 ...
  Epoch     1/3000  loss=4.1387e-01  lr=6.00e-04  (0.1s)
    -> min_loss=6.837e-05  mean_rel_err=2.930e-04  min_digits=4  params=132,225  (234.5s)
[37/567] omega0=12.0 sigma0=3.0 width=64 blocks=4 lr=0.0006 epochs=5000 ...
  Epoch     1/5000  loss=4.1387e-01  lr=6.00e-04  (0.1s)
    -> min_loss=3.538e-05  mean_rel_err=3.635e-04  min_digits=4  params=132,225  (390.4s)
[38/567] omega0=12.0 sigma0=3.0 width=64 blocks=4 lr=0.0006 epochs=7000 ...
  Epoch     1/7000  loss=4.1387e-01  lr=6.00e-04  (0.1s)
    -> min_loss=2.929e-05  mean_rel_err=1.983e-04  min_digits=4  params=132,225  (546.6s)
[39/567] omega0=12.0 sigma0=3.0 width=64 blocks=4 lr=0.0006 epochs=8500 ...
  Epoch     1/8500  loss=4.1387e-01  lr=6.00e-04  (0.1s)
    -> min_loss=2.808e-05  mean_rel_err=2.179e-04  min_digits=4  params=132,225  (663.7s)
[40/567] omega0=12.0 sigma0=3.0 width=64 blocks=4 lr=0.0006 epochs=10000 ...
  Epoch     1/10000  loss=4.1387e-01  lr=6.00e-04  (0.1s)
    -> min_loss=2.357e-05  mean_rel_err=1.571e-04  min_digits=4  params=132,225  (780.7s)
[41/567] omega0=12.0 sigma0=3.0 width=64 blocks=4 lr=0.0006 epochs=12000 ...
  Epoch     1/12000  loss=4.1387e-01  lr=6.00e-04  (0.1s)
    -> min_loss=2.331e-05  mean_rel_err=2.508e-04  min_digits=4  params=132,225  (937.7s)
[42/567] omega0=12.0 sigma0=3.0 width=64 blocks=4 lr=0.0006 epochs=15000 ...
  Epoch     1/15000  loss=4.1387e-01  lr=6.00e-04  (0.1s)
    -> min_loss=1.696e-05  mean_rel_err=4.528e-04  min_digits=4  params=132,225  (1170.9s)
[43/567] omega0=12.0 sigma0=3.0 width=64 blocks=5 lr=0.0004 epochs=3000 ...
  Epoch     1/3000  loss=3.6059e-01  lr=4.00e-04  (0.1s)
    -> min_loss=7.519e-05  mean_rel_err=1.736e-04  min_digits=4  params=165,121  (288.3s)
[44/567] omega0=12.0 sigma0=3.0 width=64 blocks=5 lr=0.0004 epochs=5000 ...
  Epoch     1/5000  loss=3.6059e-01  lr=4.00e-04  (0.1s)
    -> min_loss=3.890e-05  mean_rel_err=1.548e-04  min_digits=5  params=165,121  (480.5s)
[45/567] omega0=12.0 sigma0=3.0 width=64 blocks=5 lr=0.0004 epochs=7000 ...
  Epoch     1/7000  loss=3.6059e-01  lr=4.00e-04  (0.1s)
    -> min_loss=2.543e-05  mean_rel_err=1.698e-04  min_digits=4  params=165,121  (672.4s)
[46/567] omega0=12.0 sigma0=3.0 width=64 blocks=5 lr=0.0004 epochs=8500 ...
  Epoch     1/8500  loss=3.6059e-01  lr=4.00e-04  (0.1s)
    -> min_loss=2.100e-05  mean_rel_err=9.307e-05  min_digits=4  params=165,121  (816.2s)
[47/567] omega0=12.0 sigma0=3.0 width=64 blocks=5 lr=0.0004 epochs=10000 ...
  Epoch     1/10000  loss=3.6059e-01  lr=4.00e-04  (0.1s)
    -> min_loss=1.949e-05  mean_rel_err=1.969e-04  min_digits=4  params=165,121  (960.9s)
[48/567] omega0=12.0 sigma0=3.0 width=64 blocks=5 lr=0.0004 epochs=12000 ...
  Epoch     1/12000  loss=3.6059e-01  lr=4.00e-04  (0.1s)
    -> min_loss=1.482e-05  mean_rel_err=2.411e-04  min_digits=4  params=165,121  (1154.9s)
[49/567] omega0=12.0 sigma0=3.0 width=64 blocks=5 lr=0.0004 epochs=15000 ...
  Epoch     1/15000  loss=3.6059e-01  lr=4.00e-04  (0.1s)
    -> min_loss=1.401e-05  mean_rel_err=3.214e-04  min_digits=4  params=165,121  (1442.6s)
[50/567] omega0=12.0 sigma0=3.0 width=64 blocks=5 lr=0.0005 epochs=3000 ...
  Epoch     1/3000  loss=3.6059e-01  lr=5.00e-04  (0.1s)
    -> min_loss=7.662e-05  mean_rel_err=3.046e-04  min_digits=4  params=165,121  (288.4s)
[51/567] omega0=12.0 sigma0=3.0 width=64 blocks=5 lr=0.0005 epochs=5000 ...
  Epoch     1/5000  loss=3.6059e-01  lr=5.00e-04  (0.1s)
    -> min_loss=4.206e-05  mean_rel_err=1.069e-04  min_digits=5  params=165,121  (480.6s)
[52/567] omega0=12.0 sigma0=3.0 width=64 blocks=5 lr=0.0005 epochs=7000 ...
  Epoch     1/7000  loss=3.6059e-01  lr=5.00e-04  (0.1s)
    -> min_loss=3.071e-05  mean_rel_err=3.288e-05  min_digits=5  params=165,121  (673.0s)
[53/567] omega0=12.0 sigma0=3.0 width=64 blocks=5 lr=0.0005 epochs=8500 ...
  Epoch     1/8500  loss=3.6059e-01  lr=5.00e-04  (0.1s)
    -> min_loss=2.424e-05  mean_rel_err=1.220e-04  min_digits=4  params=165,121  (817.7s)
[54/567] omega0=12.0 sigma0=3.0 width=64 blocks=5 lr=0.0005 epochs=10000 ...
  Epoch     1/10000  loss=3.6059e-01  lr=5.00e-04  (0.1s)
    -> min_loss=2.124e-05  mean_rel_err=9.275e-05  min_digits=4  params=165,121  (961.9s)
[55/567] omega0=12.0 sigma0=3.0 width=64 blocks=5 lr=0.0005 epochs=12000 ...
  Epoch     1/12000  loss=3.6059e-01  lr=5.00e-04  (0.1s)
    -> min_loss=2.308e-05  mean_rel_err=1.278e-04  min_digits=4  params=165,121  (1154.1s)
[56/567] omega0=12.0 sigma0=3.0 width=64 blocks=5 lr=0.0005 epochs=15000 ...
  Epoch     1/15000  loss=3.6059e-01  lr=5.00e-04  (0.1s)
    -> min_loss=1.899e-05  mean_rel_err=3.811e-04  min_digits=4  params=165,121  (1443.3s)
[57/567] omega0=12.0 sigma0=3.0 width=64 blocks=5 lr=0.0006 epochs=3000 ...
  Epoch     1/3000  loss=3.6059e-01  lr=6.00e-04  (0.1s)
    -> min_loss=8.318e-05  mean_rel_err=3.255e-04  min_digits=4  params=165,121  (288.8s)
[58/567] omega0=12.0 sigma0=3.0 width=64 blocks=5 lr=0.0006 epochs=5000 ...
  Epoch     1/5000  loss=3.6059e-01  lr=6.00e-04  (0.1s)
    -> min_loss=4.078e-05  mean_rel_err=1.190e-04  min_digits=4  params=165,121  (481.3s)
[59/567] omega0=12.0 sigma0=3.0 width=64 blocks=5 lr=0.0006 epochs=7000 ...
  Epoch     1/7000  loss=3.6059e-01  lr=6.00e-04  (0.1s)
    -> min_loss=2.945e-05  mean_rel_err=1.247e-04  min_digits=5  params=165,121  (674.6s)
[60/567] omega0=12.0 sigma0=3.0 width=64 blocks=5 lr=0.0006 epochs=8500 ...
  Epoch     1/8500  loss=3.6059e-01  lr=6.00e-04  (0.1s)
    -> min_loss=3.296e-05  mean_rel_err=2.790e-04  min_digits=4  params=165,121  (819.8s)
[61/567] omega0=12.0 sigma0=3.0 width=64 blocks=5 lr=0.0006 epochs=10000 ...
  Epoch     1/10000  loss=3.6059e-01  lr=6.00e-04  (0.1s)
    -> min_loss=3.226e-05  mean_rel_err=2.925e-04  min_digits=4  params=165,121  (964.1s)
[62/567] omega0=12.0 sigma0=3.0 width=64 blocks=5 lr=0.0006 epochs=12000 ...
  Epoch     1/12000  loss=3.6059e-01  lr=6.00e-04  (0.1s)
    -> min_loss=2.670e-05  mean_rel_err=4.253e-04  min_digits=4  params=165,121  (1156.8s)
[63/567] omega0=12.0 sigma0=3.0 width=64 blocks=5 lr=0.0006 epochs=15000 ...
  Epoch     1/15000  loss=3.6059e-01  lr=6.00e-04  (0.1s)
    -> min_loss=1.905e-05  mean_rel_err=2.950e-04  min_digits=4  params=165,121  (1447.0s)
[64/567] omega0=12.0 sigma0=5.0 width=64 blocks=3 lr=0.0004 epochs=3000 ...
  Epoch     1/3000  loss=3.4277e-01  lr=4.00e-04  (0.1s)
    -> min_loss=5.921e-05  mean_rel_err=1.434e-04  min_digits=5  params=99,329  (180.9s)
[65/567] omega0=12.0 sigma0=5.0 width=64 blocks=3 lr=0.0004 epochs=5000 ...
  Epoch     1/5000  loss=3.4277e-01  lr=4.00e-04  (0.1s)
    -> min_loss=3.820e-05  mean_rel_err=1.724e-04  min_digits=4  params=99,329  (301.6s)
[66/567] omega0=12.0 sigma0=5.0 width=64 blocks=3 lr=0.0004 epochs=7000 ...
  Epoch     1/7000  loss=3.4277e-01  lr=4.00e-04  (0.1s)
    -> min_loss=1.976e-05  mean_rel_err=2.302e-04  min_digits=4  params=99,329  (422.2s)
[67/567] omega0=12.0 sigma0=5.0 width=64 blocks=3 lr=0.0004 epochs=8500 ...
  Epoch     1/8500  loss=3.4277e-01  lr=4.00e-04  (0.1s)
    -> min_loss=1.896e-05  mean_rel_err=9.419e-05  min_digits=4  params=99,329  (512.9s)
[68/567] omega0=12.0 sigma0=5.0 width=64 blocks=3 lr=0.0004 epochs=10000 ...
  Epoch     1/10000  loss=3.4277e-01  lr=4.00e-04  (0.1s)
    -> min_loss=1.679e-05  mean_rel_err=1.452e-04  min_digits=4  params=99,329  (602.5s)
[69/567] omega0=12.0 sigma0=5.0 width=64 blocks=3 lr=0.0004 epochs=12000 ...
  Epoch     1/12000  loss=3.4277e-01  lr=4.00e-04  (0.1s)
    -> min_loss=1.447e-05  mean_rel_err=5.002e-04  min_digits=4  params=99,329  (728.4s)
[70/567] omega0=12.0 sigma0=5.0 width=64 blocks=3 lr=0.0004 epochs=15000 ...
  Epoch     1/15000  loss=3.4277e-01  lr=4.00e-04  (0.1s)
    -> min_loss=1.309e-05  mean_rel_err=2.189e-04  min_digits=4  params=99,329  (904.3s)
[71/567] omega0=12.0 sigma0=5.0 width=64 blocks=3 lr=0.0005 epochs=3000 ...
  Epoch     1/3000  loss=3.4277e-01  lr=5.00e-04  (0.1s)
    -> min_loss=6.675e-05  mean_rel_err=3.666e-04  min_digits=4  params=99,329  (180.8s)
[72/567] omega0=12.0 sigma0=5.0 width=64 blocks=3 lr=0.0005 epochs=5000 ...
  Epoch     1/5000  loss=3.4277e-01  lr=5.00e-04  (0.1s)
    -> min_loss=3.455e-05  mean_rel_err=1.355e-04  min_digits=4  params=99,329  (303.1s)
[73/567] omega0=12.0 sigma0=5.0 width=64 blocks=3 lr=0.0005 epochs=7000 ...
  Epoch     1/7000  loss=3.4277e-01  lr=5.00e-04  (0.1s)
    -> min_loss=2.375e-05  mean_rel_err=1.110e-04  min_digits=4  params=99,329  (421.5s)
[74/567] omega0=12.0 sigma0=5.0 width=64 blocks=3 lr=0.0005 epochs=8500 ...
  Epoch     1/8500  loss=3.4277e-01  lr=5.00e-04  (0.1s)
    -> min_loss=2.108e-05  mean_rel_err=1.574e-04  min_digits=5  params=99,329  (511.8s)
[75/567] omega0=12.0 sigma0=5.0 width=64 blocks=3 lr=0.0005 epochs=10000 ...
  Epoch     1/10000  loss=3.4277e-01  lr=5.00e-04  (0.1s)
    -> min_loss=1.855e-05  mean_rel_err=3.591e-04  min_digits=4  params=99,329  (601.9s)
[76/567] omega0=12.0 sigma0=5.0 width=64 blocks=3 lr=0.0005 epochs=12000 ...
  Epoch     1/12000  loss=3.4277e-01  lr=5.00e-04  (0.1s)
    -> min_loss=1.828e-05  mean_rel_err=4.230e-04  min_digits=4  params=99,329  (722.5s)
[77/567] omega0=12.0 sigma0=5.0 width=64 blocks=3 lr=0.0005 epochs=15000 ...
  Epoch     1/15000  loss=3.4277e-01  lr=5.00e-04  (0.1s)
    -> min_loss=1.457e-05  mean_rel_err=5.816e-04  min_digits=4  params=99,329  (902.7s)
[78/567] omega0=12.0 sigma0=5.0 width=64 blocks=3 lr=0.0006 epochs=3000 ...
  Epoch     1/3000  loss=3.4277e-01  lr=6.00e-04  (0.1s)
    -> min_loss=6.586e-05  mean_rel_err=4.642e-04  min_digits=4  params=99,329  (181.1s)
[79/567] omega0=12.0 sigma0=5.0 width=64 blocks=3 lr=0.0006 epochs=5000 ...
  Epoch     1/5000  loss=3.4277e-01  lr=6.00e-04  (0.1s)
    -> min_loss=3.618e-05  mean_rel_err=3.257e-04  min_digits=4  params=99,329  (301.6s)
[80/567] omega0=12.0 sigma0=5.0 width=64 blocks=3 lr=0.0006 epochs=7000 ...
  Epoch     1/7000  loss=3.4277e-01  lr=6.00e-04  (0.1s)
    -> min_loss=3.176e-05  mean_rel_err=2.673e-04  min_digits=4  params=99,329  (422.2s)
[81/567] omega0=12.0 sigma0=5.0 width=64 blocks=3 lr=0.0006 epochs=8500 ...
  Epoch     1/8500  loss=3.4277e-01  lr=6.00e-04  (0.1s)
    -> min_loss=2.589e-05  mean_rel_err=2.003e-04  min_digits=4  params=99,329  (511.8s)
[82/567] omega0=12.0 sigma0=5.0 width=64 blocks=3 lr=0.0006 epochs=10000 ...
  Epoch     1/10000  loss=3.4277e-01  lr=6.00e-04  (0.1s)
    -> min_loss=1.757e-05  mean_rel_err=3.820e-04  min_digits=4  params=99,329  (601.9s)
[83/567] omega0=12.0 sigma0=5.0 width=64 blocks=3 lr=0.0006 epochs=12000 ...
  Epoch     1/12000  loss=3.4277e-01  lr=6.00e-04  (0.1s)
    -> min_loss=1.888e-05  mean_rel_err=5.929e-04  min_digits=4  params=99,329  (722.0s)
[84/567] omega0=12.0 sigma0=5.0 width=64 blocks=3 lr=0.0006 epochs=15000 ...
  Epoch     1/15000  loss=3.4277e-01  lr=6.00e-04  (0.1s)
    -> min_loss=1.283e-05  mean_rel_err=5.332e-04  min_digits=4  params=99,329  (902.3s)
[85/567] omega0=12.0 sigma0=5.0 width=64 blocks=4 lr=0.0004 epochs=3000 ...
  Epoch     1/3000  loss=4.2145e-01  lr=4.00e-04  (0.1s)
    -> min_loss=6.192e-05  mean_rel_err=2.820e-04  min_digits=4  params=132,225  (234.5s)
[86/567] omega0=12.0 sigma0=5.0 width=64 blocks=4 lr=0.0004 epochs=5000 ...
  Epoch     1/5000  loss=4.2145e-01  lr=4.00e-04  (0.1s)
    -> min_loss=3.257e-05  mean_rel_err=3.815e-04  min_digits=4  params=132,225  (399.3s)
[87/567] omega0=12.0 sigma0=5.0 width=64 blocks=4 lr=0.0004 epochs=7000 ...
  Epoch     1/7000  loss=4.2145e-01  lr=4.00e-04  (0.1s)
    -> min_loss=2.678e-05  mean_rel_err=1.609e-04  min_digits=4  params=132,225  (552.9s)
[88/567] omega0=12.0 sigma0=5.0 width=64 blocks=4 lr=0.0004 epochs=8500 ...
  Epoch     1/8500  loss=4.2145e-01  lr=4.00e-04  (0.1s)
    -> min_loss=2.233e-05  mean_rel_err=2.806e-04  min_digits=4  params=132,225  (693.0s)
[89/567] omega0=12.0 sigma0=5.0 width=64 blocks=4 lr=0.0004 epochs=10000 ...
  Epoch     1/10000  loss=4.2145e-01  lr=4.00e-04  (0.1s)
    -> min_loss=1.726e-05  mean_rel_err=1.929e-04  min_digits=4  params=132,225  (780.8s)
[90/567] omega0=12.0 sigma0=5.0 width=64 blocks=4 lr=0.0004 epochs=12000 ...
  Epoch     1/12000  loss=4.2145e-01  lr=4.00e-04  (0.1s)
    -> min_loss=1.517e-05  mean_rel_err=1.161e-04  min_digits=4  params=132,225  (936.9s)
[91/567] omega0=12.0 sigma0=5.0 width=64 blocks=4 lr=0.0004 epochs=15000 ...
  Epoch     1/15000  loss=4.2145e-01  lr=4.00e-04  (0.1s)
    -> min_loss=1.528e-05  mean_rel_err=1.877e-04  min_digits=4  params=132,225  (1170.9s)
[92/567] omega0=12.0 sigma0=5.0 width=64 blocks=4 lr=0.0005 epochs=3000 ...
  Epoch     1/3000  loss=4.2145e-01  lr=5.00e-04  (0.1s)
    -> min_loss=6.613e-05  mean_rel_err=2.297e-04  min_digits=4  params=132,225  (234.2s)
[93/567] omega0=12.0 sigma0=5.0 width=64 blocks=4 lr=0.0005 epochs=5000 ...
  Epoch     1/5000  loss=4.2145e-01  lr=5.00e-04  (0.1s)
    -> min_loss=4.543e-05  mean_rel_err=4.383e-04  min_digits=4  params=132,225  (390.3s)
[94/567] omega0=12.0 sigma0=5.0 width=64 blocks=4 lr=0.0005 epochs=7000 ...
  Epoch     1/7000  loss=4.2145e-01  lr=5.00e-04  (0.1s)
    -> min_loss=2.809e-05  mean_rel_err=2.234e-04  min_digits=4  params=132,225  (546.4s)
[95/567] omega0=12.0 sigma0=5.0 width=64 blocks=4 lr=0.0005 epochs=8500 ...
  Epoch     1/8500  loss=4.2145e-01  lr=5.00e-04  (0.1s)
    -> min_loss=2.862e-05  mean_rel_err=1.653e-04  min_digits=4  params=132,225  (663.8s)
[96/567] omega0=12.0 sigma0=5.0 width=64 blocks=4 lr=0.0005 epochs=10000 ...
  Epoch     1/10000  loss=4.2145e-01  lr=5.00e-04  (0.1s)
    -> min_loss=2.317e-05  mean_rel_err=2.461e-04  min_digits=4  params=132,225  (781.8s)
[97/567] omega0=12.0 sigma0=5.0 width=64 blocks=4 lr=0.0005 epochs=12000 ...
  Epoch     1/12000  loss=4.2145e-01  lr=5.00e-04  (0.1s)
    -> min_loss=2.117e-05  mean_rel_err=1.975e-04  min_digits=4  params=132,225  (939.2s)
[98/567] omega0=12.0 sigma0=5.0 width=64 blocks=4 lr=0.0005 epochs=15000 ...
  Epoch     1/15000  loss=4.2145e-01  lr=5.00e-04  (0.1s)
    -> min_loss=1.571e-05  mean_rel_err=2.798e-04  min_digits=4  params=132,225  (1173.2s)
[99/567] omega0=12.0 sigma0=5.0 width=64 blocks=4 lr=0.0006 epochs=3000 ...
  Epoch     1/3000  loss=4.2145e-01  lr=6.00e-04  (0.1s)
    -> min_loss=9.063e-05  mean_rel_err=4.017e-04  min_digits=4  params=132,225  (234.5s)
[100/567] omega0=12.0 sigma0=5.0 width=64 blocks=4 lr=0.0006 epochs=5000 ...
  Epoch     1/5000  loss=4.2145e-01  lr=6.00e-04  (0.1s)
    -> min_loss=4.324e-05  mean_rel_err=3.448e-04  min_digits=4  params=132,225  (390.9s)
[101/567] omega0=12.0 sigma0=5.0 width=64 blocks=4 lr=0.0006 epochs=7000 ...
  Epoch     1/7000  loss=4.2145e-01  lr=6.00e-04  (0.1s)
    -> min_loss=3.204e-05  mean_rel_err=2.145e-04  min_digits=4  params=132,225  (547.0s)
[102/567] omega0=12.0 sigma0=5.0 width=64 blocks=4 lr=0.0006 epochs=8500 ...
  Epoch     1/8500  loss=4.2145e-01  lr=6.00e-04  (0.1s)
    -> min_loss=2.611e-05  mean_rel_err=1.053e-04  min_digits=4  params=132,225  (664.3s)
[103/567] omega0=12.0 sigma0=5.0 width=64 blocks=4 lr=0.0006 epochs=10000 ...
  Epoch     1/10000  loss=4.2145e-01  lr=6.00e-04  (0.1s)
    -> min_loss=2.063e-05  mean_rel_err=1.146e-04  min_digits=4  params=132,225  (781.6s)
[104/567] omega0=12.0 sigma0=5.0 width=64 blocks=4 lr=0.0006 epochs=12000 ...
  Epoch     1/12000  loss=4.2145e-01  lr=6.00e-04  (0.1s)
    -> min_loss=1.978e-05  mean_rel_err=2.858e-04  min_digits=4  params=132,225  (940.2s)
[105/567] omega0=12.0 sigma0=5.0 width=64 blocks=4 lr=0.0006 epochs=15000 ...
  Epoch     1/15000  loss=4.2145e-01  lr=6.00e-04  (0.1s)
    -> min_loss=1.670e-05  mean_rel_err=3.869e-04  min_digits=4  params=132,225  (1175.0s)
[106/567] omega0=12.0 sigma0=5.0 width=64 blocks=5 lr=0.0004 epochs=3000 ...
  Epoch     1/3000  loss=4.5465e-01  lr=4.00e-04  (0.1s)
    -> min_loss=6.423e-05  mean_rel_err=3.498e-04  min_digits=4  params=165,121  (288.9s)
[107/567] omega0=12.0 sigma0=5.0 width=64 blocks=5 lr=0.0004 epochs=5000 ...
  Epoch     1/5000  loss=4.5465e-01  lr=4.00e-04  (0.1s)
    -> min_loss=4.027e-05  mean_rel_err=2.577e-04  min_digits=4  params=165,121  (482.1s)
[108/567] omega0=12.0 sigma0=5.0 width=64 blocks=5 lr=0.0004 epochs=7000 ...
  Epoch     1/7000  loss=4.5465e-01  lr=4.00e-04  (0.1s)
    -> min_loss=2.731e-05  mean_rel_err=1.849e-04  min_digits=4  params=165,121  (673.9s)
[109/567] omega0=12.0 sigma0=5.0 width=64 blocks=5 lr=0.0004 epochs=8500 ...
  Epoch     1/8500  loss=4.5465e-01  lr=4.00e-04  (0.1s)
    -> min_loss=2.049e-05  mean_rel_err=2.194e-04  min_digits=4  params=165,121  (820.4s)
[110/567] omega0=12.0 sigma0=5.0 width=64 blocks=5 lr=0.0004 epochs=10000 ...
  Epoch     1/10000  loss=4.5465e-01  lr=4.00e-04  (0.1s)
    -> min_loss=1.911e-05  mean_rel_err=2.164e-04  min_digits=4  params=165,121  (965.7s)
[111/567] omega0=12.0 sigma0=5.0 width=64 blocks=5 lr=0.0004 epochs=12000 ...
  Epoch     1/12000  loss=4.5465e-01  lr=4.00e-04  (0.1s)
    -> min_loss=1.842e-05  mean_rel_err=1.523e-04  min_digits=4  params=165,121  (1158.5s)
[112/567] omega0=12.0 sigma0=5.0 width=64 blocks=5 lr=0.0004 epochs=15000 ...
  Epoch     1/15000  loss=4.5465e-01  lr=4.00e-04  (0.1s)
    -> min_loss=1.457e-05  mean_rel_err=2.412e-04  min_digits=4  params=165,121  (1446.0s)
[113/567] omega0=12.0 sigma0=5.0 width=64 blocks=5 lr=0.0005 epochs=3000 ...
  Epoch     1/3000  loss=4.5465e-01  lr=5.00e-04  (0.1s)
    -> min_loss=9.149e-05  mean_rel_err=5.265e-04  min_digits=4  params=165,121  (289.2s)
[114/567] omega0=12.0 sigma0=5.0 width=64 blocks=5 lr=0.0005 epochs=5000 ...
  Epoch     1/5000  loss=4.5465e-01  lr=5.00e-04  (0.1s)
    -> min_loss=4.169e-05  mean_rel_err=2.004e-04  min_digits=4  params=165,121  (482.2s)
[115/567] omega0=12.0 sigma0=5.0 width=64 blocks=5 lr=0.0005 epochs=7000 ...
  Epoch     1/7000  loss=4.5465e-01  lr=5.00e-04  (0.1s)
    -> min_loss=3.240e-05  mean_rel_err=1.668e-04  min_digits=4  params=165,121  (675.2s)
[116/567] omega0=12.0 sigma0=5.0 width=64 blocks=5 lr=0.0005 epochs=8500 ...
  Epoch     1/8500  loss=4.5465e-01  lr=5.00e-04  (0.1s)
    -> min_loss=2.920e-05  mean_rel_err=2.136e-04  min_digits=4  params=165,121  (820.5s)
[117/567] omega0=12.0 sigma0=5.0 width=64 blocks=5 lr=0.0005 epochs=10000 ...
  Epoch     1/10000  loss=4.5465e-01  lr=5.00e-04  (0.1s)
    -> min_loss=2.277e-05  mean_rel_err=2.210e-04  min_digits=4  params=165,121  (965.4s)
[118/567] omega0=12.0 sigma0=5.0 width=64 blocks=5 lr=0.0005 epochs=12000 ...
  Epoch     1/12000  loss=4.5465e-01  lr=5.00e-04  (0.1s)
    -> min_loss=2.317e-05  mean_rel_err=2.032e-04  min_digits=4  params=165,121  (1160.6s)
[119/567] omega0=12.0 sigma0=5.0 width=64 blocks=5 lr=0.0005 epochs=15000 ...
  Epoch     1/15000  loss=4.5465e-01  lr=5.00e-04  (0.1s)
    -> min_loss=1.738e-05  mean_rel_err=2.720e-04  min_digits=4  params=165,121  (1443.8s)
[120/567] omega0=12.0 sigma0=5.0 width=64 blocks=5 lr=0.0006 epochs=3000 ...
  Epoch     1/3000  loss=4.5465e-01  lr=6.00e-04  (0.1s)
    -> min_loss=9.141e-05  mean_rel_err=6.080e-04  min_digits=4  params=165,121  (289.3s)
[121/567] omega0=12.0 sigma0=5.0 width=64 blocks=5 lr=0.0006 epochs=5000 ...
  Epoch     1/5000  loss=4.5465e-01  lr=6.00e-04  (0.1s)
    -> min_loss=4.844e-05  mean_rel_err=2.618e-04  min_digits=4  params=165,121  (482.4s)
[122/567] omega0=12.0 sigma0=5.0 width=64 blocks=5 lr=0.0006 epochs=7000 ...
  Epoch     1/7000  loss=4.5465e-01  lr=6.00e-04  (0.1s)
    -> min_loss=3.212e-05  mean_rel_err=1.706e-04  min_digits=4  params=165,121  (674.8s)
[123/567] omega0=12.0 sigma0=5.0 width=64 blocks=5 lr=0.0006 epochs=8500 ...
  Epoch     1/8500  loss=4.5465e-01  lr=6.00e-04  (0.1s)
    -> min_loss=3.262e-05  mean_rel_err=2.540e-04  min_digits=4  params=165,121  (819.4s)
[124/567] omega0=12.0 sigma0=5.0 width=64 blocks=5 lr=0.0006 epochs=10000 ...
  Epoch     1/10000  loss=4.5465e-01  lr=6.00e-04  (0.1s)
    -> min_loss=2.631e-05  mean_rel_err=3.512e-04  min_digits=4  params=165,121  (965.0s)
[125/567] omega0=12.0 sigma0=5.0 width=64 blocks=5 lr=0.0006 epochs=12000 ...
  Epoch     1/12000  loss=4.5465e-01  lr=6.00e-04  (0.1s)
    -> min_loss=2.646e-05  mean_rel_err=3.418e-04  min_digits=4  params=165,121  (1165.8s)
[126/567] omega0=12.0 sigma0=5.0 width=64 blocks=5 lr=0.0006 epochs=15000 ...
  Epoch     1/15000  loss=4.5465e-01  lr=6.00e-04  (0.1s)
    -> min_loss=1.716e-05  mean_rel_err=2.086e-04  min_digits=4  params=165,121  (1447.2s)
[127/567] omega0=12.0 sigma0=7.0 width=64 blocks=3 lr=0.0004 epochs=3000 ...
  Epoch     1/3000  loss=3.4282e-01  lr=4.00e-04  (0.1s)
    -> min_loss=6.392e-05  mean_rel_err=5.001e-04  min_digits=4  params=99,329  (181.0s)
[128/567] omega0=12.0 sigma0=7.0 width=64 blocks=3 lr=0.0004 epochs=5000 ...
  Epoch     1/5000  loss=3.4282e-01  lr=4.00e-04  (0.1s)
    -> min_loss=3.454e-05  mean_rel_err=2.265e-04  min_digits=4  params=99,329  (301.9s)
[129/567] omega0=12.0 sigma0=7.0 width=64 blocks=3 lr=0.0004 epochs=7000 ...
  Epoch     1/7000  loss=3.4282e-01  lr=4.00e-04  (0.1s)
    -> min_loss=2.588e-05  mean_rel_err=1.786e-04  min_digits=4  params=99,329  (422.3s)
[130/567] omega0=12.0 sigma0=7.0 width=64 blocks=3 lr=0.0004 epochs=8500 ...
  Epoch     1/8500  loss=3.4282e-01  lr=4.00e-04  (0.1s)
    -> min_loss=2.247e-05  mean_rel_err=2.519e-04  min_digits=4  params=99,329  (512.7s)
[131/567] omega0=12.0 sigma0=7.0 width=64 blocks=3 lr=0.0004 epochs=10000 ...
  Epoch     1/10000  loss=3.4282e-01  lr=4.00e-04  (0.1s)
    -> min_loss=1.772e-05  mean_rel_err=2.434e-04  min_digits=4  params=99,329  (602.7s)
[132/567] omega0=12.0 sigma0=7.0 width=64 blocks=3 lr=0.0004 epochs=12000 ...
  Epoch     1/12000  loss=3.4282e-01  lr=4.00e-04  (0.1s)
    -> min_loss=1.395e-05  mean_rel_err=2.078e-04  min_digits=4  params=99,329  (723.1s)
[133/567] omega0=12.0 sigma0=7.0 width=64 blocks=3 lr=0.0004 epochs=15000 ...
  Epoch     1/15000  loss=3.4282e-01  lr=4.00e-04  (0.1s)
    -> min_loss=1.159e-05  mean_rel_err=5.550e-04  min_digits=4  params=99,329  (903.8s)
[134/567] omega0=12.0 sigma0=7.0 width=64 blocks=3 lr=0.0005 epochs=3000 ...
  Epoch     1/3000  loss=3.4282e-01  lr=5.00e-04  (0.1s)
    -> min_loss=7.872e-05  mean_rel_err=4.825e-04  min_digits=3  params=99,329  (180.9s)
[135/567] omega0=12.0 sigma0=7.0 width=64 blocks=3 lr=0.0005 epochs=5000 ...
  Epoch     1/5000  loss=3.4282e-01  lr=5.00e-04  (0.1s)
    -> min_loss=3.861e-05  mean_rel_err=2.532e-04  min_digits=4  params=99,329  (301.5s)
[136/567] omega0=12.0 sigma0=7.0 width=64 blocks=3 lr=0.0005 epochs=7000 ...
  Epoch     1/7000  loss=3.4282e-01  lr=5.00e-04  (0.1s)
    -> min_loss=3.066e-05  mean_rel_err=2.107e-04  min_digits=4  params=99,329  (422.4s)
[137/567] omega0=12.0 sigma0=7.0 width=64 blocks=3 lr=0.0005 epochs=8500 ...
  Epoch     1/8500  loss=3.4282e-01  lr=5.00e-04  (0.1s)
    -> min_loss=2.435e-05  mean_rel_err=1.990e-04  min_digits=4  params=99,329  (512.7s)
[138/567] omega0=12.0 sigma0=7.0 width=64 blocks=3 lr=0.0005 epochs=10000 ...
  Epoch     1/10000  loss=3.4282e-01  lr=5.00e-04  (0.1s)
    -> min_loss=2.394e-05  mean_rel_err=4.396e-04  min_digits=4  params=99,329  (602.9s)
[139/567] omega0=12.0 sigma0=7.0 width=64 blocks=3 lr=0.0005 epochs=12000 ...
