SKULD is using device: cuda

════════════════════════════════════════════════════════════════════════
  TANHIREN LOW OMEGA_0 SWEEP  —  6 omegas × 3 seeds = 18 runs, device=cuda:0
  omega_0 grid: [1.0, 2.0, 3.0, 5.0, 7.0, 10.0]
  seeds: [42, 43, 44]
  fixed: hidden=[128, 128, 128], lr=0.0005, epochs=8000, N=1024
════════════════════════════════════════════════════════════════════════

Computing scipy reference integrals (shared across all configs)...
Done.

  Results CSV (online): /zfs/store1.hydra.local/user/g/gshipunv/integral/project-skuld/research/experiments/grid/10-tanhiren-omega-sweep-low/../../results/grid/10-tanhiren-omega-sweep-low/sweep_results_2026-10-02_12-23.csv

[1/18] omega_0=1.0 seed=42 ...
/zfs/store1.hydra.local/user/g/gshipunv/.local/lib/python3.12/site-packages/torch/autograd/graph.py:841: UserWarning: Attempting to run cuBLAS, but there was no current CUDA context! Attempting to set the primary context... (Triggered internally at /pytorch/aten/src/ATen/cuda/CublasHandlePool.cpp:270.)
  return Variable._execution_engine.run_backward(  # Calls into the C++ engine to run the backward pass
  Epoch     1/8000  loss=3.7460e-01  lr=5.00e-04  (0.3s)
    -> min_loss=1.302e-03  mean_rel_err=9.233e-03  min_dig=2  mean_dig=3.0  max_dig=4  (81.6s)
[2/18] omega_0=1.0 seed=43 ...
  Epoch     1/8000  loss=3.7931e-01  lr=5.00e-04  (0.0s)
    -> min_loss=8.278e-04  mean_rel_err=4.523e-03  min_dig=3  mean_dig=3.5  max_dig=4  (79.9s)
[3/18] omega_0=1.0 seed=44 ...
  Epoch     1/8000  loss=3.6432e-01  lr=5.00e-04  (0.0s)
    -> min_loss=1.080e-03  mean_rel_err=2.971e-03  min_dig=3  mean_dig=3.8  max_dig=6  (79.3s)
[4/18] omega_0=2.0 seed=42 ...
  Epoch     1/8000  loss=3.7407e-01  lr=5.00e-04  (0.0s)
    -> min_loss=3.427e-04  mean_rel_err=1.754e-03  min_dig=3  mean_dig=3.9  max_dig=5  (78.3s)
[5/18] omega_0=2.0 seed=43 ...
  Epoch     1/8000  loss=3.7780e-01  lr=5.00e-04  (0.0s)
    -> min_loss=2.442e-04  mean_rel_err=6.801e-04  min_dig=4  mean_dig=4.2  max_dig=5  (78.4s)
[6/18] omega_0=2.0 seed=44 ...
  Epoch     1/8000  loss=3.6712e-01  lr=5.00e-04  (0.0s)
    -> min_loss=2.306e-04  mean_rel_err=8.075e-04  min_dig=4  mean_dig=4.1  max_dig=5  (77.8s)
[7/18] omega_0=3.0 seed=42 ...
  Epoch     1/8000  loss=3.6972e-01  lr=5.00e-04  (0.0s)
    -> min_loss=1.479e-04  mean_rel_err=3.252e-03  min_dig=3  mean_dig=3.5  max_dig=4  (78.6s)
[8/18] omega_0=3.0 seed=43 ...
  Epoch     1/8000  loss=3.7675e-01  lr=5.00e-04  (0.0s)
    -> min_loss=1.023e-04  mean_rel_err=3.631e-04  min_dig=4  mean_dig=4.8  max_dig=5  (77.3s)
[9/18] omega_0=3.0 seed=44 ...
  Epoch     1/8000  loss=3.6918e-01  lr=5.00e-04  (0.0s)
    -> min_loss=1.188e-04  mean_rel_err=5.460e-03  min_dig=3  mean_dig=3.2  max_dig=4  (79.1s)
[10/18] omega_0=5.0 seed=42 ...
  Epoch     1/8000  loss=3.6208e-01  lr=5.00e-04  (0.0s)
    -> min_loss=5.538e-05  mean_rel_err=8.088e-04  min_dig=4  mean_dig=4.0  max_dig=4  (78.7s)
[11/18] omega_0=5.0 seed=43 ...
  Epoch     1/8000  loss=3.7475e-01  lr=5.00e-04  (0.0s)
    -> min_loss=3.836e-05  mean_rel_err=7.929e-04  min_dig=4  mean_dig=4.4  max_dig=5  (78.2s)
[12/18] omega_0=5.0 seed=44 ...
  Epoch     1/8000  loss=3.7280e-01  lr=5.00e-04  (0.0s)
    -> min_loss=5.249e-05  mean_rel_err=6.021e-04  min_dig=4  mean_dig=4.4  max_dig=5  (79.0s)
[13/18] omega_0=7.0 seed=42 ...
  Epoch     1/8000  loss=3.6037e-01  lr=5.00e-04  (0.0s)
    -> min_loss=3.344e-05  mean_rel_err=2.550e-03  min_dig=3  mean_dig=3.8  max_dig=4  (80.1s)
[14/18] omega_0=7.0 seed=43 ...
  Epoch     1/8000  loss=3.7529e-01  lr=5.00e-04  (0.0s)
    -> min_loss=2.623e-05  mean_rel_err=7.456e-04  min_dig=4  mean_dig=4.2  max_dig=5  (78.9s)
[15/18] omega_0=7.0 seed=44 ...
  Epoch     1/8000  loss=3.7251e-01  lr=5.00e-04  (0.0s)
    -> min_loss=2.955e-05  mean_rel_err=8.716e-04  min_dig=3  mean_dig=4.1  max_dig=5  (77.2s)
[16/18] omega_0=10.0 seed=42 ...
  Epoch     1/8000  loss=3.6340e-01  lr=5.00e-04  (0.0s)
    -> min_loss=2.348e-05  mean_rel_err=1.276e-03  min_dig=3  mean_dig=4.0  max_dig=5  (79.2s)
[17/18] omega_0=10.0 seed=43 ...
  Epoch     1/8000  loss=3.7860e-01  lr=5.00e-04  (0.0s)
    -> min_loss=1.807e-05  mean_rel_err=1.439e-03  min_dig=3  mean_dig=3.9  max_dig=4  (77.9s)
[18/18] omega_0=10.0 seed=44 ...
  Epoch     1/8000  loss=3.6880e-01  lr=5.00e-04  (0.0s)
    -> min_loss=2.219e-05  mean_rel_err=9.464e-04  min_dig=3  mean_dig=4.1  max_dig=5  (78.7s)

══════════════════════════════════════════════════════════════════════════════════════════════════════════════
  RANKED RESULTS (best first)
══════════════════════════════════════════════════════════════════════════════════════════════════════════════
    #  omega_0  seed    min_loss  mean_relerr  min_dig  mean_dig  max_dig  time(s)
--------------------------------------------------------------------------------------------------------------
    1      3.0    43   1.023e-04    3.631e-04        4       4.8        5     77.3
    2      5.0    44   5.249e-05    6.021e-04        4       4.4        5     79.0
    3      2.0    43   2.442e-04    6.801e-04        4       4.2        5     78.4
    4      7.0    43   2.623e-05    7.456e-04        4       4.2        5     78.9
    5      5.0    43   3.836e-05    7.929e-04        4       4.4        5     78.2
    6      2.0    44   2.306e-04    8.075e-04        4       4.1        5     77.8
    7      5.0    42   5.538e-05    8.088e-04        4       4.0        4     78.7
    8      7.0    44   2.955e-05    8.716e-04        3       4.1        5     77.2
    9     10.0    44   2.219e-05    9.464e-04        3       4.1        5     78.7
   10     10.0    42   2.348e-05    1.276e-03        3       4.0        5     79.2
   11     10.0    43   1.807e-05    1.439e-03        3       3.9        4     77.9
   12      2.0    42   3.427e-04    1.754e-03        3       3.9        5     78.3
   13      7.0    42   3.344e-05    2.550e-03        3       3.8        4     80.1
   14      1.0    44   1.080e-03    2.971e-03        3       3.8        6     79.3
   15      3.0    42   1.479e-04    3.252e-03        3       3.5        4     78.6
   16      1.0    43   8.278e-04    4.523e-03        3       3.5        4     79.9
   17      3.0    44   1.188e-04    5.460e-03        3       3.2        4     79.1
   18      1.0    42   1.302e-03    9.233e-03        2       3.0        4     81.6
══════════════════════════════════════════════════════════════════════════════════════════════════════════════

  BEST CONFIG:
    omega_0 = 3.0
    seed    = 43
    -> min 4 correct digits, mean 4.8 digits, max 5 digits, mean rel. err 3.631e-04

══════════════════════════════════════════════════════════════════════════════════════════════════════════════
  PER-OMEGA_0 SUMMARY (across seeds)
══════════════════════════════════════════════════════════════════════════════════════════════════════════════
  omega_0=  1.0  min_dig=[3, 3, 2]  mean_dig=3.4  max_dig=[6, 4, 4]  mean_rel_err=5.575e-03  n=3
  omega_0=  2.0  min_dig=[4, 4, 3]  mean_dig=4.1  max_dig=[5, 5, 5]  mean_rel_err=1.081e-03  n=3
  omega_0=  3.0  min_dig=[4, 3, 3]  mean_dig=3.8  max_dig=[5, 4, 4]  mean_rel_err=3.025e-03  n=3
  omega_0=  5.0  min_dig=[4, 4, 4]  mean_dig=4.2  max_dig=[5, 5, 4]  mean_rel_err=7.346e-04  n=3
  omega_0=  7.0  min_dig=[4, 3, 3]  mean_dig=4.0  max_dig=[5, 5, 4]  mean_rel_err=1.389e-03  n=3
  omega_0= 10.0  min_dig=[3, 3, 3]  mean_dig=4.0  max_dig=[5, 5, 4]  mean_rel_err=1.221e-03  n=3
══════════════════════════════════════════════════════════════════════════════════════════════════════════════
  Full results saved -> /zfs/store1.hydra.local/user/g/gshipunv/integral/project-skuld/research/experiments/grid/10-tanhiren-omega-sweep-low/../../results/grid/10-tanhiren-omega-sweep-low/sweep_results_2026-10-02_12-23.csv

