SKULD is using device: cuda

  Run started : 2026-10-01 20:01
  Device      : cuda

  Architecture : SECHIREN v2  [256, 256, 256]  omega_0=30.0 (learnable)
  Parameters   : 133,893
  Output scale : 3.704e-05 (learnable)
  Epochs       : 16000
  Epoch     1/16000  loss=3.7234e-01  lr=5.00e-04  (0.3s)
  Epoch  1000/16000  loss=4.6526e-02  lr=4.96e-04  (24.2s)
  Epoch  2000/16000  loss=1.3572e-03  lr=4.83e-04  (48.2s)
  Epoch  3000/16000  loss=3.2351e-04  lr=4.62e-04  (72.0s)
  Epoch  4000/16000  loss=4.6273e-03  lr=4.34e-04  (95.9s)
  Epoch  5000/16000  loss=3.3470e-04  lr=4.00e-04  (119.7s)
  Epoch  6000/16000  loss=4.2383e-04  lr=3.61e-04  (143.5s)
  Epoch  7000/16000  loss=2.8765e-04  lr=3.19e-04  (167.2s)
  Epoch  8000/16000  loss=3.1437e-05  lr=2.75e-04  (191.0s)
  Epoch  9000/16000  loss=1.3106e-03  lr=2.31e-04  (214.9s)
  Epoch 10000/16000  loss=2.9029e-04  lr=1.89e-04  (238.8s)
  Epoch 11000/16000  loss=3.4429e-05  lr=1.50e-04  (262.7s)
  Epoch 12000/16000  loss=7.3473e-06  lr=1.16e-04  (286.3s)
  Epoch 13000/16000  loss=9.9274e-06  lr=8.79e-05  (310.3s)
  Epoch 14000/16000  loss=8.4938e-06  lr=6.71e-05  (334.1s)
  Epoch 15000/16000  loss=2.3131e-05  lr=5.43e-05  (357.9s)
  Epoch 16000/16000  loss=1.1904e-05  lr=5.00e-05  (381.7s)

Computing reference values (scipy) ...

  (0,0,1,2):  1.024334e+00  +/-  1.1e-13
  (0,1,1,2):  3.758095e-01  +/-  1.3e-13
  (1,0,1,2):  3.758095e-01  +/-  1.6e-13
  (1,1,1,2):  1.142569e-01  +/-  8.7e-14
  (0,0,2,3):  8.247579e-01  +/-  1.1e-13
  (0,1,2,3):  3.074143e-01  +/-  1.5e-13
  (1,0,2,3):  3.074143e-01  +/-  1.6e-13
  (1,1,2,3):  9.614571e-02  +/-  9.1e-14

====================================================================================
   (a,b,m,n)         NNI            scipy         |delta|    |delta|/ref  Digits
====================================================================================
   (0,0,1,2)       1.026250e+00    1.024334e+00    1.916e-03  1.870e-03    3   
   (0,1,1,2)       3.770975e-01    3.758095e-01    1.288e-03  3.427e-03    3   
   (1,0,1,2)       3.771718e-01    3.758095e-01    1.362e-03  3.625e-03    3   
   (1,1,1,2)       1.149329e-01    1.142569e-01    6.760e-04  5.916e-03    4   
   (0,0,2,3)       8.256722e-01    8.247579e-01    9.143e-04  1.109e-03    4   
   (0,1,2,3)       3.082988e-01    3.074143e-01    8.845e-04  2.877e-03    4   
   (1,0,2,3)       3.082823e-01    3.074143e-01    8.680e-04  2.824e-03    4   
   (1,1,2,3)       9.657215e-02    9.614571e-02    4.264e-04  4.435e-03    4   
====================================================================================

  Final loss   : 1.1904e-05
  Minimum loss : 2.3821e-06
  Loss @ epoch 1: 3.7234e-01

  Run finished : 2026-10-01 20:08

  Log saved -> /zfs/store1.hydra.local/user/g/gshipunv/integral/project-skuld/research/experiments/flat/12-sechiren-integrator/../../../results/flat/12-sechiren-integrator/results_sechiren_v2_256_2026-10-01_20-01.out
