==================================================================
Job ID:     2668968
Script:     /lustre/projects/g/gshipunv/project-skuld/research/experiments/grid/17-tropical-integrator-sweep/trop_sweep.py
Arguments:  --num-gpus 4
Log file:   /lustre/projects/g/gshipunv/project-skuld/research/results/grid/17-tropical-integrator-sweep/slurm-2668968.log
Python:     /zfs/store1.hydra.local/user/g/gshipunv/.conda/envs/jasher-lustre/bin/python
PYTHONPATH: /lustre/projects/g/gshipunv/project-skuld/research:/lustre/projects/g/gshipunv/project-skuld:/lustre/projects/g/gshipunv/project-skuld/research/experiments/grid/17-tropical-integrator-sweep:
==================================================================
==============================================================================
  TROP v2 GRID SWEEP — GPU 2/4
  device=cuda:0  epochs=16000  seeds=[42, 137, 2024, 999, 7]
  total configs: 12  my configs: 3
==============================================================================

Computing scipy reference integrals ...
Done.

  Found 11 existing results, will skip.

    Epoch    800/16000  tau=0.7946  loss = 4.102019e-06
    Epoch   1600/16000  tau=0.6311  loss = 2.791183e-04
    Epoch   2400/16000  tau=0.5013  loss = 3.857773e-09
    Epoch   3200/16000  tau=0.3982  loss = 1.263207e-09
    Epoch   4000/16000  tau=0.3163  loss = 1.899902e-05
    Epoch   4800/16000  tau=0.2513  loss = 6.935171e-07
    Epoch   5600/16000  tau=0.1996  loss = 5.122191e-06
    Epoch   6400/16000  tau=0.1585  loss = 5.718109e-09
    Epoch   7200/16000  tau=0.1259  loss = 5.654646e-05
    Epoch   8000/16000  tau=0.1000  loss = 8.404066e-09
    Epoch   8800/16000  tau=0.0795  loss = 5.017206e-07
    Epoch   9600/16000  tau=0.0631  loss = 1.641894e-05
    Epoch  10400/16000  tau=0.0501  loss = 6.682528e-07
    Epoch  11200/16000  tau=0.0398  loss = 4.127324e-06
    Epoch  12000/16000  tau=0.0316  loss = 1.199396e-07
    Epoch  12800/16000  tau=0.0251  loss = 8.581884e-09
    Epoch  13600/16000  tau=0.0200  loss = 5.174481e-07
    Epoch  14400/16000  tau=0.0159  loss = 1.328223e-10
    Epoch  15200/16000  tau=0.0126  loss = 1.118471e-08
    Epoch  16000/16000  tau=0.0100  loss = 2.394079e-09
  [12/15] pieces=16 lr=0.001 seed=137  mean_dig=6.00  max_dig=7  loss=2.39e-09  (741.8s)
    Epoch    800/16000  tau=0.7946  loss = 8.480691e-08
