==================================================================
Job ID:     2668841
Script:     /lustre/projects/g/gshipunv/project-skuld/research/experiments/grid/17-tropical-integrator-sweep/trop_sweep.py
Arguments:  --num-gpus 4
Log file:   /lustre/projects/g/gshipunv/project-skuld/research/results/grid/17-tropical-integrator-sweep/slurm-2668841.log
Python:     /zfs/store1.hydra.local/user/g/gshipunv/.conda/envs/jasher-lustre/bin/python
PYTHONPATH: /lustre/projects/g/gshipunv/project-skuld/research:/lustre/projects/g/gshipunv/project-skuld:/lustre/projects/g/gshipunv/project-skuld/research/experiments/grid/17-tropical-integrator-sweep:
==================================================================
==============================================================================
  TROP v2 GRID SWEEP — GPU 0/4
  device=cuda:0  epochs=16000  seeds=[42, 137, 2024, 999, 7]
  total configs: 12  my configs: 3
==============================================================================

Computing scipy reference integrals ...
Done.

    Epoch    800/16000  tau=0.7946  loss = 1.280936e-05
    Epoch   1600/16000  tau=0.6311  loss = 1.184995e-07
    Epoch   2400/16000  tau=0.5013  loss = 4.024589e-07
    Epoch   3200/16000  tau=0.3982  loss = 1.937078e-08
    Epoch   4000/16000  tau=0.3163  loss = 7.580337e-09
    Epoch   4800/16000  tau=0.2513  loss = 1.650269e-05
    Epoch   5600/16000  tau=0.1996  loss = 7.000042e-07
    Epoch   6400/16000  tau=0.1585  loss = 7.018567e-09
    Epoch   7200/16000  tau=0.1259  loss = 8.188836e-05
    Epoch   8000/16000  tau=0.1000  loss = 1.419987e-09
    Epoch   8800/16000  tau=0.0795  loss = 3.259088e-10
    Epoch   9600/16000  tau=0.0631  loss = 1.179686e-08
    Epoch  10400/16000  tau=0.0501  loss = 4.096691e-07
    Epoch  11200/16000  tau=0.0398  loss = 1.552266e-10
    Epoch  12000/16000  tau=0.0316  loss = 1.523352e-10
    Epoch  12800/16000  tau=0.0251  loss = 1.547946e-07
    Epoch  13600/16000  tau=0.0200  loss = 1.195190e-11
    Epoch  14400/16000  tau=0.0159  loss = 1.819977e-10
    Epoch  15200/16000  tau=0.0126  loss = 5.799042e-12
    Epoch  16000/16000  tau=0.0100  loss = 2.485248e-12
  [1/15] pieces=10 lr=0.0005 seed=42  mean_dig=6.62  max_dig=7  loss=2.49e-12  (758.9s)
    Epoch    800/16000  tau=0.7946  loss = 5.588332e-05
    Epoch   1600/16000  tau=0.6311  loss = 1.251189e-04
    Epoch   2400/16000  tau=0.5013  loss = 4.162586e-09
    Epoch   3200/16000  tau=0.3982  loss = 2.354433e-08
    Epoch   4000/16000  tau=0.3163  loss = 1.866342e-07
    Epoch   4800/16000  tau=0.2513  loss = 3.865471e-05
    Epoch   5600/16000  tau=0.1996  loss = 9.052884e-10
    Epoch   6400/16000  tau=0.1585  loss = 8.401632e-10
    Epoch   7200/16000  tau=0.1259  loss = 1.847982e-09
    Epoch   8000/16000  tau=0.1000  loss = 3.411557e-07
    Epoch   8800/16000  tau=0.0795  loss = 1.638513e-08
    Epoch   9600/16000  tau=0.0631  loss = 3.911316e-08
    Epoch  10400/16000  tau=0.0501  loss = 3.133698e-08
    Epoch  11200/16000  tau=0.0398  loss = 5.039351e-08
    Epoch  12000/16000  tau=0.0316  loss = 8.421143e-11
    Epoch  12800/16000  tau=0.0251  loss = 6.034341e-11
    Epoch  13600/16000  tau=0.0200  loss = 1.950630e-11
    Epoch  14400/16000  tau=0.0159  loss = 4.222635e-09
    Epoch  15200/16000  tau=0.0126  loss = 1.987244e-08
    Epoch  16000/16000  tau=0.0100  loss = 1.735093e-09
  [2/15] pieces=10 lr=0.0005 seed=137  mean_dig=5.00  max_dig=5  loss=1.74e-09  (754.9s)
    Epoch    800/16000  tau=0.7946  loss = 4.456347e-04
    Epoch   1600/16000  tau=0.6311  loss = 2.829482e-06
    Epoch   2400/16000  tau=0.5013  loss = 4.289468e-08
    Epoch   3200/16000  tau=0.3982  loss = 6.525574e-09
    Epoch   4000/16000  tau=0.3163  loss = 3.535753e-09
    Epoch   4800/16000  tau=0.2513  loss = 1.929498e-09
    Epoch   5600/16000  tau=0.1996  loss = 1.017540e-05
    Epoch   6400/16000  tau=0.1585  loss = 2.168257e-09
    Epoch   7200/16000  tau=0.1259  loss = 2.254206e-09
    Epoch   8000/16000  tau=0.1000  loss = 1.893409e-09
    Epoch   8800/16000  tau=0.0795  loss = 8.974631e-10
    Epoch   9600/16000  tau=0.0631  loss = 2.513138e-09
    Epoch  10400/16000  tau=0.0501  loss = 3.052897e-10
    Epoch  11200/16000  tau=0.0398  loss = 3.018214e-10
    Epoch  12000/16000  tau=0.0316  loss = 2.094284e-09
    Epoch  12800/16000  tau=0.0251  loss = 5.939128e-11
    Epoch  13600/16000  tau=0.0200  loss = 2.375989e-06
    Epoch  14400/16000  tau=0.0159  loss = 2.654556e-11
    Epoch  15200/16000  tau=0.0126  loss = 1.413815e-11
    Epoch  16000/16000  tau=0.0100  loss = 4.087454e-11
  [3/15] pieces=10 lr=0.0005 seed=2024  mean_dig=6.12  max_dig=7  loss=4.09e-11  (751.4s)
    Epoch    800/16000  tau=0.7946  loss = 2.400226e-06
    Epoch   1600/16000  tau=0.6311  loss = 8.880444e-08
    Epoch   2400/16000  tau=0.5013  loss = 3.266703e-05
    Epoch   3200/16000  tau=0.3982  loss = 1.134883e-08
    Epoch   4000/16000  tau=0.3163  loss = 1.147277e-05
    Epoch   4800/16000  tau=0.2513  loss = 3.410951e-04
    Epoch   5600/16000  tau=0.1996  loss = 4.009745e-06
    Epoch   6400/16000  tau=0.1585  loss = 9.355270e-06
    Epoch   7200/16000  tau=0.1259  loss = 5.458296e-06
    Epoch   8000/16000  tau=0.1000  loss = 9.829128e-11
    Epoch   8800/16000  tau=0.0795  loss = 9.569359e-06
    Epoch   9600/16000  tau=0.0631  loss = 6.731388e-06
    Epoch  10400/16000  tau=0.0501  loss = 4.907641e-06
    Epoch  11200/16000  tau=0.0398  loss = 3.286879e-06
    Epoch  12000/16000  tau=0.0316  loss = 1.414706e-06
    Epoch  12800/16000  tau=0.0251  loss = 1.499199e-06
    Epoch  13600/16000  tau=0.0200  loss = 6.184511e-12
    Epoch  14400/16000  tau=0.0159  loss = 5.038317e-12
    Epoch  15200/16000  tau=0.0126  loss = 1.488712e-12
    Epoch  16000/16000  tau=0.0100  loss = 1.194597e-10
  [4/15] pieces=10 lr=0.0005 seed=999  mean_dig=5.75  max_dig=7  loss=1.19e-10  (750.4s)
    Epoch    800/16000  tau=0.7946  loss = 1.962767e-06
    Epoch   1600/16000  tau=0.6311  loss = 6.048214e-08
    Epoch   2400/16000  tau=0.5013  loss = 1.909204e-05
    Epoch   3200/16000  tau=0.3982  loss = 8.551905e-09
    Epoch   4000/16000  tau=0.3163  loss = 3.772397e-09
    Epoch   4800/16000  tau=0.2513  loss = 1.194048e-09
    Epoch   5600/16000  tau=0.1996  loss = 6.601854e-07
    Epoch   6400/16000  tau=0.1585  loss = 1.287519e-07
    Epoch   7200/16000  tau=0.1259  loss = 1.426349e-06
    Epoch   8000/16000  tau=0.1000  loss = 9.268235e-07
    Epoch   8800/16000  tau=0.0795  loss = 4.186532e-06
    Epoch   9600/16000  tau=0.0631  loss = 2.775541e-09
    Epoch  10400/16000  tau=0.0501  loss = 8.681123e-06
    Epoch  11200/16000  tau=0.0398  loss = 3.282575e-06
    Epoch  12000/16000  tau=0.0316  loss = 1.902915e-06
    Epoch  12800/16000  tau=0.0251  loss = 8.676321e-07
    Epoch  13600/16000  tau=0.0200  loss = 3.179435e-07
    Epoch  14400/16000  tau=0.0159  loss = 8.002060e-08
    Epoch  15200/16000  tau=0.0126  loss = 1.743516e-08
    Epoch  16000/16000  tau=0.0100  loss = 1.005832e-08
  [5/15] pieces=10 lr=0.0005 seed=7  mean_dig=5.00  max_dig=5  loss=1.01e-08  (751.5s)
    Epoch    800/16000  tau=0.7946  loss = 2.910365e-07
    Epoch   1600/16000  tau=0.6311  loss = 2.184202e-09
    Epoch   2400/16000  tau=0.5013  loss = 1.792233e-08
    Epoch   3200/16000  tau=0.3982  loss = 1.338384e-09
    Epoch   4000/16000  tau=0.3163  loss = 1.086330e-09
    Epoch   4800/16000  tau=0.2513  loss = 9.159608e-08
    Epoch   5600/16000  tau=0.1996  loss = 4.822225e-07
    Epoch   6400/16000  tau=0.1585  loss = 5.655404e-06
    Epoch   7200/16000  tau=0.1259  loss = 3.400674e-05
    Epoch   8000/16000  tau=0.1000  loss = 6.714246e-07
    Epoch   8800/16000  tau=0.0795  loss = 2.897785e-10
    Epoch   9600/16000  tau=0.0631  loss = 3.903467e-06
    Epoch  10400/16000  tau=0.0501  loss = 9.018088e-11
    Epoch  11200/16000  tau=0.0398  loss = 2.566829e-07
    Epoch  12000/16000  tau=0.0316  loss = 4.752024e-06
    Epoch  12800/16000  tau=0.0251  loss = 3.890767e-06
    Epoch  13600/16000  tau=0.0200  loss = 2.213930e-11
    Epoch  14400/16000  tau=0.0159  loss = 2.884524e-09
    Epoch  15200/16000  tau=0.0126  loss = 1.033630e-09
    Epoch  16000/16000  tau=0.0100  loss = 1.366788e-10
  [6/15] pieces=12 lr=0.001 seed=42  mean_dig=5.75  max_dig=7  loss=1.37e-10  (749.5s)
    Epoch    800/16000  tau=0.7946  loss = 3.877156e-07
    Epoch   1600/16000  tau=0.6311  loss = 1.473511e-07
    Epoch   2400/16000  tau=0.5013  loss = 1.370056e-05
    Epoch   3200/16000  tau=0.3982  loss = 2.968869e-05
    Epoch   4000/16000  tau=0.3163  loss = 2.949494e-05
    Epoch   4800/16000  tau=0.2513  loss = 1.118963e-05
    Epoch   5600/16000  tau=0.1996  loss = 1.287670e-04
    Epoch   6400/16000  tau=0.1585  loss = 7.589671e-06
    Epoch   7200/16000  tau=0.1259  loss = 5.502434e-05
    Epoch   8000/16000  tau=0.1000  loss = 9.457446e-07
    Epoch   8800/16000  tau=0.0795  loss = 1.211179e-05
    Epoch   9600/16000  tau=0.0631  loss = 6.064115e-06
    Epoch  10400/16000  tau=0.0501  loss = 5.549352e-06
    Epoch  11200/16000  tau=0.0398  loss = 1.397418e-06
    Epoch  12000/16000  tau=0.0316  loss = 6.273899e-07
    Epoch  12800/16000  tau=0.0251  loss = 6.495582e-07
    Epoch  13600/16000  tau=0.0200  loss = 1.789421e-06
    Epoch  14400/16000  tau=0.0159  loss = 7.695272e-10
    Epoch  15200/16000  tau=0.0126  loss = 1.651550e-09
    Epoch  16000/16000  tau=0.0100  loss = 1.855063e-08
  [7/15] pieces=12 lr=0.001 seed=137  mean_dig=4.25  max_dig=5  loss=1.86e-08  (752.5s)
    Epoch    800/16000  tau=0.7946  loss = 7.771142e-08
    Epoch   1600/16000  tau=0.6311  loss = 2.799878e-06
    Epoch   2400/16000  tau=0.5013  loss = 5.040126e-09
    Epoch   3200/16000  tau=0.3982  loss = 4.155786e-05
    Epoch   4000/16000  tau=0.3163  loss = 1.616197e-06
    Epoch   4800/16000  tau=0.2513  loss = 3.119178e-07
    Epoch   5600/16000  tau=0.1996  loss = 3.031353e-09
    Epoch   6400/16000  tau=0.1585  loss = 7.802105e-06
    Epoch   7200/16000  tau=0.1259  loss = 2.048154e-10
    Epoch   8000/16000  tau=0.1000  loss = 1.011356e-04
    Epoch   8800/16000  tau=0.0795  loss = 1.968037e-06
    Epoch   9600/16000  tau=0.0631  loss = 3.501784e-09
    Epoch  10400/16000  tau=0.0501  loss = 7.029190e-11
    Epoch  11200/16000  tau=0.0398  loss = 2.534503e-10
    Epoch  12000/16000  tau=0.0316  loss = 3.340684e-10
    Epoch  12800/16000  tau=0.0251  loss = 9.625158e-11
    Epoch  13600/16000  tau=0.0200  loss = 1.388643e-08
    Epoch  14400/16000  tau=0.0159  loss = 7.509176e-08
    Epoch  15200/16000  tau=0.0126  loss = 1.264712e-09
    Epoch  16000/16000  tau=0.0100  loss = 2.134165e-10
  [8/15] pieces=12 lr=0.001 seed=2024  mean_dig=6.25  max_dig=7  loss=2.13e-10  (751.4s)
    Epoch    800/16000  tau=0.7946  loss = 2.349888e-07
    Epoch   1600/16000  tau=0.6311  loss = 3.018717e-06
    Epoch   2400/16000  tau=0.5013  loss = 7.696776e-07
    Epoch   3200/16000  tau=0.3982  loss = 8.659292e-10
    Epoch   4000/16000  tau=0.3163  loss = 7.911200e-05
    Epoch   4800/16000  tau=0.2513  loss = 8.344895e-06
    Epoch   5600/16000  tau=0.1996  loss = 2.395363e-05
    Epoch   6400/16000  tau=0.1585  loss = 1.810104e-06
    Epoch   7200/16000  tau=0.1259  loss = 2.699889e-05
    Epoch   8000/16000  tau=0.1000  loss = 9.035396e-06
    Epoch   8800/16000  tau=0.0795  loss = 2.620002e-05
    Epoch   9600/16000  tau=0.0631  loss = 2.743908e-06
    Epoch  10400/16000  tau=0.0501  loss = 2.197500e-06
    Epoch  11200/16000  tau=0.0398  loss = 1.844073e-06
    Epoch  12000/16000  tau=0.0316  loss = 1.284327e-06
    Epoch  12800/16000  tau=0.0251  loss = 1.560688e-09
    Epoch  13600/16000  tau=0.0200  loss = 1.782574e-09
    Epoch  14400/16000  tau=0.0159  loss = 1.567189e-08
    Epoch  15200/16000  tau=0.0126  loss = 3.060716e-08
    Epoch  16000/16000  tau=0.0100  loss = 8.515823e-11
  [9/15] pieces=12 lr=0.001 seed=999  mean_dig=6.00  max_dig=7  loss=8.52e-11  (752.3s)
    Epoch    800/16000  tau=0.7946  loss = 1.552550e-06
