==================================================================
Job ID:     2668840
Script:     /lustre/projects/g/gshipunv/project-skuld/research/experiments/grid/17-tropical-integrator-sweep/trop_sweep.py
Arguments:  --num-gpus 4
Log file:   /lustre/projects/g/gshipunv/project-skuld/research/results/grid/17-tropical-integrator-sweep/slurm-2668840.log
Python:     /zfs/store1.hydra.local/user/g/gshipunv/.conda/envs/jasher-lustre/bin/python
PYTHONPATH: /lustre/projects/g/gshipunv/project-skuld/research:/lustre/projects/g/gshipunv/project-skuld:/lustre/projects/g/gshipunv/project-skuld/research/experiments/grid/17-tropical-integrator-sweep:
==================================================================
==============================================================================
  TROP v2 GRID SWEEP — GPU 3/4
  device=cuda:0  epochs=16000  seeds=[42, 137, 2024, 999, 7]
  total configs: 12  my configs: 3
==============================================================================

Computing scipy reference integrals ...
Done.

    Epoch    800/16000  tau=0.7946  loss = 2.033379e-06
    Epoch   1600/16000  tau=0.6311  loss = 2.028775e-07
    Epoch   2400/16000  tau=0.5013  loss = 9.065796e-05
    Epoch   3200/16000  tau=0.3982  loss = 3.330852e-10
    Epoch   4000/16000  tau=0.3163  loss = 3.380376e-09
    Epoch   4800/16000  tau=0.2513  loss = 4.456443e-09
    Epoch   5600/16000  tau=0.1996  loss = 1.054778e-08
    Epoch   6400/16000  tau=0.1585  loss = 9.244540e-10
    Epoch   7200/16000  tau=0.1259  loss = 9.955143e-08
    Epoch   8000/16000  tau=0.1000  loss = 1.533711e-07
    Epoch   8800/16000  tau=0.0795  loss = 1.186746e-05
    Epoch   9600/16000  tau=0.0631  loss = 8.882434e-08
    Epoch  10400/16000  tau=0.0501  loss = 1.944331e-08
    Epoch  11200/16000  tau=0.0398  loss = 5.345822e-07
    Epoch  12000/16000  tau=0.0316  loss = 3.994349e-07
    Epoch  12800/16000  tau=0.0251  loss = 2.545646e-07
    Epoch  13600/16000  tau=0.0200  loss = 1.244962e-07
    Epoch  14400/16000  tau=0.0159  loss = 4.292784e-09
    Epoch  15200/16000  tau=0.0126  loss = 2.609642e-09
    Epoch  16000/16000  tau=0.0100  loss = 2.873618e-10
  [1/15] pieces=12 lr=0.0005 seed=42  mean_dig=5.50  max_dig=6  loss=2.87e-10  (738.3s)
    Epoch    800/16000  tau=0.7946  loss = 1.072624e-06
    Epoch   1600/16000  tau=0.6311  loss = 1.119360e-07
    Epoch   2400/16000  tau=0.5013  loss = 2.871099e-04
    Epoch   3200/16000  tau=0.3982  loss = 5.513730e-04
    Epoch   4000/16000  tau=0.3163  loss = 9.805314e-09
    Epoch   4800/16000  tau=0.2513  loss = 1.692887e-06
    Epoch   5600/16000  tau=0.1996  loss = 8.402586e-05
    Epoch   6400/16000  tau=0.1585  loss = 1.548012e-10
    Epoch   7200/16000  tau=0.1259  loss = 8.163394e-11
    Epoch   8000/16000  tau=0.1000  loss = 3.898183e-11
    Epoch   8800/16000  tau=0.0795  loss = 5.128221e-11
    Epoch   9600/16000  tau=0.0631  loss = 2.409863e-11
    Epoch  10400/16000  tau=0.0501  loss = 2.080881e-11
    Epoch  11200/16000  tau=0.0398  loss = 1.168367e-04
    Epoch  12000/16000  tau=0.0316  loss = 8.618564e-12
    Epoch  12800/16000  tau=0.0251  loss = 6.872405e-12
    Epoch  13600/16000  tau=0.0200  loss = 2.864056e-12
    Epoch  14400/16000  tau=0.0159  loss = 3.029257e-12
    Epoch  15200/16000  tau=0.0126  loss = 8.603257e-13
    Epoch  16000/16000  tau=0.0100  loss = 1.313297e-12
  [2/15] pieces=12 lr=0.0005 seed=137  mean_dig=6.62  max_dig=8  loss=1.31e-12  (727.1s)
    Epoch    800/16000  tau=0.7946  loss = 7.651809e-07
    Epoch   1600/16000  tau=0.6311  loss = 5.824077e-05
    Epoch   2400/16000  tau=0.5013  loss = 2.985568e-08
    Epoch   3200/16000  tau=0.3982  loss = 3.004130e-07
    Epoch   4000/16000  tau=0.3163  loss = 2.877180e-09
    Epoch   4800/16000  tau=0.2513  loss = 5.604557e-09
    Epoch   5600/16000  tau=0.1996  loss = 1.076023e-09
    Epoch   6400/16000  tau=0.1585  loss = 5.479349e-05
    Epoch   7200/16000  tau=0.1259  loss = 4.764359e-08
    Epoch   8000/16000  tau=0.1000  loss = 5.424724e-10
    Epoch   8800/16000  tau=0.0795  loss = 1.084624e-05
    Epoch   9600/16000  tau=0.0631  loss = 8.493646e-08
    Epoch  10400/16000  tau=0.0501  loss = 1.807865e-08
    Epoch  11200/16000  tau=0.0398  loss = 9.140495e-09
    Epoch  12000/16000  tau=0.0316  loss = 6.251856e-11
    Epoch  12800/16000  tau=0.0251  loss = 1.911672e-08
    Epoch  13600/16000  tau=0.0200  loss = 4.384694e-10
    Epoch  14400/16000  tau=0.0159  loss = 1.501054e-08
    Epoch  15200/16000  tau=0.0126  loss = 5.773810e-09
    Epoch  16000/16000  tau=0.0100  loss = 1.189116e-09
  [3/15] pieces=12 lr=0.0005 seed=2024  mean_dig=5.50  max_dig=6  loss=1.19e-09  (728.7s)
    Epoch    800/16000  tau=0.7946  loss = 2.230161e-07
    Epoch   1600/16000  tau=0.6311  loss = 2.810930e-08
    Epoch   2400/16000  tau=0.5013  loss = 5.369609e-09
    Epoch   3200/16000  tau=0.3982  loss = 2.406044e-09
    Epoch   4000/16000  tau=0.3163  loss = 8.662757e-09
    Epoch   4800/16000  tau=0.2513  loss = 1.946918e-04
    Epoch   5600/16000  tau=0.1996  loss = 1.255617e-09
    Epoch   6400/16000  tau=0.1585  loss = 1.613508e-08
    Epoch   7200/16000  tau=0.1259  loss = 8.229954e-06
    Epoch   8000/16000  tau=0.1000  loss = 2.460787e-09
    Epoch   8800/16000  tau=0.0795  loss = 2.157427e-09
    Epoch   9600/16000  tau=0.0631  loss = 3.845259e-05
    Epoch  10400/16000  tau=0.0501  loss = 6.283015e-10
    Epoch  11200/16000  tau=0.0398  loss = 2.565956e-09
    Epoch  12000/16000  tau=0.0316  loss = 1.270518e-10
    Epoch  12800/16000  tau=0.0251  loss = 8.651270e-11
    Epoch  13600/16000  tau=0.0200  loss = 7.819491e-11
    Epoch  14400/16000  tau=0.0159  loss = 5.840096e-11
    Epoch  15200/16000  tau=0.0126  loss = 2.681734e-11
    Epoch  16000/16000  tau=0.0100  loss = 4.130908e-09
  [4/15] pieces=12 lr=0.0005 seed=999  mean_dig=5.00  max_dig=5  loss=4.13e-09  (727.9s)
    Epoch    800/16000  tau=0.7946  loss = 1.523665e-06
    Epoch   1600/16000  tau=0.6311  loss = 3.122758e-07
    Epoch   2400/16000  tau=0.5013  loss = 3.321664e-08
    Epoch   3200/16000  tau=0.3982  loss = 1.045603e-08
    Epoch   4000/16000  tau=0.3163  loss = 2.068656e-07
    Epoch   4800/16000  tau=0.2513  loss = 1.454415e-06
    Epoch   5600/16000  tau=0.1996  loss = 7.331459e-06
    Epoch   6400/16000  tau=0.1585  loss = 2.226346e-09
    Epoch   7200/16000  tau=0.1259  loss = 5.324600e-10
    Epoch   8000/16000  tau=0.1000  loss = 2.297016e-09
    Epoch   8800/16000  tau=0.0795  loss = 1.078890e-07
    Epoch   9600/16000  tau=0.0631  loss = 1.500308e-10
    Epoch  10400/16000  tau=0.0501  loss = 1.669033e-11
    Epoch  11200/16000  tau=0.0398  loss = 7.193038e-12
    Epoch  12000/16000  tau=0.0316  loss = 2.496385e-05
    Epoch  12800/16000  tau=0.0251  loss = 7.400872e-12
    Epoch  13600/16000  tau=0.0200  loss = 5.113812e-12
    Epoch  14400/16000  tau=0.0159  loss = 1.875514e-12
    Epoch  15200/16000  tau=0.0126  loss = 2.498656e-10
    Epoch  16000/16000  tau=0.0100  loss = 1.072600e-12
  [5/15] pieces=12 lr=0.0005 seed=7  mean_dig=6.62  max_dig=7  loss=1.07e-12  (726.7s)
    Epoch    800/16000  tau=0.7946  loss = 1.476997e-05
    Epoch   1600/16000  tau=0.6311  loss = 4.341729e-05
    Epoch   2400/16000  tau=0.5013  loss = 3.532605e-09
    Epoch   3200/16000  tau=0.3982  loss = 2.041261e-06
    Epoch   4000/16000  tau=0.3163  loss = 2.479513e-05
    Epoch   4800/16000  tau=0.2513  loss = 1.030819e-09
    Epoch   5600/16000  tau=0.1996  loss = 2.719450e-07
    Epoch   6400/16000  tau=0.1585  loss = 8.139713e-06
    Epoch   7200/16000  tau=0.1259  loss = 2.321447e-10
    Epoch   8000/16000  tau=0.1000  loss = 1.502933e-09
    Epoch   8800/16000  tau=0.0795  loss = 1.903315e-08
    Epoch   9600/16000  tau=0.0631  loss = 1.614388e-07
    Epoch  10400/16000  tau=0.0501  loss = 9.705397e-07
    Epoch  11200/16000  tau=0.0398  loss = 1.083706e-05
    Epoch  12000/16000  tau=0.0316  loss = 5.247531e-07
    Epoch  12800/16000  tau=0.0251  loss = 3.068865e-09
    Epoch  13600/16000  tau=0.0200  loss = 3.661292e-06
    Epoch  14400/16000  tau=0.0159  loss = 4.713036e-13
    Epoch  15200/16000  tau=0.0126  loss = 5.936908e-11
    Epoch  16000/16000  tau=0.0100  loss = 9.239113e-09
  [6/15] pieces=14 lr=0.001 seed=42  mean_dig=4.75  max_dig=5  loss=9.24e-09  (728.4s)
    Epoch    800/16000  tau=0.7946  loss = 1.246701e-06
    Epoch   1600/16000  tau=0.6311  loss = 3.657409e-08
    Epoch   2400/16000  tau=0.5013  loss = 4.802051e-08
    Epoch   3200/16000  tau=0.3982  loss = 5.986414e-09
    Epoch   4000/16000  tau=0.3163  loss = 4.432755e-09
    Epoch   4800/16000  tau=0.2513  loss = 8.488085e-08
    Epoch   5600/16000  tau=0.1996  loss = 9.390150e-06
    Epoch   6400/16000  tau=0.1585  loss = 1.138578e-05
    Epoch   7200/16000  tau=0.1259  loss = 6.554029e-08
    Epoch   8000/16000  tau=0.1000  loss = 1.331712e-07
    Epoch   8800/16000  tau=0.0795  loss = 2.435336e-08
    Epoch   9600/16000  tau=0.0631  loss = 3.012976e-08
    Epoch  10400/16000  tau=0.0501  loss = 1.632828e-05
    Epoch  11200/16000  tau=0.0398  loss = 4.398061e-09
    Epoch  12000/16000  tau=0.0316  loss = 7.805439e-09
    Epoch  12800/16000  tau=0.0251  loss = 2.213229e-07
    Epoch  13600/16000  tau=0.0200  loss = 2.195264e-07
    Epoch  14400/16000  tau=0.0159  loss = 1.351974e-08
    Epoch  15200/16000  tau=0.0126  loss = 2.839178e-09
    Epoch  16000/16000  tau=0.0100  loss = 4.323747e-10
  [7/15] pieces=14 lr=0.001 seed=137  mean_dig=5.25  max_dig=6  loss=4.32e-10  (725.4s)
    Epoch    800/16000  tau=0.7946  loss = 2.472340e-07
    Epoch   1600/16000  tau=0.6311  loss = 1.351299e-08
    Epoch   2400/16000  tau=0.5013  loss = 5.204272e-05
    Epoch   3200/16000  tau=0.3982  loss = 2.494804e-05
    Epoch   4000/16000  tau=0.3163  loss = 4.356851e-07
    Epoch   4800/16000  tau=0.2513  loss = 7.563615e-06
    Epoch   5600/16000  tau=0.1996  loss = 3.016812e-05
    Epoch   6400/16000  tau=0.1585  loss = 1.978620e-05
    Epoch   7200/16000  tau=0.1259  loss = 9.909108e-11
    Epoch   8000/16000  tau=0.1000  loss = 1.090405e-10
    Epoch   8800/16000  tau=0.0795  loss = 1.553611e-08
    Epoch   9600/16000  tau=0.0631  loss = 4.947316e-07
    Epoch  10400/16000  tau=0.0501  loss = 3.538560e-11
    Epoch  11200/16000  tau=0.0398  loss = 2.402402e-11
    Epoch  12000/16000  tau=0.0316  loss = 4.177413e-08
    Epoch  12800/16000  tau=0.0251  loss = 2.155187e-07
    Epoch  13600/16000  tau=0.0200  loss = 5.135101e-08
    Epoch  14400/16000  tau=0.0159  loss = 2.028107e-07
    Epoch  15200/16000  tau=0.0126  loss = 6.932289e-11
    Epoch  16000/16000  tau=0.0100  loss = 1.328949e-11
  [8/15] pieces=14 lr=0.001 seed=2024  mean_dig=6.00  max_dig=6  loss=1.33e-11  (728.1s)
    Epoch    800/16000  tau=0.7946  loss = 8.520512e-07
    Epoch   1600/16000  tau=0.6311  loss = 6.141798e-08
    Epoch   2400/16000  tau=0.5013  loss = 3.737380e-04
    Epoch   3200/16000  tau=0.3982  loss = 1.239596e-06
    Epoch   4000/16000  tau=0.3163  loss = 5.864142e-10
    Epoch   4800/16000  tau=0.2513  loss = 1.006812e-06
    Epoch   5600/16000  tau=0.1996  loss = 5.522610e-05
    Epoch   6400/16000  tau=0.1585  loss = 2.062042e-08
    Epoch   7200/16000  tau=0.1259  loss = 3.330844e-07
    Epoch   8000/16000  tau=0.1000  loss = 5.484292e-06
    Epoch   8800/16000  tau=0.0795  loss = 1.778513e-06
    Epoch   9600/16000  tau=0.0631  loss = 2.014921e-08
    Epoch  10400/16000  tau=0.0501  loss = 1.359194e-10
    Epoch  11200/16000  tau=0.0398  loss = 2.069044e-07
    Epoch  12000/16000  tau=0.0316  loss = 1.459454e-07
    Epoch  12800/16000  tau=0.0251  loss = 3.334814e-10
    Epoch  13600/16000  tau=0.0200  loss = 6.775594e-12
    Epoch  14400/16000  tau=0.0159  loss = 6.847764e-10
    Epoch  15200/16000  tau=0.0126  loss = 1.704828e-08
    Epoch  16000/16000  tau=0.0100  loss = 8.206588e-10
  [9/15] pieces=14 lr=0.001 seed=999  mean_dig=5.12  max_dig=6  loss=8.21e-10  (728.1s)
    Epoch    800/16000  tau=0.7946  loss = 2.548398e-05
    Epoch   1600/16000  tau=0.6311  loss = 5.242874e-06
    Epoch   2400/16000  tau=0.5013  loss = 6.443186e-05
    Epoch   3200/16000  tau=0.3982  loss = 1.754268e-05
    Epoch   4000/16000  tau=0.3163  loss = 1.248067e-08
    Epoch   4800/16000  tau=0.2513  loss = 3.120363e-10
    Epoch   5600/16000  tau=0.1996  loss = 3.717682e-05
    Epoch   6400/16000  tau=0.1585  loss = 8.693999e-06
    Epoch   7200/16000  tau=0.1259  loss = 3.740345e-06
    Epoch   8000/16000  tau=0.1000  loss = 1.836845e-08
    Epoch   8800/16000  tau=0.0795  loss = 4.148980e-10
    Epoch   9600/16000  tau=0.0631  loss = 2.705197e-07
    Epoch  10400/16000  tau=0.0501  loss = 2.464822e-06
    Epoch  11200/16000  tau=0.0398  loss = 1.508450e-11
    Epoch  12000/16000  tau=0.0316  loss = 3.567439e-07
    Epoch  12800/16000  tau=0.0251  loss = 1.205235e-07
    Epoch  13600/16000  tau=0.0200  loss = 3.715344e-09
    Epoch  14400/16000  tau=0.0159  loss = 4.870858e-09
    Epoch  15200/16000  tau=0.0126  loss = 2.790867e-10
    Epoch  16000/16000  tau=0.0100  loss = 9.566999e-09
  [10/15] pieces=14 lr=0.001 seed=7  mean_dig=4.75  max_dig=5  loss=9.57e-09  (727.7s)
    Epoch    800/16000  tau=0.7946  loss = 9.815132e-08
    Epoch   1600/16000  tau=0.6311  loss = 1.535496e-07
    Epoch   2400/16000  tau=0.5013  loss = 1.756952e-05
    Epoch   3200/16000  tau=0.3982  loss = 1.096269e-08
    Epoch   4000/16000  tau=0.3163  loss = 1.036521e-03
    Epoch   4800/16000  tau=0.2513  loss = 9.140391e-08
    Epoch   5600/16000  tau=0.1996  loss = 5.759843e-10
    Epoch   6400/16000  tau=0.1585  loss = 2.033713e-05
    Epoch   7200/16000  tau=0.1259  loss = 3.657855e-07
    Epoch   8000/16000  tau=0.1000  loss = 2.003015e-04
    Epoch   8800/16000  tau=0.0795  loss = 5.331946e-09
    Epoch   9600/16000  tau=0.0631  loss = 9.220337e-09
    Epoch  10400/16000  tau=0.0501  loss = 1.809304e-07
    Epoch  11200/16000  tau=0.0398  loss = 2.088060e-10
    Epoch  12000/16000  tau=0.0316  loss = 1.005468e-05
    Epoch  12800/16000  tau=0.0251  loss = 2.640663e-06
    Epoch  13600/16000  tau=0.0200  loss = 1.901409e-10
    Epoch  14400/16000  tau=0.0159  loss = 2.511904e-09
    Epoch  15200/16000  tau=0.0126  loss = 1.719995e-09
    Epoch  16000/16000  tau=0.0100  loss = 4.354880e-09
  [11/15] pieces=16 lr=0.002 seed=42  mean_dig=5.25  max_dig=6  loss=4.35e-09  (726.4s)
    Epoch    800/16000  tau=0.7946  loss = 1.748987e-03
    Epoch   1600/16000  tau=0.6311  loss = 5.308254e-08
    Epoch   2400/16000  tau=0.5013  loss = 6.908211e-08
    Epoch   3200/16000  tau=0.3982  loss = 1.993493e-04
    Epoch   4000/16000  tau=0.3163  loss = 4.582829e-10
    Epoch   4800/16000  tau=0.2513  loss = 4.931132e-06
    Epoch   5600/16000  tau=0.1996  loss = 5.595137e-05
    Epoch   6400/16000  tau=0.1585  loss = 8.367746e-07
    Epoch   7200/16000  tau=0.1259  loss = 4.294758e-05
    Epoch   8000/16000  tau=0.1000  loss = 8.874805e-06
    Epoch   8800/16000  tau=0.0795  loss = 1.125958e-05
    Epoch   9600/16000  tau=0.0631  loss = 1.228282e-05
    Epoch  10400/16000  tau=0.0501  loss = 3.144992e-05
    Epoch  11200/16000  tau=0.0398  loss = 3.943046e-06
    Epoch  12000/16000  tau=0.0316  loss = 1.515608e-06
    Epoch  12800/16000  tau=0.0251  loss = 6.198935e-07
    Epoch  13600/16000  tau=0.0200  loss = 2.770542e-07
    Epoch  14400/16000  tau=0.0159  loss = 1.164493e-08
