Error: command buffer exited with error status.
	The Metal Performance Shaders operations encoded on it may not have completed.
	Error: 
	(null)
	Internal Error (00000001:Internal Error)
	<AGXG13XFamilyCommandBuffer: 0x7555fb800>
    label = <none> 
    device = <AGXG13XDevice: 0x75ab74000>
        name = Apple M1 Pro 
    commandQueue = <AGXG13XFamilyCommandQueue: 0x762273700>
        label = <none> 
        device = <AGXG13XDevice: 0x75ab74000>
            name = Apple M1 Pro 
    retainedReferences = 1
Error: command buffer exited with error status.
	The Metal Performance Shaders operations encoded on it may not have completed.
	Error: 
	(null)
	Internal Error (00000001:Internal Error)
	<AGXG13XFamilyCommandBuffer: 0x7555f8700>
    label = <none> 
    device = <AGXG13XDevice: 0x75ab74000>
        name = Apple M1 Pro 
    commandQueue = <AGXG13XFamilyCommandQueue: 0x762273700>
        label = <none> 
        device = <AGXG13XDevice: 0x75ab74000>
            name = Apple M1 Pro 
    retainedReferences = 1
Error: command buffer exited with error status.
	The Metal Performance Shaders operations encoded on it may not have completed.
	Error: 
	(null)
	Internal Error (00000001:Internal Error)
	<AGXG13XFamilyCommandBuffer: 0x7555f9c00>
    label = <none> 
    device = <AGXG13XDevice: 0x75ab74000>
        name = Apple M1 Pro 
    commandQueue = <AGXG13XFamilyCommandQueue: 0x762273700>
        label = <none> 
        device = <AGXG13XDevice: 0x75ab74000>
            name = Apple M1 Pro 
    retainedReferences = 1
Error: command buffer exited with error status.
	The Metal Performance Shaders operations encoded on it may not have completed.
	Error: 
	(null)
	Internal Error (00000001:Internal Error)
	<AGXG13XFamilyCommandBuffer: 0x7555f8380>
    label = <none> 
    device = <AGXG13XDevice: 0x75ab74000>
        name = Apple M1 Pro 
    commandQueue = <AGXG13XFamilyCommandQueue: 0x762273700>
        label = <none> 
        device = <AGXG13XDevice: 0x75ab74000>
            name = Apple M1 Pro 
    retainedReferences = 1
